Clock: clk
Sources: clk 
Generated: no
Virtual: no
Propagated: no
Period: 81.379997

===========================================================================
report_clock_properties
============================================================================
Clock                   Period          Waveform
----------------------------------------------------
clk                  81.379997    0.000000 40.689999

===========================================================================
report_clock_latency
============================================================================
Clock clk
rise -> rise
    min     max
0.000000 0.000000 source latency
0.000000         network latency _2070_/CLK
        5.156703 network latency _2153_/CLKN
---------------
0.000000 5.156703 latency
        5.156703 skew

rise -> fall
    min     max
0.000000 0.000000 source latency
3.408091         network latency _2153_/CLKN
        3.408091 network latency _2153_/CLKN
---------------
3.408091 3.408091 latency
        0.000000 skew

fall -> fall
    min     max
0.000000 0.000000 source latency
0.000000         network latency _2070_/CLK
        0.000000 network latency _2070_/CLK
---------------
0.000000 0.000000 latency
        0.000000 skew



===========================================================================
report_clock_min_period
============================================================================
clk period_min = 6.00 fmax = 166.69
Clock: clk_div
Sources: clk 
Generated: yes
Virtual: no
Propagated: no
Period: 20833.279297

===========================================================================
report_clock_properties
============================================================================
Clock                   Period          Waveform
----------------------------------------------------
clk_div             20833.279297    0.00000010416.639648 (generated)

===========================================================================
report_clock_latency
============================================================================
Clock clk_div
rise -> rise
    min     max
0.000000 0.000000 source latency
0.000000         network latency _2070_/CLK
        5.156703 network latency _2153_/CLKN
---------------
0.000000 5.156703 latency
        5.156703 skew

rise -> fall
    min     max
0.000000 0.000000 source latency
3.408091         network latency _2153_/CLKN
        3.408091 network latency _2153_/CLKN
---------------
3.408091 3.408091 latency
        0.000000 skew

fall -> fall
    min     max
0.000000 0.000000 source latency
0.000000         network latency _2070_/CLK
        0.000000 network latency _2070_/CLK
---------------
0.000000 0.000000 latency
        0.000000 skew



===========================================================================
report_clock_min_period
============================================================================
clk_div period_min = 6.48 fmax = 154.43
