Clock: clk_div
Sources: clk 
Generated: yes
Virtual: yes
Propagated: no
Period: 0.000000

===========================================================================
report_clock_properties
============================================================================
Clock                   Period          Waveform
----------------------------------------------------

===========================================================================
report_clock_latency
============================================================================
Clock clk_div
rise -> rise
    min     max
0.000000 0.000000 source latency
1.086532         network latency _2112_/CLK
        1.106964 network latency _2148_/CLK
---------------
1.086532 1.106964 latency
        0.020432 skew

fall -> fall
    min     max
0.000000 0.000000 source latency
1.096128         network latency _2112_/CLK
        1.117935 network latency _2148_/CLK
---------------
1.096128 1.117935 latency
        0.021807 skew



===========================================================================
report_clock_min_period
============================================================================
clk_div period_min = 0.00 fmax = inf
