
===========================================================================
report_checks -path_delay min (Hold)
============================================================================
======================= nom_ff_n40C_5v50 Corner ===================================

Startpoint: _78_ (rising edge-triggered flip-flop clocked by clk)
Endpoint: _79_ (rising edge-triggered flip-flop clocked by clk)
Path Group: clk
Path Type: min

Fanout         Cap        Slew       Delay        Time   Description
---------------------------------------------------------------------------------------------
                      0.150000    0.000000    0.000000   clock clk (rise edge)
                                  0.000000    0.000000   clock network delay (ideal)
                      0.150000    0.000000    0.000000 ^ _78_/CLK (gf180mcu_fd_sc_mcu7t5v0__dffrnq_1)
     1    0.004166    0.070724    0.440888    0.440888 v _78_/Q (gf180mcu_fd_sc_mcu7t5v0__dffrnq_1)
                                                         shift_reg[0] (net)
                      0.070724    0.000000    0.440888 v _34_/I (gf180mcu_fd_sc_mcu7t5v0__clkinv_1)
     1    0.004905    0.086299    0.068339    0.509227 ^ _34_/ZN (gf180mcu_fd_sc_mcu7t5v0__clkinv_1)
                                                         _12_ (net)
                      0.086299    0.000000    0.509227 ^ _46_/A1 (gf180mcu_fd_sc_mcu7t5v0__oai21_1)
     1    0.003038    0.074134    0.063096    0.572324 v _46_/ZN (gf180mcu_fd_sc_mcu7t5v0__oai21_1)
                                                         _03_ (net)
                      0.074134    0.000000    0.572324 v _79_/D (gf180mcu_fd_sc_mcu7t5v0__dffrnq_1)
                                              0.572324   data arrival time

                      0.150000    0.000000    0.000000   clock clk (rise edge)
                                  0.000000    0.000000   clock network delay (ideal)
                                  0.250000    0.250000   clock uncertainty
                                  0.000000    0.250000   clock reconvergence pessimism
                                              0.250000 ^ _79_/CLK (gf180mcu_fd_sc_mcu7t5v0__dffrnq_1)
                                  0.109143    0.359143   library hold time
                                              0.359143   data required time
---------------------------------------------------------------------------------------------
                                              0.359143   data required time
                                             -0.572324   data arrival time
---------------------------------------------------------------------------------------------
                                              0.213181   slack (MET)


Startpoint: _79_ (rising edge-triggered flip-flop clocked by clk)
Endpoint: _68_ (rising edge-triggered flip-flop clocked by clk)
Path Group: clk
Path Type: min

Fanout         Cap        Slew       Delay        Time   Description
---------------------------------------------------------------------------------------------
                      0.150000    0.000000    0.000000   clock clk (rise edge)
                                  0.000000    0.000000   clock network delay (ideal)
                      0.150000    0.000000    0.000000 ^ _79_/CLK (gf180mcu_fd_sc_mcu7t5v0__dffrnq_1)
     1    0.004166    0.070724    0.440888    0.440888 v _79_/Q (gf180mcu_fd_sc_mcu7t5v0__dffrnq_1)
                                                         shift_reg[1] (net)
                      0.070724    0.000000    0.440888 v _35_/I (gf180mcu_fd_sc_mcu7t5v0__clkinv_1)
     1    0.004749    0.084739    0.067346    0.508235 ^ _35_/ZN (gf180mcu_fd_sc_mcu7t5v0__clkinv_1)
                                                         _13_ (net)
                      0.084739    0.000000    0.508235 ^ _48_/A2 (gf180mcu_fd_sc_mcu7t5v0__oai21_1)
     1    0.003038    0.068562    0.075568    0.583803 v _48_/ZN (gf180mcu_fd_sc_mcu7t5v0__oai21_1)
                                                         _04_ (net)
                      0.068562    0.000000    0.583803 v _68_/D (gf180mcu_fd_sc_mcu7t5v0__dffrnq_1)
                                              0.583803   data arrival time

                      0.150000    0.000000    0.000000   clock clk (rise edge)
                                  0.000000    0.000000   clock network delay (ideal)
                                  0.250000    0.250000   clock uncertainty
                                  0.000000    0.250000   clock reconvergence pessimism
                                              0.250000 ^ _68_/CLK (gf180mcu_fd_sc_mcu7t5v0__dffrnq_1)
                                  0.110449    0.360449   library hold time
                                              0.360449   data required time
---------------------------------------------------------------------------------------------
                                              0.360449   data required time
                                             -0.583803   data arrival time
---------------------------------------------------------------------------------------------
                                              0.223354   slack (MET)


Startpoint: _68_ (rising edge-triggered flip-flop clocked by clk)
Endpoint: _69_ (rising edge-triggered flip-flop clocked by clk)
Path Group: clk
Path Type: min

Fanout         Cap        Slew       Delay        Time   Description
---------------------------------------------------------------------------------------------
                      0.150000    0.000000    0.000000   clock clk (rise edge)
                                  0.000000    0.000000   clock network delay (ideal)
                      0.150000    0.000000    0.000000 ^ _68_/CLK (gf180mcu_fd_sc_mcu7t5v0__dffrnq_1)
     1    0.004166    0.070724    0.440888    0.440888 v _68_/Q (gf180mcu_fd_sc_mcu7t5v0__dffrnq_1)
                                                         shift_reg[2] (net)
                      0.070724    0.000000    0.440888 v _36_/I (gf180mcu_fd_sc_mcu7t5v0__clkinv_1)
     1    0.004749    0.084739    0.067346    0.508235 ^ _36_/ZN (gf180mcu_fd_sc_mcu7t5v0__clkinv_1)
                                                         _14_ (net)
                      0.084739    0.000000    0.508235 ^ _50_/A2 (gf180mcu_fd_sc_mcu7t5v0__oai21_1)
     1    0.003038    0.068562    0.075568    0.583803 v _50_/ZN (gf180mcu_fd_sc_mcu7t5v0__oai21_1)
                                                         _05_ (net)
                      0.068562    0.000000    0.583803 v _69_/D (gf180mcu_fd_sc_mcu7t5v0__dffrnq_1)
                                              0.583803   data arrival time

                      0.150000    0.000000    0.000000   clock clk (rise edge)
                                  0.000000    0.000000   clock network delay (ideal)
                                  0.250000    0.250000   clock uncertainty
                                  0.000000    0.250000   clock reconvergence pessimism
                                              0.250000 ^ _69_/CLK (gf180mcu_fd_sc_mcu7t5v0__dffrnq_1)
                                  0.110449    0.360449   library hold time
                                              0.360449   data required time
---------------------------------------------------------------------------------------------
                                              0.360449   data required time
                                             -0.583803   data arrival time
---------------------------------------------------------------------------------------------
                                              0.223354   slack (MET)


Startpoint: _69_ (rising edge-triggered flip-flop clocked by clk)
Endpoint: _70_ (rising edge-triggered flip-flop clocked by clk)
Path Group: clk
Path Type: min

Fanout         Cap        Slew       Delay        Time   Description
---------------------------------------------------------------------------------------------
                      0.150000    0.000000    0.000000   clock clk (rise edge)
                                  0.000000    0.000000   clock network delay (ideal)
                      0.150000    0.000000    0.000000 ^ _69_/CLK (gf180mcu_fd_sc_mcu7t5v0__dffrnq_1)
     1    0.004166    0.070724    0.440888    0.440888 v _69_/Q (gf180mcu_fd_sc_mcu7t5v0__dffrnq_1)
                                                         shift_reg[3] (net)
                      0.070724    0.000000    0.440888 v _37_/I (gf180mcu_fd_sc_mcu7t5v0__clkinv_1)
     1    0.004749    0.084739    0.067346    0.508235 ^ _37_/ZN (gf180mcu_fd_sc_mcu7t5v0__clkinv_1)
                                                         _15_ (net)
                      0.084739    0.000000    0.508235 ^ _52_/A2 (gf180mcu_fd_sc_mcu7t5v0__oai21_1)
     1    0.003038    0.068562    0.075568    0.583803 v _52_/ZN (gf180mcu_fd_sc_mcu7t5v0__oai21_1)
                                                         _06_ (net)
                      0.068562    0.000000    0.583803 v _70_/D (gf180mcu_fd_sc_mcu7t5v0__dffrnq_1)
                                              0.583803   data arrival time

                      0.150000    0.000000    0.000000   clock clk (rise edge)
                                  0.000000    0.000000   clock network delay (ideal)
                                  0.250000    0.250000   clock uncertainty
                                  0.000000    0.250000   clock reconvergence pessimism
                                              0.250000 ^ _70_/CLK (gf180mcu_fd_sc_mcu7t5v0__dffrnq_1)
                                  0.110449    0.360449   library hold time
                                              0.360449   data required time
---------------------------------------------------------------------------------------------
                                              0.360449   data required time
                                             -0.583803   data arrival time
---------------------------------------------------------------------------------------------
                                              0.223354   slack (MET)


Startpoint: _70_ (rising edge-triggered flip-flop clocked by clk)
Endpoint: _71_ (rising edge-triggered flip-flop clocked by clk)
Path Group: clk
Path Type: min

Fanout         Cap        Slew       Delay        Time   Description
---------------------------------------------------------------------------------------------
                      0.150000    0.000000    0.000000   clock clk (rise edge)
                                  0.000000    0.000000   clock network delay (ideal)
                      0.150000    0.000000    0.000000 ^ _70_/CLK (gf180mcu_fd_sc_mcu7t5v0__dffrnq_1)
     1    0.004166    0.070724    0.440888    0.440888 v _70_/Q (gf180mcu_fd_sc_mcu7t5v0__dffrnq_1)
                                                         shift_reg[4] (net)
                      0.070724    0.000000    0.440888 v _38_/I (gf180mcu_fd_sc_mcu7t5v0__clkinv_1)
     1    0.004749    0.084739    0.067346    0.508235 ^ _38_/ZN (gf180mcu_fd_sc_mcu7t5v0__clkinv_1)
                                                         _16_ (net)
                      0.084739    0.000000    0.508235 ^ _54_/A2 (gf180mcu_fd_sc_mcu7t5v0__oai21_1)
     1    0.003038    0.068562    0.075568    0.583803 v _54_/ZN (gf180mcu_fd_sc_mcu7t5v0__oai21_1)
                                                         _07_ (net)
                      0.068562    0.000000    0.583803 v _71_/D (gf180mcu_fd_sc_mcu7t5v0__dffrnq_1)
                                              0.583803   data arrival time

                      0.150000    0.000000    0.000000   clock clk (rise edge)
                                  0.000000    0.000000   clock network delay (ideal)
                                  0.250000    0.250000   clock uncertainty
                                  0.000000    0.250000   clock reconvergence pessimism
                                              0.250000 ^ _71_/CLK (gf180mcu_fd_sc_mcu7t5v0__dffrnq_1)
                                  0.110449    0.360449   library hold time
                                              0.360449   data required time
---------------------------------------------------------------------------------------------
                                              0.360449   data required time
                                             -0.583803   data arrival time
---------------------------------------------------------------------------------------------
                                              0.223354   slack (MET)


Startpoint: _71_ (rising edge-triggered flip-flop clocked by clk)
Endpoint: _72_ (rising edge-triggered flip-flop clocked by clk)
Path Group: clk
Path Type: min

Fanout         Cap        Slew       Delay        Time   Description
---------------------------------------------------------------------------------------------
                      0.150000    0.000000    0.000000   clock clk (rise edge)
                                  0.000000    0.000000   clock network delay (ideal)
                      0.150000    0.000000    0.000000 ^ _71_/CLK (gf180mcu_fd_sc_mcu7t5v0__dffrnq_1)
     1    0.004166    0.070724    0.440888    0.440888 v _71_/Q (gf180mcu_fd_sc_mcu7t5v0__dffrnq_1)
                                                         shift_reg[5] (net)
                      0.070724    0.000000    0.440888 v _39_/I (gf180mcu_fd_sc_mcu7t5v0__clkinv_1)
     1    0.004749    0.084739    0.067346    0.508235 ^ _39_/ZN (gf180mcu_fd_sc_mcu7t5v0__clkinv_1)
                                                         _17_ (net)
                      0.084739    0.000000    0.508235 ^ _56_/A2 (gf180mcu_fd_sc_mcu7t5v0__oai21_1)
     1    0.003038    0.068562    0.075568    0.583803 v _56_/ZN (gf180mcu_fd_sc_mcu7t5v0__oai21_1)
                                                         _08_ (net)
                      0.068562    0.000000    0.583803 v _72_/D (gf180mcu_fd_sc_mcu7t5v0__dffrnq_1)
                                              0.583803   data arrival time

                      0.150000    0.000000    0.000000   clock clk (rise edge)
                                  0.000000    0.000000   clock network delay (ideal)
                                  0.250000    0.250000   clock uncertainty
                                  0.000000    0.250000   clock reconvergence pessimism
                                              0.250000 ^ _72_/CLK (gf180mcu_fd_sc_mcu7t5v0__dffrnq_1)
                                  0.110449    0.360449   library hold time
                                              0.360449   data required time
---------------------------------------------------------------------------------------------
                                              0.360449   data required time
                                             -0.583803   data arrival time
---------------------------------------------------------------------------------------------
                                              0.223354   slack (MET)


Startpoint: _72_ (rising edge-triggered flip-flop clocked by clk)
Endpoint: _73_ (rising edge-triggered flip-flop clocked by clk)
Path Group: clk
Path Type: min

Fanout         Cap        Slew       Delay        Time   Description
---------------------------------------------------------------------------------------------
                      0.150000    0.000000    0.000000   clock clk (rise edge)
                                  0.000000    0.000000   clock network delay (ideal)
                      0.150000    0.000000    0.000000 ^ _72_/CLK (gf180mcu_fd_sc_mcu7t5v0__dffrnq_1)
     1    0.004166    0.070724    0.440888    0.440888 v _72_/Q (gf180mcu_fd_sc_mcu7t5v0__dffrnq_1)
                                                         shift_reg[6] (net)
                      0.070724    0.000000    0.440888 v _40_/I (gf180mcu_fd_sc_mcu7t5v0__clkinv_1)
     1    0.004749    0.084739    0.067346    0.508235 ^ _40_/ZN (gf180mcu_fd_sc_mcu7t5v0__clkinv_1)
                                                         _18_ (net)
                      0.084739    0.000000    0.508235 ^ _58_/A2 (gf180mcu_fd_sc_mcu7t5v0__oai21_1)
     1    0.003038    0.068562    0.075568    0.583803 v _58_/ZN (gf180mcu_fd_sc_mcu7t5v0__oai21_1)
                                                         _09_ (net)
                      0.068562    0.000000    0.583803 v _73_/D (gf180mcu_fd_sc_mcu7t5v0__dffrnq_1)
                                              0.583803   data arrival time

                      0.150000    0.000000    0.000000   clock clk (rise edge)
                                  0.000000    0.000000   clock network delay (ideal)
                                  0.250000    0.250000   clock uncertainty
                                  0.000000    0.250000   clock reconvergence pessimism
                                              0.250000 ^ _73_/CLK (gf180mcu_fd_sc_mcu7t5v0__dffrnq_1)
                                  0.110449    0.360449   library hold time
                                              0.360449   data required time
---------------------------------------------------------------------------------------------
                                              0.360449   data required time
                                             -0.583803   data arrival time
---------------------------------------------------------------------------------------------
                                              0.223354   slack (MET)


Startpoint: _73_ (rising edge-triggered flip-flop clocked by clk)
Endpoint: _74_ (rising edge-triggered flip-flop clocked by clk)
Path Group: clk
Path Type: min

Fanout         Cap        Slew       Delay        Time   Description
---------------------------------------------------------------------------------------------
                      0.150000    0.000000    0.000000   clock clk (rise edge)
                                  0.000000    0.000000   clock network delay (ideal)
                      0.150000    0.000000    0.000000 ^ _73_/CLK (gf180mcu_fd_sc_mcu7t5v0__dffrnq_1)
     1    0.004166    0.070724    0.440888    0.440888 v _73_/Q (gf180mcu_fd_sc_mcu7t5v0__dffrnq_1)
                                                         shift_reg[7] (net)
                      0.070724    0.000000    0.440888 v _41_/I (gf180mcu_fd_sc_mcu7t5v0__clkinv_1)
     1    0.004749    0.084739    0.067346    0.508235 ^ _41_/ZN (gf180mcu_fd_sc_mcu7t5v0__clkinv_1)
                                                         _19_ (net)
                      0.084739    0.000000    0.508235 ^ _60_/A2 (gf180mcu_fd_sc_mcu7t5v0__oai21_1)
     1    0.003038    0.068562    0.075568    0.583803 v _60_/ZN (gf180mcu_fd_sc_mcu7t5v0__oai21_1)
                                                         _10_ (net)
                      0.068562    0.000000    0.583803 v _74_/D (gf180mcu_fd_sc_mcu7t5v0__dffrnq_1)
                                              0.583803   data arrival time

                      0.150000    0.000000    0.000000   clock clk (rise edge)
                                  0.000000    0.000000   clock network delay (ideal)
                                  0.250000    0.250000   clock uncertainty
                                  0.000000    0.250000   clock reconvergence pessimism
                                              0.250000 ^ _74_/CLK (gf180mcu_fd_sc_mcu7t5v0__dffrnq_1)
                                  0.110449    0.360449   library hold time
                                              0.360449   data required time
---------------------------------------------------------------------------------------------
                                              0.360449   data required time
                                             -0.583803   data arrival time
---------------------------------------------------------------------------------------------
                                              0.223354   slack (MET)


Startpoint: _74_ (rising edge-triggered flip-flop clocked by clk)
Endpoint: _75_ (rising edge-triggered flip-flop clocked by clk)
Path Group: clk
Path Type: min

Fanout         Cap        Slew       Delay        Time   Description
---------------------------------------------------------------------------------------------
                      0.150000    0.000000    0.000000   clock clk (rise edge)
                                  0.000000    0.000000   clock network delay (ideal)
                      0.150000    0.000000    0.000000 ^ _74_/CLK (gf180mcu_fd_sc_mcu7t5v0__dffrnq_1)
     1    0.004166    0.070724    0.440888    0.440888 v _74_/Q (gf180mcu_fd_sc_mcu7t5v0__dffrnq_1)
                                                         shift_reg[8] (net)
                      0.070724    0.000000    0.440888 v _42_/I (gf180mcu_fd_sc_mcu7t5v0__clkinv_1)
     1    0.004749    0.084739    0.067346    0.508235 ^ _42_/ZN (gf180mcu_fd_sc_mcu7t5v0__clkinv_1)
                                                         _20_ (net)
                      0.084739    0.000000    0.508235 ^ _62_/A2 (gf180mcu_fd_sc_mcu7t5v0__oai21_1)
     1    0.003038    0.068562    0.075568    0.583803 v _62_/ZN (gf180mcu_fd_sc_mcu7t5v0__oai21_1)
                                                         _11_ (net)
                      0.068562    0.000000    0.583803 v _75_/D (gf180mcu_fd_sc_mcu7t5v0__dffrnq_1)
                                              0.583803   data arrival time

                      0.150000    0.000000    0.000000   clock clk (rise edge)
                                  0.000000    0.000000   clock network delay (ideal)
                                  0.250000    0.250000   clock uncertainty
                                  0.000000    0.250000   clock reconvergence pessimism
                                              0.250000 ^ _75_/CLK (gf180mcu_fd_sc_mcu7t5v0__dffrnq_1)
                                  0.110449    0.360449   library hold time
                                              0.360449   data required time
---------------------------------------------------------------------------------------------
                                              0.360449   data required time
                                             -0.583803   data arrival time
---------------------------------------------------------------------------------------------
                                              0.223354   slack (MET)


Startpoint: _75_ (rising edge-triggered flip-flop clocked by clk)
Endpoint: _76_ (rising edge-triggered flip-flop clocked by clk)
Path Group: clk
Path Type: min

Fanout         Cap        Slew       Delay        Time   Description
---------------------------------------------------------------------------------------------
                      0.150000    0.000000    0.000000   clock clk (rise edge)
                                  0.000000    0.000000   clock network delay (ideal)
                      0.150000    0.000000    0.000000 ^ _75_/CLK (gf180mcu_fd_sc_mcu7t5v0__dffrnq_1)
     1    0.004166    0.070724    0.440888    0.440888 v _75_/Q (gf180mcu_fd_sc_mcu7t5v0__dffrnq_1)
                                                         shift_reg[9] (net)
                      0.070724    0.000000    0.440888 v _43_/I (gf180mcu_fd_sc_mcu7t5v0__clkinv_1)
     1    0.004749    0.084739    0.067346    0.508235 ^ _43_/ZN (gf180mcu_fd_sc_mcu7t5v0__clkinv_1)
                                                         _21_ (net)
                      0.084739    0.000000    0.508235 ^ _64_/A2 (gf180mcu_fd_sc_mcu7t5v0__oai21_1)
     1    0.003038    0.068562    0.075568    0.583803 v _64_/ZN (gf180mcu_fd_sc_mcu7t5v0__oai21_1)
                                                         _01_ (net)
                      0.068562    0.000000    0.583803 v _76_/D (gf180mcu_fd_sc_mcu7t5v0__dffrnq_1)
                                              0.583803   data arrival time

                      0.150000    0.000000    0.000000   clock clk (rise edge)
                                  0.000000    0.000000   clock network delay (ideal)
                                  0.250000    0.250000   clock uncertainty
                                  0.000000    0.250000   clock reconvergence pessimism
                                              0.250000 ^ _76_/CLK (gf180mcu_fd_sc_mcu7t5v0__dffrnq_1)
                                  0.110449    0.360449   library hold time
                                              0.360449   data required time
---------------------------------------------------------------------------------------------
                                              0.360449   data required time
                                             -0.583803   data arrival time
---------------------------------------------------------------------------------------------
                                              0.223354   slack (MET)


Startpoint: _76_ (rising edge-triggered flip-flop clocked by clk)
Endpoint: _77_ (rising edge-triggered flip-flop clocked by clk)
Path Group: clk
Path Type: min

Fanout         Cap        Slew       Delay        Time   Description
---------------------------------------------------------------------------------------------
                      0.150000    0.000000    0.000000   clock clk (rise edge)
                                  0.000000    0.000000   clock network delay (ideal)
                      0.150000    0.000000    0.000000 ^ _76_/CLK (gf180mcu_fd_sc_mcu7t5v0__dffrnq_1)
     1    0.004166    0.070724    0.440888    0.440888 v _76_/Q (gf180mcu_fd_sc_mcu7t5v0__dffrnq_1)
                                                         shift_reg[10] (net)
                      0.070724    0.000000    0.440888 v _44_/I (gf180mcu_fd_sc_mcu7t5v0__clkinv_1)
     1    0.004749    0.084739    0.067346    0.508235 ^ _44_/ZN (gf180mcu_fd_sc_mcu7t5v0__clkinv_1)
                                                         _22_ (net)
                      0.084739    0.000000    0.508235 ^ _66_/A2 (gf180mcu_fd_sc_mcu7t5v0__oai21_1)
     1    0.003038    0.068562    0.075568    0.583803 v _66_/ZN (gf180mcu_fd_sc_mcu7t5v0__oai21_1)
                                                         _02_ (net)
                      0.068562    0.000000    0.583803 v _77_/D (gf180mcu_fd_sc_mcu7t5v0__dffrnq_1)
                                              0.583803   data arrival time

                      0.150000    0.000000    0.000000   clock clk (rise edge)
                                  0.000000    0.000000   clock network delay (ideal)
                                  0.250000    0.250000   clock uncertainty
                                  0.000000    0.250000   clock reconvergence pessimism
                                              0.250000 ^ _77_/CLK (gf180mcu_fd_sc_mcu7t5v0__dffrnq_1)
                                  0.110449    0.360449   library hold time
                                              0.360449   data required time
---------------------------------------------------------------------------------------------
                                              0.360449   data required time
                                             -0.583803   data arrival time
---------------------------------------------------------------------------------------------
                                              0.223354   slack (MET)


Startpoint: rst_n (input port clocked by clk)
Endpoint: _68_ (removal check against rising-edge clock clk)
Path Group: asynchronous
Path Type: min

Fanout         Cap        Slew       Delay        Time   Description
---------------------------------------------------------------------------------------------
                      0.150000    0.000000    0.000000   clock clk (rise edge)
                                  0.000000    0.000000   clock network delay (ideal)
                                  1.000000    1.000000 ^ input external delay
    12    0.087852    0.000044    0.000044    1.000044 ^ rst_n (in)
                                                         rst_n (net)
                      0.000044    0.000000    1.000044 ^ _68_/RN (gf180mcu_fd_sc_mcu7t5v0__dffrnq_1)
                                              1.000044   data arrival time

                      0.150000    0.000000    0.000000   clock clk (rise edge)
                                  0.000000    0.000000   clock network delay (ideal)
                                  0.250000    0.250000   clock uncertainty
                                  0.000000    0.250000   clock reconvergence pessimism
                                              0.250000 ^ _68_/CLK (gf180mcu_fd_sc_mcu7t5v0__dffrnq_1)
                                  0.223962    0.473962   library removal time
                                              0.473962   data required time
---------------------------------------------------------------------------------------------
                                              0.473962   data required time
                                             -1.000044   data arrival time
---------------------------------------------------------------------------------------------
                                              0.526082   slack (MET)


Startpoint: rst_n (input port clocked by clk)
Endpoint: _69_ (removal check against rising-edge clock clk)
Path Group: asynchronous
Path Type: min

Fanout         Cap        Slew       Delay        Time   Description
---------------------------------------------------------------------------------------------
                      0.150000    0.000000    0.000000   clock clk (rise edge)
                                  0.000000    0.000000   clock network delay (ideal)
                                  1.000000    1.000000 ^ input external delay
    12    0.087852    0.000044    0.000044    1.000044 ^ rst_n (in)
                                                         rst_n (net)
                      0.000044    0.000000    1.000044 ^ _69_/RN (gf180mcu_fd_sc_mcu7t5v0__dffrnq_1)
                                              1.000044   data arrival time

                      0.150000    0.000000    0.000000   clock clk (rise edge)
                                  0.000000    0.000000   clock network delay (ideal)
                                  0.250000    0.250000   clock uncertainty
                                  0.000000    0.250000   clock reconvergence pessimism
                                              0.250000 ^ _69_/CLK (gf180mcu_fd_sc_mcu7t5v0__dffrnq_1)
                                  0.223962    0.473962   library removal time
                                              0.473962   data required time
---------------------------------------------------------------------------------------------
                                              0.473962   data required time
                                             -1.000044   data arrival time
---------------------------------------------------------------------------------------------
                                              0.526082   slack (MET)


Startpoint: rst_n (input port clocked by clk)
Endpoint: _70_ (removal check against rising-edge clock clk)
Path Group: asynchronous
Path Type: min

Fanout         Cap        Slew       Delay        Time   Description
---------------------------------------------------------------------------------------------
                      0.150000    0.000000    0.000000   clock clk (rise edge)
                                  0.000000    0.000000   clock network delay (ideal)
                                  1.000000    1.000000 ^ input external delay
    12    0.087852    0.000044    0.000044    1.000044 ^ rst_n (in)
                                                         rst_n (net)
                      0.000044    0.000000    1.000044 ^ _70_/RN (gf180mcu_fd_sc_mcu7t5v0__dffrnq_1)
                                              1.000044   data arrival time

                      0.150000    0.000000    0.000000   clock clk (rise edge)
                                  0.000000    0.000000   clock network delay (ideal)
                                  0.250000    0.250000   clock uncertainty
                                  0.000000    0.250000   clock reconvergence pessimism
                                              0.250000 ^ _70_/CLK (gf180mcu_fd_sc_mcu7t5v0__dffrnq_1)
                                  0.223962    0.473962   library removal time
                                              0.473962   data required time
---------------------------------------------------------------------------------------------
                                              0.473962   data required time
                                             -1.000044   data arrival time
---------------------------------------------------------------------------------------------
                                              0.526082   slack (MET)


Startpoint: rst_n (input port clocked by clk)
Endpoint: _71_ (removal check against rising-edge clock clk)
Path Group: asynchronous
Path Type: min

Fanout         Cap        Slew       Delay        Time   Description
---------------------------------------------------------------------------------------------
                      0.150000    0.000000    0.000000   clock clk (rise edge)
                                  0.000000    0.000000   clock network delay (ideal)
                                  1.000000    1.000000 ^ input external delay
    12    0.087852    0.000044    0.000044    1.000044 ^ rst_n (in)
                                                         rst_n (net)
                      0.000044    0.000000    1.000044 ^ _71_/RN (gf180mcu_fd_sc_mcu7t5v0__dffrnq_1)
                                              1.000044   data arrival time

                      0.150000    0.000000    0.000000   clock clk (rise edge)
                                  0.000000    0.000000   clock network delay (ideal)
                                  0.250000    0.250000   clock uncertainty
                                  0.000000    0.250000   clock reconvergence pessimism
                                              0.250000 ^ _71_/CLK (gf180mcu_fd_sc_mcu7t5v0__dffrnq_1)
                                  0.223962    0.473962   library removal time
                                              0.473962   data required time
---------------------------------------------------------------------------------------------
                                              0.473962   data required time
                                             -1.000044   data arrival time
---------------------------------------------------------------------------------------------
                                              0.526082   slack (MET)


Startpoint: rst_n (input port clocked by clk)
Endpoint: _72_ (removal check against rising-edge clock clk)
Path Group: asynchronous
Path Type: min

Fanout         Cap        Slew       Delay        Time   Description
---------------------------------------------------------------------------------------------
                      0.150000    0.000000    0.000000   clock clk (rise edge)
                                  0.000000    0.000000   clock network delay (ideal)
                                  1.000000    1.000000 ^ input external delay
    12    0.087852    0.000044    0.000044    1.000044 ^ rst_n (in)
                                                         rst_n (net)
                      0.000044    0.000000    1.000044 ^ _72_/RN (gf180mcu_fd_sc_mcu7t5v0__dffrnq_1)
                                              1.000044   data arrival time

                      0.150000    0.000000    0.000000   clock clk (rise edge)
                                  0.000000    0.000000   clock network delay (ideal)
                                  0.250000    0.250000   clock uncertainty
                                  0.000000    0.250000   clock reconvergence pessimism
                                              0.250000 ^ _72_/CLK (gf180mcu_fd_sc_mcu7t5v0__dffrnq_1)
                                  0.223962    0.473962   library removal time
                                              0.473962   data required time
---------------------------------------------------------------------------------------------
                                              0.473962   data required time
                                             -1.000044   data arrival time
---------------------------------------------------------------------------------------------
                                              0.526082   slack (MET)


Startpoint: rst_n (input port clocked by clk)
Endpoint: _73_ (removal check against rising-edge clock clk)
Path Group: asynchronous
Path Type: min

Fanout         Cap        Slew       Delay        Time   Description
---------------------------------------------------------------------------------------------
                      0.150000    0.000000    0.000000   clock clk (rise edge)
                                  0.000000    0.000000   clock network delay (ideal)
                                  1.000000    1.000000 ^ input external delay
    12    0.087852    0.000044    0.000044    1.000044 ^ rst_n (in)
                                                         rst_n (net)
                      0.000044    0.000000    1.000044 ^ _73_/RN (gf180mcu_fd_sc_mcu7t5v0__dffrnq_1)
                                              1.000044   data arrival time

                      0.150000    0.000000    0.000000   clock clk (rise edge)
                                  0.000000    0.000000   clock network delay (ideal)
                                  0.250000    0.250000   clock uncertainty
                                  0.000000    0.250000   clock reconvergence pessimism
                                              0.250000 ^ _73_/CLK (gf180mcu_fd_sc_mcu7t5v0__dffrnq_1)
                                  0.223962    0.473962   library removal time
                                              0.473962   data required time
---------------------------------------------------------------------------------------------
                                              0.473962   data required time
                                             -1.000044   data arrival time
---------------------------------------------------------------------------------------------
                                              0.526082   slack (MET)


Startpoint: rst_n (input port clocked by clk)
Endpoint: _74_ (removal check against rising-edge clock clk)
Path Group: asynchronous
Path Type: min

Fanout         Cap        Slew       Delay        Time   Description
---------------------------------------------------------------------------------------------
                      0.150000    0.000000    0.000000   clock clk (rise edge)
                                  0.000000    0.000000   clock network delay (ideal)
                                  1.000000    1.000000 ^ input external delay
    12    0.087852    0.000044    0.000044    1.000044 ^ rst_n (in)
                                                         rst_n (net)
                      0.000044    0.000000    1.000044 ^ _74_/RN (gf180mcu_fd_sc_mcu7t5v0__dffrnq_1)
                                              1.000044   data arrival time

                      0.150000    0.000000    0.000000   clock clk (rise edge)
                                  0.000000    0.000000   clock network delay (ideal)
                                  0.250000    0.250000   clock uncertainty
                                  0.000000    0.250000   clock reconvergence pessimism
                                              0.250000 ^ _74_/CLK (gf180mcu_fd_sc_mcu7t5v0__dffrnq_1)
                                  0.223962    0.473962   library removal time
                                              0.473962   data required time
---------------------------------------------------------------------------------------------
                                              0.473962   data required time
                                             -1.000044   data arrival time
---------------------------------------------------------------------------------------------
                                              0.526082   slack (MET)


Startpoint: rst_n (input port clocked by clk)
Endpoint: _75_ (removal check against rising-edge clock clk)
Path Group: asynchronous
Path Type: min

Fanout         Cap        Slew       Delay        Time   Description
---------------------------------------------------------------------------------------------
                      0.150000    0.000000    0.000000   clock clk (rise edge)
                                  0.000000    0.000000   clock network delay (ideal)
                                  1.000000    1.000000 ^ input external delay
    12    0.087852    0.000044    0.000044    1.000044 ^ rst_n (in)
                                                         rst_n (net)
                      0.000044    0.000000    1.000044 ^ _75_/RN (gf180mcu_fd_sc_mcu7t5v0__dffrnq_1)
                                              1.000044   data arrival time

                      0.150000    0.000000    0.000000   clock clk (rise edge)
                                  0.000000    0.000000   clock network delay (ideal)
                                  0.250000    0.250000   clock uncertainty
                                  0.000000    0.250000   clock reconvergence pessimism
                                              0.250000 ^ _75_/CLK (gf180mcu_fd_sc_mcu7t5v0__dffrnq_1)
                                  0.223962    0.473962   library removal time
                                              0.473962   data required time
---------------------------------------------------------------------------------------------
                                              0.473962   data required time
                                             -1.000044   data arrival time
---------------------------------------------------------------------------------------------
                                              0.526082   slack (MET)


Startpoint: rst_n (input port clocked by clk)
Endpoint: _76_ (removal check against rising-edge clock clk)
Path Group: asynchronous
Path Type: min

Fanout         Cap        Slew       Delay        Time   Description
---------------------------------------------------------------------------------------------
                      0.150000    0.000000    0.000000   clock clk (rise edge)
                                  0.000000    0.000000   clock network delay (ideal)
                                  1.000000    1.000000 ^ input external delay
    12    0.087852    0.000044    0.000044    1.000044 ^ rst_n (in)
                                                         rst_n (net)
                      0.000044    0.000000    1.000044 ^ _76_/RN (gf180mcu_fd_sc_mcu7t5v0__dffrnq_1)
                                              1.000044   data arrival time

                      0.150000    0.000000    0.000000   clock clk (rise edge)
                                  0.000000    0.000000   clock network delay (ideal)
                                  0.250000    0.250000   clock uncertainty
                                  0.000000    0.250000   clock reconvergence pessimism
                                              0.250000 ^ _76_/CLK (gf180mcu_fd_sc_mcu7t5v0__dffrnq_1)
                                  0.223962    0.473962   library removal time
                                              0.473962   data required time
---------------------------------------------------------------------------------------------
                                              0.473962   data required time
                                             -1.000044   data arrival time
---------------------------------------------------------------------------------------------
                                              0.526082   slack (MET)


Startpoint: rst_n (input port clocked by clk)
Endpoint: _77_ (removal check against rising-edge clock clk)
Path Group: asynchronous
Path Type: min

Fanout         Cap        Slew       Delay        Time   Description
---------------------------------------------------------------------------------------------
                      0.150000    0.000000    0.000000   clock clk (rise edge)
                                  0.000000    0.000000   clock network delay (ideal)
                                  1.000000    1.000000 ^ input external delay
    12    0.087852    0.000044    0.000044    1.000044 ^ rst_n (in)
                                                         rst_n (net)
                      0.000044    0.000000    1.000044 ^ _77_/RN (gf180mcu_fd_sc_mcu7t5v0__dffrnq_1)
                                              1.000044   data arrival time

                      0.150000    0.000000    0.000000   clock clk (rise edge)
                                  0.000000    0.000000   clock network delay (ideal)
                                  0.250000    0.250000   clock uncertainty
                                  0.000000    0.250000   clock reconvergence pessimism
                                              0.250000 ^ _77_/CLK (gf180mcu_fd_sc_mcu7t5v0__dffrnq_1)
                                  0.223962    0.473962   library removal time
                                              0.473962   data required time
---------------------------------------------------------------------------------------------
                                              0.473962   data required time
                                             -1.000044   data arrival time
---------------------------------------------------------------------------------------------
                                              0.526082   slack (MET)


Startpoint: rst_n (input port clocked by clk)
Endpoint: _78_ (removal check against rising-edge clock clk)
Path Group: asynchronous
Path Type: min

Fanout         Cap        Slew       Delay        Time   Description
---------------------------------------------------------------------------------------------
                      0.150000    0.000000    0.000000   clock clk (rise edge)
                                  0.000000    0.000000   clock network delay (ideal)
                                  1.000000    1.000000 ^ input external delay
    12    0.087852    0.000044    0.000044    1.000044 ^ rst_n (in)
                                                         rst_n (net)
                      0.000044    0.000000    1.000044 ^ _78_/RN (gf180mcu_fd_sc_mcu7t5v0__dffrnq_1)
                                              1.000044   data arrival time

                      0.150000    0.000000    0.000000   clock clk (rise edge)
                                  0.000000    0.000000   clock network delay (ideal)
                                  0.250000    0.250000   clock uncertainty
                                  0.000000    0.250000   clock reconvergence pessimism
                                              0.250000 ^ _78_/CLK (gf180mcu_fd_sc_mcu7t5v0__dffrnq_1)
                                  0.223962    0.473962   library removal time
                                              0.473962   data required time
---------------------------------------------------------------------------------------------
                                              0.473962   data required time
                                             -1.000044   data arrival time
---------------------------------------------------------------------------------------------
                                              0.526082   slack (MET)


Startpoint: rst_n (input port clocked by clk)
Endpoint: _79_ (removal check against rising-edge clock clk)
Path Group: asynchronous
Path Type: min

Fanout         Cap        Slew       Delay        Time   Description
---------------------------------------------------------------------------------------------
                      0.150000    0.000000    0.000000   clock clk (rise edge)
                                  0.000000    0.000000   clock network delay (ideal)
                                  1.000000    1.000000 ^ input external delay
    12    0.087852    0.000044    0.000044    1.000044 ^ rst_n (in)
                                                         rst_n (net)
                      0.000044    0.000000    1.000044 ^ _79_/RN (gf180mcu_fd_sc_mcu7t5v0__dffrnq_1)
                                              1.000044   data arrival time

                      0.150000    0.000000    0.000000   clock clk (rise edge)
                                  0.000000    0.000000   clock network delay (ideal)
                                  0.250000    0.250000   clock uncertainty
                                  0.000000    0.250000   clock reconvergence pessimism
                                              0.250000 ^ _79_/CLK (gf180mcu_fd_sc_mcu7t5v0__dffrnq_1)
                                  0.223962    0.473962   library removal time
                                              0.473962   data required time
---------------------------------------------------------------------------------------------
                                              0.473962   data required time
                                             -1.000044   data arrival time
---------------------------------------------------------------------------------------------
                                              0.526082   slack (MET)


Startpoint: load_en (input port clocked by clk)
Endpoint: _78_ (rising edge-triggered flip-flop clocked by clk)
Path Group: clk
Path Type: min

Fanout         Cap        Slew       Delay        Time   Description
---------------------------------------------------------------------------------------------
                      0.150000    0.000000    0.000000   clock clk (rise edge)
                                  0.000000    0.000000   clock network delay (ideal)
                                  1.000000    1.000000 v input external delay
    23    0.108443    0.000054    0.000054    1.000054 v load_en (in)
                                                         load_en (net)
                      0.000054    0.000000    1.000054 v _67_/A1 (gf180mcu_fd_sc_mcu7t5v0__and2_1)
     1    0.003038    0.063291    0.129750    1.129804 v _67_/Z (gf180mcu_fd_sc_mcu7t5v0__and2_1)
                                                         _00_ (net)
                      0.063291    0.000000    1.129804 v _78_/D (gf180mcu_fd_sc_mcu7t5v0__dffrnq_1)
                                              1.129804   data arrival time

                      0.150000    0.000000    0.000000   clock clk (rise edge)
                                  0.000000    0.000000   clock network delay (ideal)
                                  0.250000    0.250000   clock uncertainty
                                  0.000000    0.250000   clock reconvergence pessimism
                                              0.250000 ^ _78_/CLK (gf180mcu_fd_sc_mcu7t5v0__dffrnq_1)
                                  0.111684    0.361684   library hold time
                                              0.361684   data required time
---------------------------------------------------------------------------------------------
                                              0.361684   data required time
                                             -1.129804   data arrival time
---------------------------------------------------------------------------------------------
                                              0.768120   slack (MET)


Startpoint: _77_ (rising edge-triggered flip-flop clocked by clk)
Endpoint: serial_out (output port clocked by clk)
Path Group: clk
Path Type: min

Fanout         Cap        Slew       Delay        Time   Description
---------------------------------------------------------------------------------------------
                      0.150000    0.000000    0.000000   clock clk (rise edge)
                                  0.000000    0.000000   clock network delay (ideal)
                      0.150000    0.000000    0.000000 ^ _77_/CLK (gf180mcu_fd_sc_mcu7t5v0__dffrnq_1)
     1    0.035000    0.257700    0.575665    0.575665 v _77_/Q (gf180mcu_fd_sc_mcu7t5v0__dffrnq_1)
                                                         serial_out (net)
                      0.257700    0.000000    0.575665 v serial_out (out)
                                              0.575665   data arrival time

                      0.150000    0.000000    0.000000   clock clk (rise edge)
                                  0.000000    0.000000   clock network delay (ideal)
                                  0.250000    0.250000   clock uncertainty
                                  0.000000    0.250000   clock reconvergence pessimism
                                 -1.000000   -0.750000   output external delay
                                             -0.750000   data required time
---------------------------------------------------------------------------------------------
                                             -0.750000   data required time
                                             -0.575665   data arrival time
---------------------------------------------------------------------------------------------
                                              1.325665   slack (MET)



