
===========================================================================
 report_power
============================================================================
======================= nom_ff_n40C_5v50 Corner ===================================

Group                    Internal    Switching      Leakage        Total
                            Power        Power        Power        Power (Watts)
------------------------------------------------------------------------
Sequential           1.292370e-04 2.542273e-06 6.589994e-09 1.317858e-04  93.1%
Combinational        6.064770e-06 3.684177e-06 4.014311e-09 9.752963e-06   6.9%
Clock                0.000000e+00 0.000000e+00 0.000000e+00 0.000000e+00   0.0%
Macro                0.000000e+00 0.000000e+00 0.000000e+00 0.000000e+00   0.0%
Pad                  0.000000e+00 0.000000e+00 0.000000e+00 0.000000e+00   0.0%
------------------------------------------------------------------------
Total                1.353017e-04 6.226451e-06 1.060430e-08 1.415388e-04 100.0%
                            95.6%         4.4%         0.0%

