Clock: clk_div
Sources: clk 
Generated: yes
Virtual: yes
Propagated: no
Period: 0.000000

===========================================================================
report_clock_properties
============================================================================
Clock                   Period          Waveform
----------------------------------------------------

===========================================================================
report_clock_latency
============================================================================
Clock clk_div
rise -> rise
    min     max
0.000000 0.000000 source latency
0.393514         network latency _2112_/CLK
        0.403025 network latency _2148_/CLK
---------------
0.393514 0.403025 latency
        0.009511 skew

fall -> fall
    min     max
0.000000 0.000000 source latency
0.394681         network latency _2112_/CLK
        0.404637 network latency _2148_/CLK
---------------
0.394681 0.404637 latency
        0.009957 skew



===========================================================================
report_clock_min_period
============================================================================
clk_div period_min = 0.00 fmax = inf
