                                                                        Cells by Master                                                                         
┏━━━━━━━━━━━━━━━━━━━━━━━━━━━━━━━━━━━━━━━━━━━━━━━━━━━━━━━━━━━━━━━━━━━━━━━━━━━━━━━━━━━━━━━━━━━━━━━━━━━━━━━━━━━━━━━━━━━━━━━━━━━━━━━━━━━━━┳━━━━━━━━━━━━━━━━━━━━━━━━┓
┃ Cell                                                                                                                                ┃ Count                  ┃
┡━━━━━━━━━━━━━━━━━━━━━━━━━━━━━━━━━━━━━━━━━━━━━━━━━━━━━━━━━━━━━━━━━━━━━━━━━━━━━━━━━━━━━━━━━━━━━━━━━━━━━━━━━━━━━━━━━━━━━━━━━━━━━━━━━━━━━╇━━━━━━━━━━━━━━━━━━━━━━━━┩
│ gf180mcu_fd_sc_mcu7t5v0__and2_1                                                                                                     │ 1                      │
│ gf180mcu_fd_sc_mcu7t5v0__clkbuf_16                                                                                                  │ 3                      │
│ gf180mcu_fd_sc_mcu7t5v0__clkinv_1                                                                                                   │ 11                     │
│ gf180mcu_fd_sc_mcu7t5v0__clkinv_2                                                                                                   │ 1                      │
│ gf180mcu_fd_sc_mcu7t5v0__dffrnq_1                                                                                                   │ 12                     │
│ gf180mcu_fd_sc_mcu7t5v0__dlyb_1                                                                                                     │ 15                     │
│ gf180mcu_fd_sc_mcu7t5v0__endcap                                                                                                     │ 22                     │
│ gf180mcu_fd_sc_mcu7t5v0__fill_1                                                                                                     │ 16                     │
│ gf180mcu_fd_sc_mcu7t5v0__fill_2                                                                                                     │ 15                     │
│ gf180mcu_fd_sc_mcu7t5v0__fillcap_16                                                                                                 │ 1                      │
│ gf180mcu_fd_sc_mcu7t5v0__fillcap_32                                                                                                 │ 1                      │
│ gf180mcu_fd_sc_mcu7t5v0__fillcap_4                                                                                                  │ 2                      │
│ gf180mcu_fd_sc_mcu7t5v0__fillcap_8                                                                                                  │ 2                      │
│ gf180mcu_fd_sc_mcu7t5v0__filltie                                                                                                    │ 19                     │
│ gf180mcu_fd_sc_mcu7t5v0__nand2_1                                                                                                    │ 11                     │
│ gf180mcu_fd_sc_mcu7t5v0__oai21_1                                                                                                    │ 11                     │
└─────────────────────────────────────────────────────────────────────────────────────────────────────────────────────────────────────┴────────────────────────┘
