[WARNING ORD-0039] .openroad ignored with -python
                                Cells by Master                                 
┏━━━━━━━━━━━━━━━━━━━━━━━━━━━━━━━━━━━━━━━━━━━━━━━━━━━━━━━━━━━━━━━━━┳━━━━━━━━━━━━┓
┃ Cell                                                            ┃ Count      ┃
┡━━━━━━━━━━━━━━━━━━━━━━━━━━━━━━━━━━━━━━━━━━━━━━━━━━━━━━━━━━━━━━━━━╇━━━━━━━━━━━━┩
│ gf180mcu_fd_sc_mcu7t5v0__and2_1                                 │ 1          │
│ gf180mcu_fd_sc_mcu7t5v0__clkbuf_16                              │ 3          │
│ gf180mcu_fd_sc_mcu7t5v0__clkinv_1                               │ 11         │
│ gf180mcu_fd_sc_mcu7t5v0__clkinv_2                               │ 1          │
│ gf180mcu_fd_sc_mcu7t5v0__dffrnq_1                               │ 12         │
│ gf180mcu_fd_sc_mcu7t5v0__dlyb_1                                 │ 15         │
│ gf180mcu_fd_sc_mcu7t5v0__endcap                                 │ 22         │
│ gf180mcu_fd_sc_mcu7t5v0__fill_1                                 │ 16         │
│ gf180mcu_fd_sc_mcu7t5v0__fill_2                                 │ 15         │
│ gf180mcu_fd_sc_mcu7t5v0__fillcap_16                             │ 1          │
│ gf180mcu_fd_sc_mcu7t5v0__fillcap_32                             │ 1          │
│ gf180mcu_fd_sc_mcu7t5v0__fillcap_4                              │ 2          │
│ gf180mcu_fd_sc_mcu7t5v0__fillcap_8                              │ 2          │
│ gf180mcu_fd_sc_mcu7t5v0__filltie                                │ 19         │
│ gf180mcu_fd_sc_mcu7t5v0__nand2_1                                │ 11         │
│ gf180mcu_fd_sc_mcu7t5v0__oai21_1                                │ 11         │
└─────────────────────────────────────────────────────────────────┴────────────┘
                               Cells by Function                                
┏━━━━━━━━━━━━━━━━━━━━━━━━━━━━━━━━━━━━━━━━━━━━━━━━━━━━━━━━━━━━━━━━┳━━━━━━━━━━━━━┓
┃ Cell Function                                                  ┃ Count       ┃
┡━━━━━━━━━━━━━━━━━━━━━━━━━━━━━━━━━━━━━━━━━━━━━━━━━━━━━━━━━━━━━━━━╇━━━━━━━━━━━━━┩
│ gf180mcu_fd_sc_mcu7t5v0__and2                                  │ 1           │
│ gf180mcu_fd_sc_mcu7t5v0__clkbuf                                │ 3           │
│ gf180mcu_fd_sc_mcu7t5v0__clkinv                                │ 12          │
│ gf180mcu_fd_sc_mcu7t5v0__dffrnq                                │ 12          │
│ gf180mcu_fd_sc_mcu7t5v0__dlyb                                  │ 15          │
│ gf180mcu_fd_sc_mcu7t5v0__fill                                  │ 31          │
│ gf180mcu_fd_sc_mcu7t5v0__fillcap                               │ 6           │
│ gf180mcu_fd_sc_mcu7t5v0__nand2                                 │ 11          │
│ gf180mcu_fd_sc_mcu7t5v0__oai21                                 │ 11          │
└────────────────────────────────────────────────────────────────┴─────────────┘
                                  Cells by SCL                                  
┏━━━━━━━━━━━━━━━━━━━━━━━━━━━━━━━━━━━━━━━━━━━━━━━━━━━━━━━━━━━━━┳━━━━━━━━━━━━━━━━┓
┃ SCL                                                         ┃ Count          ┃
┡━━━━━━━━━━━━━━━━━━━━━━━━━━━━━━━━━━━━━━━━━━━━━━━━━━━━━━━━━━━━━╇━━━━━━━━━━━━━━━━┩
│ gf180mcu_fd_sc_mcu7t5v0                                     │ 102            │
└─────────────────────────────────────────────────────────────┴────────────────┘
                             Buffers by Cell Master                             
┏━━━━━━━━━━━━━━━━━━━━━━━━━━━━━━━━━━━━━━━━━━━━━━━━━━━━━━━━━━━━━━━━━┳━━━━━━━━━━━━┓
┃ Buffer                                                          ┃ Count      ┃
┡━━━━━━━━━━━━━━━━━━━━━━━━━━━━━━━━━━━━━━━━━━━━━━━━━━━━━━━━━━━━━━━━━╇━━━━━━━━━━━━┩
│ gf180mcu_fd_sc_mcu7t5v0__clkbuf_16                              │ 3          │
│ gf180mcu_fd_sc_mcu7t5v0__dlyb_1                                 │ 15         │
└─────────────────────────────────────────────────────────────────┴────────────┘
