Reading timing models for corner nom_tt_025C_5v00…
Reading timing library for the 'nom_tt_025C_5v00' corner at '/foss/pdks/gf180mcuD/libs.ref/gf180mcu_fd_sc_mcu7t5v0/lib/gf180mcu_fd_sc_mcu7t5v0__tt_025C_5v00.lib'…
Reading OpenROAD database at '/foss/designs/low-power-12b-first-order-delta-sigma-adc/src/piso/runs/RUN_2026-08-25_09-54-23/25-openroad-ioplacement/piso_12bit.odb'…
Reading design constraints file at '/foss/designs/low-power-12b-first-order-delta-sigma-adc/src/piso/constraint.sdc'…
[WARNING STA-0345] resistance scale 1e+03 does not match library scale 1e+00.
[INFO] No information on clock propagation in input SDC file-- propagating all clocks.
[INFO] Setting signal min routing layer to: Metal2 and clock min routing layer to Metal2. 
[INFO] Setting signal max routing layer to: Metal5 and clock max routing layer to Metal5. 
+ global_placement -density 0.7 -routability_driven -pad_right 0 -pad_left 0 -init_wirelength_coef 0.25
[INFO GPL-0001] ---- Initialize GPL Main Data Structures
[INFO GPL-0002] DBU: 2000
[INFO GPL-0003] SiteSize: (  0.560  3.920 ) um
[INFO GPL-0004] CoreBBox: (  6.720 15.680 ) ( 67.760 58.800 ) um
[INFO GPL-0036] Movable instances area:       1323.706 um^2
[INFO GPL-0037] Total instances area:         1407.123 um^2
[INFO GPL-0035] Pin density area adjust:        58.524 um^2
[INFO GPL-0032] ---- Initialize Region: Top-level
[INFO GPL-0006] Number of instances:                65
[INFO GPL-0007] Movable instances:                  46
[INFO GPL-0008] Fixed instances:                    19
[INFO GPL-0009] Dummy instances:                     0
[INFO GPL-0010] Number of nets:                     61
[INFO GPL-0011] Number of pins:                    166
[INFO GPL-0012] Die BBox:  (  0.000  0.000 ) ( 75.000 75.000 ) um
[INFO GPL-0013] Core BBox: (  6.720 15.680 ) ( 67.760 58.800 ) um
[INFO GPL-0016] Core area:                    2632.045 um^2
[INFO GPL-0014] Region name: top-level.
[INFO GPL-0015] Region area:                  2632.045 um^2
[INFO GPL-0017] Fixed instances area:           83.418 um^2
[INFO GPL-0018] Movable instances area:       1382.230 um^2
[INFO GPL-0019] Utilization:                    54.234 %
[INFO GPL-0020] Standard cells area:          1382.230 um^2
[INFO GPL-0021] Large instances area:            0.000 um^2
[INFO GPL-0005] ---- Execute Conjugate Gradient Initial Placement.
[INFO GPL-0051] Source of initial instance position counters:
	Odb location = 46	Core center = 0	Region center = 0
[InitialPlace]  Iter: 1 conjugate gradient residual: 0.00000008 HPWL: 2876936
[InitialPlace]  Iter: 2 conjugate gradient residual: 0.00000011 HPWL: 2765324
[InitialPlace]  Iter: 3 conjugate gradient residual: 0.00000008 HPWL: 2729219
[InitialPlace]  Iter: 4 conjugate gradient residual: 0.00000009 HPWL: 2730413
[InitialPlace]  Iter: 5 conjugate gradient residual: 0.00000012 HPWL: 2721330
[INFO GPL-0033] ---- Initialize Nesterov Region: Top-level
[INFO GPL-0023] Placement target density:       0.7000
[INFO GPL-0024] Movable insts average area:     30.048 um^2
[INFO GPL-0025] Ideal bin area:                 42.926 um^2
[INFO GPL-0026] Ideal bin count:                    61
[INFO GPL-0027] Total bin area:               2632.045 um^2
[INFO GPL-0028] Bin count (X, Y):           4 ,      4
[INFO GPL-0029] Bin size (W * H):      15.260 * 10.780 um
[INFO GPL-0030] Number of bins:                     16
[INFO GPL-0007] ---- Execute Nesterov Global Placement.
[INFO GPL-0031] HPWL: Half-Perimeter Wirelength
Iteration | Overflow |     HPWL (um) |  HPWL(%) |   Penalty | Group
---------------------------------------------------------------
        0 |   0.0629 |  6.737545e+02 |   +0.00% |  1.94e-12 |      
[INFO GPL-0038] Routability snapshot saved at iter = 1
        0 |   0.0629 |  6.737545e+02 |          |           |      
[INFO GPL-0040] Routability iteration: 1
[INFO GPL-0041] Total routing overflow: 0.0000
[INFO GPL-0042] Number of overflowed tiles: 0 (0.00%)
[INFO GPL-0043] Average top 0.5% routing congestion: 0.5659
[INFO GPL-0044] Average top 1.0% routing congestion: 0.5659
[INFO GPL-0045] Average top 2.0% routing congestion: 0.5430
[INFO GPL-0046] Average top 5.0% routing congestion: 0.5266
[INFO GPL-0047] Routability iteration weighted routing congestion: 0.5659
[INFO GPL-0050] Weighted routing congestion is lower than target routing congestion(1.0100), end routability optimization.
[INFO GPL-0090] Routability finished. Target routing congestion achieved succesfully.
        0 |   0.0629 |  6.737545e+02 |          |  2.01e-12 |      
---------------------------------------------------------------
[INFO GPL-1001] Global placement finished at iteration 0
[INFO GPL-1003] Routability mode iteration count: 0
[INFO GPL-1005] Routability final weighted congestion: 0.5659
[INFO GPL-1002] Placed Cell Area             1382.2296
[INFO GPL-1003] Available Free Area          2548.6272
[INFO GPL-1004] Minimum Feasible Density        0.5500 (cell_area / free_area)
[INFO GPL-1006]   Suggested Target Densities:
[INFO GPL-1007]     - For 90% usage of free space: 0.6026
[INFO GPL-1008]     - For 80% usage of free space: 0.6779
[INFO GPL-1011] Original area (um^2): 1382.23
[INFO GPL-1012] Total routability artificial inflation: 0.00 (+0.00%)
[INFO GPL-1014] Final placement area: 1382.23 (+0.00%)
Setting global connections for newly added cells…
[INFO] Setting global connections...
[INFO ODB-0403] 0 connections made, 0 conflicts skipped.
Updating metrics…
Cell type report:                       Count       Area
  Endcap cell                              22      96.59
  Tap cell                                 19      83.42
  Inverter                                 11      96.59
  Sequential cell                          12     895.64
  Multi-Input combinational cell           23     331.48
  Total                                    87    1503.71
Writing OpenROAD database to '/foss/designs/low-power-12b-first-order-delta-sigma-adc/src/piso/runs/RUN_2026-08-25_09-54-23/28-openroad-globalplacement/piso_12bit.odb'…
Writing netlist to '/foss/designs/low-power-12b-first-order-delta-sigma-adc/src/piso/runs/RUN_2026-08-25_09-54-23/28-openroad-globalplacement/piso_12bit.nl.v'…
Writing powered netlist to '/foss/designs/low-power-12b-first-order-delta-sigma-adc/src/piso/runs/RUN_2026-08-25_09-54-23/28-openroad-globalplacement/piso_12bit.pnl.v'…
Writing layout to '/foss/designs/low-power-12b-first-order-delta-sigma-adc/src/piso/runs/RUN_2026-08-25_09-54-23/28-openroad-globalplacement/piso_12bit.def'…
Writing timing constraints to '/foss/designs/low-power-12b-first-order-delta-sigma-adc/src/piso/runs/RUN_2026-08-25_09-54-23/28-openroad-globalplacement/piso_12bit.sdc'…
