
===========================================================================
report_checks -unconstrained
===========================================================================
======================= nom_tt_025C_5v00 Corner ===================================

Startpoint: rst_n (input port clocked by clk)
Endpoint: _68_ (recovery check against rising-edge clock clk)
Path Group: asynchronous
Path Type: max

Fanout         Cap        Slew       Delay        Time   Description
---------------------------------------------------------------------------------------------
                      0.150000    0.000000    0.000000   clock clk (rise edge)
                                  0.000000    0.000000   clock network delay (ideal)
                                 16.000000   16.000000 ^ input external delay
    12    0.086952    0.000043    0.000043   16.000042 ^ rst_n (in)
                                                         rst_n (net)
                      0.000043    0.000000   16.000042 ^ _68_/RN (gf180mcu_fd_sc_mcu7t5v0__dffrnq_1)
                                             16.000042   data arrival time

                      0.150000   81.379997   81.379997   clock clk (rise edge)
                                  0.000000   81.379997   clock network delay (ideal)
                                 -0.250000   81.129997   clock uncertainty
                                  0.000000   81.129997   clock reconvergence pessimism
                                             81.129997 ^ _68_/CLK (gf180mcu_fd_sc_mcu7t5v0__dffrnq_1)
                                  0.231249   81.361244   library recovery time
                                             81.361244   data required time
---------------------------------------------------------------------------------------------
                                             81.361244   data required time
                                            -16.000042   data arrival time
---------------------------------------------------------------------------------------------
                                             65.361198   slack (MET)


Startpoint: _77_ (rising edge-triggered flip-flop clocked by clk)
Endpoint: serial_out (output port clocked by clk)
Path Group: clk
Path Type: max

Fanout         Cap        Slew       Delay        Time   Description
---------------------------------------------------------------------------------------------
                      0.150000    0.000000    0.000000   clock clk (rise edge)
                                  0.000000    0.000000   clock network delay (ideal)
                      0.150000    0.000000    0.000000 ^ _77_/CLK (gf180mcu_fd_sc_mcu7t5v0__dffrnq_1)
     1    0.035000    0.643908    1.179684    1.179684 ^ _77_/Q (gf180mcu_fd_sc_mcu7t5v0__dffrnq_1)
                                                         serial_out (net)
                      0.643908    0.000000    1.179684 ^ serial_out (out)
                                              1.179684   data arrival time

                      0.150000   81.379997   81.379997   clock clk (rise edge)
                                  0.000000   81.379997   clock network delay (ideal)
                                 -0.250000   81.129997   clock uncertainty
                                  0.000000   81.129997   clock reconvergence pessimism
                                -16.000000   65.129997   output external delay
                                             65.129997   data required time
---------------------------------------------------------------------------------------------
                                             65.129997   data required time
                                             -1.179684   data arrival time
---------------------------------------------------------------------------------------------
                                             63.950314   slack (MET)




===========================================================================
report_checks --slack_max -0.01
============================================================================
======================= nom_tt_025C_5v00 Corner ===================================

No paths found.


===========================================================================
 report_check_types -max_slew -max_cap -max_fanout -violators
============================================================================
======================= nom_tt_025C_5v00 Corner ===================================



===========================================================================
report_parasitic_annotation -report_unannotated
============================================================================
Found 61 unannotated drivers.
 clk
 data_in[0]
 data_in[10]
 data_in[11]
 data_in[1]
 data_in[2]
 data_in[3]
 data_in[4]
 data_in[5]
 data_in[6]
 data_in[7]
 data_in[8]
 data_in[9]
 load_en
 rst_n
 _34_/ZN
 _35_/ZN
 _36_/ZN
 _37_/ZN
 _38_/ZN
 _39_/ZN
 _40_/ZN
 _41_/ZN
 _42_/ZN
 _43_/ZN
 _44_/ZN
 _45_/ZN
 _46_/ZN
 _47_/ZN
 _48_/ZN
 _49_/ZN
 _50_/ZN
 _51_/ZN
 _52_/ZN
 _53_/ZN
 _54_/ZN
 _55_/ZN
 _56_/ZN
 _57_/ZN
 _58_/ZN
 _59_/ZN
 _60_/ZN
 _61_/ZN
 _62_/ZN
 _63_/ZN
 _64_/ZN
 _65_/ZN
 _66_/ZN
 _67_/Z
 _68_/Q
 _69_/Q
 _70_/Q
 _71_/Q
 _72_/Q
 _73_/Q
 _74_/Q
 _75_/Q
 _76_/Q
 _77_/Q
 _78_/Q
 _79_/Q
Found 0 partially unannotated drivers.

===========================================================================
max slew violation count 0
max fanout violation count 0
max cap violation count 0
============================================================================

===========================================================================
check_setup -verbose -unconstrained_endpoints -multiple_clock -no_clock -no_input_delay -loops -generated_clocks
===========================================================================
