Reading timing models for corner nom_tt_025C_5v00…
Reading timing library for the 'nom_tt_025C_5v00' corner at '/foss/pdks/gf180mcuD/libs.ref/gf180mcu_fd_sc_mcu7t5v0/lib/gf180mcu_fd_sc_mcu7t5v0__tt_025C_5v00.lib'…
Reading OpenROAD database at '/foss/designs/low-power-12b-first-order-delta-sigma-adc/src/filter_decimation/runs/RUN_2026-08-22_15-13-59/25-openroad-ioplacement/cic_filter.odb'…
Reading design constraints file at 'constraint.sdc'…
[WARNING STA-0345] resistance scale 1e+03 does not match library scale 1e+00.
[WARNING STA-0351] clock 'clk' not found.
[WARNING STA-0138] clock arg 'clk' clock not found.
[WARNING STA-0138] clock arg 'clk' clock not found.
[INFO] No information on clock propagation in input SDC file-- propagating all clocks.
[INFO] Setting signal min routing layer to: Metal2 and clock min routing layer to Metal2. 
[INFO] Setting signal max routing layer to: Metal5 and clock max routing layer to Metal5. 
+ global_placement -density 0.1 -routability_driven -pad_right 0 -pad_left 0 -init_wirelength_coef 0.25
[INFO GPL-0001] ---- Initialize GPL Main Data Structures
[INFO GPL-0002] DBU: 2000
[INFO GPL-0003] SiteSize: (  0.560  3.920 ) um
[INFO GPL-0004] CoreBBox: (  6.720 15.680 ) ( 222.880 211.680 ) um
[INFO GPL-0036] Movable instances area:      34842.214 um^2
[INFO GPL-0037] Total instances area:        35992.499 um^2
[INFO GPL-0035] Pin density area adjust:      2993.128 um^2
[INFO GPL-0032] ---- Initialize Region: Top-level
[INFO GPL-0006] Number of instances:              1517
[INFO GPL-0007] Movable instances:                1255
[INFO GPL-0008] Fixed instances:                   262
[INFO GPL-0009] Dummy instances:                     0
[INFO GPL-0010] Number of nets:                   1258
[INFO GPL-0011] Number of pins:                   4436
[INFO GPL-0012] Die BBox:  (  0.000  0.000 ) ( 230.000 230.000 ) um
[INFO GPL-0013] Core BBox: (  6.720 15.680 ) ( 222.880 211.680 ) um
[INFO GPL-0016] Core area:                   42367.360 um^2
[INFO GPL-0014] Region name: top-level.
[INFO GPL-0015] Region area:                 42367.360 um^2
[INFO GPL-0017] Fixed instances area:         1150.285 um^2
[INFO GPL-0018] Movable instances area:      37835.342 um^2
[INFO GPL-0019] Utilization:                    91.795 %
[INFO GPL-0020] Standard cells area:         37835.342 um^2
[INFO GPL-0021] Large instances area:            0.000 um^2
[INFO GPL-0005] ---- Execute Conjugate Gradient Initial Placement.
[INFO GPL-0051] Source of initial instance position counters:
	Odb location = 1255	Core center = 0	Region center = 0
[InitialPlace]  Iter: 1 conjugate gradient residual: 0.00177412 HPWL: 66077352
[InitialPlace]  Iter: 2 conjugate gradient residual: 0.00259318 HPWL: 46826162
[InitialPlace]  Iter: 3 conjugate gradient residual: 0.00023416 HPWL: 43639210
[InitialPlace]  Iter: 4 conjugate gradient residual: 0.00016880 HPWL: 42725580
[InitialPlace]  Iter: 5 conjugate gradient residual: 0.00011007 HPWL: 42367769
[InitialPlace]  Iter: 6 conjugate gradient residual: 0.00000217 HPWL: 42172029
[INFO GPL-0033] ---- Initialize Nesterov Region: Top-level
[WARNING GPL-0302] Target density 0.1000 is too low for the available free area.
Automatically adjusting to uniform density 0.9200.
[INFO GPL-0023] Placement target density:       0.9200
[INFO GPL-0024] Movable insts average area:     30.148 um^2
[INFO GPL-0025] Ideal bin area:                 32.769 um^2
[INFO GPL-0026] Ideal bin count:                  1292
[INFO GPL-0027] Total bin area:              42367.360 um^2
[INFO GPL-0028] Bin count (X, Y):          32 ,     32
[INFO GPL-0029] Bin size (W * H):       6.755 *  6.125 um
[INFO GPL-0030] Number of bins:                   1024
[INFO GPL-0007] ---- Execute Nesterov Global Placement.
[INFO GPL-0031] HPWL: Half-Perimeter Wirelength
Iteration | Overflow |     HPWL (um) |  HPWL(%) |   Penalty | Group
---------------------------------------------------------------
        0 |   0.9322 |  5.892736e+03 |   +0.00% |  7.81e-16 |      
       10 |   0.9070 |  6.537688e+03 |  +10.94% |  1.27e-15 |      
       20 |   0.8971 |  6.684966e+03 |   +2.25% |  2.07e-15 |      
       30 |   0.8891 |  6.771766e+03 |   +1.30% |  3.37e-15 |      
       40 |   0.8842 |  6.832132e+03 |   +0.89% |  5.50e-15 |      
       50 |   0.8834 |  6.883005e+03 |   +0.74% |  8.95e-15 |      
       60 |   0.8838 |  6.894675e+03 |   +0.17% |  1.46e-14 |      
       70 |   0.8847 |  6.876590e+03 |   -0.26% |  2.37e-14 |      
       80 |   0.8843 |  6.855475e+03 |   -0.31% |  3.87e-14 |      
       90 |   0.8843 |  6.846925e+03 |   -0.12% |  6.30e-14 |      
      100 |   0.8828 |  6.855997e+03 |   +0.13% |  1.03e-13 |      
      110 |   0.8798 |  6.887302e+03 |   +0.46% |  1.67e-13 |      
      120 |   0.8746 |  6.943907e+03 |   +0.82% |  2.72e-13 |      
      130 |   0.8670 |  7.030961e+03 |   +1.25% |  4.44e-13 |      
      140 |   0.8536 |  7.156285e+03 |   +1.78% |  7.23e-13 |      
      150 |   0.8329 |  7.333041e+03 |   +2.47% |  1.18e-12 |      
      160 |   0.8073 |  7.568404e+03 |   +3.21% |  1.92e-12 |      
      170 |   0.7762 |  7.864815e+03 |   +3.92% |  3.12e-12 |      
      180 |   0.7490 |  8.224007e+03 |   +4.57% |  5.09e-12 |      
      190 |   0.7150 |  8.658684e+03 |   +5.29% |  8.28e-12 |      
      200 |   0.6787 |  9.170051e+03 |   +5.91% |  1.35e-11 |      
      210 |   0.6479 |  9.670567e+03 |   +5.46% |  2.20e-11 |      
      220 |   0.6134 |  1.016231e+04 |   +5.08% |  3.58e-11 |      
[INFO GPL-0038] Routability snapshot saved at iter = 225
      224 |   0.5983 |  1.036761e+04 |          |           |      
      230 |   0.5795 |  1.065134e+04 |   +4.81% |  5.83e-11 |      
      240 |   0.5418 |  1.111660e+04 |   +4.37% |  9.49e-11 |      
      250 |   0.5090 |  1.152052e+04 |   +3.63% |  1.55e-10 |      
      260 |   0.4803 |  1.195214e+04 |   +3.75% |  2.52e-10 |      
      270 |   0.4470 |  1.230559e+04 |   +2.96% |  4.10e-10 |      
      280 |   0.4137 |  1.258857e+04 |   +2.30% |  6.68e-10 |      
      290 |   0.3860 |  1.279894e+04 |   +1.67% |  1.09e-09 |      
      300 |   0.3577 |  1.317441e+04 |   +2.93% |  1.77e-09 |      
      310 |   0.3307 |  1.345945e+04 |   +2.16% |  2.72e-09 |      
      320 |   0.3072 |  1.374420e+04 |   +2.12% |  4.00e-09 |      
[INFO GPL-0040] Routability iteration: 1
[INFO GPL-0041] Total routing overflow: 0.0000
[INFO GPL-0042] Number of overflowed tiles: 0 (0.00%)
[INFO GPL-0043] Average top 0.5% routing congestion: 0.6472
[INFO GPL-0044] Average top 1.0% routing congestion: 0.6350
[INFO GPL-0045] Average top 2.0% routing congestion: 0.6212
[INFO GPL-0046] Average top 5.0% routing congestion: 0.5914
[INFO GPL-0047] Routability iteration weighted routing congestion: 0.6411
[INFO GPL-0050] Weighted routing congestion is lower than target routing congestion(1.0100), end routability optimization.
[INFO GPL-0090] Routability finished. Target routing congestion achieved succesfully.
Iteration | Overflow |     HPWL (um) |  HPWL(%) |   Penalty | Group
---------------------------------------------------------------
      330 |   0.2806 |  1.402916e+04 |   +2.07% |  5.90e-09 |      
      340 |   0.2543 |  1.434989e+04 |   +2.29% |  8.69e-09 |      
      350 |   0.2292 |  1.469728e+04 |   +2.42% |  1.28e-08 |      
      360 |   0.2028 |  1.506623e+04 |   +2.51% |  1.89e-08 |      
      370 |   0.1777 |  1.545078e+04 |   +2.55% |  2.78e-08 |      
      380 |   0.1529 |  1.584153e+04 |   +2.53% |  4.09e-08 |      
      390 |   0.1300 |  1.625182e+04 |   +2.59% |  6.03e-08 |      
      400 |   0.1105 |  1.662602e+04 |   +2.30% |  8.88e-08 |      
      406 |   0.0990 |  1.682910e+04 |          |  1.16e-07 |      
---------------------------------------------------------------
[INFO GPL-1001] Global placement finished at iteration 406
[INFO GPL-1003] Routability mode iteration count: 98
[INFO GPL-1005] Routability final weighted congestion: 0.6186
[INFO GPL-1002] Placed Cell Area            37835.3425
[INFO GPL-1003] Available Free Area         41217.0752
[INFO GPL-1004] Minimum Feasible Density        0.9200 (cell_area / free_area)
[INFO GPL-1006]   Suggested Target Densities:
[INFO GPL-1007]     - For 90% usage of free space: 1.0199
[INFO GPL-1008]     - For 80% usage of free space: 1.1474
[INFO GPL-1011] Original area (um^2): 37835.34
[INFO GPL-1012] Total routability artificial inflation: 0.00 (+0.00%)
[INFO GPL-1014] Final placement area: 37835.34 (+0.00%)
Setting global connections for newly added cells…
[INFO] Setting global connections...
[INFO ODB-0403] 0 connections made, 0 conflicts skipped.
Updating metrics…
Cell type report:                       Count       Area
  Endcap cell                             100     439.04
  Tap cell                                262    1150.28
  Inverter                                126    1106.38
  Sequential cell                         220   16420.10
  Multi-Input combinational cell          909   17315.74
  Total                                  1617   36431.54
Writing OpenROAD database to '/foss/designs/low-power-12b-first-order-delta-sigma-adc/src/filter_decimation/runs/RUN_2026-08-22_15-13-59/28-openroad-globalplacement/cic_filter.odb'…
Writing netlist to '/foss/designs/low-power-12b-first-order-delta-sigma-adc/src/filter_decimation/runs/RUN_2026-08-22_15-13-59/28-openroad-globalplacement/cic_filter.nl.v'…
Writing powered netlist to '/foss/designs/low-power-12b-first-order-delta-sigma-adc/src/filter_decimation/runs/RUN_2026-08-22_15-13-59/28-openroad-globalplacement/cic_filter.pnl.v'…
Writing layout to '/foss/designs/low-power-12b-first-order-delta-sigma-adc/src/filter_decimation/runs/RUN_2026-08-22_15-13-59/28-openroad-globalplacement/cic_filter.def'…
Writing timing constraints to '/foss/designs/low-power-12b-first-order-delta-sigma-adc/src/filter_decimation/runs/RUN_2026-08-22_15-13-59/28-openroad-globalplacement/cic_filter.sdc'…
