Clock: clk_div
Sources: clk 
Generated: yes
Virtual: yes
Propagated: no
Period: 0.000000

===========================================================================
report_clock_properties
============================================================================
Clock                   Period          Waveform
----------------------------------------------------

===========================================================================
report_clock_latency
============================================================================
Clock clk_div
rise -> rise
    min     max
0.000000 0.000000 source latency
0.420758         network latency _2078_/CLK
        0.430101 network latency _2124_/CLK
---------------
0.420758 0.430101 latency
        0.009343 skew

fall -> fall
    min     max
0.000000 0.000000 source latency
0.424024         network latency _2078_/CLK
        0.433808 network latency _2124_/CLK
---------------
0.424024 0.433808 latency
        0.009784 skew



===========================================================================
report_clock_min_period
============================================================================
clk_div period_min = 0.00 fmax = inf
