Reading timing models for corner nom_tt_025C_5v00…
Reading timing library for the 'nom_tt_025C_5v00' corner at '/foss/pdks/gf180mcuD/libs.ref/gf180mcu_fd_sc_mcu7t5v0/lib/gf180mcu_fd_sc_mcu7t5v0__tt_025C_5v00.lib'…
Reading OpenROAD database at '/foss/designs/low-power-12b-first-order-delta-sigma-adc/src/filter_decimation/runs/RUN_2026-08-22_15-13-59/39-openroad-globalrouting/cic_filter.odb'…
Reading design constraints file at 'constraint.sdc'…
[WARNING STA-0345] resistance scale 1e+03 does not match library scale 1e+00.
[WARNING STA-0351] clock 'clk' not found.
[WARNING STA-0138] clock arg 'clk' clock not found.
[WARNING STA-0138] clock arg 'clk' clock not found.
[INFO] No information on clock propagation in input SDC file-- propagating all clocks.
+ repair_antennas gf180mcu_fd_sc_mcu7t5v0__antenna -iterations 3 -ratio_margin 10
[INFO GRT-0012] Found 0 antenna violations.
Setting global connections for newly added cells…
[INFO] Setting global connections...
[INFO ODB-0403] 0 connections made, 0 conflicts skipped.
Updating metrics…
Cell type report:                       Count       Area
  Endcap cell                             100     439.04
  Tap cell                                262    1150.28
  Clock buffer                              9     987.84
  Timing Repair Buffer                     21    1097.60
  Inverter                                126    1106.38
  Clock inverter                            7     153.66
  Sequential cell                         220   16424.49
  Multi-Input combinational cell          909   17315.74
  Total                                  1654   38675.03
Writing OpenROAD database to '/foss/designs/low-power-12b-first-order-delta-sigma-adc/src/filter_decimation/runs/RUN_2026-08-22_15-13-59/42-openroad-repairantennas/1-openroad-diodeinsertion/cic_filter.odb'…
Writing layout to '/foss/designs/low-power-12b-first-order-delta-sigma-adc/src/filter_decimation/runs/RUN_2026-08-22_15-13-59/42-openroad-repairantennas/1-openroad-diodeinsertion/cic_filter.def'…
