Clock: clk
Sources: clk 
Generated: no
Virtual: no
Propagated: no
Period: 81.379997

===========================================================================
report_clock_properties
============================================================================
Clock                   Period          Waveform
----------------------------------------------------
clk                  81.379997    0.000000 40.689999

===========================================================================
report_clock_latency
============================================================================
Clock clk
rise -> rise
    min     max
0.000000 0.000000 source latency
0.000000         network latency _2070_/CLK
        8.909464 network latency _2153_/CLKN
---------------
0.000000 8.909464 latency
        8.909464 skew

rise -> fall
    min     max
0.000000 0.000000 source latency
5.787438         network latency _2153_/CLKN
        5.787438 network latency _2153_/CLKN
---------------
5.787438 5.787438 latency
        0.000000 skew

fall -> fall
    min     max
0.000000 0.000000 source latency
0.000000         network latency _2070_/CLK
        0.000000 network latency _2070_/CLK
---------------
0.000000 0.000000 latency
        0.000000 skew



===========================================================================
report_clock_min_period
============================================================================
clk period_min = 10.38 fmax = 96.30
Clock: clk_div
Sources: clk 
Generated: yes
Virtual: no
Propagated: no
Period: 20833.279297

===========================================================================
report_clock_properties
============================================================================
Clock                   Period          Waveform
----------------------------------------------------
clk_div             20833.279297    0.00000010416.639648 (generated)

===========================================================================
report_clock_latency
============================================================================
Clock clk_div
rise -> rise
    min     max
0.000000 0.000000 source latency
0.000000         network latency _2070_/CLK
        8.909464 network latency _2153_/CLKN
---------------
0.000000 8.909464 latency
        8.909464 skew

rise -> fall
    min     max
0.000000 0.000000 source latency
5.787438         network latency _2153_/CLKN
        5.787438 network latency _2153_/CLKN
---------------
5.787438 5.787438 latency
        0.000000 skew

fall -> fall
    min     max
0.000000 0.000000 source latency
0.000000         network latency _2070_/CLK
        0.000000 network latency _2070_/CLK
---------------
0.000000 0.000000 latency
        0.000000 skew



===========================================================================
report_clock_min_period
============================================================================
clk_div period_min = 12.16 fmax = 82.22
