Clock: in_clk
Sources: in_clk 
Generated: no
Virtual: yes
Propagated: no
Period: 13.563000

===========================================================================
report_clock_properties
============================================================================
Clock                   Period          Waveform
----------------------------------------------------
in_clk               13.563000    0.000000  6.781500

===========================================================================
report_clock_latency
============================================================================
Clock in_clk
rise -> rise
    min     max
0.000000 0.000000 source latency
0.446264         network latency _33_/CLK
        0.449179 network latency _36_/CLK
---------------
0.446264 0.449179 latency
        0.002915 skew

fall -> fall
    min     max
0.000000 0.000000 source latency
0.433165         network latency _33_/CLK
        0.436312 network latency _36_/CLK
---------------
0.433165 0.436312 latency
        0.003147 skew



===========================================================================
report_clock_min_period
============================================================================
in_clk period_min = 2.42 fmax = 413.20
