
===========================================================================
 report_power
============================================================================
======================= min_tt_025C_5v00 Corner ===================================

Group                    Internal    Switching      Leakage        Total
                            Power        Power        Power        Power (Watts)
------------------------------------------------------------------------
Sequential           2.730436e-04 0.000000e+00 2.816607e-09 2.730464e-04  22.8%
Combinational        2.429862e-06 4.872118e-06 2.531933e-09 7.304511e-06   0.6%
Clock                7.746749e-04 1.440700e-04 1.198271e-08 9.187569e-04  76.6%
Macro                0.000000e+00 0.000000e+00 0.000000e+00 0.000000e+00   0.0%
Pad                  0.000000e+00 0.000000e+00 0.000000e+00 0.000000e+00   0.0%
------------------------------------------------------------------------
Total                1.050148e-03 1.489422e-04 1.733125e-08 1.199108e-03 100.0%
                            87.6%        12.4%         0.0%

