Reading timing models for corner nom_tt_025C_5v00…
Reading timing library for the 'nom_tt_025C_5v00' corner at '/foss/pdks/gf180mcuD/libs.ref/gf180mcu_fd_sc_mcu7t5v0/lib/gf180mcu_fd_sc_mcu7t5v0__tt_025C_5v00.lib'…
Reading OpenROAD database at '/foss/designs/low-power-12b-first-order-delta-sigma-adc/src/filter_decimation/runs/RUN_2026-08-17_02-11-52/25-openroad-ioplacement/cic_filter.odb'…
Reading design constraints file at 'constraint.sdc'…
[WARNING STA-0345] resistance scale 1e+03 does not match library scale 1e+00.
[WARNING STA-0351] clock 'clk' not found.
[WARNING STA-0138] clock arg 'clk' clock not found.
[WARNING STA-0138] clock arg 'clk' clock not found.
[INFO] No information on clock propagation in input SDC file-- propagating all clocks.
[INFO] Setting signal min routing layer to: Metal2 and clock min routing layer to Metal2. 
[INFO] Setting signal max routing layer to: Metal5 and clock max routing layer to Metal5. 
+ global_placement -density 0.1 -routability_driven -pad_right 0 -pad_left 0 -init_wirelength_coef 0.25
[INFO GPL-0001] ---- Initialize GPL Main Data Structures
[INFO GPL-0002] DBU: 2000
[INFO GPL-0003] SiteSize: (  0.560  3.920 ) um
[INFO GPL-0004] CoreBBox: (  6.720 15.680 ) ( 442.960 462.560 ) um
[INFO GPL-0036] Movable instances area:      34842.214 um^2
[INFO GPL-0037] Total instances area:        40444.365 um^2
[INFO GPL-0035] Pin density area adjust:      2993.128 um^2
[INFO GPL-0032] ---- Initialize Region: Top-level
[INFO GPL-0006] Number of instances:              2531
[INFO GPL-0007] Movable instances:                1255
[INFO GPL-0008] Fixed instances:                  1276
[INFO GPL-0009] Dummy instances:                     0
[INFO GPL-0010] Number of nets:                   1258
[INFO GPL-0011] Number of pins:                   4436
[INFO GPL-0012] Die BBox:  (  0.000  0.000 ) ( 450.000 480.000 ) um
[INFO GPL-0013] Core BBox: (  6.720 15.680 ) ( 442.960 462.560 ) um
[INFO GPL-0016] Core area:                  194946.931 um^2
[INFO GPL-0014] Region name: top-level.
[INFO GPL-0015] Region area:                194946.931 um^2
[INFO GPL-0017] Fixed instances area:         5602.150 um^2
[INFO GPL-0018] Movable instances area:      37835.342 um^2
[INFO GPL-0019] Utilization:                    19.982 %
[INFO GPL-0020] Standard cells area:         37835.342 um^2
[INFO GPL-0021] Large instances area:            0.000 um^2
[INFO GPL-0005] ---- Execute Conjugate Gradient Initial Placement.
[INFO GPL-0051] Source of initial instance position counters:
	Odb location = 1255	Core center = 0	Region center = 0
[InitialPlace]  Iter: 1 conjugate gradient residual: 0.00282487 HPWL: 104644997
[InitialPlace]  Iter: 2 conjugate gradient residual: 0.00298460 HPWL: 65165058
[InitialPlace]  Iter: 3 conjugate gradient residual: 0.00204396 HPWL: 53444119
[InitialPlace]  Iter: 4 conjugate gradient residual: 0.00070096 HPWL: 49341100
[InitialPlace]  Iter: 5 conjugate gradient residual: 0.00061254 HPWL: 46814646
[InitialPlace]  Iter: 6 conjugate gradient residual: 0.00018965 HPWL: 45778397
[InitialPlace]  Iter: 7 conjugate gradient residual: 0.00060633 HPWL: 45236078
[InitialPlace]  Iter: 8 conjugate gradient residual: 0.00028619 HPWL: 44958992
[InitialPlace]  Iter: 9 conjugate gradient residual: 0.00014084 HPWL: 44805415
[InitialPlace]  Iter: 10 conjugate gradient residual: 0.00004966 HPWL: 44724233
[InitialPlace]  Iter: 11 conjugate gradient residual: 0.00003162 HPWL: 44642975
[InitialPlace]  Iter: 12 conjugate gradient residual: 0.00000618 HPWL: 44629498
[INFO GPL-0033] ---- Initialize Nesterov Region: Top-level
[WARNING GPL-0302] Target density 0.1000 is too low for the available free area.
Automatically adjusting to uniform density 0.2000.
[INFO GPL-0023] Placement target density:       0.2000
[INFO GPL-0024] Movable insts average area:     30.148 um^2
[INFO GPL-0025] Ideal bin area:                150.738 um^2
[INFO GPL-0026] Ideal bin count:                  1293
[INFO GPL-0027] Total bin area:             194946.931 um^2
[INFO GPL-0028] Bin count (X, Y):          32 ,     32
[INFO GPL-0029] Bin size (W * H):      13.633 * 13.965 um
[INFO GPL-0030] Number of bins:                   1024
[INFO GPL-0007] ---- Execute Nesterov Global Placement.
[INFO GPL-0031] HPWL: Half-Perimeter Wirelength
Iteration | Overflow |     HPWL (um) |  HPWL(%) |   Penalty | Group
---------------------------------------------------------------
        0 |   0.9654 |  7.516118e+03 |   +0.00% |  2.20e-16 |      
       10 |   0.9430 |  8.834548e+03 |  +17.54% |  3.59e-16 |      
       20 |   0.9314 |  9.385854e+03 |   +6.24% |  5.84e-16 |      
       30 |   0.9250 |  9.696552e+03 |   +3.31% |  9.52e-16 |      
       40 |   0.9231 |  9.813551e+03 |   +1.21% |  1.55e-15 |      
       50 |   0.9220 |  9.862925e+03 |   +0.50% |  2.52e-15 |      
       60 |   0.9212 |  9.889755e+03 |   +0.27% |  4.11e-15 |      
       70 |   0.9186 |  9.914954e+03 |   +0.25% |  6.70e-15 |      
       80 |   0.9171 |  9.944344e+03 |   +0.30% |  1.09e-14 |      
       90 |   0.9159 |  9.980609e+03 |   +0.36% |  1.78e-14 |      
      100 |   0.9139 |  1.003045e+04 |   +0.50% |  2.90e-14 |      
      110 |   0.9123 |  1.010438e+04 |   +0.74% |  4.72e-14 |      
      120 |   0.9096 |  1.021613e+04 |   +1.11% |  7.68e-14 |      
      130 |   0.9064 |  1.037293e+04 |   +1.53% |  1.25e-13 |      
      140 |   0.9014 |  1.058199e+04 |   +2.02% |  2.04e-13 |      
      150 |   0.8932 |  1.086881e+04 |   +2.71% |  3.32e-13 |      
      160 |   0.8807 |  1.128890e+04 |   +3.87% |  5.41e-13 |      
      170 |   0.8631 |  1.185934e+04 |   +5.05% |  8.81e-13 |      
      180 |   0.8430 |  1.259390e+04 |   +6.19% |  1.43e-12 |      
      190 |   0.8147 |  1.350591e+04 |   +7.24% |  2.34e-12 |      
      200 |   0.7839 |  1.455386e+04 |   +7.76% |  3.80e-12 |      
      210 |   0.7571 |  1.571965e+04 |   +8.01% |  6.19e-12 |      
      220 |   0.7351 |  1.703883e+04 |   +8.39% |  1.01e-11 |      
      230 |   0.6970 |  1.840601e+04 |   +8.02% |  1.64e-11 |      
      240 |   0.6660 |  1.960185e+04 |   +6.50% |  2.67e-11 |      
      250 |   0.6282 |  2.088129e+04 |   +6.53% |  4.36e-11 |      
      260 |   0.6030 |  2.205000e+04 |   +5.60% |  7.09e-11 |      
[INFO GPL-0038] Routability snapshot saved at iter = 263
      262 |   0.5968 |  2.228620e+04 |          |           |      
      270 |   0.5673 |  2.324876e+04 |   +5.44% |  1.16e-10 |      
      280 |   0.5351 |  2.461856e+04 |   +5.89% |  1.88e-10 |      
      290 |   0.5072 |  2.603533e+04 |   +5.75% |  3.06e-10 |      
      300 |   0.4679 |  2.689065e+04 |   +3.29% |  4.99e-10 |      
      310 |   0.4413 |  2.771869e+04 |   +3.08% |  8.12e-10 |      
      320 |   0.4053 |  2.867116e+04 |   +3.44% |  1.32e-09 |      
      330 |   0.3710 |  2.958602e+04 |   +3.19% |  2.15e-09 |      
      340 |   0.3361 |  3.041968e+04 |   +2.82% |  3.40e-09 |      
      350 |   0.3072 |  3.104293e+04 |   +2.05% |  5.01e-09 |      
[INFO GPL-0040] Routability iteration: 1
[INFO GPL-0041] Total routing overflow: 0.0000
[INFO GPL-0042] Number of overflowed tiles: 0 (0.00%)
[INFO GPL-0043] Average top 0.5% routing congestion: 0.6371
[INFO GPL-0044] Average top 1.0% routing congestion: 0.6073
[INFO GPL-0045] Average top 2.0% routing congestion: 0.5731
[INFO GPL-0046] Average top 5.0% routing congestion: 0.5270
[INFO GPL-0047] Routability iteration weighted routing congestion: 0.6222
[INFO GPL-0050] Weighted routing congestion is lower than target routing congestion(1.0100), end routability optimization.
[INFO GPL-0090] Routability finished. Target routing congestion achieved succesfully.
Iteration | Overflow |     HPWL (um) |  HPWL(%) |   Penalty | Group
---------------------------------------------------------------
      360 |   0.2782 |  3.170813e+04 |   +2.14% |  7.39e-09 |      
      370 |   0.2499 |  3.233835e+04 |   +1.99% |  1.09e-08 |      
      380 |   0.2201 |  3.289817e+04 |   +1.73% |  1.60e-08 |      
      390 |   0.1923 |  3.352388e+04 |   +1.90% |  2.36e-08 |      
      400 |   0.1668 |  3.422524e+04 |   +2.09% |  3.48e-08 |      
      410 |   0.1439 |  3.484689e+04 |   +1.82% |  5.12e-08 |      
      420 |   0.1221 |  3.544655e+04 |   +1.72% |  7.54e-08 |      
      430 |   0.1009 |  3.595707e+04 |   +1.44% |  1.11e-07 |      
      431 |   0.0994 |  3.598133e+04 |          |  1.20e-07 |      
---------------------------------------------------------------
[INFO GPL-1001] Global placement finished at iteration 431
[INFO GPL-1003] Routability mode iteration count: 90
[INFO GPL-1005] Routability final weighted congestion: 0.6139
[INFO GPL-1002] Placed Cell Area            37835.3425
[INFO GPL-1003] Available Free Area         189344.7808
[INFO GPL-1004] Minimum Feasible Density        0.2000 (cell_area / free_area)
[INFO GPL-1006]   Suggested Target Densities:
[INFO GPL-1007]     - For 90% usage of free space: 0.2220
[INFO GPL-1008]     - For 80% usage of free space: 0.2498
[INFO GPL-1009]     - For 50% usage of free space: 0.3996
[INFO GPL-1011] Original area (um^2): 37835.34
[INFO GPL-1012] Total routability artificial inflation: 0.00 (+0.00%)
[INFO GPL-1014] Final placement area: 37835.34 (+0.00%)
Setting global connections for newly added cells…
[INFO] Setting global connections...
[INFO ODB-0403] 0 connections made, 0 conflicts skipped.
Updating metrics…
Cell type report:                       Count       Area
  Endcap cell                             228    1001.01
  Tap cell                               1276    5602.15
  Inverter                                126    1106.38
  Sequential cell                         220   16420.10
  Multi-Input combinational cell          909   17315.74
  Total                                  2759   41445.38
Writing OpenROAD database to '/foss/designs/low-power-12b-first-order-delta-sigma-adc/src/filter_decimation/runs/RUN_2026-08-17_02-11-52/28-openroad-globalplacement/cic_filter.odb'…
Writing netlist to '/foss/designs/low-power-12b-first-order-delta-sigma-adc/src/filter_decimation/runs/RUN_2026-08-17_02-11-52/28-openroad-globalplacement/cic_filter.nl.v'…
Writing powered netlist to '/foss/designs/low-power-12b-first-order-delta-sigma-adc/src/filter_decimation/runs/RUN_2026-08-17_02-11-52/28-openroad-globalplacement/cic_filter.pnl.v'…
Writing layout to '/foss/designs/low-power-12b-first-order-delta-sigma-adc/src/filter_decimation/runs/RUN_2026-08-17_02-11-52/28-openroad-globalplacement/cic_filter.def'…
Writing timing constraints to '/foss/designs/low-power-12b-first-order-delta-sigma-adc/src/filter_decimation/runs/RUN_2026-08-17_02-11-52/28-openroad-globalplacement/cic_filter.sdc'…
