Clock: clk_div
Sources: clk 
Generated: yes
Virtual: yes
Propagated: no
Period: 0.000000

===========================================================================
report_clock_properties
============================================================================
Clock                   Period          Waveform
----------------------------------------------------

===========================================================================
report_clock_latency
============================================================================
Clock clk_div
rise -> rise
    min     max
0.000000 0.000000 source latency
0.621291         network latency _2079_/CLK
        0.627130 network latency _2120_/CLK
---------------
0.621291 0.627130 latency
        0.005839 skew

fall -> fall
    min     max
0.000000 0.000000 source latency
0.627710         network latency _2079_/CLK
        0.633969 network latency _2120_/CLK
---------------
0.627710 0.633969 latency
        0.006259 skew



===========================================================================
report_clock_min_period
============================================================================
clk_div period_min = 0.00 fmax = inf
