
 /----------------------------------------------------------------------------\
 |  yosys -- Yosys Open SYnthesis Suite                                       |
 |  Copyright (C) 2012 - 2026  Claire Xenia Wolf <claire@yosyshq.com>         |
 |  Distributed under an ISC-like license, type "license" to see terms        |
 \----------------------------------------------------------------------------/
 Yosys 0.64 (git sha1 6d2c445ae, g++ 13.3.0-6ubuntu2~24.04.1 -fPIC -O3)

1. Executing Liberty frontend: /foss/pdks/gf180mcuD/libs.ref/gf180mcu_fd_sc_mcu7t5v0/lib/gf180mcu_fd_sc_mcu7t5v0__tt_025C_5v00.lib
Imported 229 cell types from liberty file.
[INFO] Using SDC file '/foss/designs/low-power-12b-first-order-delta-sigma-adc/src/clock/runs/RUN_2026-08-17_02-21-49/06-yosys-synthesis/synthesis.abc.sdc' for ABC…wtaf

2. Executing Verilog-2005 frontend: /foss/designs/low-power-12b-first-order-delta-sigma-adc/src/clock/andig_clock.v
Parsing SystemVerilog input from `/foss/designs/low-power-12b-first-order-delta-sigma-adc/src/clock/andig_clock.v' to AST representation.
Storing AST representation for module `$abstract\andig_clock'.
Successfully finished Verilog frontend.

3. Executing HIERARCHY pass (managing design hierarchy).

4. Executing AST frontend in derive mode using pre-parsed AST for module `\andig_clock'.
Generating RTLIL representation for module `\andig_clock'.

4.1. Analyzing design hierarchy..
Top module:  \andig_clock

4.2. Analyzing design hierarchy..
Top module:  \andig_clock
Removing unused module `$abstract\andig_clock'.
Removed 1 unused modules.
Renaming module andig_clock to andig_clock.

5. Executing ATTRMAP pass (move or copy attributes).

6. Executing HIERARCHY pass (managing design hierarchy).

6.1. Analyzing design hierarchy..
Top module:  \andig_clock

6.2. Analyzing design hierarchy..
Top module:  \andig_clock
Removed 0 unused modules.

7. Executing PROC_CLEAN pass (remove empty switches from decision trees).
Cleaned up 0 empty switches.

8. Executing PROC_RMDEAD pass (remove dead branches from decision trees).
Marked 5 switch rules as full_case in process $proc$/foss/designs/low-power-12b-first-order-delta-sigma-adc/src/clock/andig_clock.v:11$2 in module andig_clock.
Removed a total of 0 dead cases.

9. Executing PROC_PRUNE pass (remove redundant assignments in processes).
Removed 1 redundant assignment.
Promoted 0 assignments to connections.

10. Executing PROC_INIT pass (extract init attributes).

11. Executing PROC_ARST pass (detect async resets in processes).
Found async reset \rst in `\andig_clock.$proc$/foss/designs/low-power-12b-first-order-delta-sigma-adc/src/clock/andig_clock.v:11$2'.

12. Executing PROC_ROM pass (convert switches to ROMs).
Converted 0 switches.
<suppressed ~4 debug messages>

13. Executing PROC_MUX pass (convert decision trees to multiplexers).
Creating decoders for process `\andig_clock.$proc$/foss/designs/low-power-12b-first-order-delta-sigma-adc/src/clock/andig_clock.v:11$2'.
     1/4: $0\counter[2:0]
     2/4: $0\out_clk_cic[0:0]
     3/4: $0\out_clk2[0:0]
     4/4: $0\out_clk1[0:0]

14. Executing PROC_DLATCH pass (convert process syncs to latches).

15. Executing PROC_DFF pass (convert process syncs to FFs).
Creating register for signal `\andig_clock.\out_clk1' using process `\andig_clock.$proc$/foss/designs/low-power-12b-first-order-delta-sigma-adc/src/clock/andig_clock.v:11$2'.
  created $adff cell `$procdff$64' with positive edge clock and positive level reset.
Creating register for signal `\andig_clock.\out_clk2' using process `\andig_clock.$proc$/foss/designs/low-power-12b-first-order-delta-sigma-adc/src/clock/andig_clock.v:11$2'.
  created $adff cell `$procdff$69' with positive edge clock and positive level reset.
Creating register for signal `\andig_clock.\out_clk_cic' using process `\andig_clock.$proc$/foss/designs/low-power-12b-first-order-delta-sigma-adc/src/clock/andig_clock.v:11$2'.
  created $adff cell `$procdff$74' with positive edge clock and positive level reset.
Creating register for signal `\andig_clock.\counter' using process `\andig_clock.$proc$/foss/designs/low-power-12b-first-order-delta-sigma-adc/src/clock/andig_clock.v:11$2'.
  created $adff cell `$procdff$79' with positive edge clock and positive level reset.

16. Executing PROC_MEMWR pass (convert process memory writes to cells).

17. Executing PROC_CLEAN pass (remove empty switches from decision trees).
Found and cleaned up 4 empty switches in `\andig_clock.$proc$/foss/designs/low-power-12b-first-order-delta-sigma-adc/src/clock/andig_clock.v:11$2'.
Removing empty process `andig_clock.$proc$/foss/designs/low-power-12b-first-order-delta-sigma-adc/src/clock/andig_clock.v:11$2'.
Cleaned up 4 empty switches.

18. Executing CHECK pass (checking for obvious problems).
Checking module andig_clock...
Found and reported 0 problems.

19. Executing OPT_EXPR pass (perform const folding).
Optimizing module andig_clock.
<suppressed ~8 debug messages>

20. Executing FLATTEN pass (flatten design).

21. Executing OPT_EXPR pass (perform const folding).
Optimizing module andig_clock.

22. Executing OPT_CLEAN pass (remove unused cells and wires).
Finding unused cells or wires in module \andig_clock..
Removed 5 unused cells and 29 unused wires.
<suppressed ~6 debug messages>

23. Executing OPT_EXPR pass (perform const folding).
Optimizing module andig_clock.

24. Executing OPT_MERGE pass (detect identical cells).
Finding identical cells in module `\andig_clock'.
Computing hashes of 29 cells of `\andig_clock'.
Finding duplicate cells in `\andig_clock'.
Computing hashes of 27 cells of `\andig_clock'.
Finding duplicate cells in `\andig_clock'.
<suppressed ~6 debug messages>
Removed a total of 2 cells.

25. Executing OPT_MUXTREE pass (detect dead branches in mux trees).
Running muxtree optimizer on module \andig_clock..
  Creating internal representation of mux trees.
  Evaluating internal representation of mux trees.
  Analyzing evaluation results.
Removed 0 multiplexer ports.
<suppressed ~19 debug messages>

26. Executing OPT_REDUCE pass (consolidate $*mux and $reduce_* inputs).
  Optimizing cells in module \andig_clock.
Performed a total of 0 changes.

27. Executing OPT_MERGE pass (detect identical cells).
Finding identical cells in module `\andig_clock'.
Computing hashes of 27 cells of `\andig_clock'.
Finding duplicate cells in `\andig_clock'.
Removed a total of 0 cells.

28. Executing OPT_DFF pass (perform DFF optimizations).

29. Executing OPT_CLEAN pass (remove unused cells and wires).
Finding unused cells or wires in module \andig_clock..
Removed 0 unused cells and 2 unused wires.
<suppressed ~1 debug messages>

30. Executing OPT_EXPR pass (perform const folding).
Optimizing module andig_clock.

31. Rerunning OPT passes. (Maybe there is more to do…)

32. Executing OPT_MUXTREE pass (detect dead branches in mux trees).
Running muxtree optimizer on module \andig_clock..
  Creating internal representation of mux trees.
  Evaluating internal representation of mux trees.
  Analyzing evaluation results.
Removed 0 multiplexer ports.
<suppressed ~19 debug messages>

33. Executing OPT_REDUCE pass (consolidate $*mux and $reduce_* inputs).
  Optimizing cells in module \andig_clock.
Performed a total of 0 changes.

34. Executing OPT_MERGE pass (detect identical cells).
Finding identical cells in module `\andig_clock'.
Computing hashes of 27 cells of `\andig_clock'.
Finding duplicate cells in `\andig_clock'.
Removed a total of 0 cells.

35. Executing OPT_DFF pass (perform DFF optimizations).

36. Executing OPT_CLEAN pass (remove unused cells and wires).
Finding unused cells or wires in module \andig_clock..

37. Executing OPT_EXPR pass (perform const folding).
Optimizing module andig_clock.

38. Executing FSM pass (extract and optimize FSM).

38.1. Executing FSM_DETECT pass (finding FSMs in design).

38.2. Executing FSM_EXTRACT pass (extracting FSM from design).

38.3. Executing FSM_OPT pass (simple optimizations of FSMs).

38.4. Executing OPT_CLEAN pass (remove unused cells and wires).
Finding unused cells or wires in module \andig_clock..

38.5. Executing FSM_OPT pass (simple optimizations of FSMs).

38.6. Executing FSM_RECODE pass (re-assigning FSM state encoding).

38.7. Executing FSM_INFO pass (dumping all available information on FSM cells).

38.8. Executing FSM_MAP pass (mapping FSMs to basic logic).

39. Executing OPT_EXPR pass (perform const folding).
Optimizing module andig_clock.

40. Executing OPT_MERGE pass (detect identical cells).
Finding identical cells in module `\andig_clock'.
Computing hashes of 27 cells of `\andig_clock'.
Finding duplicate cells in `\andig_clock'.
Removed a total of 0 cells.

41. Executing OPT_MUXTREE pass (detect dead branches in mux trees).
Running muxtree optimizer on module \andig_clock..
  Creating internal representation of mux trees.
  Evaluating internal representation of mux trees.
  Analyzing evaluation results.
Removed 0 multiplexer ports.
<suppressed ~19 debug messages>

42. Executing OPT_REDUCE pass (consolidate $*mux and $reduce_* inputs).
  Optimizing cells in module \andig_clock.
Performed a total of 0 changes.

43. Executing OPT_MERGE pass (detect identical cells).
Finding identical cells in module `\andig_clock'.
Computing hashes of 27 cells of `\andig_clock'.
Finding duplicate cells in `\andig_clock'.
Removed a total of 0 cells.

44. Executing OPT_DFF pass (perform DFF optimizations).
Adding EN signal on $procdff$74 ($adff) from module andig_clock (D = $0\out_clk_cic[0:0], Q = \out_clk_cic).
Adding EN signal on $procdff$69 ($adff) from module andig_clock (D = $0\out_clk2[0:0], Q = \out_clk2).
Adding EN signal on $procdff$64 ($adff) from module andig_clock (D = $0\out_clk1[0:0], Q = \out_clk1).

45. Executing OPT_CLEAN pass (remove unused cells and wires).
Finding unused cells or wires in module \andig_clock..

46. Executing OPT_EXPR pass (perform const folding).
Optimizing module andig_clock.
<suppressed ~3 debug messages>

47. Rerunning OPT passes. (Maybe there is more to do…)

48. Executing OPT_MUXTREE pass (detect dead branches in mux trees).
Running muxtree optimizer on module \andig_clock..
  Creating internal representation of mux trees.
  Evaluating internal representation of mux trees.
  Analyzing evaluation results.
Removed 0 multiplexer ports.
<suppressed ~19 debug messages>

49. Executing OPT_REDUCE pass (consolidate $*mux and $reduce_* inputs).
  Optimizing cells in module \andig_clock.
Performed a total of 0 changes.

50. Executing OPT_MERGE pass (detect identical cells).
Finding identical cells in module `\andig_clock'.
Computing hashes of 30 cells of `\andig_clock'.
Finding duplicate cells in `\andig_clock'.
Computing hashes of 27 cells of `\andig_clock'.
Finding duplicate cells in `\andig_clock'.
<suppressed ~9 debug messages>
Removed a total of 3 cells.

51. Executing OPT_DFF pass (perform DFF optimizations).

52. Executing OPT_CLEAN pass (remove unused cells and wires).
Finding unused cells or wires in module \andig_clock..
Removed 0 unused cells and 3 unused wires.
<suppressed ~1 debug messages>

53. Executing OPT_EXPR pass (perform const folding).
Optimizing module andig_clock.

54. Rerunning OPT passes. (Maybe there is more to do…)

55. Executing OPT_MUXTREE pass (detect dead branches in mux trees).
Running muxtree optimizer on module \andig_clock..
  Creating internal representation of mux trees.
  Evaluating internal representation of mux trees.
  Analyzing evaluation results.
Removed 0 multiplexer ports.
<suppressed ~21 debug messages>

56. Executing OPT_REDUCE pass (consolidate $*mux and $reduce_* inputs).
  Optimizing cells in module \andig_clock.
Performed a total of 0 changes.

57. Executing OPT_MERGE pass (detect identical cells).
Finding identical cells in module `\andig_clock'.
Computing hashes of 27 cells of `\andig_clock'.
Finding duplicate cells in `\andig_clock'.
Removed a total of 0 cells.

58. Executing OPT_DFF pass (perform DFF optimizations).

59. Executing OPT_CLEAN pass (remove unused cells and wires).
Finding unused cells or wires in module \andig_clock..

60. Executing OPT_EXPR pass (perform const folding).
Optimizing module andig_clock.

61. Executing WREDUCE pass (reducing word size of cells).
Removed top 2 bits (of 3) from port B of cell andig_clock.$le$/foss/designs/low-power-12b-first-order-delta-sigma-adc/src/clock/andig_clock.v:18$4 ($le).
Removed top 1 bits (of 3) from port B of cell andig_clock.$eq$/foss/designs/low-power-12b-first-order-delta-sigma-adc/src/clock/andig_clock.v:23$6 ($eq).
Removed top 1 bits (of 3) from port B of cell andig_clock.$eq$/foss/designs/low-power-12b-first-order-delta-sigma-adc/src/clock/andig_clock.v:28$8 ($eq).
Removed top 2 bits (of 3) from port B of cell andig_clock.$add$/foss/designs/low-power-12b-first-order-delta-sigma-adc/src/clock/andig_clock.v:32$11 ($add).

62. Executing PEEPOPT pass (run peephole optimizers).

63. Executing OPT_CLEAN pass (remove unused cells and wires).
Finding unused cells or wires in module \andig_clock..

64. Executing ALUMACC pass (create $alu and $macc cells).
Extracting $alu and $macc cells in module andig_clock:
  creating $macc model for $add$/foss/designs/low-power-12b-first-order-delta-sigma-adc/src/clock/andig_clock.v:32$11 ($add).
  creating $alu model for $macc $add$/foss/designs/low-power-12b-first-order-delta-sigma-adc/src/clock/andig_clock.v:32$11.
  creating $alu model for $le$/foss/designs/low-power-12b-first-order-delta-sigma-adc/src/clock/andig_clock.v:18$4 ($le): new $alu
  creating $alu cell for $le$/foss/designs/low-power-12b-first-order-delta-sigma-adc/src/clock/andig_clock.v:18$4: $auto$alumacc.cc:512:replace_alu$90
  creating $alu cell for $add$/foss/designs/low-power-12b-first-order-delta-sigma-adc/src/clock/andig_clock.v:32$11: $auto$alumacc.cc:512:replace_alu$99
  created 2 $alu and 0 $macc cells.

65. Executing SHARE pass (SAT-based resource sharing).

66. Executing OPT_EXPR pass (perform const folding).
Optimizing module andig_clock.

67. Executing OPT_MERGE pass (detect identical cells).
Finding identical cells in module `\andig_clock'.
Computing hashes of 30 cells of `\andig_clock'.
Finding duplicate cells in `\andig_clock'.
Removed a total of 0 cells.

68. Executing OPT_MUXTREE pass (detect dead branches in mux trees).
Running muxtree optimizer on module \andig_clock..
  Creating internal representation of mux trees.
  Evaluating internal representation of mux trees.
  Analyzing evaluation results.
Removed 0 multiplexer ports.
<suppressed ~21 debug messages>

69. Executing OPT_REDUCE pass (consolidate $*mux and $reduce_* inputs).
  Optimizing cells in module \andig_clock.
Performed a total of 0 changes.

70. Executing OPT_MERGE pass (detect identical cells).
Finding identical cells in module `\andig_clock'.
Computing hashes of 30 cells of `\andig_clock'.
Finding duplicate cells in `\andig_clock'.
Removed a total of 0 cells.

71. Executing OPT_DFF pass (perform DFF optimizations).

72. Executing OPT_CLEAN pass (remove unused cells and wires).
Finding unused cells or wires in module \andig_clock..
Removed 0 unused cells and 1 unused wires.
<suppressed ~1 debug messages>

73. Executing OPT_EXPR pass (perform const folding).
Optimizing module andig_clock.

74. Rerunning OPT passes. (Maybe there is more to do…)

75. Executing OPT_MUXTREE pass (detect dead branches in mux trees).
Running muxtree optimizer on module \andig_clock..
  Creating internal representation of mux trees.
  Evaluating internal representation of mux trees.
  Analyzing evaluation results.
Removed 0 multiplexer ports.
<suppressed ~21 debug messages>

76. Executing OPT_REDUCE pass (consolidate $*mux and $reduce_* inputs).
  Optimizing cells in module \andig_clock.
Performed a total of 0 changes.

77. Executing OPT_MERGE pass (detect identical cells).
Finding identical cells in module `\andig_clock'.
Computing hashes of 30 cells of `\andig_clock'.
Finding duplicate cells in `\andig_clock'.
Removed a total of 0 cells.

78. Executing OPT_DFF pass (perform DFF optimizations).

79. Executing OPT_CLEAN pass (remove unused cells and wires).
Finding unused cells or wires in module \andig_clock..

80. Executing OPT_EXPR pass (perform const folding).
Optimizing module andig_clock.

81. Executing MEMORY pass.

81.1. Executing OPT_MEM pass (optimize memories).
Performed a total of 0 transformations.

81.2. Executing OPT_MEM_PRIORITY pass (removing unnecessary memory write priority relations).
Performed a total of 0 transformations.

81.3. Executing OPT_MEM_FEEDBACK pass (finding memory read-to-write feedback paths).

81.4. Executing MEMORY_BMUX2ROM pass (converting muxes to ROMs).

81.5. Executing MEMORY_DFF pass (merging $dff cells to $memrd).

81.6. Executing OPT_CLEAN pass (remove unused cells and wires).
Finding unused cells or wires in module \andig_clock..

81.7. Executing MEMORY_SHARE pass (consolidating $memrd/$memwr cells).

81.8. Executing OPT_MEM_WIDEN pass (optimize memories where all ports are wide).
Performed a total of 0 transformations.

81.9. Executing OPT_CLEAN pass (remove unused cells and wires).
Finding unused cells or wires in module \andig_clock..

81.10. Executing MEMORY_COLLECT pass (generating $mem cells).

82. Executing OPT_CLEAN pass (remove unused cells and wires).
Finding unused cells or wires in module \andig_clock..

83. Executing OPT_EXPR pass (perform const folding).
Optimizing module andig_clock.
<suppressed ~9 debug messages>

84. Executing OPT_MERGE pass (detect identical cells).
Finding identical cells in module `\andig_clock'.
Computing hashes of 23 cells of `\andig_clock'.
Finding duplicate cells in `\andig_clock'.
Removed a total of 0 cells.

85. Executing OPT_DFF pass (perform DFF optimizations).

86. Executing OPT_CLEAN pass (remove unused cells and wires).
Finding unused cells or wires in module \andig_clock..
Removed 0 unused cells and 7 unused wires.
<suppressed ~1 debug messages>

87. Executing MEMORY_MAP pass (converting memories to logic and flip-flops).

88. Executing OPT_EXPR pass (perform const folding).
Optimizing module andig_clock.
<suppressed ~1 debug messages>

89. Executing OPT_MERGE pass (detect identical cells).
Finding identical cells in module `\andig_clock'.
Computing hashes of 23 cells of `\andig_clock'.
Finding duplicate cells in `\andig_clock'.
Removed a total of 0 cells.

90. Executing OPT_MUXTREE pass (detect dead branches in mux trees).
Running muxtree optimizer on module \andig_clock..
  Creating internal representation of mux trees.
  Evaluating internal representation of mux trees.
  Analyzing evaluation results.
Removed 0 multiplexer ports.
<suppressed ~9 debug messages>

91. Executing OPT_REDUCE pass (consolidate $*mux and $reduce_* inputs).
  Optimizing cells in module \andig_clock.
Performed a total of 0 changes.

92. Executing OPT_MERGE pass (detect identical cells).
Finding identical cells in module `\andig_clock'.
Computing hashes of 23 cells of `\andig_clock'.
Finding duplicate cells in `\andig_clock'.
Removed a total of 0 cells.

93. Executing OPT_SHARE pass.

94. Executing OPT_DFF pass (perform DFF optimizations).

95. Executing OPT_CLEAN pass (remove unused cells and wires).
Finding unused cells or wires in module \andig_clock..

96. Executing OPT_EXPR pass (perform const folding).
Optimizing module andig_clock.

97. Executing TECHMAP pass (map to technology primitives).

97.1. Executing Verilog-2005 frontend: /foss/tools/yosys/bin/../share/yosys/techmap.v
Parsing Verilog input from `/foss/tools/yosys/bin/../share/yosys/techmap.v' to AST representation.
Generating RTLIL representation for module `\_90_simplemap_bool_ops'.
Generating RTLIL representation for module `\_90_simplemap_reduce_ops'.
Generating RTLIL representation for module `\_90_simplemap_logic_ops'.
Generating RTLIL representation for module `\_90_simplemap_compare_ops'.
Generating RTLIL representation for module `\_90_simplemap_various'.
Generating RTLIL representation for module `\_90_simplemap_registers'.
Generating RTLIL representation for module `\_90_shift_ops_shr_shl_sshl_sshr'.
Generating RTLIL representation for module `\_90_shift_shiftx'.
Generating RTLIL representation for module `\_90_fa'.
Generating RTLIL representation for module `\_90_lcu_brent_kung'.
Generating RTLIL representation for module `\_90_alu'.
Generating RTLIL representation for module `\_90_macc'.
Generating RTLIL representation for module `\_90_alumacc'.
Generating RTLIL representation for module `$__div_mod_u'.
Generating RTLIL representation for module `$__div_mod_trunc'.
Generating RTLIL representation for module `\_90_div'.
Generating RTLIL representation for module `\_90_mod'.
Generating RTLIL representation for module `$__div_mod_floor'.
Generating RTLIL representation for module `\_90_divfloor'.
Generating RTLIL representation for module `\_90_modfloor'.
Generating RTLIL representation for module `\_90_pow'.
Generating RTLIL representation for module `\_90_pmux'.
Generating RTLIL representation for module `\_90_demux'.
Generating RTLIL representation for module `\_90_lut'.
Generating RTLIL representation for module `$connect'.
Generating RTLIL representation for module `$input_port'.
Successfully finished Verilog frontend.

97.2. Continuing TECHMAP pass.
Using template $paramod$3ef7d3dd227da7627a99c5e5a6a4deb817573e39\_90_alu for cells of type $alu.
Using extmapper simplemap for cells of type $reduce_or.
Using extmapper simplemap for cells of type $reduce_and.
Using extmapper simplemap for cells of type $not.
Using template $paramod$b8c0a997bce700f23568a5ada79cc6781d1f5ca0\_90_alu for cells of type $alu.
Using extmapper simplemap for cells of type $reduce_bool.
Using extmapper simplemap for cells of type $adffe.
Using extmapper simplemap for cells of type $eq.
Using extmapper simplemap for cells of type $logic_or.
Using extmapper simplemap for cells of type $mux.
Using extmapper simplemap for cells of type $adff.
Using extmapper simplemap for cells of type $xor.
Using template $paramod\_90_fa\WIDTH=32'00000000000000000000000000000011 for cells of type $fa.
Using template $paramod\_90_lcu_brent_kung\WIDTH=32'00000000000000000000000000000011 for cells of type $lcu.
Using extmapper simplemap for cells of type $pos.
Using extmapper simplemap for cells of type $or.
Using extmapper simplemap for cells of type $and.
No more expansions possible.
<suppressed ~295 debug messages>

98. Executing OPT_EXPR pass (perform const folding).
Optimizing module andig_clock.
<suppressed ~66 debug messages>

99. Executing OPT_MERGE pass (detect identical cells).
Finding identical cells in module `\andig_clock'.
Computing hashes of 62 cells of `\andig_clock'.
Finding duplicate cells in `\andig_clock'.
Computing hashes of 51 cells of `\andig_clock'.
Finding duplicate cells in `\andig_clock'.
<suppressed ~33 debug messages>
Removed a total of 11 cells.

100. Executing OPT_DFF pass (perform DFF optimizations).

101. Executing OPT_CLEAN pass (remove unused cells and wires).
Finding unused cells or wires in module \andig_clock..
Removed 3 unused cells and 106 unused wires.
<suppressed ~4 debug messages>

102. Executing OPT_EXPR pass (perform const folding).
Optimizing module andig_clock.

103. Executing OPT_MERGE pass (detect identical cells).
Finding identical cells in module `\andig_clock'.
Computing hashes of 48 cells of `\andig_clock'.
Finding duplicate cells in `\andig_clock'.
Removed a total of 0 cells.

104. Executing OPT_DFF pass (perform DFF optimizations).

105. Executing OPT_CLEAN pass (remove unused cells and wires).
Finding unused cells or wires in module \andig_clock..

106. Executing ABC pass (technology mapping using ABC).

106.1. Extracting gate netlist of module `\andig_clock' to `<abc-temp-dir>/input.blif'..

106.1.1. Executed ABC.
Extracted 42 gates and 47 wires to a netlist network with 4 inputs and 8 outputs.
Running ABC script: <abc-temp-dir>/abc.script
ABC: UC Berkeley, ABC 1.01 (compiled Apr 16 2026 21:01:18)
ABC: abc 01> empty
ABC: abc 01> source <abc-temp-dir>/abc.script
ABC: + read_blif <abc-temp-dir>/input.blif 
ABC: + read_library <abc-temp-dir>/stdcells.genlib 
ABC: + strash 
ABC: + dretime 
ABC: + map 
ABC: + write_blif <abc-temp-dir>/output.blif 
ABC: 
ABC: YOSYS_ABC_DONE 

106.1.2. Re-integrating ABC results.
ABC RESULTS:            ANDNOT cells:       10
ABC RESULTS:               MUX cells:        7
ABC RESULTS:              NAND cells:        3
ABC RESULTS:               NOT cells:        3
ABC RESULTS:                OR cells:        4
ABC RESULTS:             ORNOT cells:        3
ABC RESULTS:               XOR cells:        1
ABC RESULTS:        internal signals:       35
ABC RESULTS:           input signals:        4
ABC RESULTS:          output signals:        8
Removing temp directory.
Removing global temp directory.

107. Executing OPT pass (performing simple optimizations).

107.1. Executing OPT_EXPR pass (perform const folding).
Optimizing module andig_clock.
<suppressed ~1 debug messages>

107.2. Executing OPT_MERGE pass (detect identical cells).
Finding identical cells in module `\andig_clock'.
Computing hashes of 37 cells of `\andig_clock'.
Finding duplicate cells in `\andig_clock'.
Computing hashes of 36 cells of `\andig_clock'.
Finding duplicate cells in `\andig_clock'.
<suppressed ~3 debug messages>
Removed a total of 1 cells.

107.3. Executing OPT_DFF pass (perform DFF optimizations).

107.4. Executing OPT_CLEAN pass (remove unused cells and wires).
Finding unused cells or wires in module \andig_clock..
Removed 0 unused cells and 39 unused wires.
<suppressed ~1 debug messages>

107.5. Finished fast OPT passes.

108. Executing HIERARCHY pass (managing design hierarchy).

108.1. Analyzing design hierarchy..
Top module:  \andig_clock

108.2. Analyzing design hierarchy..
Top module:  \andig_clock
Removed 0 unused modules.

109. Executing CHECK pass (checking for obvious problems).
Checking module andig_clock...
Found and reported 0 problems.

110. Printing statistics.

=== andig_clock ===

        +----------Local Count, excluding submodules.
        | 
       34 wires
       38 wire bits
        7 public wires
        9 public wire bits
        6 ports
        6 port bits
       36 cells
       10   $_ANDNOT_
        2   $_DFFE_PN0P_
        1   $_DFFE_PN1P_
        3   $_DFF_PN0_
        7   $_MUX_
        3   $_NAND_
        3   $_NOT_
        3   $_ORNOT_
        3   $_OR_
        1   $_XOR_

111. Executing OPT pass (performing simple optimizations).

111.1. Executing OPT_EXPR pass (perform const folding).
Optimizing module andig_clock.

111.2. Executing OPT_MERGE pass (detect identical cells).
Finding identical cells in module `\andig_clock'.
Computing hashes of 36 cells of `\andig_clock'.
Finding duplicate cells in `\andig_clock'.
Removed a total of 0 cells.

111.3. Executing OPT_MUXTREE pass (detect dead branches in mux trees).
Running muxtree optimizer on module \andig_clock..
  Creating internal representation of mux trees.
  No muxes found in this module.
Removed 0 multiplexer ports.

111.4. Executing OPT_REDUCE pass (consolidate $*mux and $reduce_* inputs).
  Optimizing cells in module \andig_clock.
Performed a total of 0 changes.

111.5. Executing OPT_MERGE pass (detect identical cells).
Finding identical cells in module `\andig_clock'.
Computing hashes of 36 cells of `\andig_clock'.
Finding duplicate cells in `\andig_clock'.
Removed a total of 0 cells.

111.6. Executing OPT_DFF pass (perform DFF optimizations).

111.7. Executing OPT_CLEAN pass (remove unused cells and wires).
Finding unused cells or wires in module \andig_clock..

111.8. Executing OPT_EXPR pass (perform const folding).
Optimizing module andig_clock.

111.9. Finished fast OPT passes. (There is nothing left to do.)

112. Executing OPT_CLEAN pass (remove unused cells and wires).
Finding unused cells or wires in module \andig_clock..
{
   "creator": "Yosys 0.64 (git sha1 6d2c445ae, g++ 13.3.0-6ubuntu2~24.04.1 -fPIC -O3)",
   "invocation": "stat -json -liberty /foss/designs/low-power-12b-first-order-delta-sigma-adc/src/clock/runs/RUN_2026-08-17_02-21-49/tmp/b9b7f25be40146a68079c1ca1891e251.lib ",
   "modules": {
      "\\andig_clock": {
         "num_wires":         34,
         "num_wire_bits":     38,
         "num_pub_wires":     7,
         "num_pub_wire_bits": 9,
         "num_ports":         6,
         "num_port_bits":     6,
         "num_memories":      0,
         "num_memory_bits":   0,
         "num_processes":     0,
         "num_cells":         36,
         "num_submodules":       0,
         "num_cells_by_type": {
            "$_ANDNOT_": 10,
            "$_DFFE_PN0P_": 2,
            "$_DFFE_PN1P_": 1,
            "$_DFF_PN0_": 3,
            "$_MUX_": 7,
            "$_NAND_": 3,
            "$_NOT_": 3,
            "$_ORNOT_": 3,
            "$_OR_": 3,
            "$_XOR_": 1
         }
      }
   },
      "design": {
         "num_wires":         34,
         "num_wire_bits":     38,
         "num_pub_wires":     7,
         "num_pub_wire_bits": 9,
         "num_ports":         6,
         "num_port_bits":     6,
         "num_memories":      0,
         "num_memory_bits":   0,
         "num_processes":     0,
         "num_cells":         36,
         "num_submodules":       0,
         "num_cells_by_type": {
            "$_ANDNOT_": 10,
            "$_DFFE_PN0P_": 2,
            "$_DFFE_PN1P_": 1,
            "$_DFF_PN0_": 3,
            "$_MUX_": 7,
            "$_NAND_": 3,
            "$_NOT_": 3,
            "$_ORNOT_": 3,
            "$_OR_": 3,
            "$_XOR_": 1
         }
      }
}

113. Printing statistics.

=== andig_clock ===

        +----------Local Count, excluding submodules.
        | 
       34 wires
       38 wire bits
        7 public wires
        9 public wire bits
        6 ports
        6 port bits
       36 cells
       10   $_ANDNOT_
        2   $_DFFE_PN0P_
        1   $_DFFE_PN1P_
        3   $_DFF_PN0_
        7   $_MUX_
        3   $_NAND_
        3   $_NOT_
        3   $_ORNOT_
        3   $_OR_
        1   $_XOR_

   Area for cell type $_ANDNOT_ is unknown!
   Area for cell type $_DFFE_PN0P_ is unknown!
   Area for cell type $_DFFE_PN1P_ is unknown!
   Area for cell type $_DFF_PN0_ is unknown!
   Area for cell type $_MUX_ is unknown!
   Area for cell type $_NAND_ is unknown!
   Area for cell type $_NOT_ is unknown!
   Area for cell type $_ORNOT_ is unknown!
   Area for cell type $_OR_ is unknown!
   Area for cell type $_XOR_ is unknown!

114. Executing DFFLIBMAP pass (mapping DFF cells to sequential cells from liberty file).
  cell gf180mcu_fd_sc_mcu7t5v0__dffnq_1 (noninv, pins=3, area=65.86) is a direct match for cell type $_DFF_N_.
  cell gf180mcu_fd_sc_mcu7t5v0__dffq_1 (noninv, pins=3, area=63.66) is a direct match for cell type $_DFF_P_.
  cell gf180mcu_fd_sc_mcu7t5v0__dffnrnq_1 (noninv, pins=4, area=74.64) is a direct match for cell type $_DFF_NN0_.
  cell gf180mcu_fd_sc_mcu7t5v0__dffnsnq_1 (noninv, pins=4, area=79.03) is a direct match for cell type $_DFF_NN1_.
  cell gf180mcu_fd_sc_mcu7t5v0__dffrnq_1 (noninv, pins=4, area=74.64) is a direct match for cell type $_DFF_PN0_.
  cell gf180mcu_fd_sc_mcu7t5v0__dffsnq_1 (noninv, pins=4, area=79.03) is a direct match for cell type $_DFF_PN1_.
  cell gf180mcu_fd_sc_mcu7t5v0__dffnrsnq_1 (noninv, pins=5, area=94.39) is a direct match for cell type $_DFFSR_NNN_.
  cell gf180mcu_fd_sc_mcu7t5v0__dffrsnq_1 (noninv, pins=5, area=85.61) is a direct match for cell type $_DFFSR_PNN_.
  final dff cell mappings:
    \gf180mcu_fd_sc_mcu7t5v0__dffnq_1 _DFF_N_ (.CLKN( C), .D( D), .Q( Q));
    \gf180mcu_fd_sc_mcu7t5v0__dffq_1 _DFF_P_ (.CLK( C), .D( D), .Q( Q));
    \gf180mcu_fd_sc_mcu7t5v0__dffnrnq_1 _DFF_NN0_ (.CLKN( C), .D( D), .Q( Q), .RN( R));
    \gf180mcu_fd_sc_mcu7t5v0__dffnsnq_1 _DFF_NN1_ (.CLKN( C), .D( D), .Q( Q), .SETN( R));
    unmapped dff cell: $_DFF_NP0_
    unmapped dff cell: $_DFF_NP1_
    \gf180mcu_fd_sc_mcu7t5v0__dffrnq_1 _DFF_PN0_ (.CLK( C), .D( D), .Q( Q), .RN( R));
    \gf180mcu_fd_sc_mcu7t5v0__dffsnq_1 _DFF_PN1_ (.CLK( C), .D( D), .Q( Q), .SETN( R));
    unmapped dff cell: $_DFF_PP0_
    unmapped dff cell: $_DFF_PP1_
    unmapped dff cell: $_DFFE_NN_
    unmapped dff cell: $_DFFE_NP_
    unmapped dff cell: $_DFFE_PN_
    unmapped dff cell: $_DFFE_PP_
    \gf180mcu_fd_sc_mcu7t5v0__dffnrsnq_1 _DFFSR_NNN_ (.CLKN( C), .D( D), .Q( Q), .RN( R), .SETN( S));
    unmapped dff cell: $_DFFSR_NNP_
    unmapped dff cell: $_DFFSR_NPN_
    unmapped dff cell: $_DFFSR_NPP_
    \gf180mcu_fd_sc_mcu7t5v0__dffrsnq_1 _DFFSR_PNN_ (.CLK( C), .D( D), .Q( Q), .RN( R), .SETN( S));
    unmapped dff cell: $_DFFSR_PNP_
    unmapped dff cell: $_DFFSR_PPN_
    unmapped dff cell: $_DFFSR_PPP_

114.1. Executing DFFLEGALIZE pass (convert FFs to types supported by the target).
Mapping DFF cells in module `\andig_clock':
  mapped 5 $_DFF_PN0_ cells to \gf180mcu_fd_sc_mcu7t5v0__dffrnq_1 cells.
  mapped 1 $_DFF_PN1_ cells to \gf180mcu_fd_sc_mcu7t5v0__dffsnq_1 cells.
{
   "creator": "Yosys 0.64 (git sha1 6d2c445ae, g++ 13.3.0-6ubuntu2~24.04.1 -fPIC -O3)",
   "invocation": "stat -json -liberty /foss/designs/low-power-12b-first-order-delta-sigma-adc/src/clock/runs/RUN_2026-08-17_02-21-49/tmp/b9b7f25be40146a68079c1ca1891e251.lib ",
   "modules": {
      "\\andig_clock": {
         "num_wires":         37,
         "num_wire_bits":     41,
         "num_pub_wires":     7,
         "num_pub_wire_bits": 9,
         "num_ports":         6,
         "num_port_bits":     6,
         "num_memories":      0,
         "num_memory_bits":   0,
         "num_processes":     0,
         "num_cells":         39,
         "num_submodules":       0,
         "area":              452.211200,
         "sequential_area":    452.211200,
         "num_cells_by_type": {
            "$_ANDNOT_": 10,
            "$_MUX_": 10,
            "$_NAND_": 3,
            "$_NOT_": 3,
            "$_ORNOT_": 3,
            "$_OR_": 3,
            "$_XOR_": 1,
            "gf180mcu_fd_sc_mcu7t5v0__dffrnq_1": 5,
            "gf180mcu_fd_sc_mcu7t5v0__dffsnq_1": 1
         }
      }
   },
      "design": {
         "num_wires":         37,
         "num_wire_bits":     41,
         "num_pub_wires":     7,
         "num_pub_wire_bits": 9,
         "num_ports":         6,
         "num_port_bits":     6,
         "num_memories":      0,
         "num_memory_bits":   0,
         "num_processes":     0,
         "num_cells":         39,
         "num_submodules":       0,
         "area":              452.211200,
         "sequential_area":    452.211200,
         "num_cells_by_type": {
            "$_ANDNOT_": 10,
            "$_MUX_": 10,
            "$_NAND_": 3,
            "$_NOT_": 3,
            "$_ORNOT_": 3,
            "$_OR_": 3,
            "$_XOR_": 1,
            "gf180mcu_fd_sc_mcu7t5v0__dffrnq_1": 5,
            "gf180mcu_fd_sc_mcu7t5v0__dffsnq_1": 1
         }
      }
}

115. Printing statistics.

=== andig_clock ===

        +----------Local Count, excluding submodules.
        |        +-Local Area, excluding submodules.
        |        | 
       37        - wires
       41        - wire bits
        7        - public wires
        9        - public wire bits
        6        - ports
        6        - port bits
       39  452.211 cells
       10        -   $_ANDNOT_
       10        -   $_MUX_
        3        -   $_NAND_
        3        -   $_NOT_
        3        -   $_ORNOT_
        3        -   $_OR_
        1        -   $_XOR_
        5  373.184   gf180mcu_fd_sc_mcu7t5v0__dffrnq_1
        1   79.027   gf180mcu_fd_sc_mcu7t5v0__dffsnq_1

   Area for cell type $_ANDNOT_ is unknown!
   Area for cell type $_MUX_ is unknown!
   Area for cell type $_NAND_ is unknown!
   Area for cell type $_NOT_ is unknown!
   Area for cell type $_ORNOT_ is unknown!
   Area for cell type $_OR_ is unknown!
   Area for cell type $_XOR_ is unknown!

   Chip area for module '\andig_clock': 452.211200
     of which used for sequential elements: 452.211200 (100.00%)

[INFO] Using generated ABC script '/foss/designs/low-power-12b-first-order-delta-sigma-adc/src/clock/runs/RUN_2026-08-17_02-21-49/06-yosys-synthesis/DELAY_1.abc'…

116. Executing ABC pass (technology mapping using ABC).

116.1. Extracting gate netlist of module `\andig_clock' to `/tmp/yosys-abc-LycbQv/input.blif'..

116.1.1. Executed ABC.
Extracted 33 gates and 39 wires to a netlist network with 6 inputs and 7 outputs.
Running ABC script: /tmp/yosys-abc-LycbQv/abc.script
ABC: UC Berkeley, ABC 1.01 (compiled Apr 16 2026 21:01:18)
ABC: abc 01> empty
ABC: abc 01> source /tmp/yosys-abc-LycbQv/abc.script
ABC: + read_blif /tmp/yosys-abc-LycbQv/input.blif 
ABC: + read_lib -w /foss/designs/low-power-12b-first-order-delta-sigma-adc/src/clock/runs/RUN_2026-08-17_02-21-49/tmp/b9b7f25be40146a68079c1ca1891e251.lib 
ABC: Parsing finished successfully.  Parsing time =     0.08 sec
ABC: Scl_LibertyReadGenlib() skipped cell "gf180mcu_fd_sc_mcu7t5v0__antenna" without logic function.
ABC: Scl_LibertyReadGenlib() skipped three-state cell "gf180mcu_fd_sc_mcu7t5v0__bufz_1".
ABC: Scl_LibertyReadGenlib() skipped three-state cell "gf180mcu_fd_sc_mcu7t5v0__bufz_2".
ABC: Scl_LibertyReadGenlib() skipped three-state cell "gf180mcu_fd_sc_mcu7t5v0__bufz_3".
ABC: Scl_LibertyReadGenlib() skipped three-state cell "gf180mcu_fd_sc_mcu7t5v0__bufz_4".
ABC: Scl_LibertyReadGenlib() skipped three-state cell "gf180mcu_fd_sc_mcu7t5v0__bufz_8".
ABC: Scl_LibertyReadGenlib() skipped three-state cell "gf180mcu_fd_sc_mcu7t5v0__bufz_12".
ABC: Scl_LibertyReadGenlib() skipped three-state cell "gf180mcu_fd_sc_mcu7t5v0__bufz_16".
ABC: Scl_LibertyReadGenlib() skipped sequential cell "gf180mcu_fd_sc_mcu7t5v0__dffnq_1".
ABC: Scl_LibertyReadGenlib() skipped sequential cell "gf180mcu_fd_sc_mcu7t5v0__dffnq_2".
ABC: Scl_LibertyReadGenlib() skipped sequential cell "gf180mcu_fd_sc_mcu7t5v0__dffnq_4".
ABC: Scl_LibertyReadGenlib() skipped sequential cell "gf180mcu_fd_sc_mcu7t5v0__dffnrnq_1".
ABC: Scl_LibertyReadGenlib() skipped sequential cell "gf180mcu_fd_sc_mcu7t5v0__dffnrnq_2".
ABC: Scl_LibertyReadGenlib() skipped sequential cell "gf180mcu_fd_sc_mcu7t5v0__dffnrnq_4".
ABC: Scl_LibertyReadGenlib() skipped sequential cell "gf180mcu_fd_sc_mcu7t5v0__dffnrsnq_1".
ABC: Scl_LibertyReadGenlib() skipped sequential cell "gf180mcu_fd_sc_mcu7t5v0__dffnrsnq_2".
ABC: Scl_LibertyReadGenlib() skipped sequential cell "gf180mcu_fd_sc_mcu7t5v0__dffnrsnq_4".
ABC: Scl_LibertyReadGenlib() skipped sequential cell "gf180mcu_fd_sc_mcu7t5v0__dffnsnq_1".
ABC: Scl_LibertyReadGenlib() skipped sequential cell "gf180mcu_fd_sc_mcu7t5v0__dffnsnq_2".
ABC: Scl_LibertyReadGenlib() skipped sequential cell "gf180mcu_fd_sc_mcu7t5v0__dffnsnq_4".
ABC: Scl_LibertyReadGenlib() skipped sequential cell "gf180mcu_fd_sc_mcu7t5v0__dffq_1".
ABC: Scl_LibertyReadGenlib() skipped sequential cell "gf180mcu_fd_sc_mcu7t5v0__dffq_2".
ABC: Scl_LibertyReadGenlib() skipped sequential cell "gf180mcu_fd_sc_mcu7t5v0__dffq_4".
ABC: Scl_LibertyReadGenlib() skipped sequential cell "gf180mcu_fd_sc_mcu7t5v0__dffrnq_1".
ABC: Scl_LibertyReadGenlib() skipped sequential cell "gf180mcu_fd_sc_mcu7t5v0__dffrnq_2".
ABC: Scl_LibertyReadGenlib() skipped sequential cell "gf180mcu_fd_sc_mcu7t5v0__dffrnq_4".
ABC: Scl_LibertyReadGenlib() skipped sequential cell "gf180mcu_fd_sc_mcu7t5v0__dffrsnq_1".
ABC: Scl_LibertyReadGenlib() skipped sequential cell "gf180mcu_fd_sc_mcu7t5v0__dffrsnq_2".
ABC: Scl_LibertyReadGenlib() skipped sequential cell "gf180mcu_fd_sc_mcu7t5v0__dffrsnq_4".
ABC: Scl_LibertyReadGenlib() skipped sequential cell "gf180mcu_fd_sc_mcu7t5v0__dffsnq_1".
ABC: Scl_LibertyReadGenlib() skipped sequential cell "gf180mcu_fd_sc_mcu7t5v0__dffsnq_2".
ABC: Scl_LibertyReadGenlib() skipped sequential cell "gf180mcu_fd_sc_mcu7t5v0__dffsnq_4".
ABC: Scl_LibertyReadGenlib() skipped cell "gf180mcu_fd_sc_mcu7t5v0__endcap" without logic function.
ABC: Scl_LibertyReadGenlib() skipped cell "gf180mcu_fd_sc_mcu7t5v0__fill_1" without logic function.
ABC: Scl_LibertyReadGenlib() skipped cell "gf180mcu_fd_sc_mcu7t5v0__fill_2" without logic function.
ABC: Scl_LibertyReadGenlib() skipped cell "gf180mcu_fd_sc_mcu7t5v0__fill_4" without logic function.
ABC: Scl_LibertyReadGenlib() skipped cell "gf180mcu_fd_sc_mcu7t5v0__fill_8" without logic function.
ABC: Scl_LibertyReadGenlib() skipped cell "gf180mcu_fd_sc_mcu7t5v0__fill_16" without logic function.
ABC: Scl_LibertyReadGenlib() skipped cell "gf180mcu_fd_sc_mcu7t5v0__fill_32" without logic function.
ABC: Scl_LibertyReadGenlib() skipped cell "gf180mcu_fd_sc_mcu7t5v0__fill_64" without logic function.
ABC: Scl_LibertyReadGenlib() skipped cell "gf180mcu_fd_sc_mcu7t5v0__fillcap_4" without logic function.
ABC: Scl_LibertyReadGenlib() skipped cell "gf180mcu_fd_sc_mcu7t5v0__fillcap_8" without logic function.
ABC: Scl_LibertyReadGenlib() skipped cell "gf180mcu_fd_sc_mcu7t5v0__fillcap_16" without logic function.
ABC: Scl_LibertyReadGenlib() skipped cell "gf180mcu_fd_sc_mcu7t5v0__fillcap_32" without logic function.
ABC: Scl_LibertyReadGenlib() skipped cell "gf180mcu_fd_sc_mcu7t5v0__fillcap_64" without logic function.
ABC: Scl_LibertyReadGenlib() skipped cell "gf180mcu_fd_sc_mcu7t5v0__filltie" without logic function.
ABC: Scl_LibertyReadGenlib() skipped three-state cell "gf180mcu_fd_sc_mcu7t5v0__hold".
ABC: Scl_LibertyReadGenlib() skipped cell "gf180mcu_fd_sc_mcu7t5v0__icgtn_1" without logic function.
ABC: Scl_LibertyReadGenlib() skipped cell "gf180mcu_fd_sc_mcu7t5v0__icgtn_2" without logic function.
ABC: Scl_LibertyReadGenlib() skipped cell "gf180mcu_fd_sc_mcu7t5v0__icgtn_4" without logic function.
ABC: Scl_LibertyReadGenlib() skipped cell "gf180mcu_fd_sc_mcu7t5v0__icgtp_1" without logic function.
ABC: Scl_LibertyReadGenlib() skipped cell "gf180mcu_fd_sc_mcu7t5v0__icgtp_2" without logic function.
ABC: Scl_LibertyReadGenlib() skipped cell "gf180mcu_fd_sc_mcu7t5v0__icgtp_4" without logic function.
ABC: Scl_LibertyReadGenlib() skipped three-state cell "gf180mcu_fd_sc_mcu7t5v0__invz_1".
ABC: Scl_LibertyReadGenlib() skipped three-state cell "gf180mcu_fd_sc_mcu7t5v0__invz_2".
ABC: Scl_LibertyReadGenlib() skipped three-state cell "gf180mcu_fd_sc_mcu7t5v0__invz_3".
ABC: Scl_LibertyReadGenlib() skipped three-state cell "gf180mcu_fd_sc_mcu7t5v0__invz_4".
ABC: Scl_LibertyReadGenlib() skipped three-state cell "gf180mcu_fd_sc_mcu7t5v0__invz_8".
ABC: Scl_LibertyReadGenlib() skipped three-state cell "gf180mcu_fd_sc_mcu7t5v0__invz_12".
ABC: Scl_LibertyReadGenlib() skipped three-state cell "gf180mcu_fd_sc_mcu7t5v0__invz_16".
ABC: Scl_LibertyReadGenlib() skipped sequential cell "gf180mcu_fd_sc_mcu7t5v0__latq_1".
ABC: Scl_LibertyReadGenlib() skipped sequential cell "gf180mcu_fd_sc_mcu7t5v0__latq_2".
ABC: Scl_LibertyReadGenlib() skipped sequential cell "gf180mcu_fd_sc_mcu7t5v0__latq_4".
ABC: Scl_LibertyReadGenlib() skipped sequential cell "gf180mcu_fd_sc_mcu7t5v0__latrnq_1".
ABC: Scl_LibertyReadGenlib() skipped sequential cell "gf180mcu_fd_sc_mcu7t5v0__latrnq_2".
ABC: Scl_LibertyReadGenlib() skipped sequential cell "gf180mcu_fd_sc_mcu7t5v0__latrnq_4".
ABC: Scl_LibertyReadGenlib() skipped sequential cell "gf180mcu_fd_sc_mcu7t5v0__latrsnq_1".
ABC: Scl_LibertyReadGenlib() skipped sequential cell "gf180mcu_fd_sc_mcu7t5v0__latrsnq_2".
ABC: Scl_LibertyReadGenlib() skipped sequential cell "gf180mcu_fd_sc_mcu7t5v0__latrsnq_4".
ABC: Scl_LibertyReadGenlib() skipped sequential cell "gf180mcu_fd_sc_mcu7t5v0__latsnq_1".
ABC: Scl_LibertyReadGenlib() skipped sequential cell "gf180mcu_fd_sc_mcu7t5v0__latsnq_2".
ABC: Scl_LibertyReadGenlib() skipped sequential cell "gf180mcu_fd_sc_mcu7t5v0__latsnq_4".
ABC: Library "gf180mcu_fd_sc_mcu7t5v0__tt_025C_5v00" from "/foss/designs/low-power-12b-first-order-delta-sigma-adc/src/clock/runs/RUN_2026-08-17_02-21-49/tmp/b9b7f25be40146a68079c1ca1891e251.lib" has 143 cells (72 skipped: 36 seq; 15 tri-state; 21 no func; 0 dont_use; 0 with 2 outputs; 0 with 3+ outputs).  Time =     0.14 sec
ABC: Memory =   23.83 MB. Time =     0.14 sec
ABC: Warning: Detected 6 multi-output cells (for example, "gf180mcu_fd_sc_mcu7t5v0__addf_1").
ABC: + read_constr -v /foss/designs/low-power-12b-first-order-delta-sigma-adc/src/clock/runs/RUN_2026-08-17_02-21-49/06-yosys-synthesis/synthesis.abc.sdc 
ABC: Setting driving cell to be "gf180mcu_fd_sc_mcu7t5v0__inv_1/ZN".
ABC: Setting output load to be 72.910004.
ABC: + source /foss/designs/low-power-12b-first-order-delta-sigma-adc/src/clock/runs/RUN_2026-08-17_02-21-49/06-yosys-synthesis/DELAY_1.abc 
ABC: Error: The network is combinational.
ABC: The cell areas are multiplied by the factor: <num_fanins> ^ (0.90).
ABC: The cell delays are multiplied by the factor: <num_fanins> ^ (0.20).
ABC: Cannot find the default PI driving cell (gf180mcu_fd_sc_mcu7t5v0__inv_1/ZN) in the library.
ABC: WireLoad = "none"  Gates =     16 ( 18.8 %)   Cap = 31.0 ff (  3.1 %)   Area =      252.45 ( 93.8 %)   Delay =  2402.77 ps  ( 12.5 %)               
ABC: Path  0 --       4 : 0    1 pi                                A =   0.00  Df =   0.0   -0.0 ps  S =   0.0 ps  Cin =  0.0 ff  Cout =   4.2 ff  Cmax =   0.0 ff  G =    0  
ABC: Path  1 --      15 : 1    2 gf180mcu_fd_sc_mcu7t5v0__clkinv_1 A =   8.78  Df = 780.7  -25.8 ps  S =1328.8 ps  Cin =  4.2 ff  Cout =  77.6 ff  Cmax = 228.4 ff  G = 1840  
ABC: Path  2 --      28 : 4    1 gf180mcu_fd_sc_mcu7t5v0__aoi22_1  A =  19.76  Df =2402.8 -646.0 ps  S =2464.5 ps  Cin =  4.8 ff  Cout =  72.9 ff  Cmax = 163.3 ff  G = 1523  
ABC: Start-point = pi3 (\out_clk2).  End-point = po5 ($auto$rtlil.cc:3501:MuxGate$399).
ABC: netlist                       : i/o =    6/    7  lat =    0  nd =    16  edge =     38  area =120.30  delay =693.25  lev = 3
ABC: + write_blif /tmp/yosys-abc-LycbQv/output.blif 
ABC:                                                                                
ABC: YOSYS_ABC_DONE 

116.1.2. Re-integrating ABC results.
ABC RESULTS:   gf180mcu_fd_sc_mcu7t5v0__and2_1 cells:        2
ABC RESULTS:   gf180mcu_fd_sc_mcu7t5v0__aoi21_1 cells:        3
ABC RESULTS:   gf180mcu_fd_sc_mcu7t5v0__aoi22_1 cells:        1
ABC RESULTS:   gf180mcu_fd_sc_mcu7t5v0__clkinv_1 cells:        3
ABC RESULTS:   gf180mcu_fd_sc_mcu7t5v0__mux2_2 cells:        1
ABC RESULTS:   gf180mcu_fd_sc_mcu7t5v0__nand2_1 cells:        2
ABC RESULTS:   gf180mcu_fd_sc_mcu7t5v0__nand3_1 cells:        1
ABC RESULTS:   gf180mcu_fd_sc_mcu7t5v0__nor2_1 cells:        1
ABC RESULTS:   gf180mcu_fd_sc_mcu7t5v0__nor3_1 cells:        1
ABC RESULTS:   gf180mcu_fd_sc_mcu7t5v0__oai21_1 cells:        1
ABC RESULTS:        internal signals:       26
ABC RESULTS:           input signals:        6
ABC RESULTS:          output signals:        7
Removing temp directory.
Removing global temp directory.

117. Executing SETUNDEF pass (replace undef values with defined constants).

118. Executing HILOMAP pass (mapping to constant drivers).

119. Executing SPLITNETS pass (splitting up multi-bit signals).

120. Executing OPT_CLEAN pass (remove unused cells and wires).
Finding unused cells or wires in module \andig_clock..
Removed 0 unused cells and 39 unused wires.
<suppressed ~1 debug messages>

121. Executing INSBUF pass (insert buffer cells for connected wires).

122. Executing CHECK pass (checking for obvious problems).
Checking module andig_clock...
Found and reported 0 problems.
{
   "creator": "Yosys 0.64 (git sha1 6d2c445ae, g++ 13.3.0-6ubuntu2~24.04.1 -fPIC -O3)",
   "invocation": "stat -json -liberty /foss/designs/low-power-12b-first-order-delta-sigma-adc/src/clock/runs/RUN_2026-08-17_02-21-49/tmp/b9b7f25be40146a68079c1ca1891e251.lib ",
   "modules": {
      "\\andig_clock": {
         "num_wires":         24,
         "num_wire_bits":     24,
         "num_pub_wires":     9,
         "num_pub_wire_bits": 9,
         "num_ports":         6,
         "num_port_bits":     6,
         "num_memories":      0,
         "num_memory_bits":   0,
         "num_processes":     0,
         "num_cells":         22,
         "num_submodules":       0,
         "area":              704.659200,
         "sequential_area":    452.211200,
         "num_cells_by_type": {
            "gf180mcu_fd_sc_mcu7t5v0__and2_1": 2,
            "gf180mcu_fd_sc_mcu7t5v0__aoi21_1": 3,
            "gf180mcu_fd_sc_mcu7t5v0__aoi22_1": 1,
            "gf180mcu_fd_sc_mcu7t5v0__clkinv_1": 3,
            "gf180mcu_fd_sc_mcu7t5v0__dffrnq_1": 5,
            "gf180mcu_fd_sc_mcu7t5v0__dffsnq_1": 1,
            "gf180mcu_fd_sc_mcu7t5v0__mux2_2": 1,
            "gf180mcu_fd_sc_mcu7t5v0__nand2_1": 2,
            "gf180mcu_fd_sc_mcu7t5v0__nand3_1": 1,
            "gf180mcu_fd_sc_mcu7t5v0__nor2_1": 1,
            "gf180mcu_fd_sc_mcu7t5v0__nor3_1": 1,
            "gf180mcu_fd_sc_mcu7t5v0__oai21_1": 1
         }
      }
   },
      "design": {
         "num_wires":         24,
         "num_wire_bits":     24,
         "num_pub_wires":     9,
         "num_pub_wire_bits": 9,
         "num_ports":         6,
         "num_port_bits":     6,
         "num_memories":      0,
         "num_memory_bits":   0,
         "num_processes":     0,
         "num_cells":         22,
         "num_submodules":       0,
         "area":              704.659200,
         "sequential_area":    452.211200,
         "num_cells_by_type": {
            "gf180mcu_fd_sc_mcu7t5v0__and2_1": 2,
            "gf180mcu_fd_sc_mcu7t5v0__aoi21_1": 3,
            "gf180mcu_fd_sc_mcu7t5v0__aoi22_1": 1,
            "gf180mcu_fd_sc_mcu7t5v0__clkinv_1": 3,
            "gf180mcu_fd_sc_mcu7t5v0__dffrnq_1": 5,
            "gf180mcu_fd_sc_mcu7t5v0__dffsnq_1": 1,
            "gf180mcu_fd_sc_mcu7t5v0__mux2_2": 1,
            "gf180mcu_fd_sc_mcu7t5v0__nand2_1": 2,
            "gf180mcu_fd_sc_mcu7t5v0__nand3_1": 1,
            "gf180mcu_fd_sc_mcu7t5v0__nor2_1": 1,
            "gf180mcu_fd_sc_mcu7t5v0__nor3_1": 1,
            "gf180mcu_fd_sc_mcu7t5v0__oai21_1": 1
         }
      }
}

123. Printing statistics.

=== andig_clock ===

        +----------Local Count, excluding submodules.
        |        +-Local Area, excluding submodules.
        |        | 
       24        - wires
       24        - wire bits
        9        - public wires
        9        - public wire bits
        6        - ports
        6        - port bits
       22  704.659 cells
        2   35.123   gf180mcu_fd_sc_mcu7t5v0__and2_1
        3   52.685   gf180mcu_fd_sc_mcu7t5v0__aoi21_1
        1   19.757   gf180mcu_fd_sc_mcu7t5v0__aoi22_1
        3   26.342   gf180mcu_fd_sc_mcu7t5v0__clkinv_1
        5  373.184   gf180mcu_fd_sc_mcu7t5v0__dffrnq_1
        1   79.027   gf180mcu_fd_sc_mcu7t5v0__dffsnq_1
        1   32.928   gf180mcu_fd_sc_mcu7t5v0__mux2_2
        2   21.952   gf180mcu_fd_sc_mcu7t5v0__nand2_1
        1   15.366   gf180mcu_fd_sc_mcu7t5v0__nand3_1
        1   13.171   gf180mcu_fd_sc_mcu7t5v0__nor2_1
        1   17.562   gf180mcu_fd_sc_mcu7t5v0__nor3_1
        1   17.562   gf180mcu_fd_sc_mcu7t5v0__oai21_1

   Chip area for module '\andig_clock': 704.659200
     of which used for sequential elements: 452.211200 (64.17%)

124. Executing Verilog backend.
Dumping module `\andig_clock'.

125. Executing JSON backend.
