Clock: in_clk
Sources: in_clk 
Generated: no
Virtual: no
Propagated: no
Period: 13.563000

===========================================================================
report_clock_properties
============================================================================
Clock                   Period          Waveform
----------------------------------------------------
in_clk               13.563000    0.000000  6.781500

===========================================================================
report_clock_latency
============================================================================
Clock in_clk
rise -> rise
    min     max
0.000000 0.000000 source latency
0.000010         network latency _31_/CLK
        0.000010 network latency _31_/CLK
---------------
0.000010 0.000010 latency
        0.000000 skew

fall -> fall
    min     max
0.000000 0.000000 source latency
0.000010         network latency _31_/CLK
        0.000010 network latency _31_/CLK
---------------
0.000010 0.000010 latency
        0.000000 skew



===========================================================================
report_clock_min_period
============================================================================
in_clk period_min = 1.76 fmax = 566.94
