
===========================================================================
report_checks -path_delay max (Setup)
============================================================================
======================= nom_ff_n40C_5v50 Corner ===================================

Startpoint: _32_ (rising edge-triggered flip-flop clocked by in_clk)
Endpoint: out_clk2B (output port clocked by in_clk)
Path Group: in_clk
Path Type: max

Fanout         Cap        Slew       Delay        Time   Description
---------------------------------------------------------------------------------------------
                      0.150000    0.000000    0.000000   clock in_clk (rise edge)
                                  0.000000    0.000000   clock network delay (ideal)
                      0.150000    0.000000    0.000000 ^ _32_/CLK (gf180mcu_fd_sc_mcu7t5v0__dffrnq_1)
     2    0.039166    0.468458    0.770016    0.770016 ^ _32_/Q (gf180mcu_fd_sc_mcu7t5v0__dffrnq_1)
                                                         out_clk2 (net)
                      0.468458    0.000000    0.770016 ^ _16_/I (gf180mcu_fd_sc_mcu7t5v0__clkinv_1)
     2    0.039674    0.466750    0.369655    1.139671 v _16_/ZN (gf180mcu_fd_sc_mcu7t5v0__clkinv_1)
                                                         out_clk2B (net)
                      0.466750    0.000000    1.139671 v out_clk2B (out)
                                              1.139671   data arrival time

                      0.150000   13.563000   13.563000   clock in_clk (rise edge)
                                  0.000000   13.563000   clock network delay (ideal)
                                 -0.200000   13.363000   clock uncertainty
                                  0.000000   13.363000   clock reconvergence pessimism
                                 -2.500000   10.863000   output external delay
                                             10.863000   data required time
---------------------------------------------------------------------------------------------
                                             10.863000   data required time
                                             -1.139671   data arrival time
---------------------------------------------------------------------------------------------
                                              9.723329   slack (MET)


Startpoint: _32_ (rising edge-triggered flip-flop clocked by in_clk)
Endpoint: out_clk2 (output port clocked by in_clk)
Path Group: in_clk
Path Type: max

Fanout         Cap        Slew       Delay        Time   Description
---------------------------------------------------------------------------------------------
                      0.150000    0.000000    0.000000   clock in_clk (rise edge)
                                  0.000000    0.000000   clock network delay (ideal)
                      0.150000    0.000000    0.000000 ^ _32_/CLK (gf180mcu_fd_sc_mcu7t5v0__dffrnq_1)
     2    0.039166    0.468458    0.770016    0.770016 ^ _32_/Q (gf180mcu_fd_sc_mcu7t5v0__dffrnq_1)
                                                         out_clk2 (net)
                      0.468458    0.000000    0.770016 ^ out_clk2 (out)
                                              0.770016   data arrival time

                      0.150000   13.563000   13.563000   clock in_clk (rise edge)
                                  0.000000   13.563000   clock network delay (ideal)
                                 -0.200000   13.363000   clock uncertainty
                                  0.000000   13.363000   clock reconvergence pessimism
                                 -2.500000   10.863000   output external delay
                                             10.863000   data required time
---------------------------------------------------------------------------------------------
                                             10.863000   data required time
                                             -0.770016   data arrival time
---------------------------------------------------------------------------------------------
                                             10.092983   slack (MET)


Startpoint: _33_ (rising edge-triggered flip-flop clocked by in_clk)
Endpoint: out_clk_cic (output port clocked by in_clk)
Path Group: in_clk
Path Type: max

Fanout         Cap        Slew       Delay        Time   Description
---------------------------------------------------------------------------------------------
                      0.150000    0.000000    0.000000   clock in_clk (rise edge)
                                  0.000000    0.000000   clock network delay (ideal)
                      0.150000    0.000000    0.000000 ^ _33_/CLK (gf180mcu_fd_sc_mcu7t5v0__dffrnq_1)
     2    0.039166    0.468458    0.770016    0.770016 ^ _33_/Q (gf180mcu_fd_sc_mcu7t5v0__dffrnq_1)
                                                         out_clk_cic (net)
                      0.468458    0.000000    0.770016 ^ out_clk_cic (out)
                                              0.770016   data arrival time

                      0.150000   13.563000   13.563000   clock in_clk (rise edge)
                                  0.000000   13.563000   clock network delay (ideal)
                                 -0.200000   13.363000   clock uncertainty
                                  0.000000   13.363000   clock reconvergence pessimism
                                 -2.500000   10.863000   output external delay
                                             10.863000   data required time
---------------------------------------------------------------------------------------------
                                             10.863000   data required time
                                             -0.770016   data arrival time
---------------------------------------------------------------------------------------------
                                             10.092983   slack (MET)


Startpoint: _31_ (rising edge-triggered flip-flop clocked by in_clk)
Endpoint: out_clk1 (output port clocked by in_clk)
Path Group: in_clk
Path Type: max

Fanout         Cap        Slew       Delay        Time   Description
---------------------------------------------------------------------------------------------
                      0.150000    0.000000    0.000000   clock in_clk (rise edge)
                                  0.000000    0.000000   clock network delay (ideal)
                      0.150000    0.000000    0.000000 ^ _31_/CLK (gf180mcu_fd_sc_mcu7t5v0__dffsnq_1)
     2    0.039260    0.466549    0.690415    0.690415 ^ _31_/Q (gf180mcu_fd_sc_mcu7t5v0__dffsnq_1)
                                                         out_clk1 (net)
                      0.466549    0.000000    0.690415 ^ out_clk1 (out)
                                              0.690415   data arrival time

                      0.150000   13.563000   13.563000   clock in_clk (rise edge)
                                  0.000000   13.563000   clock network delay (ideal)
                                 -0.200000   13.363000   clock uncertainty
                                  0.000000   13.363000   clock reconvergence pessimism
                                 -2.500000   10.863000   output external delay
                                             10.863000   data required time
---------------------------------------------------------------------------------------------
                                             10.863000   data required time
                                             -0.690415   data arrival time
---------------------------------------------------------------------------------------------
                                             10.172585   slack (MET)


Startpoint: rst (input port clocked by in_clk)
Endpoint: _31_ (recovery check against rising-edge clock in_clk)
Path Group: asynchronous
Path Type: max

Fanout         Cap        Slew       Delay        Time   Description
---------------------------------------------------------------------------------------------
                      0.150000    0.000000    0.000000   clock in_clk (rise edge)
                                  0.000000    0.000000   clock network delay (ideal)
                                  2.000000    2.000000 ^ input external delay
     6    0.043267    0.000022    0.000022    2.000021 ^ rst (in)
                                                         rst (net)
                      0.000022    0.000000    2.000021 ^ _31_/SETN (gf180mcu_fd_sc_mcu7t5v0__dffsnq_1)
                                              2.000021   data arrival time

                      0.150000   13.563000   13.563000   clock in_clk (rise edge)
                                  0.000000   13.563000   clock network delay (ideal)
                                 -0.200000   13.363000   clock uncertainty
                                  0.000000   13.363000   clock reconvergence pessimism
                                             13.363000 ^ _31_/CLK (gf180mcu_fd_sc_mcu7t5v0__dffsnq_1)
                                  0.063798   13.426799   library recovery time
                                             13.426799   data required time
---------------------------------------------------------------------------------------------
                                             13.426799   data required time
                                             -2.000021   data arrival time
---------------------------------------------------------------------------------------------
                                             11.426777   slack (MET)


Startpoint: rst (input port clocked by in_clk)
Endpoint: _32_ (recovery check against rising-edge clock in_clk)
Path Group: asynchronous
Path Type: max

Fanout         Cap        Slew       Delay        Time   Description
---------------------------------------------------------------------------------------------
                      0.150000    0.000000    0.000000   clock in_clk (rise edge)
                                  0.000000    0.000000   clock network delay (ideal)
                                  2.000000    2.000000 ^ input external delay
     6    0.043267    0.000022    0.000022    2.000021 ^ rst (in)
                                                         rst (net)
                      0.000022    0.000000    2.000021 ^ _32_/RN (gf180mcu_fd_sc_mcu7t5v0__dffrnq_1)
                                              2.000021   data arrival time

                      0.150000   13.563000   13.563000   clock in_clk (rise edge)
                                  0.000000   13.563000   clock network delay (ideal)
                                 -0.200000   13.363000   clock uncertainty
                                  0.000000   13.363000   clock reconvergence pessimism
                                             13.363000 ^ _32_/CLK (gf180mcu_fd_sc_mcu7t5v0__dffrnq_1)
                                  0.145278   13.508278   library recovery time
                                             13.508278   data required time
---------------------------------------------------------------------------------------------
                                             13.508278   data required time
                                             -2.000021   data arrival time
---------------------------------------------------------------------------------------------
                                             11.508256   slack (MET)


Startpoint: rst (input port clocked by in_clk)
Endpoint: _33_ (recovery check against rising-edge clock in_clk)
Path Group: asynchronous
Path Type: max

Fanout         Cap        Slew       Delay        Time   Description
---------------------------------------------------------------------------------------------
                      0.150000    0.000000    0.000000   clock in_clk (rise edge)
                                  0.000000    0.000000   clock network delay (ideal)
                                  2.000000    2.000000 ^ input external delay
     6    0.043267    0.000022    0.000022    2.000021 ^ rst (in)
                                                         rst (net)
                      0.000022    0.000000    2.000021 ^ _33_/RN (gf180mcu_fd_sc_mcu7t5v0__dffrnq_1)
                                              2.000021   data arrival time

                      0.150000   13.563000   13.563000   clock in_clk (rise edge)
                                  0.000000   13.563000   clock network delay (ideal)
                                 -0.200000   13.363000   clock uncertainty
                                  0.000000   13.363000   clock reconvergence pessimism
                                             13.363000 ^ _33_/CLK (gf180mcu_fd_sc_mcu7t5v0__dffrnq_1)
                                  0.145278   13.508278   library recovery time
                                             13.508278   data required time
---------------------------------------------------------------------------------------------
                                             13.508278   data required time
                                             -2.000021   data arrival time
---------------------------------------------------------------------------------------------
                                             11.508256   slack (MET)


Startpoint: rst (input port clocked by in_clk)
Endpoint: _34_ (recovery check against rising-edge clock in_clk)
Path Group: asynchronous
Path Type: max

Fanout         Cap        Slew       Delay        Time   Description
---------------------------------------------------------------------------------------------
                      0.150000    0.000000    0.000000   clock in_clk (rise edge)
                                  0.000000    0.000000   clock network delay (ideal)
                                  2.000000    2.000000 ^ input external delay
     6    0.043267    0.000022    0.000022    2.000021 ^ rst (in)
                                                         rst (net)
                      0.000022    0.000000    2.000021 ^ _34_/RN (gf180mcu_fd_sc_mcu7t5v0__dffrnq_1)
                                              2.000021   data arrival time

                      0.150000   13.563000   13.563000   clock in_clk (rise edge)
                                  0.000000   13.563000   clock network delay (ideal)
                                 -0.200000   13.363000   clock uncertainty
                                  0.000000   13.363000   clock reconvergence pessimism
                                             13.363000 ^ _34_/CLK (gf180mcu_fd_sc_mcu7t5v0__dffrnq_1)
                                  0.145278   13.508278   library recovery time
                                             13.508278   data required time
---------------------------------------------------------------------------------------------
                                             13.508278   data required time
                                             -2.000021   data arrival time
---------------------------------------------------------------------------------------------
                                             11.508256   slack (MET)


Startpoint: rst (input port clocked by in_clk)
Endpoint: _35_ (recovery check against rising-edge clock in_clk)
Path Group: asynchronous
Path Type: max

Fanout         Cap        Slew       Delay        Time   Description
---------------------------------------------------------------------------------------------
                      0.150000    0.000000    0.000000   clock in_clk (rise edge)
                                  0.000000    0.000000   clock network delay (ideal)
                                  2.000000    2.000000 ^ input external delay
     6    0.043267    0.000022    0.000022    2.000021 ^ rst (in)
                                                         rst (net)
                      0.000022    0.000000    2.000021 ^ _35_/RN (gf180mcu_fd_sc_mcu7t5v0__dffrnq_1)
                                              2.000021   data arrival time

                      0.150000   13.563000   13.563000   clock in_clk (rise edge)
                                  0.000000   13.563000   clock network delay (ideal)
                                 -0.200000   13.363000   clock uncertainty
                                  0.000000   13.363000   clock reconvergence pessimism
                                             13.363000 ^ _35_/CLK (gf180mcu_fd_sc_mcu7t5v0__dffrnq_1)
                                  0.145278   13.508278   library recovery time
                                             13.508278   data required time
---------------------------------------------------------------------------------------------
                                             13.508278   data required time
                                             -2.000021   data arrival time
---------------------------------------------------------------------------------------------
                                             11.508256   slack (MET)


Startpoint: rst (input port clocked by in_clk)
Endpoint: _36_ (recovery check against rising-edge clock in_clk)
Path Group: asynchronous
Path Type: max

Fanout         Cap        Slew       Delay        Time   Description
---------------------------------------------------------------------------------------------
                      0.150000    0.000000    0.000000   clock in_clk (rise edge)
                                  0.000000    0.000000   clock network delay (ideal)
                                  2.000000    2.000000 ^ input external delay
     6    0.043267    0.000022    0.000022    2.000021 ^ rst (in)
                                                         rst (net)
                      0.000022    0.000000    2.000021 ^ _36_/RN (gf180mcu_fd_sc_mcu7t5v0__dffrnq_1)
                                              2.000021   data arrival time

                      0.150000   13.563000   13.563000   clock in_clk (rise edge)
                                  0.000000   13.563000   clock network delay (ideal)
                                 -0.200000   13.363000   clock uncertainty
                                  0.000000   13.363000   clock reconvergence pessimism
                                             13.363000 ^ _36_/CLK (gf180mcu_fd_sc_mcu7t5v0__dffrnq_1)
                                  0.145278   13.508278   library recovery time
                                             13.508278   data required time
---------------------------------------------------------------------------------------------
                                             13.508278   data required time
                                             -2.000021   data arrival time
---------------------------------------------------------------------------------------------
                                             11.508256   slack (MET)


Startpoint: _32_ (rising edge-triggered flip-flop clocked by in_clk)
Endpoint: _32_ (rising edge-triggered flip-flop clocked by in_clk)
Path Group: in_clk
Path Type: max

Fanout         Cap        Slew       Delay        Time   Description
---------------------------------------------------------------------------------------------
                      0.150000    0.000000    0.000000   clock in_clk (rise edge)
                                  0.000000    0.000000   clock network delay (ideal)
                      0.150000    0.000000    0.000000 ^ _32_/CLK (gf180mcu_fd_sc_mcu7t5v0__dffrnq_1)
     2    0.039166    0.468458    0.770016    0.770016 ^ _32_/Q (gf180mcu_fd_sc_mcu7t5v0__dffrnq_1)
                                                         out_clk2 (net)
                      0.468458    0.000000    0.770016 ^ _16_/I (gf180mcu_fd_sc_mcu7t5v0__clkinv_1)
     2    0.039674    0.466750    0.369655    1.139671 v _16_/ZN (gf180mcu_fd_sc_mcu7t5v0__clkinv_1)
                                                         out_clk2B (net)
                      0.466750    0.000000    1.139671 v _29_/B1 (gf180mcu_fd_sc_mcu7t5v0__aoi22_1)
     1    0.003038    0.230843    0.225304    1.364976 ^ _29_/ZN (gf180mcu_fd_sc_mcu7t5v0__aoi22_1)
                                                         _04_ (net)
                      0.230843    0.000000    1.364976 ^ _32_/D (gf180mcu_fd_sc_mcu7t5v0__dffrnq_1)
                                              1.364976   data arrival time

                      0.150000   13.563000   13.563000   clock in_clk (rise edge)
                                  0.000000   13.563000   clock network delay (ideal)
                                 -0.200000   13.363000   clock uncertainty
                                  0.000000   13.363000   clock reconvergence pessimism
                                             13.363000 ^ _32_/CLK (gf180mcu_fd_sc_mcu7t5v0__dffrnq_1)
                                 -0.198869   13.164130   library setup time
                                             13.164130   data required time
---------------------------------------------------------------------------------------------
                                             13.164130   data required time
                                             -1.364976   data arrival time
---------------------------------------------------------------------------------------------
                                             11.799155   slack (MET)


Startpoint: _36_ (rising edge-triggered flip-flop clocked by in_clk)
Endpoint: _33_ (rising edge-triggered flip-flop clocked by in_clk)
Path Group: in_clk
Path Type: max

Fanout         Cap        Slew       Delay        Time   Description
---------------------------------------------------------------------------------------------
                      0.150000    0.000000    0.000000   clock in_clk (rise edge)
                                  0.000000    0.000000   clock network delay (ideal)
                      0.150000    0.000000    0.000000 ^ _36_/CLK (gf180mcu_fd_sc_mcu7t5v0__dffrnq_1)
     8    0.039580    0.472976    0.772603    0.772603 ^ _36_/Q (gf180mcu_fd_sc_mcu7t5v0__dffrnq_1)
                                                         counter[2] (net)
                      0.472976    0.000000    0.772603 ^ _22_/B (gf180mcu_fd_sc_mcu7t5v0__aoi21_1)
     1    0.004026    0.239664    0.160809    0.933412 v _22_/ZN (gf180mcu_fd_sc_mcu7t5v0__aoi21_1)
                                                         _11_ (net)
                      0.239664    0.000000    0.933412 v _30_/B (gf180mcu_fd_sc_mcu7t5v0__aoi21_1)
     1    0.003038    0.190357    0.169223    1.102635 ^ _30_/ZN (gf180mcu_fd_sc_mcu7t5v0__aoi21_1)
                                                         _05_ (net)
                      0.190357    0.000000    1.102635 ^ _33_/D (gf180mcu_fd_sc_mcu7t5v0__dffrnq_1)
                                              1.102635   data arrival time

                      0.150000   13.563000   13.563000   clock in_clk (rise edge)
                                  0.000000   13.563000   clock network delay (ideal)
                                 -0.200000   13.363000   clock uncertainty
                                  0.000000   13.363000   clock reconvergence pessimism
                                             13.363000 ^ _33_/CLK (gf180mcu_fd_sc_mcu7t5v0__dffrnq_1)
                                 -0.191085   13.171915   library setup time
                                             13.171915   data required time
---------------------------------------------------------------------------------------------
                                             13.171915   data required time
                                             -1.102635   data arrival time
---------------------------------------------------------------------------------------------
                                             12.069280   slack (MET)


Startpoint: _35_ (rising edge-triggered flip-flop clocked by in_clk)
Endpoint: _36_ (rising edge-triggered flip-flop clocked by in_clk)
Path Group: in_clk
Path Type: max

Fanout         Cap        Slew       Delay        Time   Description
---------------------------------------------------------------------------------------------
                      0.150000    0.000000    0.000000   clock in_clk (rise edge)
                                  0.000000    0.000000   clock network delay (ideal)
                      0.150000    0.000000    0.000000 ^ _35_/CLK (gf180mcu_fd_sc_mcu7t5v0__dffrnq_1)
     8    0.032743    0.399534    0.729894    0.729894 ^ _35_/Q (gf180mcu_fd_sc_mcu7t5v0__dffrnq_1)
                                                         counter[1] (net)
                      0.399534    0.000000    0.729894 ^ _20_/A2 (gf180mcu_fd_sc_mcu7t5v0__and2_1)
     2    0.008657    0.141495    0.226879    0.956773 ^ _20_/Z (gf180mcu_fd_sc_mcu7t5v0__and2_1)
                                                         _09_ (net)
                      0.141495    0.000000    0.956773 ^ _25_/I0 (gf180mcu_fd_sc_mcu7t5v0__mux2_2)
     1    0.003038    0.066095    0.168012    1.124785 ^ _25_/Z (gf180mcu_fd_sc_mcu7t5v0__mux2_2)
                                                         _02_ (net)
                      0.066095    0.000000    1.124785 ^ _36_/D (gf180mcu_fd_sc_mcu7t5v0__dffrnq_1)
                                              1.124785   data arrival time

                      0.150000   13.563000   13.563000   clock in_clk (rise edge)
                                  0.000000   13.563000   clock network delay (ideal)
                                 -0.200000   13.363000   clock uncertainty
                                  0.000000   13.363000   clock reconvergence pessimism
                                             13.363000 ^ _36_/CLK (gf180mcu_fd_sc_mcu7t5v0__dffrnq_1)
                                 -0.167701   13.195298   library setup time
                                             13.195298   data required time
---------------------------------------------------------------------------------------------
                                             13.195298   data required time
                                             -1.124785   data arrival time
---------------------------------------------------------------------------------------------
                                             12.070514   slack (MET)


Startpoint: _35_ (rising edge-triggered flip-flop clocked by in_clk)
Endpoint: _35_ (rising edge-triggered flip-flop clocked by in_clk)
Path Group: in_clk
Path Type: max

Fanout         Cap        Slew       Delay        Time   Description
---------------------------------------------------------------------------------------------
                      0.150000    0.000000    0.000000   clock in_clk (rise edge)
                                  0.000000    0.000000   clock network delay (ideal)
                      0.150000    0.000000    0.000000 ^ _35_/CLK (gf180mcu_fd_sc_mcu7t5v0__dffrnq_1)
     8    0.032743    0.399534    0.729894    0.729894 ^ _35_/Q (gf180mcu_fd_sc_mcu7t5v0__dffrnq_1)
                                                         counter[1] (net)
                      0.399534    0.000000    0.729894 ^ _23_/A2 (gf180mcu_fd_sc_mcu7t5v0__nor2_1)
     2    0.008735    0.207289    0.145878    0.875773 v _23_/ZN (gf180mcu_fd_sc_mcu7t5v0__nor2_1)
                                                         _12_ (net)
                      0.207289    0.000000    0.875773 v _24_/A3 (gf180mcu_fd_sc_mcu7t5v0__nor3_1)
     1    0.003038    0.219353    0.174996    1.050769 ^ _24_/ZN (gf180mcu_fd_sc_mcu7t5v0__nor3_1)
                                                         _01_ (net)
                      0.219353    0.000000    1.050769 ^ _35_/D (gf180mcu_fd_sc_mcu7t5v0__dffrnq_1)
                                              1.050769   data arrival time

                      0.150000   13.563000   13.563000   clock in_clk (rise edge)
                                  0.000000   13.563000   clock network delay (ideal)
                                 -0.200000   13.363000   clock uncertainty
                                  0.000000   13.363000   clock reconvergence pessimism
                                             13.363000 ^ _35_/CLK (gf180mcu_fd_sc_mcu7t5v0__dffrnq_1)
                                 -0.197186   13.165813   library setup time
                                             13.165813   data required time
---------------------------------------------------------------------------------------------
                                             13.165813   data required time
                                             -1.050769   data arrival time
---------------------------------------------------------------------------------------------
                                             12.115046   slack (MET)


Startpoint: _36_ (rising edge-triggered flip-flop clocked by in_clk)
Endpoint: _31_ (rising edge-triggered flip-flop clocked by in_clk)
Path Group: in_clk
Path Type: max

Fanout         Cap        Slew       Delay        Time   Description
---------------------------------------------------------------------------------------------
                      0.150000    0.000000    0.000000   clock in_clk (rise edge)
                                  0.000000    0.000000   clock network delay (ideal)
                      0.150000    0.000000    0.000000 ^ _36_/CLK (gf180mcu_fd_sc_mcu7t5v0__dffrnq_1)
     8    0.039580    0.472976    0.772603    0.772603 ^ _36_/Q (gf180mcu_fd_sc_mcu7t5v0__dffrnq_1)
                                                         counter[2] (net)
                      0.472976    0.000000    0.772603 ^ _26_/A1 (gf180mcu_fd_sc_mcu7t5v0__nand3_1)
     1    0.004744    0.195329    0.123251    0.895855 v _26_/ZN (gf180mcu_fd_sc_mcu7t5v0__nand3_1)
                                                         _13_ (net)
                      0.195329    0.000000    0.895855 v _27_/B (gf180mcu_fd_sc_mcu7t5v0__oai21_1)
     1    0.002661    0.178355    0.147795    1.043650 ^ _27_/ZN (gf180mcu_fd_sc_mcu7t5v0__oai21_1)
                                                         _03_ (net)
                      0.178355    0.000000    1.043650 ^ _31_/D (gf180mcu_fd_sc_mcu7t5v0__dffsnq_1)
                                              1.043650   data arrival time

                      0.150000   13.563000   13.563000   clock in_clk (rise edge)
                                  0.000000   13.563000   clock network delay (ideal)
                                 -0.200000   13.363000   clock uncertainty
                                  0.000000   13.363000   clock reconvergence pessimism
                                             13.363000 ^ _31_/CLK (gf180mcu_fd_sc_mcu7t5v0__dffsnq_1)
                                 -0.133710   13.229290   library setup time
                                             13.229290   data required time
---------------------------------------------------------------------------------------------
                                             13.229290   data required time
                                             -1.043650   data arrival time
---------------------------------------------------------------------------------------------
                                             12.185640   slack (MET)


Startpoint: _36_ (rising edge-triggered flip-flop clocked by in_clk)
Endpoint: _34_ (rising edge-triggered flip-flop clocked by in_clk)
Path Group: in_clk
Path Type: max

Fanout         Cap        Slew       Delay        Time   Description
---------------------------------------------------------------------------------------------
                      0.150000    0.000000    0.000000   clock in_clk (rise edge)
                                  0.000000    0.000000   clock network delay (ideal)
                      0.150000    0.000000    0.000000 ^ _36_/CLK (gf180mcu_fd_sc_mcu7t5v0__dffrnq_1)
     8    0.039580    0.472976    0.772603    0.772603 ^ _36_/Q (gf180mcu_fd_sc_mcu7t5v0__dffrnq_1)
                                                         counter[2] (net)
                      0.472976    0.000000    0.772603 ^ _19_/A1 (gf180mcu_fd_sc_mcu7t5v0__aoi21_1)
     1    0.003038    0.188270    0.066731    0.839334 v _19_/ZN (gf180mcu_fd_sc_mcu7t5v0__aoi21_1)
                                                         _00_ (net)
                      0.188270    0.000000    0.839334 v _34_/D (gf180mcu_fd_sc_mcu7t5v0__dffrnq_1)
                                              0.839334   data arrival time

                      0.150000   13.563000   13.563000   clock in_clk (rise edge)
                                  0.000000   13.563000   clock network delay (ideal)
                                 -0.200000   13.363000   clock uncertainty
                                  0.000000   13.363000   clock reconvergence pessimism
                                             13.363000 ^ _34_/CLK (gf180mcu_fd_sc_mcu7t5v0__dffrnq_1)
                                 -0.104508   13.258492   library setup time
                                             13.258492   data required time
---------------------------------------------------------------------------------------------
                                             13.258492   data required time
                                             -0.839334   data arrival time
---------------------------------------------------------------------------------------------
                                             12.419159   slack (MET)



