
===========================================================================
report_checks -path_delay min (Hold)
============================================================================
======================= nom_ff_n40C_5v50 Corner ===================================

Startpoint: rst (input port clocked by in_clk)
Endpoint: _32_ (removal check against rising-edge clock in_clk)
Path Group: asynchronous
Path Type: min

Fanout         Cap        Slew       Delay        Time   Description
---------------------------------------------------------------------------------------------
                      0.150000    0.000000    0.000000   clock in_clk (rise edge)
                                  0.000000    0.000000   clock network delay (ideal)
                                  0.500000    0.500000 ^ input external delay
     6    0.043267    0.000022    0.000022    0.500022 ^ rst (in)
                                                         rst (net)
                      0.000022    0.000000    0.500022 ^ _32_/RN (gf180mcu_fd_sc_mcu7t5v0__dffrnq_1)
                                              0.500022   data arrival time

                      0.150000    0.000000    0.000000   clock in_clk (rise edge)
                                  0.000000    0.000000   clock network delay (ideal)
                                  0.200000    0.200000   clock uncertainty
                                  0.000000    0.200000   clock reconvergence pessimism
                                              0.200000 ^ _32_/CLK (gf180mcu_fd_sc_mcu7t5v0__dffrnq_1)
                                  0.223961    0.423961   library removal time
                                              0.423961   data required time
---------------------------------------------------------------------------------------------
                                              0.423961   data required time
                                             -0.500022   data arrival time
---------------------------------------------------------------------------------------------
                                              0.076060   slack (MET)


Startpoint: rst (input port clocked by in_clk)
Endpoint: _33_ (removal check against rising-edge clock in_clk)
Path Group: asynchronous
Path Type: min

Fanout         Cap        Slew       Delay        Time   Description
---------------------------------------------------------------------------------------------
                      0.150000    0.000000    0.000000   clock in_clk (rise edge)
                                  0.000000    0.000000   clock network delay (ideal)
                                  0.500000    0.500000 ^ input external delay
     6    0.043267    0.000022    0.000022    0.500022 ^ rst (in)
                                                         rst (net)
                      0.000022    0.000000    0.500022 ^ _33_/RN (gf180mcu_fd_sc_mcu7t5v0__dffrnq_1)
                                              0.500022   data arrival time

                      0.150000    0.000000    0.000000   clock in_clk (rise edge)
                                  0.000000    0.000000   clock network delay (ideal)
                                  0.200000    0.200000   clock uncertainty
                                  0.000000    0.200000   clock reconvergence pessimism
                                              0.200000 ^ _33_/CLK (gf180mcu_fd_sc_mcu7t5v0__dffrnq_1)
                                  0.223961    0.423961   library removal time
                                              0.423961   data required time
---------------------------------------------------------------------------------------------
                                              0.423961   data required time
                                             -0.500022   data arrival time
---------------------------------------------------------------------------------------------
                                              0.076060   slack (MET)


Startpoint: rst (input port clocked by in_clk)
Endpoint: _34_ (removal check against rising-edge clock in_clk)
Path Group: asynchronous
Path Type: min

Fanout         Cap        Slew       Delay        Time   Description
---------------------------------------------------------------------------------------------
                      0.150000    0.000000    0.000000   clock in_clk (rise edge)
                                  0.000000    0.000000   clock network delay (ideal)
                                  0.500000    0.500000 ^ input external delay
     6    0.043267    0.000022    0.000022    0.500022 ^ rst (in)
                                                         rst (net)
                      0.000022    0.000000    0.500022 ^ _34_/RN (gf180mcu_fd_sc_mcu7t5v0__dffrnq_1)
                                              0.500022   data arrival time

                      0.150000    0.000000    0.000000   clock in_clk (rise edge)
                                  0.000000    0.000000   clock network delay (ideal)
                                  0.200000    0.200000   clock uncertainty
                                  0.000000    0.200000   clock reconvergence pessimism
                                              0.200000 ^ _34_/CLK (gf180mcu_fd_sc_mcu7t5v0__dffrnq_1)
                                  0.223961    0.423961   library removal time
                                              0.423961   data required time
---------------------------------------------------------------------------------------------
                                              0.423961   data required time
                                             -0.500022   data arrival time
---------------------------------------------------------------------------------------------
                                              0.076060   slack (MET)


Startpoint: rst (input port clocked by in_clk)
Endpoint: _35_ (removal check against rising-edge clock in_clk)
Path Group: asynchronous
Path Type: min

Fanout         Cap        Slew       Delay        Time   Description
---------------------------------------------------------------------------------------------
                      0.150000    0.000000    0.000000   clock in_clk (rise edge)
                                  0.000000    0.000000   clock network delay (ideal)
                                  0.500000    0.500000 ^ input external delay
     6    0.043267    0.000022    0.000022    0.500022 ^ rst (in)
                                                         rst (net)
                      0.000022    0.000000    0.500022 ^ _35_/RN (gf180mcu_fd_sc_mcu7t5v0__dffrnq_1)
                                              0.500022   data arrival time

                      0.150000    0.000000    0.000000   clock in_clk (rise edge)
                                  0.000000    0.000000   clock network delay (ideal)
                                  0.200000    0.200000   clock uncertainty
                                  0.000000    0.200000   clock reconvergence pessimism
                                              0.200000 ^ _35_/CLK (gf180mcu_fd_sc_mcu7t5v0__dffrnq_1)
                                  0.223961    0.423961   library removal time
                                              0.423961   data required time
---------------------------------------------------------------------------------------------
                                              0.423961   data required time
                                             -0.500022   data arrival time
---------------------------------------------------------------------------------------------
                                              0.076060   slack (MET)


Startpoint: rst (input port clocked by in_clk)
Endpoint: _36_ (removal check against rising-edge clock in_clk)
Path Group: asynchronous
Path Type: min

Fanout         Cap        Slew       Delay        Time   Description
---------------------------------------------------------------------------------------------
                      0.150000    0.000000    0.000000   clock in_clk (rise edge)
                                  0.000000    0.000000   clock network delay (ideal)
                                  0.500000    0.500000 ^ input external delay
     6    0.043267    0.000022    0.000022    0.500022 ^ rst (in)
                                                         rst (net)
                      0.000022    0.000000    0.500022 ^ _36_/RN (gf180mcu_fd_sc_mcu7t5v0__dffrnq_1)
                                              0.500022   data arrival time

                      0.150000    0.000000    0.000000   clock in_clk (rise edge)
                                  0.000000    0.000000   clock network delay (ideal)
                                  0.200000    0.200000   clock uncertainty
                                  0.000000    0.200000   clock reconvergence pessimism
                                              0.200000 ^ _36_/CLK (gf180mcu_fd_sc_mcu7t5v0__dffrnq_1)
                                  0.223961    0.423961   library removal time
                                              0.423961   data required time
---------------------------------------------------------------------------------------------
                                              0.423961   data required time
                                             -0.500022   data arrival time
---------------------------------------------------------------------------------------------
                                              0.076060   slack (MET)


Startpoint: rst (input port clocked by in_clk)
Endpoint: _31_ (removal check against rising-edge clock in_clk)
Path Group: asynchronous
Path Type: min

Fanout         Cap        Slew       Delay        Time   Description
---------------------------------------------------------------------------------------------
                      0.150000    0.000000    0.000000   clock in_clk (rise edge)
                                  0.000000    0.000000   clock network delay (ideal)
                                  0.500000    0.500000 ^ input external delay
     6    0.043267    0.000022    0.000022    0.500022 ^ rst (in)
                                                         rst (net)
                      0.000022    0.000000    0.500022 ^ _31_/SETN (gf180mcu_fd_sc_mcu7t5v0__dffsnq_1)
                                              0.500022   data arrival time

                      0.150000    0.000000    0.000000   clock in_clk (rise edge)
                                  0.000000    0.000000   clock network delay (ideal)
                                  0.200000    0.200000   clock uncertainty
                                  0.000000    0.200000   clock reconvergence pessimism
                                              0.200000 ^ _31_/CLK (gf180mcu_fd_sc_mcu7t5v0__dffsnq_1)
                                  0.181000    0.381000   library removal time
                                              0.381000   data required time
---------------------------------------------------------------------------------------------
                                              0.381000   data required time
                                             -0.500022   data arrival time
---------------------------------------------------------------------------------------------
                                              0.119022   slack (MET)


Startpoint: _34_ (rising edge-triggered flip-flop clocked by in_clk)
Endpoint: _32_ (rising edge-triggered flip-flop clocked by in_clk)
Path Group: in_clk
Path Type: min

Fanout         Cap        Slew       Delay        Time   Description
---------------------------------------------------------------------------------------------
                      0.150000    0.000000    0.000000   clock in_clk (rise edge)
                                  0.000000    0.000000   clock network delay (ideal)
                      0.150000    0.000000    0.000000 ^ _34_/CLK (gf180mcu_fd_sc_mcu7t5v0__dffrnq_1)
     6    0.025019    0.195942    0.534872    0.534872 v _34_/Q (gf180mcu_fd_sc_mcu7t5v0__dffrnq_1)
                                                         counter[0] (net)
                      0.195942    0.000000    0.534872 v _21_/A1 (gf180mcu_fd_sc_mcu7t5v0__nand2_1)
     1    0.004876    0.119635    0.114810    0.649682 ^ _21_/ZN (gf180mcu_fd_sc_mcu7t5v0__nand2_1)
                                                         _10_ (net)
                      0.119635    0.000000    0.649682 ^ _29_/A1 (gf180mcu_fd_sc_mcu7t5v0__aoi22_1)
     1    0.003038    0.072193    0.065479    0.715161 v _29_/ZN (gf180mcu_fd_sc_mcu7t5v0__aoi22_1)
                                                         _04_ (net)
                      0.072193    0.000000    0.715161 v _32_/D (gf180mcu_fd_sc_mcu7t5v0__dffrnq_1)
                                              0.715161   data arrival time

                      0.150000    0.000000    0.000000   clock in_clk (rise edge)
                                  0.000000    0.000000   clock network delay (ideal)
                                  0.200000    0.200000   clock uncertainty
                                  0.000000    0.200000   clock reconvergence pessimism
                                              0.200000 ^ _32_/CLK (gf180mcu_fd_sc_mcu7t5v0__dffrnq_1)
                                  0.109598    0.309598   library hold time
                                              0.309598   data required time
---------------------------------------------------------------------------------------------
                                              0.309598   data required time
                                             -0.715161   data arrival time
---------------------------------------------------------------------------------------------
                                              0.405563   slack (MET)


Startpoint: _33_ (rising edge-triggered flip-flop clocked by in_clk)
Endpoint: _33_ (rising edge-triggered flip-flop clocked by in_clk)
Path Group: in_clk
Path Type: min

Fanout         Cap        Slew       Delay        Time   Description
---------------------------------------------------------------------------------------------
                      0.150000    0.000000    0.000000   clock in_clk (rise edge)
                                  0.000000    0.000000   clock network delay (ideal)
                      0.150000    0.000000    0.000000 ^ _33_/CLK (gf180mcu_fd_sc_mcu7t5v0__dffrnq_1)
     2    0.039166    0.284563    0.592451    0.592451 v _33_/Q (gf180mcu_fd_sc_mcu7t5v0__dffrnq_1)
                                                         out_clk_cic (net)
                      0.284563    0.000000    0.592451 v _17_/I (gf180mcu_fd_sc_mcu7t5v0__clkinv_1)
     1    0.004828    0.128110    0.112770    0.705221 ^ _17_/ZN (gf180mcu_fd_sc_mcu7t5v0__clkinv_1)
                                                         _07_ (net)
                      0.128110    0.000000    0.705221 ^ _30_/A1 (gf180mcu_fd_sc_mcu7t5v0__aoi21_1)
     1    0.003038    0.079387    0.065733    0.770954 v _30_/ZN (gf180mcu_fd_sc_mcu7t5v0__aoi21_1)
                                                         _05_ (net)
                      0.079387    0.000000    0.770954 v _33_/D (gf180mcu_fd_sc_mcu7t5v0__dffrnq_1)
                                              0.770954   data arrival time

                      0.150000    0.000000    0.000000   clock in_clk (rise edge)
                                  0.000000    0.000000   clock network delay (ideal)
                                  0.200000    0.200000   clock uncertainty
                                  0.000000    0.200000   clock reconvergence pessimism
                                              0.200000 ^ _33_/CLK (gf180mcu_fd_sc_mcu7t5v0__dffrnq_1)
                                  0.107911    0.307911   library hold time
                                              0.307911   data required time
---------------------------------------------------------------------------------------------
                                              0.307911   data required time
                                             -0.770954   data arrival time
---------------------------------------------------------------------------------------------
                                              0.463042   slack (MET)


Startpoint: _35_ (rising edge-triggered flip-flop clocked by in_clk)
Endpoint: _34_ (rising edge-triggered flip-flop clocked by in_clk)
Path Group: in_clk
Path Type: min

Fanout         Cap        Slew       Delay        Time   Description
---------------------------------------------------------------------------------------------
                      0.150000    0.000000    0.000000   clock in_clk (rise edge)
                                  0.000000    0.000000   clock network delay (ideal)
                      0.150000    0.000000    0.000000 ^ _35_/CLK (gf180mcu_fd_sc_mcu7t5v0__dffrnq_1)
     8    0.032743    0.399534    0.729894    0.729894 ^ _35_/Q (gf180mcu_fd_sc_mcu7t5v0__dffrnq_1)
                                                         counter[1] (net)
                      0.399534    0.000000    0.729894 ^ _19_/A2 (gf180mcu_fd_sc_mcu7t5v0__aoi21_1)
     1    0.003038    0.129308    0.059024    0.788918 v _19_/ZN (gf180mcu_fd_sc_mcu7t5v0__aoi21_1)
                                                         _00_ (net)
                      0.129308    0.000000    0.788918 v _34_/D (gf180mcu_fd_sc_mcu7t5v0__dffrnq_1)
                                              0.788918   data arrival time

                      0.150000    0.000000    0.000000   clock in_clk (rise edge)
                                  0.000000    0.000000   clock network delay (ideal)
                                  0.200000    0.200000   clock uncertainty
                                  0.000000    0.200000   clock reconvergence pessimism
                                              0.200000 ^ _34_/CLK (gf180mcu_fd_sc_mcu7t5v0__dffrnq_1)
                                  0.097024    0.297024   library hold time
                                              0.297024   data required time
---------------------------------------------------------------------------------------------
                                              0.297024   data required time
                                             -0.788918   data arrival time
---------------------------------------------------------------------------------------------
                                              0.491894   slack (MET)


Startpoint: _35_ (rising edge-triggered flip-flop clocked by in_clk)
Endpoint: _31_ (rising edge-triggered flip-flop clocked by in_clk)
Path Group: in_clk
Path Type: min

Fanout         Cap        Slew       Delay        Time   Description
---------------------------------------------------------------------------------------------
                      0.150000    0.000000    0.000000   clock in_clk (rise edge)
                                  0.000000    0.000000   clock network delay (ideal)
                      0.150000    0.000000    0.000000 ^ _35_/CLK (gf180mcu_fd_sc_mcu7t5v0__dffrnq_1)
     8    0.032743    0.243735    0.566440    0.566440 v _35_/Q (gf180mcu_fd_sc_mcu7t5v0__dffrnq_1)
                                                         counter[1] (net)
                      0.243735    0.000000    0.566440 v _27_/A2 (gf180mcu_fd_sc_mcu7t5v0__oai21_1)
     1    0.002661    0.140917    0.139642    0.706082 ^ _27_/ZN (gf180mcu_fd_sc_mcu7t5v0__oai21_1)
                                                         _03_ (net)
                      0.140917    0.000000    0.706082 ^ _31_/D (gf180mcu_fd_sc_mcu7t5v0__dffsnq_1)
                                              0.706082   data arrival time

                      0.150000    0.000000    0.000000   clock in_clk (rise edge)
                                  0.000000    0.000000   clock network delay (ideal)
                                  0.200000    0.200000   clock uncertainty
                                  0.000000    0.200000   clock reconvergence pessimism
                                              0.200000 ^ _31_/CLK (gf180mcu_fd_sc_mcu7t5v0__dffsnq_1)
                                 -0.000027    0.199973   library hold time
                                              0.199973   data required time
---------------------------------------------------------------------------------------------
                                              0.199973   data required time
                                             -0.706082   data arrival time
---------------------------------------------------------------------------------------------
                                              0.506109   slack (MET)


Startpoint: _36_ (rising edge-triggered flip-flop clocked by in_clk)
Endpoint: _36_ (rising edge-triggered flip-flop clocked by in_clk)
Path Group: in_clk
Path Type: min

Fanout         Cap        Slew       Delay        Time   Description
---------------------------------------------------------------------------------------------
                      0.150000    0.000000    0.000000   clock in_clk (rise edge)
                                  0.000000    0.000000   clock network delay (ideal)
                      0.150000    0.000000    0.000000 ^ _36_/CLK (gf180mcu_fd_sc_mcu7t5v0__dffrnq_1)
     8    0.039580    0.287256    0.594114    0.594114 v _36_/Q (gf180mcu_fd_sc_mcu7t5v0__dffrnq_1)
                                                         counter[2] (net)
                      0.287256    0.000000    0.594114 v _25_/S (gf180mcu_fd_sc_mcu7t5v0__mux2_2)
     1    0.003038    0.070123    0.239745    0.833859 v _25_/Z (gf180mcu_fd_sc_mcu7t5v0__mux2_2)
                                                         _02_ (net)
                      0.070123    0.000000    0.833859 v _36_/D (gf180mcu_fd_sc_mcu7t5v0__dffrnq_1)
                                              0.833859   data arrival time

                      0.150000    0.000000    0.000000   clock in_clk (rise edge)
                                  0.000000    0.000000   clock network delay (ideal)
                                  0.200000    0.200000   clock uncertainty
                                  0.000000    0.200000   clock reconvergence pessimism
                                              0.200000 ^ _36_/CLK (gf180mcu_fd_sc_mcu7t5v0__dffrnq_1)
                                  0.110083    0.310083   library hold time
                                              0.310083   data required time
---------------------------------------------------------------------------------------------
                                              0.310083   data required time
                                             -0.833859   data arrival time
---------------------------------------------------------------------------------------------
                                              0.523777   slack (MET)


Startpoint: _34_ (rising edge-triggered flip-flop clocked by in_clk)
Endpoint: _35_ (rising edge-triggered flip-flop clocked by in_clk)
Path Group: in_clk
Path Type: min

Fanout         Cap        Slew       Delay        Time   Description
---------------------------------------------------------------------------------------------
                      0.150000    0.000000    0.000000   clock in_clk (rise edge)
                                  0.000000    0.000000   clock network delay (ideal)
                      0.150000    0.000000    0.000000 ^ _34_/CLK (gf180mcu_fd_sc_mcu7t5v0__dffrnq_1)
     6    0.025019    0.195942    0.534872    0.534872 v _34_/Q (gf180mcu_fd_sc_mcu7t5v0__dffrnq_1)
                                                         counter[0] (net)
                      0.195942    0.000000    0.534872 v _23_/A1 (gf180mcu_fd_sc_mcu7t5v0__nor2_1)
     2    0.008735    0.237808    0.184061    0.718933 ^ _23_/ZN (gf180mcu_fd_sc_mcu7t5v0__nor2_1)
                                                         _12_ (net)
                      0.237808    0.000000    0.718933 ^ _24_/A3 (gf180mcu_fd_sc_mcu7t5v0__nor3_1)
     1    0.003038    0.108472    0.117974    0.836906 v _24_/ZN (gf180mcu_fd_sc_mcu7t5v0__nor3_1)
                                                         _01_ (net)
                      0.108472    0.000000    0.836906 v _35_/D (gf180mcu_fd_sc_mcu7t5v0__dffrnq_1)
                                              0.836906   data arrival time

                      0.150000    0.000000    0.000000   clock in_clk (rise edge)
                                  0.000000    0.000000   clock network delay (ideal)
                                  0.200000    0.200000   clock uncertainty
                                  0.000000    0.200000   clock reconvergence pessimism
                                              0.200000 ^ _35_/CLK (gf180mcu_fd_sc_mcu7t5v0__dffrnq_1)
                                  0.101324    0.301324   library hold time
                                              0.301324   data required time
---------------------------------------------------------------------------------------------
                                              0.301324   data required time
                                             -0.836906   data arrival time
---------------------------------------------------------------------------------------------
                                              0.535583   slack (MET)


Startpoint: _32_ (rising edge-triggered flip-flop clocked by in_clk)
Endpoint: out_clk2 (output port clocked by in_clk)
Path Group: in_clk
Path Type: min

Fanout         Cap        Slew       Delay        Time   Description
---------------------------------------------------------------------------------------------
                      0.150000    0.000000    0.000000   clock in_clk (rise edge)
                                  0.000000    0.000000   clock network delay (ideal)
                      0.150000    0.000000    0.000000 ^ _32_/CLK (gf180mcu_fd_sc_mcu7t5v0__dffrnq_1)
     2    0.039166    0.284563    0.592451    0.592451 v _32_/Q (gf180mcu_fd_sc_mcu7t5v0__dffrnq_1)
                                                         out_clk2 (net)
                      0.284563    0.000000    0.592451 v out_clk2 (out)
                                              0.592451   data arrival time

                      0.150000    0.000000    0.000000   clock in_clk (rise edge)
                                  0.000000    0.000000   clock network delay (ideal)
                                  0.200000    0.200000   clock uncertainty
                                  0.000000    0.200000   clock reconvergence pessimism
                                 -0.500000   -0.300000   output external delay
                                             -0.300000   data required time
---------------------------------------------------------------------------------------------
                                             -0.300000   data required time
                                             -0.592451   data arrival time
---------------------------------------------------------------------------------------------
                                              0.892451   slack (MET)


Startpoint: _33_ (rising edge-triggered flip-flop clocked by in_clk)
Endpoint: out_clk_cic (output port clocked by in_clk)
Path Group: in_clk
Path Type: min

Fanout         Cap        Slew       Delay        Time   Description
---------------------------------------------------------------------------------------------
                      0.150000    0.000000    0.000000   clock in_clk (rise edge)
                                  0.000000    0.000000   clock network delay (ideal)
                      0.150000    0.000000    0.000000 ^ _33_/CLK (gf180mcu_fd_sc_mcu7t5v0__dffrnq_1)
     2    0.039166    0.284563    0.592451    0.592451 v _33_/Q (gf180mcu_fd_sc_mcu7t5v0__dffrnq_1)
                                                         out_clk_cic (net)
                      0.284563    0.000000    0.592451 v out_clk_cic (out)
                                              0.592451   data arrival time

                      0.150000    0.000000    0.000000   clock in_clk (rise edge)
                                  0.000000    0.000000   clock network delay (ideal)
                                  0.200000    0.200000   clock uncertainty
                                  0.000000    0.200000   clock reconvergence pessimism
                                 -0.500000   -0.300000   output external delay
                                             -0.300000   data required time
---------------------------------------------------------------------------------------------
                                             -0.300000   data required time
                                             -0.592451   data arrival time
---------------------------------------------------------------------------------------------
                                              0.892451   slack (MET)


Startpoint: _31_ (rising edge-triggered flip-flop clocked by in_clk)
Endpoint: out_clk1 (output port clocked by in_clk)
Path Group: in_clk
Path Type: min

Fanout         Cap        Slew       Delay        Time   Description
---------------------------------------------------------------------------------------------
                      0.150000    0.000000    0.000000   clock in_clk (rise edge)
                                  0.000000    0.000000   clock network delay (ideal)
                      0.150000    0.000000    0.000000 ^ _31_/CLK (gf180mcu_fd_sc_mcu7t5v0__dffsnq_1)
     2    0.039260    0.290306    0.640126    0.640126 v _31_/Q (gf180mcu_fd_sc_mcu7t5v0__dffsnq_1)
                                                         out_clk1 (net)
                      0.290306    0.000000    0.640126 v out_clk1 (out)
                                              0.640126   data arrival time

                      0.150000    0.000000    0.000000   clock in_clk (rise edge)
                                  0.000000    0.000000   clock network delay (ideal)
                                  0.200000    0.200000   clock uncertainty
                                  0.000000    0.200000   clock reconvergence pessimism
                                 -0.500000   -0.300000   output external delay
                                             -0.300000   data required time
---------------------------------------------------------------------------------------------
                                             -0.300000   data required time
                                             -0.640126   data arrival time
---------------------------------------------------------------------------------------------
                                              0.940126   slack (MET)


Startpoint: _32_ (rising edge-triggered flip-flop clocked by in_clk)
Endpoint: out_clk2B (output port clocked by in_clk)
Path Group: in_clk
Path Type: min

Fanout         Cap        Slew       Delay        Time   Description
---------------------------------------------------------------------------------------------
                      0.150000    0.000000    0.000000   clock in_clk (rise edge)
                                  0.000000    0.000000   clock network delay (ideal)
                      0.150000    0.000000    0.000000 ^ _32_/CLK (gf180mcu_fd_sc_mcu7t5v0__dffrnq_1)
     2    0.039166    0.284563    0.592451    0.592451 v _32_/Q (gf180mcu_fd_sc_mcu7t5v0__dffrnq_1)
                                                         out_clk2 (net)
                      0.284563    0.000000    0.592451 v _16_/I (gf180mcu_fd_sc_mcu7t5v0__clkinv_1)
     2    0.039674    0.468209    0.342718    0.935169 ^ _16_/ZN (gf180mcu_fd_sc_mcu7t5v0__clkinv_1)
                                                         out_clk2B (net)
                      0.468209    0.000000    0.935169 ^ out_clk2B (out)
                                              0.935169   data arrival time

                      0.150000    0.000000    0.000000   clock in_clk (rise edge)
                                  0.000000    0.000000   clock network delay (ideal)
                                  0.200000    0.200000   clock uncertainty
                                  0.000000    0.200000   clock reconvergence pessimism
                                 -0.500000   -0.300000   output external delay
                                             -0.300000   data required time
---------------------------------------------------------------------------------------------
                                             -0.300000   data required time
                                             -0.935169   data arrival time
---------------------------------------------------------------------------------------------
                                              1.235169   slack (MET)



