Clock: clk_div
Sources: clk 
Generated: yes
Virtual: yes
Propagated: no
Period: 0.000000

===========================================================================
report_clock_properties
============================================================================
Clock                   Period          Waveform
----------------------------------------------------

===========================================================================
report_clock_latency
============================================================================
Clock clk_div
rise -> rise
    min     max
0.000000 0.000000 source latency
0.605517         network latency _2112_/CLK
        0.617012 network latency _2148_/CLK
---------------
0.605517 0.617012 latency
        0.011495 skew

fall -> fall
    min     max
0.000000 0.000000 source latency
0.610062         network latency _2112_/CLK
        0.622342 network latency _2148_/CLK
---------------
0.610062 0.622342 latency
        0.012280 skew



===========================================================================
report_clock_min_period
============================================================================
clk_div period_min = 0.00 fmax = inf
