
===========================================================================
 report_power
============================================================================
======================= min_ss_125C_4v50 Corner ===================================

Group                    Internal    Switching      Leakage        Total
                            Power        Power        Power        Power (Watts)
------------------------------------------------------------------------
Sequential           2.265527e-04 0.000000e+00 7.591208e-09 2.265603e-04  23.5%
Combinational        1.980934e-06 4.007033e-06 1.339155e-08 6.001358e-06   0.6%
Clock                6.126645e-04 1.179151e-04 1.175538e-07 7.306971e-04  75.9%
Macro                0.000000e+00 0.000000e+00 0.000000e+00 0.000000e+00   0.0%
Pad                  0.000000e+00 0.000000e+00 0.000000e+00 0.000000e+00   0.0%
------------------------------------------------------------------------
Total                8.411981e-04 1.219221e-04 1.385365e-07 9.632588e-04 100.0%
                            87.3%        12.7%         0.0%

