Clock: in_clk
Sources: in_clk 
Generated: no
Virtual: yes
Propagated: no
Period: 13.563000

===========================================================================
report_clock_properties
============================================================================
Clock                   Period          Waveform
----------------------------------------------------
in_clk               13.563000    0.000000  6.781500

===========================================================================
report_clock_latency
============================================================================
Clock in_clk
rise -> rise
    min     max
0.000000 0.000000 source latency
0.287923         network latency _33_/CLK
        0.289850 network latency _36_/CLK
---------------
0.287923 0.289850 latency
        0.001927 skew

fall -> fall
    min     max
0.000000 0.000000 source latency
0.279559         network latency _33_/CLK
        0.281600 network latency _36_/CLK
---------------
0.279559 0.281600 latency
        0.002041 skew



===========================================================================
report_clock_min_period
============================================================================
in_clk period_min = 1.59 fmax = 628.04
