Starting…
Running 'Verilator.Lint' at 'runs/RUN_2026-08-25_07-54-55/01-verilator-lint'…
Logging subprocess to [repr.filename]'runs/RUN_2026-08-25_07-54-55/01-verilator-lint/verilator-lint.log'[/repr.filename]…
Running 'Checker.LintTimingConstructs' at 'runs/RUN_2026-08-25_07-54-55/02-checker-linttimingconstructs'…
Check for Lint Timing Errors clear.
Running 'Checker.LintErrors' at 'runs/RUN_2026-08-25_07-54-55/03-checker-linterrors'…
Check for Lint errors clear.
Running 'Checker.LintWarnings' at 'runs/RUN_2026-08-25_07-54-55/04-checker-lintwarnings'…
1 Lint warnings found.
Running 'Yosys.JsonHeader' at 'runs/RUN_2026-08-25_07-54-55/05-yosys-jsonheader'…
Logging subprocess to [repr.filename]'runs/RUN_2026-08-25_07-54-55/05-yosys-jsonheader/yosys-jsonheader.log'[/repr.filename]…
Running 'Yosys.Synthesis' at 'runs/RUN_2026-08-25_07-54-55/06-yosys-synthesis'…
Logging subprocess to [repr.filename]'runs/RUN_2026-08-25_07-54-55/06-yosys-synthesis/yosys-synthesis.log'[/repr.filename]…
Parsing synthesis checks…
Running 'Checker.YosysUnmappedCells' at 'runs/RUN_2026-08-25_07-54-55/07-checker-yosysunmappedcells'…
Check for Unmapped Yosys instances clear.
Running 'Checker.YosysSynthChecks' at 'runs/RUN_2026-08-25_07-54-55/08-checker-yosyssynthchecks'…
Check for Yosys check errors clear.
Running 'Checker.NetlistAssignStatements' at 'runs/RUN_2026-08-25_07-54-55/09-checker-netlistassignstatements'…
Running 'OpenROAD.CheckSDCFiles' at 'runs/RUN_2026-08-25_07-54-55/10-openroad-checksdcfiles'…
Running 'OpenROAD.CheckMacroInstances' at 'runs/RUN_2026-08-25_07-54-55/11-openroad-checkmacroinstances'…
No macros found, skipping instance check…
Running 'OpenROAD.STAPrePNR' at 'runs/RUN_2026-08-25_07-54-55/12-openroad-staprepnr'…
Starting STA for the nom_tt_025C_5v00 timing corner…
Starting STA for the nom_ss_125C_4v50 timing corner…
Starting STA for the nom_ff_n40C_5v50 timing corner…
Skipping corner min_tt_025C_5v00 for STA (identical to nom_tt_025C_5v00 at this stage)…
Skipping corner min_ss_125C_4v50 for STA (identical to nom_ss_125C_4v50 at this stage)…
Skipping corner min_ff_n40C_5v50 for STA (identical to nom_ff_n40C_5v50 at this stage)…
Skipping corner max_tt_025C_5v00 for STA (identical to nom_tt_025C_5v00 at this stage)…
Skipping corner max_ss_125C_4v50 for STA (identical to nom_ss_125C_4v50 at this stage)…
Skipping corner max_ff_n40C_5v50 for STA (identical to nom_ff_n40C_5v50 at this stage)…
Logging subprocess to [repr.filename]'runs/RUN_2026-08-25_07-54-55/12-openroad-staprepnr/nom_tt_025C_5v00/sta.log'[/repr.filename]…
Logging subprocess to [repr.filename]'runs/RUN_2026-08-25_07-54-55/12-openroad-staprepnr/nom_ss_125C_4v50/sta.log'[/repr.filename]…
Logging subprocess to [repr.filename]'runs/RUN_2026-08-25_07-54-55/12-openroad-staprepnr/nom_ff_n40C_5v50/sta.log'[/repr.filename]…
Finished STA for the nom_ss_125C_4v50 timing corner.
Finished STA for the nom_ff_n40C_5v50 timing corner.
Finished STA for the nom_tt_025C_5v00 timing corner.
Running 'OpenROAD.Floorplan' at 'runs/RUN_2026-08-25_07-54-55/13-openroad-floorplan'…
Logging subprocess to [repr.filename]'runs/RUN_2026-08-25_07-54-55/13-openroad-floorplan/openroad-floorplan.log'[/repr.filename]…
[STA-0345] resistance scale 1e+03 does not match library scale 1e+00.
Running 'OpenROAD.DumpRCValues' at 'runs/RUN_2026-08-25_07-54-55/14-openroad-dumprcvalues'…
Logging subprocess to [repr.filename]'runs/RUN_2026-08-25_07-54-55/14-openroad-dumprcvalues/openroad-dumprcvalues.log'[/repr.filename]…
Running 'Odb.CheckMacroAntennaProperties' at 'runs/RUN_2026-08-25_07-54-55/15-odb-checkmacroantennaproperties'…
No cells provided, skipping 'Odb.CheckMacroAntennaProperties'…
Running 'Odb.SetPowerConnections' at 'runs/RUN_2026-08-25_07-54-55/16-odb-setpowerconnections'…
Logging subprocess to [repr.filename]'runs/RUN_2026-08-25_07-54-55/16-odb-setpowerconnections/odb-setpowerconnections.log'[/repr.filename]…
Running 'Odb.ManualMacroPlacement' at 'runs/RUN_2026-08-25_07-54-55/17-odb-manualmacroplacement'…
No instances found, skipping 'Odb.ManualMacroPlacement'…
Running 'OpenROAD.CutRows' at 'runs/RUN_2026-08-25_07-54-55/18-openroad-cutrows'…
Logging subprocess to [repr.filename]'runs/RUN_2026-08-25_07-54-55/18-openroad-cutrows/openroad-cutrows.log'[/repr.filename]…
[STA-0345] resistance scale 1e+03 does not match library scale 1e+00.
Running 'OpenROAD.TapEndcapInsertion' at 'runs/RUN_2026-08-25_07-54-55/19-openroad-tapendcapinsertion'…
Logging subprocess to [repr.filename]'runs/RUN_2026-08-25_07-54-55/19-openroad-tapendcapinsertion/openroad-tapendcapinsertion.log'[/repr.filename]…
[STA-0345] resistance scale 1e+03 does not match library scale 1e+00.
Running 'Odb.AddPDNObstructions' at 'runs/RUN_2026-08-25_07-54-55/20-odb-addpdnobstructions'…
'PDN_OBSTRUCTIONS' is not defined. Skipping 'Odb.AddPDNObstructions'…
Running 'OpenROAD.GeneratePDN' at 'runs/RUN_2026-08-25_07-54-55/21-openroad-generatepdn'…
'PDN_CFG' not explicitly set, setting it to /usr/local/lib/python3.12/dist-packages/librelane/scripts/openroad/common/pdn_cfg.tcl…
Logging subprocess to [repr.filename]'runs/RUN_2026-08-25_07-54-55/21-openroad-generatepdn/openroad-generatepdn.log'[/repr.filename]…
[STA-0345] resistance scale 1e+03 does not match library scale 1e+00.
Running 'Odb.RemovePDNObstructions' at 'runs/RUN_2026-08-25_07-54-55/22-odb-removepdnobstructions'…
'PDN_OBSTRUCTIONS' is not defined. Skipping 'Odb.RemovePDNObstructions'…
Running 'Odb.AddRoutingObstructions' at 'runs/RUN_2026-08-25_07-54-55/23-odb-addroutingobstructions'…
'ROUTING_OBSTRUCTIONS' is not defined. Skipping 'Odb.AddRoutingObstructions'…
Running 'OpenROAD.GlobalPlacementSkipIO' at 'runs/RUN_2026-08-25_07-54-55/24-openroad-globalplacementskipio'…
Logging subprocess to [repr.filename]'runs/RUN_2026-08-25_07-54-55/24-openroad-globalplacementskipio/openroad-globalplacementskipio.log'[/repr.filename]…
[STA-0345] resistance scale 1e+03 does not match library scale 1e+00.
[GPL-0301] Utilization 100.416 % exceeds 100%.
