
===========================================================================
report_checks -unconstrained
===========================================================================
======================= nom_tt_025C_5v00 Corner ===================================

Startpoint: rst (input port clocked by clk)
Endpoint: _2151_ (recovery check against rising-edge clock clk)
Path Group: asynchronous
Path Type: max

Fanout         Cap        Slew       Delay        Time   Description
---------------------------------------------------------------------------------------------
                                  0.000000    0.000000   clock clk (rise edge)
                                  0.000000    0.000000   clock network delay (propagated)
                                 10.000000   10.000000 ^ input external delay
   220    1.745123    0.000000    0.000000   10.000000 ^ rst (in)
                                                         rst (net)
                      0.083275    0.034063   10.034062 ^ _2151_/RN (gf180mcu_fd_sc_mcu7t5v0__dffrnq_1)
                                             10.034062   data arrival time

                                 81.379997   81.379997   clock clk (rise edge)
                                  0.000000   81.379997   clock source latency
    83    0.353267    0.000000    0.000000   81.379997 ^ clk (in)
                                                         clk (net)
                      0.001104    0.000455   81.380455 ^ _2151_/CLK (gf180mcu_fd_sc_mcu7t5v0__dffrnq_1)
                                 -0.250000   81.130455   clock uncertainty
                                  0.000000   81.130455   clock reconvergence pessimism
                                  0.197351   81.327805   library recovery time
                                             81.327805   data required time
---------------------------------------------------------------------------------------------
                                             81.327805   data required time
                                            -10.034062   data arrival time
---------------------------------------------------------------------------------------------
                                             71.293739   slack (MET)


Startpoint: in_cic (input port clocked by clk)
Endpoint: _2144_ (rising edge-triggered flip-flop clocked by clk)
Path Group: clk
Path Type: max

Fanout         Cap        Slew       Delay        Time   Description
---------------------------------------------------------------------------------------------
                                  0.000000    0.000000   clock clk (rise edge)
                                  0.000000    0.000000   clock network delay (propagated)
                                 10.000000   10.000000 ^ input external delay
     4    0.020736    0.000000    0.000000   10.000000 ^ in_cic (in)
                                                         in_cic (net)
                      0.000170    0.000069   10.000070 ^ _1519_/A4 (gf180mcu_fd_sc_mcu7t5v0__and4_1)
     5    0.026088    0.516348    0.714564   10.714634 ^ _1519_/Z (gf180mcu_fd_sc_mcu7t5v0__and4_1)
                                                         _0908_ (net)
                      0.516348    0.000223   10.714857 ^ _1526_/A4 (gf180mcu_fd_sc_mcu7t5v0__nand4_1)
     2    0.012975    0.562607    0.326692   11.041549 v _1526_/ZN (gf180mcu_fd_sc_mcu7t5v0__nand4_1)
                                                         _0912_ (net)
                      0.562607    0.000059   11.041607 v _1530_/A3 (gf180mcu_fd_sc_mcu7t5v0__nor3_1)
     8    0.038672    1.904404    1.174284   12.215891 ^ _1530_/ZN (gf180mcu_fd_sc_mcu7t5v0__nor3_1)
                                                         _0914_ (net)
                      1.904404    0.000308   12.216199 ^ _1551_/A2 (gf180mcu_fd_sc_mcu7t5v0__and4_1)
     6    0.033778    0.646169    0.945541   13.161739 ^ _1551_/Z (gf180mcu_fd_sc_mcu7t5v0__and4_1)
                                                         _0927_ (net)
                      0.646169    0.000598   13.162337 ^ _1561_/A3 (gf180mcu_fd_sc_mcu7t5v0__and4_1)
     5    0.026135    0.516467    0.733064   13.895402 ^ _1561_/Z (gf180mcu_fd_sc_mcu7t5v0__and4_1)
                                                         _0933_ (net)
                      0.516467    0.000186   13.895587 ^ _1566_/A3 (gf180mcu_fd_sc_mcu7t5v0__nand3_1)
     3    0.014811    0.459543    0.285887   14.181474 v _1566_/ZN (gf180mcu_fd_sc_mcu7t5v0__nand3_1)
                                                         _0936_ (net)
                      0.459543    0.000118   14.181592 v _1574_/A1 (gf180mcu_fd_sc_mcu7t5v0__or3_1)
     1    0.004729    0.226905    0.650350   14.831943 v _1574_/Z (gf180mcu_fd_sc_mcu7t5v0__or3_1)
                                                         _0941_ (net)
                      0.226905    0.000004   14.831946 v _1575_/A2 (gf180mcu_fd_sc_mcu7t5v0__nand2_1)
     1    0.003122    0.170449    0.159974   14.991921 ^ _1575_/ZN (gf180mcu_fd_sc_mcu7t5v0__nand2_1)
                                                         _0078_ (net)
                      0.170449    0.000002   14.991922 ^ _2144_/D (gf180mcu_fd_sc_mcu7t5v0__dffrnq_1)
                                             14.991922   data arrival time

                                 81.379997   81.379997   clock clk (rise edge)
                                  0.000000   81.379997   clock source latency
    83    0.353267    0.000000    0.000000   81.379997 ^ clk (in)
                                                         clk (net)
                      0.002566    0.001052   81.381050 ^ _2144_/CLK (gf180mcu_fd_sc_mcu7t5v0__dffrnq_1)
                                 -0.250000   81.131050   clock uncertainty
                                  0.000000   81.131050   clock reconvergence pessimism
                                 -0.332120   80.798927   library setup time
                                             80.798927   data required time
---------------------------------------------------------------------------------------------
                                             80.798927   data required time
                                            -14.991922   data arrival time
---------------------------------------------------------------------------------------------
                                             65.806999   slack (MET)


Startpoint: in_cic (input port clocked by clk)
Endpoint: _2144_ (rising edge-triggered flip-flop clocked by clk_div)
Path Group: clk_div
Path Type: max

Fanout         Cap        Slew       Delay        Time   Description
---------------------------------------------------------------------------------------------
                               20751.898438 20751.898438   clock clk (rise edge)
                                  0.000000 20751.898438   clock network delay (propagated)
                                 10.000000 20761.900391 ^ input external delay
     4    0.020736    0.000000    0.000000 20761.900391 ^ in_cic (in)
                                                         in_cic (net)
                      0.000170    0.000000 20761.900391 ^ _1519_/A4 (gf180mcu_fd_sc_mcu7t5v0__and4_1)
     5    0.026088    0.516348    0.713044 20762.613281 ^ _1519_/Z (gf180mcu_fd_sc_mcu7t5v0__and4_1)
                                                         _0908_ (net)
                      0.516348    0.001819 20762.615234 ^ _1526_/A4 (gf180mcu_fd_sc_mcu7t5v0__nand4_1)
     2    0.012975    0.562607    0.325599 20762.941406 v _1526_/ZN (gf180mcu_fd_sc_mcu7t5v0__nand4_1)
                                                         _0912_ (net)
                      0.562607    0.000000 20762.941406 v _1530_/A3 (gf180mcu_fd_sc_mcu7t5v0__nor3_1)
     8    0.038672    1.904404    1.175067 20764.115234 ^ _1530_/ZN (gf180mcu_fd_sc_mcu7t5v0__nor3_1)
                                                         _0914_ (net)
                      1.904404    0.000000 20764.115234 ^ _1551_/A2 (gf180mcu_fd_sc_mcu7t5v0__and4_1)
     6    0.033778    0.646169    0.945875 20765.062500 ^ _1551_/Z (gf180mcu_fd_sc_mcu7t5v0__and4_1)
                                                         _0927_ (net)
                      0.646169    0.000000 20765.062500 ^ _1561_/A3 (gf180mcu_fd_sc_mcu7t5v0__and4_1)
     5    0.026135    0.516467    0.733053 20765.794922 ^ _1561_/Z (gf180mcu_fd_sc_mcu7t5v0__and4_1)
                                                         _0933_ (net)
                      0.516467    0.000000 20765.794922 ^ _1566_/A3 (gf180mcu_fd_sc_mcu7t5v0__nand3_1)
     3    0.014811    0.459543    0.285581 20766.080078 v _1566_/ZN (gf180mcu_fd_sc_mcu7t5v0__nand3_1)
                                                         _0936_ (net)
                      0.459543    0.000000 20766.080078 v _1574_/A1 (gf180mcu_fd_sc_mcu7t5v0__or3_1)
     1    0.004729    0.226905    0.651198 20766.730469 v _1574_/Z (gf180mcu_fd_sc_mcu7t5v0__or3_1)
                                                         _0941_ (net)
                      0.226905    0.000000 20766.730469 v _1575_/A2 (gf180mcu_fd_sc_mcu7t5v0__nand2_1)
     1    0.003122    0.170449    0.160071 20766.890625 ^ _1575_/ZN (gf180mcu_fd_sc_mcu7t5v0__nand2_1)
                                                         _0078_ (net)
                      0.170449    0.000000 20766.890625 ^ _2144_/D (gf180mcu_fd_sc_mcu7t5v0__dffrnq_1)
                                           20766.890625   data arrival time

                               20833.279297 20833.279297   clock clk_div (rise edge)
                                  0.000000 20833.279297   clock source latency
    83    0.353267    0.000000    0.000000 20833.279297 ^ clk (in)
                                                         clk (net)
                      0.002566    0.001819 20833.281250 ^ _2144_/CLK (gf180mcu_fd_sc_mcu7t5v0__dffrnq_1)
                                 -0.250000 20833.031250   clock uncertainty
                                  0.000000 20833.031250   clock reconvergence pessimism
                                 -0.332120 20832.699219   library setup time
                                           20832.699219   data required time
---------------------------------------------------------------------------------------------
                                           20832.699219   data required time
                                           -20766.890625   data arrival time
---------------------------------------------------------------------------------------------
                                             65.806999   slack (MET)




===========================================================================
report_checks --slack_max -0.01
============================================================================
======================= nom_tt_025C_5v00 Corner ===================================

No paths found.


===========================================================================
 report_check_types -max_slew -max_cap -max_fanout -violators
============================================================================
======================= nom_tt_025C_5v00 Corner ===================================

max slew

Pin                                        Limit        Slew       Slack
------------------------------------------------------------------------
_2153_/CLKN                             4.000000    9.041816   -5.041816 (VIOLATED)
_2154_/CLKN                             4.000000    9.041815   -5.041815 (VIOLATED)
_2155_/CLKN                             4.000000    9.041815   -5.041815 (VIOLATED)
_2156_/CLKN                             4.000000    9.041815   -5.041815 (VIOLATED)
_2157_/CLKN                             4.000000    9.041814   -5.041814 (VIOLATED)
_2158_/CLKN                             4.000000    9.041813   -5.041813 (VIOLATED)
_2159_/CLKN                             4.000000    9.041811   -5.041811 (VIOLATED)
_2215_/CLKN                             4.000000    9.041816   -5.041816 (VIOLATED)
_2216_/CLKN                             4.000000    9.041816   -5.041816 (VIOLATED)
_2217_/CLKN                             4.000000    9.041815   -5.041815 (VIOLATED)
_2218_/CLKN                             4.000000    9.041815   -5.041815 (VIOLATED)
_2219_/CLKN                             4.000000    9.041815   -5.041815 (VIOLATED)
_2160_/CLKN                             4.000000    9.041808   -5.041809 (VIOLATED)
_2220_/CLKN                             4.000000    9.041813   -5.041813 (VIOLATED)
_2161_/CLKN                             4.000000    9.041806   -5.041806 (VIOLATED)
_2162_/CLKN                             4.000000    9.041808   -5.041809 (VIOLATED)
_2163_/CLKN                             4.000000    9.041808   -5.041809 (VIOLATED)
_2221_/CLKN                             4.000000    9.041811   -5.041811 (VIOLATED)
_2222_/CLKN                             4.000000    9.041810   -5.041810 (VIOLATED)
_2223_/CLKN                             4.000000    9.041804   -5.041804 (VIOLATED)
_2224_/CLKN                             4.000000    9.041804   -5.041804 (VIOLATED)
_2225_/CLKN                             4.000000    9.041805   -5.041805 (VIOLATED)
_2164_/CLKN                             4.000000    9.041800   -5.041800 (VIOLATED)
_2165_/CLKN                             4.000000    9.041800   -5.041800 (VIOLATED)
_2226_/CLKN                             4.000000    9.041803   -5.041803 (VIOLATED)
_2166_/CLKN                             4.000000    9.041796   -5.041796 (VIOLATED)
_2227_/CLKN                             4.000000    9.041800   -5.041800 (VIOLATED)
_2167_/CLKN                             4.000000    9.041793   -5.041792 (VIOLATED)
_2228_/CLKN                             4.000000    9.041796   -5.041796 (VIOLATED)
_2168_/CLKN                             4.000000    9.041788   -5.041788 (VIOLATED)
_2190_/CLKN                             4.000000    9.041791   -5.041790 (VIOLATED)
_2191_/CLKN                             4.000000    9.041790   -5.041790 (VIOLATED)
_2192_/CLKN                             4.000000    9.041790   -5.041790 (VIOLATED)
_2193_/CLKN                             4.000000    9.041789   -5.041789 (VIOLATED)
_2229_/CLKN                             4.000000    9.041792   -5.041791 (VIOLATED)
_2230_/CLKN                             4.000000    9.041785   -5.041785 (VIOLATED)
_2265_/CLKN                             4.000000    9.041790   -5.041790 (VIOLATED)
_2266_/CLKN                             4.000000    9.041790   -5.041790 (VIOLATED)
_2267_/CLKN                             4.000000    9.041789   -5.041789 (VIOLATED)
_2268_/CLKN                             4.000000    9.041789   -5.041789 (VIOLATED)
_2269_/CLKN                             4.000000    9.041788   -5.041788 (VIOLATED)
_2169_/CLKN                             4.000000    9.041779   -5.041778 (VIOLATED)
_2170_/CLKN                             4.000000    9.041782   -5.041783 (VIOLATED)
_2194_/CLKN                             4.000000    9.041782   -5.041783 (VIOLATED)
_2195_/CLKN                             4.000000    9.041782   -5.041783 (VIOLATED)
_2196_/CLKN                             4.000000    9.041782   -5.041783 (VIOLATED)
_2270_/CLKN                             4.000000    9.041787   -5.041787 (VIOLATED)
_2197_/CLKN                             4.000000    9.041781   -5.041782 (VIOLATED)
_2198_/CLKN                             4.000000    9.041781   -5.041782 (VIOLATED)
_2199_/CLKN                             4.000000    9.041781   -5.041782 (VIOLATED)
_2271_/CLKN                             4.000000    9.041786   -5.041786 (VIOLATED)
_2200_/CLKN                             4.000000    9.041780   -5.041779 (VIOLATED)
_2201_/CLKN                             4.000000    9.041780   -5.041781 (VIOLATED)
_2272_/CLKN                             4.000000    9.041785   -5.041785 (VIOLATED)
_2273_/CLKN                             4.000000    9.041783   -5.041784 (VIOLATED)
_2274_/CLKN                             4.000000    9.041783   -5.041784 (VIOLATED)
_2231_/CLKN                             4.000000    9.041779   -5.041778 (VIOLATED)
_2232_/CLKN                             4.000000    9.041782   -5.041783 (VIOLATED)
_2171_/CLKN                             4.000000    9.041774   -5.041774 (VIOLATED)
_2202_/CLKN                             4.000000    9.041778   -5.041777 (VIOLATED)
_2275_/CLKN                             4.000000    9.041780   -5.041781 (VIOLATED)
_2276_/CLKN                             4.000000    9.041781   -5.041782 (VIOLATED)
_2203_/CLKN                             4.000000    9.041774   -5.041774 (VIOLATED)
_2233_/CLKN                             4.000000    9.041774   -5.041774 (VIOLATED)
_2277_/CLKN                             4.000000    9.041778   -5.041777 (VIOLATED)
_2204_/CLKN                             4.000000    9.041769   -5.041770 (VIOLATED)
_2234_/CLKN                             4.000000    9.041771   -5.041771 (VIOLATED)
_2235_/CLKN                             4.000000    9.041768   -5.041769 (VIOLATED)
_2278_/CLKN                             4.000000    9.041773   -5.041773 (VIOLATED)
_2172_/CLKN                             4.000000    9.041763   -5.041763 (VIOLATED)
_2173_/CLKN                             4.000000    9.041763   -5.041763 (VIOLATED)
_2174_/CLKN                             4.000000    9.041763   -5.041763 (VIOLATED)
_2175_/CLKN                             4.000000    9.041763   -5.041763 (VIOLATED)
_2205_/CLKN                             4.000000    9.041767   -5.041767 (VIOLATED)
_2279_/CLKN                             4.000000    9.041771   -5.041771 (VIOLATED)
_2178_/CLKN                             4.000000    9.041761   -5.041761 (VIOLATED)
_2179_/CLKN                             4.000000    9.041761   -5.041761 (VIOLATED)
_2180_/CLKN                             4.000000    9.041760   -5.041760 (VIOLATED)
_2181_/CLKN                             4.000000    9.041760   -5.041760 (VIOLATED)
_2182_/CLKN                             4.000000    9.041760   -5.041760 (VIOLATED)
_2183_/CLKN                             4.000000    9.041760   -5.041760 (VIOLATED)
_2206_/CLKN                             4.000000    9.041761   -5.041761 (VIOLATED)
_2207_/CLKN                             4.000000    9.041764   -5.041764 (VIOLATED)
_2236_/CLKN                             4.000000    9.041765   -5.041765 (VIOLATED)
_2280_/CLKN                             4.000000    9.041767   -5.041767 (VIOLATED)
_2237_/CLKN                             4.000000    9.041761   -5.041761 (VIOLATED)
_2281_/CLKN                             4.000000    9.041760   -5.041760 (VIOLATED)
_2282_/CLKN                             4.000000    9.041760   -5.041760 (VIOLATED)
_1153_/A1                               4.000000    9.041732   -5.041732 (VIOLATED)
_2152_/Q                                4.000000    9.041732   -5.041732 (VIOLATED)
_2176_/CLKN                             4.000000    9.041732   -5.041732 (VIOLATED)
_2177_/CLKN                             4.000000    9.041732   -5.041732 (VIOLATED)
_2184_/CLKN                             4.000000    9.041732   -5.041732 (VIOLATED)
_2185_/CLKN                             4.000000    9.041732   -5.041732 (VIOLATED)
_2186_/CLKN                             4.000000    9.041732   -5.041732 (VIOLATED)
_2187_/CLKN                             4.000000    9.041732   -5.041732 (VIOLATED)
_2188_/CLKN                             4.000000    9.041732   -5.041732 (VIOLATED)
_2189_/CLKN                             4.000000    9.041732   -5.041732 (VIOLATED)
_2208_/CLKN                             4.000000    9.041732   -5.041732 (VIOLATED)
_2209_/CLKN                             4.000000    9.041732   -5.041732 (VIOLATED)
_2210_/CLKN                             4.000000    9.041732   -5.041732 (VIOLATED)
_2211_/CLKN                             4.000000    9.041732   -5.041732 (VIOLATED)
_2212_/CLKN                             4.000000    9.041732   -5.041732 (VIOLATED)
_2213_/CLKN                             4.000000    9.041732   -5.041732 (VIOLATED)
_2214_/CLKN                             4.000000    9.041732   -5.041732 (VIOLATED)
_2238_/CLKN                             4.000000    9.041732   -5.041732 (VIOLATED)
_2239_/CLKN                             4.000000    9.041732   -5.041732 (VIOLATED)
_2240_/CLKN                             4.000000    9.041732   -5.041732 (VIOLATED)
_2241_/CLKN                             4.000000    9.041732   -5.041732 (VIOLATED)
_2242_/CLKN                             4.000000    9.041732   -5.041732 (VIOLATED)
_2243_/CLKN                             4.000000    9.041732   -5.041732 (VIOLATED)
_2244_/CLKN                             4.000000    9.041732   -5.041732 (VIOLATED)
_2245_/CLKN                             4.000000    9.041732   -5.041732 (VIOLATED)
_2246_/CLKN                             4.000000    9.041732   -5.041732 (VIOLATED)
_2247_/CLKN                             4.000000    9.041732   -5.041732 (VIOLATED)
_2248_/CLKN                             4.000000    9.041732   -5.041732 (VIOLATED)
_2249_/CLKN                             4.000000    9.041732   -5.041732 (VIOLATED)
_2250_/CLKN                             4.000000    9.041732   -5.041732 (VIOLATED)
_2251_/CLKN                             4.000000    9.041732   -5.041732 (VIOLATED)
_2252_/CLKN                             4.000000    9.041732   -5.041732 (VIOLATED)
_2253_/CLKN                             4.000000    9.041732   -5.041732 (VIOLATED)
_2254_/CLKN                             4.000000    9.041732   -5.041732 (VIOLATED)
_2255_/CLKN                             4.000000    9.041732   -5.041732 (VIOLATED)
_2256_/CLKN                             4.000000    9.041732   -5.041732 (VIOLATED)
_2257_/CLKN                             4.000000    9.041732   -5.041732 (VIOLATED)
_2258_/CLKN                             4.000000    9.041732   -5.041732 (VIOLATED)
_2259_/CLKN                             4.000000    9.041732   -5.041732 (VIOLATED)
_2260_/CLKN                             4.000000    9.041732   -5.041732 (VIOLATED)
_2261_/CLKN                             4.000000    9.041732   -5.041732 (VIOLATED)
_2262_/CLKN                             4.000000    9.041732   -5.041732 (VIOLATED)
_2263_/CLKN                             4.000000    9.041732   -5.041732 (VIOLATED)
_2264_/CLKN                             4.000000    9.041732   -5.041732 (VIOLATED)
_2283_/CLKN                             4.000000    9.041732   -5.041732 (VIOLATED)
_2284_/CLKN                             4.000000    9.041732   -5.041732 (VIOLATED)
_2285_/CLKN                             4.000000    9.041732   -5.041732 (VIOLATED)
_2286_/CLKN                             4.000000    9.041732   -5.041732 (VIOLATED)
_2287_/CLKN                             4.000000    9.041732   -5.041732 (VIOLATED)
_2288_/CLKN                             4.000000    9.041732   -5.041732 (VIOLATED)
_2289_/CLKN                             4.000000    9.041732   -5.041732 (VIOLATED)

max capacitance

Pin                                        Limit         Cap       Slack
------------------------------------------------------------------------
_2152_/Q                                0.238200    0.561997   -0.323797 (VIOLATED)



===========================================================================
report_parasitic_annotation -report_unannotated
============================================================================
Found 0 unannotated drivers.
Found 0 partially unannotated drivers.

===========================================================================
max slew violation count 139
Writing metric design__max_slew_violation__count__corner:nom_tt_025C_5v00: 139
max fanout violation count 0
Writing metric design__max_fanout_violation__count__corner:nom_tt_025C_5v00: 0
max cap violation count 1
Writing metric design__max_cap_violation__count__corner:nom_tt_025C_5v00: 1
============================================================================

===========================================================================
check_setup -verbose -unconstrained_endpoints -multiple_clock -no_clock -no_input_delay -loops -generated_clocks
===========================================================================
Warning: There are 137 unclocked register/latch pins.
  _2153_/CLKN
  _2154_/CLKN
  _2155_/CLKN
  _2156_/CLKN
  _2157_/CLKN
  _2158_/CLKN
  _2159_/CLKN
  _2160_/CLKN
  _2161_/CLKN
  _2162_/CLKN
  _2163_/CLKN
  _2164_/CLKN
  _2165_/CLKN
  _2166_/CLKN
  _2167_/CLKN
  _2168_/CLKN
  _2169_/CLKN
  _2170_/CLKN
  _2171_/CLKN
  _2172_/CLKN
  _2173_/CLKN
  _2174_/CLKN
  _2175_/CLKN
  _2176_/CLKN
  _2177_/CLKN
  _2178_/CLKN
  _2179_/CLKN
  _2180_/CLKN
  _2181_/CLKN
  _2182_/CLKN
  _2183_/CLKN
  _2184_/CLKN
  _2185_/CLKN
  _2186_/CLKN
  _2187_/CLKN
  _2188_/CLKN
  _2189_/CLKN
  _2190_/CLKN
  _2191_/CLKN
  _2192_/CLKN
  _2193_/CLKN
  _2194_/CLKN
  _2195_/CLKN
  _2196_/CLKN
  _2197_/CLKN
  _2198_/CLKN
  _2199_/CLKN
  _2200_/CLKN
  _2201_/CLKN
  _2202_/CLKN
  _2203_/CLKN
  _2204_/CLKN
  _2205_/CLKN
  _2206_/CLKN
  _2207_/CLKN
  _2208_/CLKN
  _2209_/CLKN
  _2210_/CLKN
  _2211_/CLKN
  _2212_/CLKN
  _2213_/CLKN
  _2214_/CLKN
  _2215_/CLKN
  _2216_/CLKN
  _2217_/CLKN
  _2218_/CLKN
  _2219_/CLKN
  _2220_/CLKN
  _2221_/CLKN
  _2222_/CLKN
  _2223_/CLKN
  _2224_/CLKN
  _2225_/CLKN
  _2226_/CLKN
  _2227_/CLKN
  _2228_/CLKN
  _2229_/CLKN
  _2230_/CLKN
  _2231_/CLKN
  _2232_/CLKN
  _2233_/CLKN
  _2234_/CLKN
  _2235_/CLKN
  _2236_/CLKN
  _2237_/CLKN
  _2238_/CLKN
  _2239_/CLKN
  _2240_/CLKN
  _2241_/CLKN
  _2242_/CLKN
  _2243_/CLKN
  _2244_/CLKN
  _2245_/CLKN
  _2246_/CLKN
  _2247_/CLKN
  _2248_/CLKN
  _2249_/CLKN
  _2250_/CLKN
  _2251_/CLKN
  _2252_/CLKN
  _2253_/CLKN
  _2254_/CLKN
  _2255_/CLKN
  _2256_/CLKN
  _2257_/CLKN
  _2258_/CLKN
  _2259_/CLKN
  _2260_/CLKN
  _2261_/CLKN
  _2262_/CLKN
  _2263_/CLKN
  _2264_/CLKN
  _2265_/CLKN
  _2266_/CLKN
  _2267_/CLKN
  _2268_/CLKN
  _2269_/CLKN
  _2270_/CLKN
  _2271_/CLKN
  _2272_/CLKN
  _2273_/CLKN
  _2274_/CLKN
  _2275_/CLKN
  _2276_/CLKN
  _2277_/CLKN
  _2278_/CLKN
  _2279_/CLKN
  _2280_/CLKN
  _2281_/CLKN
  _2282_/CLKN
  _2283_/CLKN
  _2284_/CLKN
  _2285_/CLKN
  _2286_/CLKN
  _2287_/CLKN
  _2288_/CLKN
  _2289_/CLKN
Warning: There are 83 register/latch pins with multiple clocks.
  _2070_/CLK
  _2071_/CLK
  _2072_/CLK
  _2073_/CLK
  _2074_/CLK
  _2075_/CLK
  _2076_/CLK
  _2077_/CLK
  _2078_/CLK
  _2079_/CLK
  _2080_/CLK
  _2081_/CLK
  _2082_/CLK
  _2083_/CLK
  _2084_/CLK
  _2085_/CLK
  _2086_/CLK
  _2087_/CLK
  _2088_/CLK
  _2089_/CLK
  _2090_/CLK
  _2091_/CLK
  _2092_/CLK
  _2093_/CLK
  _2094_/CLK
  _2095_/CLK
  _2096_/CLK
  _2097_/CLK
  _2098_/CLK
  _2099_/CLK
  _2100_/CLK
  _2101_/CLK
  _2102_/CLK
  _2103_/CLK
  _2104_/CLK
  _2105_/CLK
  _2106_/CLK
  _2107_/CLK
  _2108_/CLK
  _2109_/CLK
  _2110_/CLK
  _2111_/CLK
  _2112_/CLK
  _2113_/CLK
  _2114_/CLK
  _2115_/CLK
  _2116_/CLK
  _2117_/CLK
  _2118_/CLK
  _2119_/CLK
  _2120_/CLK
  _2121_/CLK
  _2122_/CLK
  _2123_/CLK
  _2124_/CLK
  _2125_/CLK
  _2126_/CLK
  _2127_/CLK
  _2128_/CLK
  _2129_/CLK
  _2130_/CLK
  _2131_/CLK
  _2132_/CLK
  _2133_/CLK
  _2134_/CLK
  _2135_/CLK
  _2136_/CLK
  _2137_/CLK
  _2138_/CLK
  _2139_/CLK
  _2140_/CLK
  _2141_/CLK
  _2142_/CLK
  _2143_/CLK
  _2144_/CLK
  _2145_/CLK
  _2146_/CLK
  _2147_/CLK
  _2148_/CLK
  _2149_/CLK
  _2150_/CLK
  _2151_/CLK
  _2152_/CLK
Warning: There are 149 unconstrained endpoints.
  out_cic[0]
  out_cic[10]
  out_cic[11]
  out_cic[1]
  out_cic[2]
  out_cic[3]
  out_cic[4]
  out_cic[5]
  out_cic[6]
  out_cic[7]
  out_cic[8]
  out_cic[9]
  _2153_/D
  _2154_/D
  _2155_/D
  _2156_/D
  _2157_/D
  _2158_/D
  _2159_/D
  _2160_/D
  _2161_/D
  _2162_/D
  _2163_/D
  _2164_/D
  _2165_/D
  _2166_/D
  _2167_/D
  _2168_/D
  _2169_/D
  _2170_/D
  _2171_/D
  _2172_/D
  _2173_/D
  _2174_/D
  _2175_/D
  _2176_/D
  _2177_/D
  _2178_/D
  _2179_/D
  _2180_/D
  _2181_/D
  _2182_/D
  _2183_/D
  _2184_/D
  _2185_/D
  _2186_/D
  _2187_/D
  _2188_/D
  _2189_/D
  _2190_/D
  _2191_/D
  _2192_/D
  _2193_/D
  _2194_/D
  _2195_/D
  _2196_/D
  _2197_/D
  _2198_/D
  _2199_/D
  _2200_/D
  _2201_/D
  _2202_/D
  _2203_/D
  _2204_/D
  _2205_/D
  _2206_/D
  _2207_/D
  _2208_/D
  _2209_/D
  _2210_/D
  _2211_/D
  _2212_/D
  _2213_/D
  _2214_/D
  _2215_/D
  _2216_/D
  _2217_/D
  _2218_/D
  _2219_/D
  _2220_/D
  _2221_/D
  _2222_/D
  _2223_/D
  _2224_/D
  _2225_/D
  _2226_/D
  _2227_/D
  _2228_/D
  _2229_/D
  _2230_/D
  _2231_/D
  _2232_/D
  _2233_/D
  _2234_/D
  _2235_/D
  _2236_/D
  _2237_/D
  _2238_/D
  _2239_/D
  _2240_/D
  _2241_/D
  _2242_/D
  _2243_/D
  _2244_/D
  _2245_/D
  _2246_/D
  _2247_/D
  _2248_/D
  _2249_/D
  _2250_/D
  _2251_/D
  _2252_/D
  _2253_/D
  _2254_/D
  _2255_/D
  _2256_/D
  _2257_/D
  _2258_/D
  _2259_/D
  _2260_/D
  _2261_/D
  _2262_/D
  _2263_/D
  _2264_/D
  _2265_/D
  _2266_/D
  _2267_/D
  _2268_/D
  _2269_/D
  _2270_/D
  _2271_/D
  _2272_/D
  _2273_/D
  _2274_/D
  _2275_/D
  _2276_/D
  _2277_/D
  _2278_/D
  _2279_/D
  _2280_/D
  _2281_/D
  _2282_/D
  _2283_/D
  _2284_/D
  _2285_/D
  _2286_/D
  _2287_/D
  _2288_/D
  _2289_/D
