
===========================================================================
 report_power
============================================================================
======================= nom_tt_025C_5v00 Corner ===================================

Group                    Internal    Switching      Leakage        Total
                            Power        Power        Power        Power (Watts)
------------------------------------------------------------------------
Sequential           1.032287e-03 2.292042e-04 1.064134e-07 1.261597e-03  42.6%
Combinational        1.049518e-03 6.517558e-04 1.256240e-07 1.701399e-03  57.4%
Clock                0.000000e+00 0.000000e+00 2.124989e-08 2.124989e-08   0.0%
Macro                0.000000e+00 0.000000e+00 0.000000e+00 0.000000e+00   0.0%
Pad                  0.000000e+00 0.000000e+00 0.000000e+00 0.000000e+00   0.0%
------------------------------------------------------------------------
Total                2.081806e-03 8.809597e-04 2.532851e-07 2.963019e-03 100.0%
                            70.3%        29.7%         0.0%
Writing metric power__internal__total: 0.0020818058401346207
Writing metric power__switching__total: 0.0008809596765786409
Writing metric power__leakage__total: 2.532851226533239e-7
Writing metric power__total: 0.002963018836453557

