Reading timing models for corner nom_tt_025C_5v00…
Reading timing library for the 'nom_tt_025C_5v00' corner at '/foss/pdks/gf180mcuD/libs.ref/gf180mcu_fd_sc_mcu7t5v0/lib/gf180mcu_fd_sc_mcu7t5v0__tt_025C_5v00.lib'…
Reading OpenROAD database at '/foss/designs/low-power-12b-first-order-delta-sigma-adc/src/filter_decimation/runs/RUN_2026-08-17_02-11-52/32-openroad-repairdesignpostgpl/cic_filter.odb'…
Reading design constraints file at 'constraint.sdc'…
[WARNING STA-0345] resistance scale 1e+03 does not match library scale 1e+00.
[WARNING STA-0351] clock 'clk' not found.
[WARNING STA-0138] clock arg 'clk' clock not found.
[WARNING STA-0138] clock arg 'clk' clock not found.
[INFO] No information on clock propagation in input SDC file-- propagating all clocks.
+ detailed_placement -max_displacement  500 100 
Placement Analysis
---------------------------------
total displacement          0.0 u
average displacement        0.0 u
max displacement            0.0 u
original HPWL           41185.1 u
legalized HPWL          41805.9 u
delta HPWL                    2 %

[INFO DPL-0020] Mirrored 334 instances
[INFO DPL-0021] HPWL before           41805.9 u
[INFO DPL-0022] HPWL after            41185.1 u
[INFO DPL-0023] HPWL delta               -1.5 %
Setting global connections for newly added cells…
[INFO] Setting global connections...
[INFO ODB-0403] 0 connections made, 0 conflicts skipped.
Updating metrics…
Cell type report:                       Count       Area
  Endcap cell                             228    1001.01
  Tap cell                               1276    5602.15
  Timing Repair Buffer                     23    1264.44
  Inverter                                126    1106.38
  Sequential cell                         220   16424.49
  Multi-Input combinational cell          909   17315.74
  Total                                  2782   42714.20
Writing OpenROAD database to '/foss/designs/low-power-12b-first-order-delta-sigma-adc/src/filter_decimation/runs/RUN_2026-08-17_02-11-52/34-openroad-detailedplacement/cic_filter.odb'…
Writing netlist to '/foss/designs/low-power-12b-first-order-delta-sigma-adc/src/filter_decimation/runs/RUN_2026-08-17_02-11-52/34-openroad-detailedplacement/cic_filter.nl.v'…
Writing powered netlist to '/foss/designs/low-power-12b-first-order-delta-sigma-adc/src/filter_decimation/runs/RUN_2026-08-17_02-11-52/34-openroad-detailedplacement/cic_filter.pnl.v'…
Writing layout to '/foss/designs/low-power-12b-first-order-delta-sigma-adc/src/filter_decimation/runs/RUN_2026-08-17_02-11-52/34-openroad-detailedplacement/cic_filter.def'…
Writing timing constraints to '/foss/designs/low-power-12b-first-order-delta-sigma-adc/src/filter_decimation/runs/RUN_2026-08-17_02-11-52/34-openroad-detailedplacement/cic_filter.sdc'…
