
===========================================================================
report_checks -unconstrained
===========================================================================
======================= min_ff_n40C_5v50 Corner ===================================

Startpoint: in_cic (input port)
Endpoint: _2144_ (rising edge-triggered flip-flop)
Path Group: unconstrained
Path Type: max

Fanout         Cap        Slew       Delay        Time   Description
---------------------------------------------------------------------------------------------
                                 10.000000   10.000000 ^ input external delay
     1    0.003853    0.000000    0.000000   10.000000 ^ in_cic (in)
                                                         in_cic (net)
                      0.000071    0.000028   10.000029 ^ input1/I (gf180mcu_fd_sc_mcu7t5v0__dlyb_1)
     4    0.023578    0.288772    0.629272   10.629300 ^ input1/Z (gf180mcu_fd_sc_mcu7t5v0__dlyb_1)
                                                         net1 (net)
                      0.288772    0.000380   10.629681 ^ _1519_/A4 (gf180mcu_fd_sc_mcu7t5v0__and4_1)
     5    0.031551    0.388332    0.473744   11.103424 ^ _1519_/Z (gf180mcu_fd_sc_mcu7t5v0__and4_1)
                                                         _0908_ (net)
                      0.388338    0.000842   11.104266 ^ _1526_/A4 (gf180mcu_fd_sc_mcu7t5v0__nand4_1)
     2    0.016009    0.412331    0.223530   11.327796 v _1526_/ZN (gf180mcu_fd_sc_mcu7t5v0__nand4_1)
                                                         _0912_ (net)
                      0.412331    0.000273   11.328069 v _1530_/A3 (gf180mcu_fd_sc_mcu7t5v0__nor3_1)
     8    0.046720    1.324575    0.829193   12.157261 ^ _1530_/ZN (gf180mcu_fd_sc_mcu7t5v0__nor3_1)
                                                         _0914_ (net)
                      1.324575    0.001561   12.158823 ^ _1551_/A2 (gf180mcu_fd_sc_mcu7t5v0__and4_1)
     6    0.046887    0.554801    0.685989   12.844811 ^ _1551_/Z (gf180mcu_fd_sc_mcu7t5v0__and4_1)
                                                         _0927_ (net)
                      0.554829    0.002188   12.847000 ^ _1561_/A3 (gf180mcu_fd_sc_mcu7t5v0__and4_1)
     5    0.033888    0.411302    0.512514   13.359514 ^ _1561_/Z (gf180mcu_fd_sc_mcu7t5v0__and4_1)
                                                         _0933_ (net)
                      0.411307    0.000825   13.360339 ^ _1566_/A3 (gf180mcu_fd_sc_mcu7t5v0__nand3_1)
     3    0.021807    0.370002    0.228535   13.588874 v _1566_/ZN (gf180mcu_fd_sc_mcu7t5v0__nand3_1)
                                                         _0936_ (net)
                      0.370002    0.000388   13.589262 v _1574_/A1 (gf180mcu_fd_sc_mcu7t5v0__or3_1)
     1    0.005007    0.139396    0.421637   14.010899 v _1574_/Z (gf180mcu_fd_sc_mcu7t5v0__or3_1)
                                                         _0941_ (net)
                      0.139396    0.000049   14.010947 v _1575_/A2 (gf180mcu_fd_sc_mcu7t5v0__nand2_1)
     1    0.003447    0.112657    0.103904   14.114852 ^ _1575_/ZN (gf180mcu_fd_sc_mcu7t5v0__nand2_1)
                                                         _0078_ (net)
                      0.112657    0.000033   14.114884 ^ _2144_/D (gf180mcu_fd_sc_mcu7t5v0__dffrnq_1)
                                             14.114884   data arrival time
---------------------------------------------------------------------------------------------
(Path is unconstrained)




===========================================================================
report_checks --slack_max -0.01
============================================================================
======================= min_ff_n40C_5v50 Corner ===================================

No paths found.


===========================================================================
 report_check_types -max_slew -max_cap -max_fanout -violators
============================================================================
======================= min_ff_n40C_5v50 Corner ===================================



===========================================================================
report_parasitic_annotation -report_unannotated
============================================================================
Found 7 unannotated drivers.
 clkload0/ZN
 clkload1/ZN
 clkload2/Z
 clkload3/ZN
 clkload4/ZN
 clkload5/Z
 clkload6/ZN
Found 0 partially unannotated drivers.

===========================================================================
max slew violation count 0
max fanout violation count 0
max cap violation count 0
============================================================================

===========================================================================
check_setup -verbose -unconstrained_endpoints -multiple_clock -no_clock -no_input_delay -loops -generated_clocks
===========================================================================
Warning: no master clock found for generated clock clk_div.
Warning: There are 220 unclocked register/latch pins.
  _2070_/CLK
  _2071_/CLK
  _2072_/CLK
  _2073_/CLK
  _2074_/CLK
  _2075_/CLK
  _2076_/CLK
  _2077_/CLK
  _2078_/CLK
  _2079_/CLK
  _2080_/CLK
  _2081_/CLK
  _2082_/CLK
  _2083_/CLK
  _2084_/CLK
  _2085_/CLK
  _2086_/CLK
  _2087_/CLK
  _2088_/CLK
  _2089_/CLK
  _2090_/CLK
  _2091_/CLK
  _2092_/CLK
  _2093_/CLK
  _2094_/CLK
  _2095_/CLK
  _2096_/CLK
  _2097_/CLK
  _2098_/CLK
  _2099_/CLK
  _2100_/CLK
  _2101_/CLK
  _2102_/CLK
  _2103_/CLK
  _2104_/CLK
  _2105_/CLK
  _2106_/CLK
  _2107_/CLK
  _2108_/CLK
  _2109_/CLK
  _2110_/CLK
  _2111_/CLK
  _2112_/CLK
  _2113_/CLK
  _2114_/CLK
  _2115_/CLK
  _2116_/CLK
  _2117_/CLK
  _2118_/CLK
  _2119_/CLK
  _2120_/CLK
  _2121_/CLK
  _2122_/CLK
  _2123_/CLK
  _2124_/CLK
  _2125_/CLK
  _2126_/CLK
  _2127_/CLK
  _2128_/CLK
  _2129_/CLK
  _2130_/CLK
  _2131_/CLK
  _2132_/CLK
  _2133_/CLK
  _2134_/CLK
  _2135_/CLK
  _2136_/CLK
  _2137_/CLK
  _2138_/CLK
  _2139_/CLK
  _2140_/CLK
  _2141_/CLK
  _2142_/CLK
  _2143_/CLK
  _2144_/CLK
  _2145_/CLK
  _2146_/CLK
  _2147_/CLK
  _2148_/CLK
  _2149_/CLK
  _2150_/CLK
  _2151_/CLK
  _2152_/CLK
  _2153_/CLKN
  _2154_/CLKN
  _2155_/CLKN
  _2156_/CLKN
  _2157_/CLKN
  _2158_/CLKN
  _2159_/CLKN
  _2160_/CLKN
  _2161_/CLKN
  _2162_/CLKN
  _2163_/CLKN
  _2164_/CLKN
  _2165_/CLKN
  _2166_/CLKN
  _2167_/CLKN
  _2168_/CLKN
  _2169_/CLKN
  _2170_/CLKN
  _2171_/CLKN
  _2172_/CLKN
  _2173_/CLKN
  _2174_/CLKN
  _2175_/CLKN
  _2176_/CLKN
  _2177_/CLKN
  _2178_/CLKN
  _2179_/CLKN
  _2180_/CLKN
  _2181_/CLKN
  _2182_/CLKN
  _2183_/CLKN
  _2184_/CLKN
  _2185_/CLKN
  _2186_/CLKN
  _2187_/CLKN
  _2188_/CLKN
  _2189_/CLKN
  _2190_/CLKN
  _2191_/CLKN
  _2192_/CLKN
  _2193_/CLKN
  _2194_/CLKN
  _2195_/CLKN
  _2196_/CLKN
  _2197_/CLKN
  _2198_/CLKN
  _2199_/CLKN
  _2200_/CLKN
  _2201_/CLKN
  _2202_/CLKN
  _2203_/CLKN
  _2204_/CLKN
  _2205_/CLKN
  _2206_/CLKN
  _2207_/CLKN
  _2208_/CLKN
  _2209_/CLKN
  _2210_/CLKN
  _2211_/CLKN
  _2212_/CLKN
  _2213_/CLKN
  _2214_/CLKN
  _2215_/CLKN
  _2216_/CLKN
  _2217_/CLKN
  _2218_/CLKN
  _2219_/CLKN
  _2220_/CLKN
  _2221_/CLKN
  _2222_/CLKN
  _2223_/CLKN
  _2224_/CLKN
  _2225_/CLKN
  _2226_/CLKN
  _2227_/CLKN
  _2228_/CLKN
  _2229_/CLKN
  _2230_/CLKN
  _2231_/CLKN
  _2232_/CLKN
  _2233_/CLKN
  _2234_/CLKN
  _2235_/CLKN
  _2236_/CLKN
  _2237_/CLKN
  _2238_/CLKN
  _2239_/CLKN
  _2240_/CLKN
  _2241_/CLKN
  _2242_/CLKN
  _2243_/CLKN
  _2244_/CLKN
  _2245_/CLKN
  _2246_/CLKN
  _2247_/CLKN
  _2248_/CLKN
  _2249_/CLKN
  _2250_/CLKN
  _2251_/CLKN
  _2252_/CLKN
  _2253_/CLKN
  _2254_/CLKN
  _2255_/CLKN
  _2256_/CLKN
  _2257_/CLKN
  _2258_/CLKN
  _2259_/CLKN
  _2260_/CLKN
  _2261_/CLKN
  _2262_/CLKN
  _2263_/CLKN
  _2264_/CLKN
  _2265_/CLKN
  _2266_/CLKN
  _2267_/CLKN
  _2268_/CLKN
  _2269_/CLKN
  _2270_/CLKN
  _2271_/CLKN
  _2272_/CLKN
  _2273_/CLKN
  _2274_/CLKN
  _2275_/CLKN
  _2276_/CLKN
  _2277_/CLKN
  _2278_/CLKN
  _2279_/CLKN
  _2280_/CLKN
  _2281_/CLKN
  _2282_/CLKN
  _2283_/CLKN
  _2284_/CLKN
  _2285_/CLKN
  _2286_/CLKN
  _2287_/CLKN
  _2288_/CLKN
  _2289_/CLKN
Warning: There are 232 unconstrained endpoints.
  out_cic[0]
  out_cic[10]
  out_cic[11]
  out_cic[1]
  out_cic[2]
  out_cic[3]
  out_cic[4]
  out_cic[5]
  out_cic[6]
  out_cic[7]
  out_cic[8]
  out_cic[9]
  _2070_/D
  _2071_/D
  _2072_/D
  _2073_/D
  _2074_/D
  _2075_/D
  _2076_/D
  _2077_/D
  _2078_/D
  _2079_/D
  _2080_/D
  _2081_/D
  _2082_/D
  _2083_/D
  _2084_/D
  _2085_/D
  _2086_/D
  _2087_/D
  _2088_/D
  _2089_/D
  _2090_/D
  _2091_/D
  _2092_/D
  _2093_/D
  _2094_/D
  _2095_/D
  _2096_/D
  _2097_/D
  _2098_/D
  _2099_/D
  _2100_/D
  _2101_/D
  _2102_/D
  _2103_/D
  _2104_/D
  _2105_/D
  _2106_/D
  _2107_/D
  _2108_/D
  _2109_/D
  _2110_/D
  _2111_/D
  _2112_/D
  _2113_/D
  _2114_/D
  _2115_/D
  _2116_/D
  _2117_/D
  _2118_/D
  _2119_/D
  _2120_/D
  _2121_/D
  _2122_/D
  _2123_/D
  _2124_/D
  _2125_/D
  _2126_/D
  _2127_/D
  _2128_/D
  _2129_/D
  _2130_/D
  _2131_/D
  _2132_/D
  _2133_/D
  _2134_/D
  _2135_/D
  _2136_/D
  _2137_/D
  _2138_/D
  _2139_/D
  _2140_/D
  _2141_/D
  _2142_/D
  _2143_/D
  _2144_/D
  _2145_/D
  _2146_/D
  _2147_/D
  _2148_/D
  _2149_/D
  _2150_/D
  _2151_/D
  _2152_/D
  _2153_/D
  _2154_/D
  _2155_/D
  _2156_/D
  _2157_/D
  _2158_/D
  _2159_/D
  _2160_/D
  _2161_/D
  _2162_/D
  _2163_/D
  _2164_/D
  _2165_/D
  _2166_/D
  _2167_/D
  _2168_/D
  _2169_/D
  _2170_/D
  _2171_/D
  _2172_/D
  _2173_/D
  _2174_/D
  _2175_/D
  _2176_/D
  _2177_/D
  _2178_/D
  _2179_/D
  _2180_/D
  _2181_/D
  _2182_/D
  _2183_/D
  _2184_/D
  _2185_/D
  _2186_/D
  _2187_/D
  _2188_/D
  _2189_/D
  _2190_/D
  _2191_/D
  _2192_/D
  _2193_/D
  _2194_/D
  _2195_/D
  _2196_/D
  _2197_/D
  _2198_/D
  _2199_/D
  _2200_/D
  _2201_/D
  _2202_/D
  _2203_/D
  _2204_/D
  _2205_/D
  _2206_/D
  _2207_/D
  _2208_/D
  _2209_/D
  _2210_/D
  _2211_/D
  _2212_/D
  _2213_/D
  _2214_/D
  _2215_/D
  _2216_/D
  _2217_/D
  _2218_/D
  _2219_/D
  _2220_/D
  _2221_/D
  _2222_/D
  _2223_/D
  _2224_/D
  _2225_/D
  _2226_/D
  _2227_/D
  _2228_/D
  _2229_/D
  _2230_/D
  _2231_/D
  _2232_/D
  _2233_/D
  _2234_/D
  _2235_/D
  _2236_/D
  _2237_/D
  _2238_/D
  _2239_/D
  _2240_/D
  _2241_/D
  _2242_/D
  _2243_/D
  _2244_/D
  _2245_/D
  _2246_/D
  _2247_/D
  _2248_/D
  _2249_/D
  _2250_/D
  _2251_/D
  _2252_/D
  _2253_/D
  _2254_/D
  _2255_/D
  _2256_/D
  _2257_/D
  _2258_/D
  _2259_/D
  _2260_/D
  _2261_/D
  _2262_/D
  _2263_/D
  _2264_/D
  _2265_/D
  _2266_/D
  _2267_/D
  _2268_/D
  _2269_/D
  _2270_/D
  _2271_/D
  _2272_/D
  _2273_/D
  _2274_/D
  _2275_/D
  _2276_/D
  _2277_/D
  _2278_/D
  _2279_/D
  _2280_/D
  _2281_/D
  _2282_/D
  _2283_/D
  _2284_/D
  _2285_/D
  _2286_/D
  _2287_/D
  _2288_/D
  _2289_/D
Warning: There is 1 generated clock that is not connected to a clock source.
  clk_div
