Clock: clk_div
Sources: clk 
Generated: yes
Virtual: yes
Propagated: no
Period: 0.000000

===========================================================================
report_clock_properties
============================================================================
Clock                   Period          Waveform
----------------------------------------------------

===========================================================================
report_clock_latency
============================================================================
Clock clk_div
rise -> rise
    min     max
0.000000 0.000000 source latency
0.412406         network latency _2078_/CLK
        0.419849 network latency _2124_/CLK
---------------
0.412406 0.419849 latency
        0.007443 skew

fall -> fall
    min     max
0.000000 0.000000 source latency
0.415024         network latency _2078_/CLK
        0.422825 network latency _2124_/CLK
---------------
0.415024 0.422825 latency
        0.007801 skew



===========================================================================
report_clock_min_period
============================================================================
clk_div period_min = 0.00 fmax = inf
