Clock: clk
Sources: clk 
Generated: no
Virtual: no
Propagated: no
Period: 81.379997

===========================================================================
report_clock_properties
============================================================================
Clock                   Period          Waveform
----------------------------------------------------
clk                  81.379997    0.000000 40.689999

===========================================================================
report_clock_latency
============================================================================
Clock clk
rise -> rise
    min     max
0.000000 0.000000 source latency
0.000021         network latency _68_/CLK
        0.000021 network latency _68_/CLK
---------------
0.000021 0.000021 latency
        0.000000 skew

fall -> fall
    min     max
0.000000 0.000000 source latency
0.000021         network latency _68_/CLK
        0.000021 network latency _68_/CLK
---------------
0.000021 0.000021 latency
        0.000000 skew



===========================================================================
report_clock_min_period
============================================================================
clk period_min = 0.00 fmax = inf
