
===========================================================================
report_checks -path_delay min (Hold)
============================================================================
======================= nom_ss_125C_4v50 Corner ===================================

Startpoint: rst_n (input port clocked by clk)
Endpoint: _68_ (removal check against rising-edge clock clk)
Path Group: asynchronous
Path Type: min

Fanout         Cap        Slew       Delay        Time   Description
---------------------------------------------------------------------------------------------
                      0.150000    0.000000    0.000000   clock clk (rise edge)
                                  0.000000    0.000000   clock network delay (ideal)
                                  1.000000    1.000000 ^ input external delay
    12    0.088920    0.000044    0.000044    1.000044 ^ rst_n (in)
                                                         rst_n (net)
                      0.000044    0.000000    1.000044 ^ _68_/RN (gf180mcu_fd_sc_mcu7t5v0__dffrnq_1)
                                              1.000044   data arrival time

                      0.150000    0.000000    0.000000   clock clk (rise edge)
                                  0.000000    0.000000   clock network delay (ideal)
                                  0.250000    0.250000   clock uncertainty
                                  0.000000    0.250000   clock reconvergence pessimism
                                              0.250000 ^ _68_/CLK (gf180mcu_fd_sc_mcu7t5v0__dffrnq_1)
                                  0.613477    0.863477   library removal time
                                              0.863477   data required time
---------------------------------------------------------------------------------------------
                                              0.863477   data required time
                                             -1.000044   data arrival time
---------------------------------------------------------------------------------------------
                                              0.136568   slack (MET)


Startpoint: rst_n (input port clocked by clk)
Endpoint: _69_ (removal check against rising-edge clock clk)
Path Group: asynchronous
Path Type: min

Fanout         Cap        Slew       Delay        Time   Description
---------------------------------------------------------------------------------------------
                      0.150000    0.000000    0.000000   clock clk (rise edge)
                                  0.000000    0.000000   clock network delay (ideal)
                                  1.000000    1.000000 ^ input external delay
    12    0.088920    0.000044    0.000044    1.000044 ^ rst_n (in)
                                                         rst_n (net)
                      0.000044    0.000000    1.000044 ^ _69_/RN (gf180mcu_fd_sc_mcu7t5v0__dffrnq_1)
                                              1.000044   data arrival time

                      0.150000    0.000000    0.000000   clock clk (rise edge)
                                  0.000000    0.000000   clock network delay (ideal)
                                  0.250000    0.250000   clock uncertainty
                                  0.000000    0.250000   clock reconvergence pessimism
                                              0.250000 ^ _69_/CLK (gf180mcu_fd_sc_mcu7t5v0__dffrnq_1)
                                  0.613477    0.863477   library removal time
                                              0.863477   data required time
---------------------------------------------------------------------------------------------
                                              0.863477   data required time
                                             -1.000044   data arrival time
---------------------------------------------------------------------------------------------
                                              0.136568   slack (MET)


Startpoint: rst_n (input port clocked by clk)
Endpoint: _70_ (removal check against rising-edge clock clk)
Path Group: asynchronous
Path Type: min

Fanout         Cap        Slew       Delay        Time   Description
---------------------------------------------------------------------------------------------
                      0.150000    0.000000    0.000000   clock clk (rise edge)
                                  0.000000    0.000000   clock network delay (ideal)
                                  1.000000    1.000000 ^ input external delay
    12    0.088920    0.000044    0.000044    1.000044 ^ rst_n (in)
                                                         rst_n (net)
                      0.000044    0.000000    1.000044 ^ _70_/RN (gf180mcu_fd_sc_mcu7t5v0__dffrnq_1)
                                              1.000044   data arrival time

                      0.150000    0.000000    0.000000   clock clk (rise edge)
                                  0.000000    0.000000   clock network delay (ideal)
                                  0.250000    0.250000   clock uncertainty
                                  0.000000    0.250000   clock reconvergence pessimism
                                              0.250000 ^ _70_/CLK (gf180mcu_fd_sc_mcu7t5v0__dffrnq_1)
                                  0.613477    0.863477   library removal time
                                              0.863477   data required time
---------------------------------------------------------------------------------------------
                                              0.863477   data required time
                                             -1.000044   data arrival time
---------------------------------------------------------------------------------------------
                                              0.136568   slack (MET)


Startpoint: rst_n (input port clocked by clk)
Endpoint: _71_ (removal check against rising-edge clock clk)
Path Group: asynchronous
Path Type: min

Fanout         Cap        Slew       Delay        Time   Description
---------------------------------------------------------------------------------------------
                      0.150000    0.000000    0.000000   clock clk (rise edge)
                                  0.000000    0.000000   clock network delay (ideal)
                                  1.000000    1.000000 ^ input external delay
    12    0.088920    0.000044    0.000044    1.000044 ^ rst_n (in)
                                                         rst_n (net)
                      0.000044    0.000000    1.000044 ^ _71_/RN (gf180mcu_fd_sc_mcu7t5v0__dffrnq_1)
                                              1.000044   data arrival time

                      0.150000    0.000000    0.000000   clock clk (rise edge)
                                  0.000000    0.000000   clock network delay (ideal)
                                  0.250000    0.250000   clock uncertainty
                                  0.000000    0.250000   clock reconvergence pessimism
                                              0.250000 ^ _71_/CLK (gf180mcu_fd_sc_mcu7t5v0__dffrnq_1)
                                  0.613477    0.863477   library removal time
                                              0.863477   data required time
---------------------------------------------------------------------------------------------
                                              0.863477   data required time
                                             -1.000044   data arrival time
---------------------------------------------------------------------------------------------
                                              0.136568   slack (MET)


Startpoint: rst_n (input port clocked by clk)
Endpoint: _72_ (removal check against rising-edge clock clk)
Path Group: asynchronous
Path Type: min

Fanout         Cap        Slew       Delay        Time   Description
---------------------------------------------------------------------------------------------
                      0.150000    0.000000    0.000000   clock clk (rise edge)
                                  0.000000    0.000000   clock network delay (ideal)
                                  1.000000    1.000000 ^ input external delay
    12    0.088920    0.000044    0.000044    1.000044 ^ rst_n (in)
                                                         rst_n (net)
                      0.000044    0.000000    1.000044 ^ _72_/RN (gf180mcu_fd_sc_mcu7t5v0__dffrnq_1)
                                              1.000044   data arrival time

                      0.150000    0.000000    0.000000   clock clk (rise edge)
                                  0.000000    0.000000   clock network delay (ideal)
                                  0.250000    0.250000   clock uncertainty
                                  0.000000    0.250000   clock reconvergence pessimism
                                              0.250000 ^ _72_/CLK (gf180mcu_fd_sc_mcu7t5v0__dffrnq_1)
                                  0.613477    0.863477   library removal time
                                              0.863477   data required time
---------------------------------------------------------------------------------------------
                                              0.863477   data required time
                                             -1.000044   data arrival time
---------------------------------------------------------------------------------------------
                                              0.136568   slack (MET)


Startpoint: rst_n (input port clocked by clk)
Endpoint: _73_ (removal check against rising-edge clock clk)
Path Group: asynchronous
Path Type: min

Fanout         Cap        Slew       Delay        Time   Description
---------------------------------------------------------------------------------------------
                      0.150000    0.000000    0.000000   clock clk (rise edge)
                                  0.000000    0.000000   clock network delay (ideal)
                                  1.000000    1.000000 ^ input external delay
    12    0.088920    0.000044    0.000044    1.000044 ^ rst_n (in)
                                                         rst_n (net)
                      0.000044    0.000000    1.000044 ^ _73_/RN (gf180mcu_fd_sc_mcu7t5v0__dffrnq_1)
                                              1.000044   data arrival time

                      0.150000    0.000000    0.000000   clock clk (rise edge)
                                  0.000000    0.000000   clock network delay (ideal)
                                  0.250000    0.250000   clock uncertainty
                                  0.000000    0.250000   clock reconvergence pessimism
                                              0.250000 ^ _73_/CLK (gf180mcu_fd_sc_mcu7t5v0__dffrnq_1)
                                  0.613477    0.863477   library removal time
                                              0.863477   data required time
---------------------------------------------------------------------------------------------
                                              0.863477   data required time
                                             -1.000044   data arrival time
---------------------------------------------------------------------------------------------
                                              0.136568   slack (MET)


Startpoint: rst_n (input port clocked by clk)
Endpoint: _74_ (removal check against rising-edge clock clk)
Path Group: asynchronous
Path Type: min

Fanout         Cap        Slew       Delay        Time   Description
---------------------------------------------------------------------------------------------
                      0.150000    0.000000    0.000000   clock clk (rise edge)
                                  0.000000    0.000000   clock network delay (ideal)
                                  1.000000    1.000000 ^ input external delay
    12    0.088920    0.000044    0.000044    1.000044 ^ rst_n (in)
                                                         rst_n (net)
                      0.000044    0.000000    1.000044 ^ _74_/RN (gf180mcu_fd_sc_mcu7t5v0__dffrnq_1)
                                              1.000044   data arrival time

                      0.150000    0.000000    0.000000   clock clk (rise edge)
                                  0.000000    0.000000   clock network delay (ideal)
                                  0.250000    0.250000   clock uncertainty
                                  0.000000    0.250000   clock reconvergence pessimism
                                              0.250000 ^ _74_/CLK (gf180mcu_fd_sc_mcu7t5v0__dffrnq_1)
                                  0.613477    0.863477   library removal time
                                              0.863477   data required time
---------------------------------------------------------------------------------------------
                                              0.863477   data required time
                                             -1.000044   data arrival time
---------------------------------------------------------------------------------------------
                                              0.136568   slack (MET)


Startpoint: rst_n (input port clocked by clk)
Endpoint: _75_ (removal check against rising-edge clock clk)
Path Group: asynchronous
Path Type: min

Fanout         Cap        Slew       Delay        Time   Description
---------------------------------------------------------------------------------------------
                      0.150000    0.000000    0.000000   clock clk (rise edge)
                                  0.000000    0.000000   clock network delay (ideal)
                                  1.000000    1.000000 ^ input external delay
    12    0.088920    0.000044    0.000044    1.000044 ^ rst_n (in)
                                                         rst_n (net)
                      0.000044    0.000000    1.000044 ^ _75_/RN (gf180mcu_fd_sc_mcu7t5v0__dffrnq_1)
                                              1.000044   data arrival time

                      0.150000    0.000000    0.000000   clock clk (rise edge)
                                  0.000000    0.000000   clock network delay (ideal)
                                  0.250000    0.250000   clock uncertainty
                                  0.000000    0.250000   clock reconvergence pessimism
                                              0.250000 ^ _75_/CLK (gf180mcu_fd_sc_mcu7t5v0__dffrnq_1)
                                  0.613477    0.863477   library removal time
                                              0.863477   data required time
---------------------------------------------------------------------------------------------
                                              0.863477   data required time
                                             -1.000044   data arrival time
---------------------------------------------------------------------------------------------
                                              0.136568   slack (MET)


Startpoint: rst_n (input port clocked by clk)
Endpoint: _76_ (removal check against rising-edge clock clk)
Path Group: asynchronous
Path Type: min

Fanout         Cap        Slew       Delay        Time   Description
---------------------------------------------------------------------------------------------
                      0.150000    0.000000    0.000000   clock clk (rise edge)
                                  0.000000    0.000000   clock network delay (ideal)
                                  1.000000    1.000000 ^ input external delay
    12    0.088920    0.000044    0.000044    1.000044 ^ rst_n (in)
                                                         rst_n (net)
                      0.000044    0.000000    1.000044 ^ _76_/RN (gf180mcu_fd_sc_mcu7t5v0__dffrnq_1)
                                              1.000044   data arrival time

                      0.150000    0.000000    0.000000   clock clk (rise edge)
                                  0.000000    0.000000   clock network delay (ideal)
                                  0.250000    0.250000   clock uncertainty
                                  0.000000    0.250000   clock reconvergence pessimism
                                              0.250000 ^ _76_/CLK (gf180mcu_fd_sc_mcu7t5v0__dffrnq_1)
                                  0.613477    0.863477   library removal time
                                              0.863477   data required time
---------------------------------------------------------------------------------------------
                                              0.863477   data required time
                                             -1.000044   data arrival time
---------------------------------------------------------------------------------------------
                                              0.136568   slack (MET)


Startpoint: rst_n (input port clocked by clk)
Endpoint: _77_ (removal check against rising-edge clock clk)
Path Group: asynchronous
Path Type: min

Fanout         Cap        Slew       Delay        Time   Description
---------------------------------------------------------------------------------------------
                      0.150000    0.000000    0.000000   clock clk (rise edge)
                                  0.000000    0.000000   clock network delay (ideal)
                                  1.000000    1.000000 ^ input external delay
    12    0.088920    0.000044    0.000044    1.000044 ^ rst_n (in)
                                                         rst_n (net)
                      0.000044    0.000000    1.000044 ^ _77_/RN (gf180mcu_fd_sc_mcu7t5v0__dffrnq_1)
                                              1.000044   data arrival time

                      0.150000    0.000000    0.000000   clock clk (rise edge)
                                  0.000000    0.000000   clock network delay (ideal)
                                  0.250000    0.250000   clock uncertainty
                                  0.000000    0.250000   clock reconvergence pessimism
                                              0.250000 ^ _77_/CLK (gf180mcu_fd_sc_mcu7t5v0__dffrnq_1)
                                  0.613477    0.863477   library removal time
                                              0.863477   data required time
---------------------------------------------------------------------------------------------
                                              0.863477   data required time
                                             -1.000044   data arrival time
---------------------------------------------------------------------------------------------
                                              0.136568   slack (MET)


Startpoint: rst_n (input port clocked by clk)
Endpoint: _78_ (removal check against rising-edge clock clk)
Path Group: asynchronous
Path Type: min

Fanout         Cap        Slew       Delay        Time   Description
---------------------------------------------------------------------------------------------
                      0.150000    0.000000    0.000000   clock clk (rise edge)
                                  0.000000    0.000000   clock network delay (ideal)
                                  1.000000    1.000000 ^ input external delay
    12    0.088920    0.000044    0.000044    1.000044 ^ rst_n (in)
                                                         rst_n (net)
                      0.000044    0.000000    1.000044 ^ _78_/RN (gf180mcu_fd_sc_mcu7t5v0__dffrnq_1)
                                              1.000044   data arrival time

                      0.150000    0.000000    0.000000   clock clk (rise edge)
                                  0.000000    0.000000   clock network delay (ideal)
                                  0.250000    0.250000   clock uncertainty
                                  0.000000    0.250000   clock reconvergence pessimism
                                              0.250000 ^ _78_/CLK (gf180mcu_fd_sc_mcu7t5v0__dffrnq_1)
                                  0.613477    0.863477   library removal time
                                              0.863477   data required time
---------------------------------------------------------------------------------------------
                                              0.863477   data required time
                                             -1.000044   data arrival time
---------------------------------------------------------------------------------------------
                                              0.136568   slack (MET)


Startpoint: rst_n (input port clocked by clk)
Endpoint: _79_ (removal check against rising-edge clock clk)
Path Group: asynchronous
Path Type: min

Fanout         Cap        Slew       Delay        Time   Description
---------------------------------------------------------------------------------------------
                      0.150000    0.000000    0.000000   clock clk (rise edge)
                                  0.000000    0.000000   clock network delay (ideal)
                                  1.000000    1.000000 ^ input external delay
    12    0.088920    0.000044    0.000044    1.000044 ^ rst_n (in)
                                                         rst_n (net)
                      0.000044    0.000000    1.000044 ^ _79_/RN (gf180mcu_fd_sc_mcu7t5v0__dffrnq_1)
                                              1.000044   data arrival time

                      0.150000    0.000000    0.000000   clock clk (rise edge)
                                  0.000000    0.000000   clock network delay (ideal)
                                  0.250000    0.250000   clock uncertainty
                                  0.000000    0.250000   clock reconvergence pessimism
                                              0.250000 ^ _79_/CLK (gf180mcu_fd_sc_mcu7t5v0__dffrnq_1)
                                  0.613477    0.863477   library removal time
                                              0.863477   data required time
---------------------------------------------------------------------------------------------
                                              0.863477   data required time
                                             -1.000044   data arrival time
---------------------------------------------------------------------------------------------
                                              0.136568   slack (MET)


Startpoint: load_en (input port clocked by clk)
Endpoint: _68_ (rising edge-triggered flip-flop clocked by clk)
Path Group: clk
Path Type: min

Fanout         Cap        Slew       Delay        Time   Description
---------------------------------------------------------------------------------------------
                      0.150000    0.000000    0.000000   clock clk (rise edge)
                                  0.000000    0.000000   clock network delay (ideal)
                                  1.000000    1.000000 ^ input external delay
    23    0.112509    0.000056    0.000056    1.000056 ^ load_en (in)
                                                         load_en (net)
                      0.000056    0.000000    1.000056 ^ _48_/A1 (gf180mcu_fd_sc_mcu7t5v0__oai21_1)
     1    0.003014    0.199924    0.139636    1.139692 v _48_/ZN (gf180mcu_fd_sc_mcu7t5v0__oai21_1)
                                                         _04_ (net)
                      0.199924    0.000000    1.139692 v _68_/D (gf180mcu_fd_sc_mcu7t5v0__dffrnq_1)
                                              1.139692   data arrival time

                      0.150000    0.000000    0.000000   clock clk (rise edge)
                                  0.000000    0.000000   clock network delay (ideal)
                                  0.250000    0.250000   clock uncertainty
                                  0.000000    0.250000   clock reconvergence pessimism
                                              0.250000 ^ _68_/CLK (gf180mcu_fd_sc_mcu7t5v0__dffrnq_1)
                                  0.214394    0.464394   library hold time
                                              0.464394   data required time
---------------------------------------------------------------------------------------------
                                              0.464394   data required time
                                             -1.139692   data arrival time
---------------------------------------------------------------------------------------------
                                              0.675298   slack (MET)


Startpoint: load_en (input port clocked by clk)
Endpoint: _69_ (rising edge-triggered flip-flop clocked by clk)
Path Group: clk
Path Type: min

Fanout         Cap        Slew       Delay        Time   Description
---------------------------------------------------------------------------------------------
                      0.150000    0.000000    0.000000   clock clk (rise edge)
                                  0.000000    0.000000   clock network delay (ideal)
                                  1.000000    1.000000 ^ input external delay
    23    0.112509    0.000056    0.000056    1.000056 ^ load_en (in)
                                                         load_en (net)
                      0.000056    0.000000    1.000056 ^ _50_/A1 (gf180mcu_fd_sc_mcu7t5v0__oai21_1)
     1    0.003014    0.199924    0.139636    1.139692 v _50_/ZN (gf180mcu_fd_sc_mcu7t5v0__oai21_1)
                                                         _05_ (net)
                      0.199924    0.000000    1.139692 v _69_/D (gf180mcu_fd_sc_mcu7t5v0__dffrnq_1)
                                              1.139692   data arrival time

                      0.150000    0.000000    0.000000   clock clk (rise edge)
                                  0.000000    0.000000   clock network delay (ideal)
                                  0.250000    0.250000   clock uncertainty
                                  0.000000    0.250000   clock reconvergence pessimism
                                              0.250000 ^ _69_/CLK (gf180mcu_fd_sc_mcu7t5v0__dffrnq_1)
                                  0.214394    0.464394   library hold time
                                              0.464394   data required time
---------------------------------------------------------------------------------------------
                                              0.464394   data required time
                                             -1.139692   data arrival time
---------------------------------------------------------------------------------------------
                                              0.675298   slack (MET)


Startpoint: load_en (input port clocked by clk)
Endpoint: _70_ (rising edge-triggered flip-flop clocked by clk)
Path Group: clk
Path Type: min

Fanout         Cap        Slew       Delay        Time   Description
---------------------------------------------------------------------------------------------
                      0.150000    0.000000    0.000000   clock clk (rise edge)
                                  0.000000    0.000000   clock network delay (ideal)
                                  1.000000    1.000000 ^ input external delay
    23    0.112509    0.000056    0.000056    1.000056 ^ load_en (in)
                                                         load_en (net)
                      0.000056    0.000000    1.000056 ^ _52_/A1 (gf180mcu_fd_sc_mcu7t5v0__oai21_1)
     1    0.003014    0.199924    0.139636    1.139692 v _52_/ZN (gf180mcu_fd_sc_mcu7t5v0__oai21_1)
                                                         _06_ (net)
                      0.199924    0.000000    1.139692 v _70_/D (gf180mcu_fd_sc_mcu7t5v0__dffrnq_1)
                                              1.139692   data arrival time

                      0.150000    0.000000    0.000000   clock clk (rise edge)
                                  0.000000    0.000000   clock network delay (ideal)
                                  0.250000    0.250000   clock uncertainty
                                  0.000000    0.250000   clock reconvergence pessimism
                                              0.250000 ^ _70_/CLK (gf180mcu_fd_sc_mcu7t5v0__dffrnq_1)
                                  0.214394    0.464394   library hold time
                                              0.464394   data required time
---------------------------------------------------------------------------------------------
                                              0.464394   data required time
                                             -1.139692   data arrival time
---------------------------------------------------------------------------------------------
                                              0.675298   slack (MET)


Startpoint: load_en (input port clocked by clk)
Endpoint: _71_ (rising edge-triggered flip-flop clocked by clk)
Path Group: clk
Path Type: min

Fanout         Cap        Slew       Delay        Time   Description
---------------------------------------------------------------------------------------------
                      0.150000    0.000000    0.000000   clock clk (rise edge)
                                  0.000000    0.000000   clock network delay (ideal)
                                  1.000000    1.000000 ^ input external delay
    23    0.112509    0.000056    0.000056    1.000056 ^ load_en (in)
                                                         load_en (net)
                      0.000056    0.000000    1.000056 ^ _54_/A1 (gf180mcu_fd_sc_mcu7t5v0__oai21_1)
     1    0.003014    0.199924    0.139636    1.139692 v _54_/ZN (gf180mcu_fd_sc_mcu7t5v0__oai21_1)
                                                         _07_ (net)
                      0.199924    0.000000    1.139692 v _71_/D (gf180mcu_fd_sc_mcu7t5v0__dffrnq_1)
                                              1.139692   data arrival time

                      0.150000    0.000000    0.000000   clock clk (rise edge)
                                  0.000000    0.000000   clock network delay (ideal)
                                  0.250000    0.250000   clock uncertainty
                                  0.000000    0.250000   clock reconvergence pessimism
                                              0.250000 ^ _71_/CLK (gf180mcu_fd_sc_mcu7t5v0__dffrnq_1)
                                  0.214394    0.464394   library hold time
                                              0.464394   data required time
---------------------------------------------------------------------------------------------
                                              0.464394   data required time
                                             -1.139692   data arrival time
---------------------------------------------------------------------------------------------
                                              0.675298   slack (MET)


Startpoint: load_en (input port clocked by clk)
Endpoint: _72_ (rising edge-triggered flip-flop clocked by clk)
Path Group: clk
Path Type: min

Fanout         Cap        Slew       Delay        Time   Description
---------------------------------------------------------------------------------------------
                      0.150000    0.000000    0.000000   clock clk (rise edge)
                                  0.000000    0.000000   clock network delay (ideal)
                                  1.000000    1.000000 ^ input external delay
    23    0.112509    0.000056    0.000056    1.000056 ^ load_en (in)
                                                         load_en (net)
                      0.000056    0.000000    1.000056 ^ _56_/A1 (gf180mcu_fd_sc_mcu7t5v0__oai21_1)
     1    0.003014    0.199924    0.139636    1.139692 v _56_/ZN (gf180mcu_fd_sc_mcu7t5v0__oai21_1)
                                                         _08_ (net)
                      0.199924    0.000000    1.139692 v _72_/D (gf180mcu_fd_sc_mcu7t5v0__dffrnq_1)
                                              1.139692   data arrival time

                      0.150000    0.000000    0.000000   clock clk (rise edge)
                                  0.000000    0.000000   clock network delay (ideal)
                                  0.250000    0.250000   clock uncertainty
                                  0.000000    0.250000   clock reconvergence pessimism
                                              0.250000 ^ _72_/CLK (gf180mcu_fd_sc_mcu7t5v0__dffrnq_1)
                                  0.214394    0.464394   library hold time
                                              0.464394   data required time
---------------------------------------------------------------------------------------------
                                              0.464394   data required time
                                             -1.139692   data arrival time
---------------------------------------------------------------------------------------------
                                              0.675298   slack (MET)


Startpoint: load_en (input port clocked by clk)
Endpoint: _73_ (rising edge-triggered flip-flop clocked by clk)
Path Group: clk
Path Type: min

Fanout         Cap        Slew       Delay        Time   Description
---------------------------------------------------------------------------------------------
                      0.150000    0.000000    0.000000   clock clk (rise edge)
                                  0.000000    0.000000   clock network delay (ideal)
                                  1.000000    1.000000 ^ input external delay
    23    0.112509    0.000056    0.000056    1.000056 ^ load_en (in)
                                                         load_en (net)
                      0.000056    0.000000    1.000056 ^ _58_/A1 (gf180mcu_fd_sc_mcu7t5v0__oai21_1)
     1    0.003014    0.199924    0.139636    1.139692 v _58_/ZN (gf180mcu_fd_sc_mcu7t5v0__oai21_1)
                                                         _09_ (net)
                      0.199924    0.000000    1.139692 v _73_/D (gf180mcu_fd_sc_mcu7t5v0__dffrnq_1)
                                              1.139692   data arrival time

                      0.150000    0.000000    0.000000   clock clk (rise edge)
                                  0.000000    0.000000   clock network delay (ideal)
                                  0.250000    0.250000   clock uncertainty
                                  0.000000    0.250000   clock reconvergence pessimism
                                              0.250000 ^ _73_/CLK (gf180mcu_fd_sc_mcu7t5v0__dffrnq_1)
                                  0.214394    0.464394   library hold time
                                              0.464394   data required time
---------------------------------------------------------------------------------------------
                                              0.464394   data required time
                                             -1.139692   data arrival time
---------------------------------------------------------------------------------------------
                                              0.675298   slack (MET)


Startpoint: load_en (input port clocked by clk)
Endpoint: _74_ (rising edge-triggered flip-flop clocked by clk)
Path Group: clk
Path Type: min

Fanout         Cap        Slew       Delay        Time   Description
---------------------------------------------------------------------------------------------
                      0.150000    0.000000    0.000000   clock clk (rise edge)
                                  0.000000    0.000000   clock network delay (ideal)
                                  1.000000    1.000000 ^ input external delay
    23    0.112509    0.000056    0.000056    1.000056 ^ load_en (in)
                                                         load_en (net)
                      0.000056    0.000000    1.000056 ^ _60_/A1 (gf180mcu_fd_sc_mcu7t5v0__oai21_1)
     1    0.003014    0.199924    0.139636    1.139692 v _60_/ZN (gf180mcu_fd_sc_mcu7t5v0__oai21_1)
                                                         _10_ (net)
                      0.199924    0.000000    1.139692 v _74_/D (gf180mcu_fd_sc_mcu7t5v0__dffrnq_1)
                                              1.139692   data arrival time

                      0.150000    0.000000    0.000000   clock clk (rise edge)
                                  0.000000    0.000000   clock network delay (ideal)
                                  0.250000    0.250000   clock uncertainty
                                  0.000000    0.250000   clock reconvergence pessimism
                                              0.250000 ^ _74_/CLK (gf180mcu_fd_sc_mcu7t5v0__dffrnq_1)
                                  0.214394    0.464394   library hold time
                                              0.464394   data required time
---------------------------------------------------------------------------------------------
                                              0.464394   data required time
                                             -1.139692   data arrival time
---------------------------------------------------------------------------------------------
                                              0.675298   slack (MET)


Startpoint: load_en (input port clocked by clk)
Endpoint: _75_ (rising edge-triggered flip-flop clocked by clk)
Path Group: clk
Path Type: min

Fanout         Cap        Slew       Delay        Time   Description
---------------------------------------------------------------------------------------------
                      0.150000    0.000000    0.000000   clock clk (rise edge)
                                  0.000000    0.000000   clock network delay (ideal)
                                  1.000000    1.000000 ^ input external delay
    23    0.112509    0.000056    0.000056    1.000056 ^ load_en (in)
                                                         load_en (net)
                      0.000056    0.000000    1.000056 ^ _62_/A1 (gf180mcu_fd_sc_mcu7t5v0__oai21_1)
     1    0.003014    0.199924    0.139636    1.139692 v _62_/ZN (gf180mcu_fd_sc_mcu7t5v0__oai21_1)
                                                         _11_ (net)
                      0.199924    0.000000    1.139692 v _75_/D (gf180mcu_fd_sc_mcu7t5v0__dffrnq_1)
                                              1.139692   data arrival time

                      0.150000    0.000000    0.000000   clock clk (rise edge)
                                  0.000000    0.000000   clock network delay (ideal)
                                  0.250000    0.250000   clock uncertainty
                                  0.000000    0.250000   clock reconvergence pessimism
                                              0.250000 ^ _75_/CLK (gf180mcu_fd_sc_mcu7t5v0__dffrnq_1)
                                  0.214394    0.464394   library hold time
                                              0.464394   data required time
---------------------------------------------------------------------------------------------
                                              0.464394   data required time
                                             -1.139692   data arrival time
---------------------------------------------------------------------------------------------
                                              0.675298   slack (MET)


Startpoint: load_en (input port clocked by clk)
Endpoint: _76_ (rising edge-triggered flip-flop clocked by clk)
Path Group: clk
Path Type: min

Fanout         Cap        Slew       Delay        Time   Description
---------------------------------------------------------------------------------------------
                      0.150000    0.000000    0.000000   clock clk (rise edge)
                                  0.000000    0.000000   clock network delay (ideal)
                                  1.000000    1.000000 ^ input external delay
    23    0.112509    0.000056    0.000056    1.000056 ^ load_en (in)
                                                         load_en (net)
                      0.000056    0.000000    1.000056 ^ _64_/A1 (gf180mcu_fd_sc_mcu7t5v0__oai21_1)
     1    0.003014    0.199924    0.139636    1.139692 v _64_/ZN (gf180mcu_fd_sc_mcu7t5v0__oai21_1)
                                                         _01_ (net)
                      0.199924    0.000000    1.139692 v _76_/D (gf180mcu_fd_sc_mcu7t5v0__dffrnq_1)
                                              1.139692   data arrival time

                      0.150000    0.000000    0.000000   clock clk (rise edge)
                                  0.000000    0.000000   clock network delay (ideal)
                                  0.250000    0.250000   clock uncertainty
                                  0.000000    0.250000   clock reconvergence pessimism
                                              0.250000 ^ _76_/CLK (gf180mcu_fd_sc_mcu7t5v0__dffrnq_1)
                                  0.214394    0.464394   library hold time
                                              0.464394   data required time
---------------------------------------------------------------------------------------------
                                              0.464394   data required time
                                             -1.139692   data arrival time
---------------------------------------------------------------------------------------------
                                              0.675298   slack (MET)


Startpoint: load_en (input port clocked by clk)
Endpoint: _77_ (rising edge-triggered flip-flop clocked by clk)
Path Group: clk
Path Type: min

Fanout         Cap        Slew       Delay        Time   Description
---------------------------------------------------------------------------------------------
                      0.150000    0.000000    0.000000   clock clk (rise edge)
                                  0.000000    0.000000   clock network delay (ideal)
                                  1.000000    1.000000 ^ input external delay
    23    0.112509    0.000056    0.000056    1.000056 ^ load_en (in)
                                                         load_en (net)
                      0.000056    0.000000    1.000056 ^ _66_/A1 (gf180mcu_fd_sc_mcu7t5v0__oai21_1)
     1    0.003014    0.199924    0.139636    1.139692 v _66_/ZN (gf180mcu_fd_sc_mcu7t5v0__oai21_1)
                                                         _02_ (net)
                      0.199924    0.000000    1.139692 v _77_/D (gf180mcu_fd_sc_mcu7t5v0__dffrnq_1)
                                              1.139692   data arrival time

                      0.150000    0.000000    0.000000   clock clk (rise edge)
                                  0.000000    0.000000   clock network delay (ideal)
                                  0.250000    0.250000   clock uncertainty
                                  0.000000    0.250000   clock reconvergence pessimism
                                              0.250000 ^ _77_/CLK (gf180mcu_fd_sc_mcu7t5v0__dffrnq_1)
                                  0.214394    0.464394   library hold time
                                              0.464394   data required time
---------------------------------------------------------------------------------------------
                                              0.464394   data required time
                                             -1.139692   data arrival time
---------------------------------------------------------------------------------------------
                                              0.675298   slack (MET)


Startpoint: load_en (input port clocked by clk)
Endpoint: _79_ (rising edge-triggered flip-flop clocked by clk)
Path Group: clk
Path Type: min

Fanout         Cap        Slew       Delay        Time   Description
---------------------------------------------------------------------------------------------
                      0.150000    0.000000    0.000000   clock clk (rise edge)
                                  0.000000    0.000000   clock network delay (ideal)
                                  1.000000    1.000000 ^ input external delay
    23    0.112509    0.000056    0.000056    1.000056 ^ load_en (in)
                                                         load_en (net)
                      0.000056    0.000000    1.000056 ^ _46_/A2 (gf180mcu_fd_sc_mcu7t5v0__oai21_1)
     1    0.003014    0.199925    0.180563    1.180619 v _46_/ZN (gf180mcu_fd_sc_mcu7t5v0__oai21_1)
                                                         _03_ (net)
                      0.199925    0.000000    1.180619 v _79_/D (gf180mcu_fd_sc_mcu7t5v0__dffrnq_1)
                                              1.180619   data arrival time

                      0.150000    0.000000    0.000000   clock clk (rise edge)
                                  0.000000    0.000000   clock network delay (ideal)
                                  0.250000    0.250000   clock uncertainty
                                  0.000000    0.250000   clock reconvergence pessimism
                                              0.250000 ^ _79_/CLK (gf180mcu_fd_sc_mcu7t5v0__dffrnq_1)
                                  0.214394    0.464394   library hold time
                                              0.464394   data required time
---------------------------------------------------------------------------------------------
                                              0.464394   data required time
                                             -1.180619   data arrival time
---------------------------------------------------------------------------------------------
                                              0.716225   slack (MET)


Startpoint: load_en (input port clocked by clk)
Endpoint: _78_ (rising edge-triggered flip-flop clocked by clk)
Path Group: clk
Path Type: min

Fanout         Cap        Slew       Delay        Time   Description
---------------------------------------------------------------------------------------------
                      0.150000    0.000000    0.000000   clock clk (rise edge)
                                  0.000000    0.000000   clock network delay (ideal)
                                  1.000000    1.000000 v input external delay
    23    0.112509    0.000056    0.000056    1.000056 v load_en (in)
                                                         load_en (net)
                      0.000056    0.000000    1.000056 v _67_/A1 (gf180mcu_fd_sc_mcu7t5v0__and2_1)
     1    0.003014    0.173834    0.361867    1.361923 v _67_/Z (gf180mcu_fd_sc_mcu7t5v0__and2_1)
                                                         _00_ (net)
                      0.173834    0.000000    1.361923 v _78_/D (gf180mcu_fd_sc_mcu7t5v0__dffrnq_1)
                                              1.361923   data arrival time

                      0.150000    0.000000    0.000000   clock clk (rise edge)
                                  0.000000    0.000000   clock network delay (ideal)
                                  0.250000    0.250000   clock uncertainty
                                  0.000000    0.250000   clock reconvergence pessimism
                                              0.250000 ^ _78_/CLK (gf180mcu_fd_sc_mcu7t5v0__dffrnq_1)
                                  0.221337    0.471337   library hold time
                                              0.471337   data required time
---------------------------------------------------------------------------------------------
                                              0.471337   data required time
                                             -1.361923   data arrival time
---------------------------------------------------------------------------------------------
                                              0.890586   slack (MET)


Startpoint: _77_ (rising edge-triggered flip-flop clocked by clk)
Endpoint: serial_out (output port clocked by clk)
Path Group: clk
Path Type: min

Fanout         Cap        Slew       Delay        Time   Description
---------------------------------------------------------------------------------------------
                      0.150000    0.000000    0.000000   clock clk (rise edge)
                                  0.000000    0.000000   clock network delay (ideal)
                      0.150000    0.000000    0.000000 ^ _77_/CLK (gf180mcu_fd_sc_mcu7t5v0__dffrnq_1)
     1    0.035000    0.652871    1.611010    1.611010 v _77_/Q (gf180mcu_fd_sc_mcu7t5v0__dffrnq_1)
                                                         serial_out (net)
                      0.652871    0.000000    1.611010 v serial_out (out)
                                              1.611010   data arrival time

                      0.150000    0.000000    0.000000   clock clk (rise edge)
                                  0.000000    0.000000   clock network delay (ideal)
                                  0.250000    0.250000   clock uncertainty
                                  0.000000    0.250000   clock reconvergence pessimism
                                 -1.000000   -0.750000   output external delay
                                             -0.750000   data required time
---------------------------------------------------------------------------------------------
                                             -0.750000   data required time
                                             -1.611010   data arrival time
---------------------------------------------------------------------------------------------
                                              2.361010   slack (MET)



