
===========================================================================
 report_power
============================================================================
======================= nom_ss_125C_4v50 Corner ===================================

Group                    Internal    Switching      Leakage        Total
                            Power        Power        Power        Power (Watts)
------------------------------------------------------------------------
Sequential           8.429172e-05 1.734187e-06 1.494268e-08 8.604085e-05  92.7%
Combinational        4.193459e-06 2.533613e-06 1.928588e-08 6.746358e-06   7.3%
Clock                0.000000e+00 0.000000e+00 0.000000e+00 0.000000e+00   0.0%
Macro                0.000000e+00 0.000000e+00 0.000000e+00 0.000000e+00   0.0%
Pad                  0.000000e+00 0.000000e+00 0.000000e+00 0.000000e+00   0.0%
------------------------------------------------------------------------
Total                8.848518e-05 4.267801e-06 3.422857e-08 9.278720e-05 100.0%
                            95.4%         4.6%         0.0%

