Clock: clk_div
Sources: clk 
Generated: yes
Virtual: yes
Propagated: no
Period: 0.000000

===========================================================================
report_clock_properties
============================================================================
Clock                   Period          Waveform
----------------------------------------------------

===========================================================================
report_clock_latency
============================================================================
Clock clk_div
rise -> rise
    min     max
0.000000 0.000000 source latency
0.610845         network latency _2112_/CLK
        0.625417 network latency _2148_/CLK
---------------
0.610845 0.625417 latency
        0.014572 skew

fall -> fall
    min     max
0.000000 0.000000 source latency
0.616145         network latency _2112_/CLK
        0.631729 network latency _2148_/CLK
---------------
0.616145 0.631729 latency
        0.015584 skew



===========================================================================
report_clock_min_period
============================================================================
clk_div period_min = 0.00 fmax = inf
