Clock: clk
Sources: clk 
Generated: no
Virtual: yes
Propagated: no
Period: 81.379997

===========================================================================
report_clock_properties
============================================================================
Clock                   Period          Waveform
----------------------------------------------------
clk                  81.379997    0.000000 40.689999

===========================================================================
report_clock_latency
============================================================================
Clock clk
rise -> rise
    min     max
0.000000 0.000000 source latency
0.828860         network latency _71_/CLK
        0.831860 network latency _68_/CLK
---------------
0.828860 0.831860 latency
        0.003000 skew

fall -> fall
    min     max
0.000000 0.000000 source latency
0.807919         network latency _71_/CLK
        0.811141 network latency _68_/CLK
---------------
0.807919 0.811141 latency
        0.003222 skew



===========================================================================
report_clock_min_period
============================================================================
clk period_min = 3.75 fmax = 266.59
