
===========================================================================
report_checks -path_delay max (Setup)
============================================================================
======================= min_ss_125C_4v50 Corner ===================================

Startpoint: _77_ (rising edge-triggered flip-flop clocked by clk)
Endpoint: serial_out (output port clocked by clk)
Path Group: clk
Path Type: max

Fanout         Cap        Slew       Delay        Time   Description
---------------------------------------------------------------------------------------------
                                  0.000000    0.000000   clock clk (rise edge)
                                  0.000000    0.000000   clock source latency
     1    0.027785    0.000014    0.000403    0.000403 ^ clk (in)
                                                         clk (net)
                      0.000965    0.000000    0.000403 ^ clkbuf_0_clk/I (gf180mcu_fd_sc_mcu7t5v0__clkbuf_16)
     2    0.047206    0.200715    0.399250    0.399653 ^ clkbuf_0_clk/Z (gf180mcu_fd_sc_mcu7t5v0__clkbuf_16)
                                                         clknet_0_clk (net)
                      0.200716    0.000899    0.400552 ^ clkbuf_1_1__f_clk/I (gf180mcu_fd_sc_mcu7t5v0__clkbuf_16)
     7    0.036397    0.184148    0.428221    0.828774 ^ clkbuf_1_1__f_clk/Z (gf180mcu_fd_sc_mcu7t5v0__clkbuf_16)
                                                         clknet_1_1__leaf_clk (net)
                      0.184148    0.000126    0.828899 ^ _77_/CLK (gf180mcu_fd_sc_mcu7t5v0__dffrnq_1)
     1    0.005405    0.327681    1.690190    2.519090 ^ _77_/Q (gf180mcu_fd_sc_mcu7t5v0__dffrnq_1)
                                                         net15 (net)
                      0.327681    0.000070    2.519160 ^ output15/I (gf180mcu_fd_sc_mcu7t5v0__dlyb_1)
     1    0.036403    1.097883    2.218527    4.737687 ^ output15/Z (gf180mcu_fd_sc_mcu7t5v0__dlyb_1)
                                                         serial_out (net)
                      1.097883    0.000465    4.738152 ^ serial_out (out)
                                              4.738152   data arrival time

                                 81.379997   81.379997   clock clk (rise edge)
                                  0.000000   81.379997   clock network delay (propagated)
                                 -0.250000   81.129997   clock uncertainty
                                  0.000000   81.129997   clock reconvergence pessimism
                                -16.000000   65.129997   output external delay
                                             65.129997   data required time
---------------------------------------------------------------------------------------------
                                             65.129997   data required time
                                             -4.738152   data arrival time
---------------------------------------------------------------------------------------------
                                             60.391842   slack (MET)


Startpoint: load_en (input port clocked by clk)
Endpoint: _70_ (rising edge-triggered flip-flop clocked by clk)
Path Group: clk
Path Type: max

Fanout         Cap        Slew       Delay        Time   Description
---------------------------------------------------------------------------------------------
                                  0.000000    0.000000   clock clk (rise edge)
                                  0.000000    0.000000   clock network delay (propagated)
                                 16.000000   16.000000 ^ input external delay
     1    0.004058    0.000002    0.000034   16.000034 ^ load_en (in)
                                                         load_en (net)
                      0.000081    0.000000   16.000034 ^ input13/I (gf180mcu_fd_sc_mcu7t5v0__dlyb_1)
    23    0.136769    3.798505    3.716082   19.716116 ^ input13/Z (gf180mcu_fd_sc_mcu7t5v0__dlyb_1)
                                                         net13 (net)
                      3.798518    0.004066   19.720182 ^ _51_/A1 (gf180mcu_fd_sc_mcu7t5v0__nand2_1)
     1    0.008468    0.950364    0.406768   20.126949 v _51_/ZN (gf180mcu_fd_sc_mcu7t5v0__nand2_1)
                                                         _26_ (net)
                      0.950364    0.000194   20.127144 v _52_/B (gf180mcu_fd_sc_mcu7t5v0__oai21_1)
     1    0.009902    1.034954    0.673852   20.800995 ^ _52_/ZN (gf180mcu_fd_sc_mcu7t5v0__oai21_1)
                                                         _06_ (net)
                      1.034954    0.000284   20.801279 ^ _70_/D (gf180mcu_fd_sc_mcu7t5v0__dffrnq_1)
                                             20.801279   data arrival time

                                 81.379997   81.379997   clock clk (rise edge)
                                  0.000000   81.379997   clock source latency
     1    0.027785    0.000014    0.000405   81.380402 ^ clk (in)
                                                         clk (net)
                      0.000965    0.000000   81.380402 ^ clkbuf_0_clk/I (gf180mcu_fd_sc_mcu7t5v0__clkbuf_16)
     2    0.047206    0.200715    0.399247   81.779648 ^ clkbuf_0_clk/Z (gf180mcu_fd_sc_mcu7t5v0__clkbuf_16)
                                                         clknet_0_clk (net)
                      0.200716    0.000902   81.780548 ^ clkbuf_1_1__f_clk/I (gf180mcu_fd_sc_mcu7t5v0__clkbuf_16)
     7    0.036397    0.184148    0.428223   82.208771 ^ clkbuf_1_1__f_clk/Z (gf180mcu_fd_sc_mcu7t5v0__clkbuf_16)
                                                         clknet_1_1__leaf_clk (net)
                      0.184148    0.000092   82.208862 ^ _70_/CLK (gf180mcu_fd_sc_mcu7t5v0__dffrnq_1)
                                 -0.250000   81.958870   clock uncertainty
                                  0.000000   81.958870   clock reconvergence pessimism
                                 -0.735556   81.223312   library setup time
                                             81.223312   data required time
---------------------------------------------------------------------------------------------
                                             81.223312   data required time
                                            -20.801279   data arrival time
---------------------------------------------------------------------------------------------
                                             60.422035   slack (MET)


Startpoint: load_en (input port clocked by clk)
Endpoint: _72_ (rising edge-triggered flip-flop clocked by clk)
Path Group: clk
Path Type: max

Fanout         Cap        Slew       Delay        Time   Description
---------------------------------------------------------------------------------------------
                                  0.000000    0.000000   clock clk (rise edge)
                                  0.000000    0.000000   clock network delay (propagated)
                                 16.000000   16.000000 ^ input external delay
     1    0.004058    0.000002    0.000034   16.000034 ^ load_en (in)
                                                         load_en (net)
                      0.000081    0.000000   16.000034 ^ input13/I (gf180mcu_fd_sc_mcu7t5v0__dlyb_1)
    23    0.136769    3.798505    3.716082   19.716116 ^ input13/Z (gf180mcu_fd_sc_mcu7t5v0__dlyb_1)
                                                         net13 (net)
                      3.798505    0.003624   19.719740 ^ _55_/A1 (gf180mcu_fd_sc_mcu7t5v0__nand2_1)
     1    0.008389    0.948071    0.404302   20.124043 v _55_/ZN (gf180mcu_fd_sc_mcu7t5v0__nand2_1)
                                                         _28_ (net)
                      0.948071    0.000185   20.124226 v _56_/B (gf180mcu_fd_sc_mcu7t5v0__oai21_1)
     1    0.010026    1.041135    0.675424   20.799650 ^ _56_/ZN (gf180mcu_fd_sc_mcu7t5v0__oai21_1)
                                                         _08_ (net)
                      1.041135    0.000265   20.799915 ^ _72_/D (gf180mcu_fd_sc_mcu7t5v0__dffrnq_1)
                                             20.799915   data arrival time

                                 81.379997   81.379997   clock clk (rise edge)
                                  0.000000   81.379997   clock source latency
     1    0.027785    0.000014    0.000405   81.380402 ^ clk (in)
                                                         clk (net)
                      0.000965    0.000000   81.380402 ^ clkbuf_0_clk/I (gf180mcu_fd_sc_mcu7t5v0__clkbuf_16)
     2    0.047206    0.200715    0.399247   81.779648 ^ clkbuf_0_clk/Z (gf180mcu_fd_sc_mcu7t5v0__clkbuf_16)
                                                         clknet_0_clk (net)
                      0.200716    0.000874   81.780525 ^ clkbuf_1_0__f_clk/I (gf180mcu_fd_sc_mcu7t5v0__clkbuf_16)
     6    0.038768    0.187716    0.431008   82.211533 ^ clkbuf_1_0__f_clk/Z (gf180mcu_fd_sc_mcu7t5v0__clkbuf_16)
                                                         clknet_1_0__leaf_clk (net)
                      0.187716    0.000178   82.211708 ^ _72_/CLK (gf180mcu_fd_sc_mcu7t5v0__dffrnq_1)
                                 -0.250000   81.961708   clock uncertainty
                                  0.000000   81.961708   clock reconvergence pessimism
                                 -0.735448   81.226265   library setup time
                                             81.226265   data required time
---------------------------------------------------------------------------------------------
                                             81.226265   data required time
                                            -20.799915   data arrival time
---------------------------------------------------------------------------------------------
                                             60.426346   slack (MET)


Startpoint: load_en (input port clocked by clk)
Endpoint: _71_ (rising edge-triggered flip-flop clocked by clk)
Path Group: clk
Path Type: max

Fanout         Cap        Slew       Delay        Time   Description
---------------------------------------------------------------------------------------------
                                  0.000000    0.000000   clock clk (rise edge)
                                  0.000000    0.000000   clock network delay (propagated)
                                 16.000000   16.000000 ^ input external delay
     1    0.004058    0.000002    0.000034   16.000034 ^ load_en (in)
                                                         load_en (net)
                      0.000081    0.000000   16.000034 ^ input13/I (gf180mcu_fd_sc_mcu7t5v0__dlyb_1)
    23    0.136769    3.798505    3.716082   19.716116 ^ input13/Z (gf180mcu_fd_sc_mcu7t5v0__dlyb_1)
                                                         net13 (net)
                      3.798517    0.003910   19.720026 ^ _53_/A1 (gf180mcu_fd_sc_mcu7t5v0__nand2_1)
     1    0.009463    0.979415    0.438085   20.158110 v _53_/ZN (gf180mcu_fd_sc_mcu7t5v0__nand2_1)
                                                         _27_ (net)
                      0.979415    0.000229   20.158340 v _54_/B (gf180mcu_fd_sc_mcu7t5v0__oai21_1)
     1    0.006324    0.879593    0.615893   20.774233 ^ _54_/ZN (gf180mcu_fd_sc_mcu7t5v0__oai21_1)
                                                         _07_ (net)
                      0.879593    0.000142   20.774374 ^ _71_/D (gf180mcu_fd_sc_mcu7t5v0__dffrnq_1)
                                             20.774374   data arrival time

                                 81.379997   81.379997   clock clk (rise edge)
                                  0.000000   81.379997   clock source latency
     1    0.027785    0.000014    0.000405   81.380402 ^ clk (in)
                                                         clk (net)
                      0.000965    0.000000   81.380402 ^ clkbuf_0_clk/I (gf180mcu_fd_sc_mcu7t5v0__clkbuf_16)
     2    0.047206    0.200715    0.399247   81.779648 ^ clkbuf_0_clk/Z (gf180mcu_fd_sc_mcu7t5v0__clkbuf_16)
                                                         clknet_0_clk (net)
                      0.200716    0.000902   81.780548 ^ clkbuf_1_1__f_clk/I (gf180mcu_fd_sc_mcu7t5v0__clkbuf_16)
     7    0.036397    0.184148    0.428223   82.208771 ^ clkbuf_1_1__f_clk/Z (gf180mcu_fd_sc_mcu7t5v0__clkbuf_16)
                                                         clknet_1_1__leaf_clk (net)
                      0.184148    0.000085   82.208862 ^ _71_/CLK (gf180mcu_fd_sc_mcu7t5v0__dffrnq_1)
                                 -0.250000   81.958862   clock uncertainty
                                  0.000000   81.958862   clock reconvergence pessimism
                                 -0.713944   81.244919   library setup time
                                             81.244919   data required time
---------------------------------------------------------------------------------------------
                                             81.244919   data required time
                                            -20.774374   data arrival time
---------------------------------------------------------------------------------------------
                                             60.470543   slack (MET)


Startpoint: load_en (input port clocked by clk)
Endpoint: _77_ (rising edge-triggered flip-flop clocked by clk)
Path Group: clk
Path Type: max

Fanout         Cap        Slew       Delay        Time   Description
---------------------------------------------------------------------------------------------
                                  0.000000    0.000000   clock clk (rise edge)
                                  0.000000    0.000000   clock network delay (propagated)
                                 16.000000   16.000000 ^ input external delay
     1    0.004058    0.000002    0.000034   16.000034 ^ load_en (in)
                                                         load_en (net)
                      0.000081    0.000000   16.000034 ^ input13/I (gf180mcu_fd_sc_mcu7t5v0__dlyb_1)
    23    0.136769    3.798505    3.716082   19.716116 ^ input13/Z (gf180mcu_fd_sc_mcu7t5v0__dlyb_1)
                                                         net13 (net)
                      3.798519    0.004199   19.720314 ^ _65_/A1 (gf180mcu_fd_sc_mcu7t5v0__nand2_1)
     1    0.008053    0.948780    0.393770   20.114084 v _65_/ZN (gf180mcu_fd_sc_mcu7t5v0__nand2_1)
                                                         _33_ (net)
                      0.948780    0.000117   20.114202 v _66_/B (gf180mcu_fd_sc_mcu7t5v0__oai21_1)
     1    0.006641    0.895003    0.612324   20.726526 ^ _66_/ZN (gf180mcu_fd_sc_mcu7t5v0__oai21_1)
                                                         _02_ (net)
                      0.895003    0.000151   20.726677 ^ _77_/D (gf180mcu_fd_sc_mcu7t5v0__dffrnq_1)
                                             20.726677   data arrival time

                                 81.379997   81.379997   clock clk (rise edge)
                                  0.000000   81.379997   clock source latency
     1    0.027785    0.000014    0.000405   81.380402 ^ clk (in)
                                                         clk (net)
                      0.000965    0.000000   81.380402 ^ clkbuf_0_clk/I (gf180mcu_fd_sc_mcu7t5v0__clkbuf_16)
     2    0.047206    0.200715    0.399247   81.779648 ^ clkbuf_0_clk/Z (gf180mcu_fd_sc_mcu7t5v0__clkbuf_16)
                                                         clknet_0_clk (net)
                      0.200716    0.000902   81.780548 ^ clkbuf_1_1__f_clk/I (gf180mcu_fd_sc_mcu7t5v0__clkbuf_16)
     7    0.036397    0.184148    0.428223   82.208771 ^ clkbuf_1_1__f_clk/Z (gf180mcu_fd_sc_mcu7t5v0__clkbuf_16)
                                                         clknet_1_1__leaf_clk (net)
                      0.184148    0.000121   82.208893 ^ _77_/CLK (gf180mcu_fd_sc_mcu7t5v0__dffrnq_1)
                                 -0.250000   81.958900   clock uncertainty
                                  0.000000   81.958900   clock reconvergence pessimism
                                 -0.716088   81.242813   library setup time
                                             81.242813   data required time
---------------------------------------------------------------------------------------------
                                             81.242813   data required time
                                            -20.726677   data arrival time
---------------------------------------------------------------------------------------------
                                             60.516132   slack (MET)


Startpoint: load_en (input port clocked by clk)
Endpoint: _68_ (rising edge-triggered flip-flop clocked by clk)
Path Group: clk
Path Type: max

Fanout         Cap        Slew       Delay        Time   Description
---------------------------------------------------------------------------------------------
                                  0.000000    0.000000   clock clk (rise edge)
                                  0.000000    0.000000   clock network delay (propagated)
                                 16.000000   16.000000 ^ input external delay
     1    0.004058    0.000002    0.000034   16.000034 ^ load_en (in)
                                                         load_en (net)
                      0.000081    0.000000   16.000034 ^ input13/I (gf180mcu_fd_sc_mcu7t5v0__dlyb_1)
    23    0.136769    3.798505    3.716082   19.716116 ^ input13/Z (gf180mcu_fd_sc_mcu7t5v0__dlyb_1)
                                                         net13 (net)
                      3.798505    0.003659   19.719774 ^ _47_/A1 (gf180mcu_fd_sc_mcu7t5v0__nand2_1)
     1    0.009348    0.976062    0.434472   20.154247 v _47_/ZN (gf180mcu_fd_sc_mcu7t5v0__nand2_1)
                                                         _24_ (net)
                      0.976062    0.000226   20.154472 v _48_/B (gf180mcu_fd_sc_mcu7t5v0__oai21_1)
     1    0.003642    0.745248    0.562761   20.717234 ^ _48_/ZN (gf180mcu_fd_sc_mcu7t5v0__oai21_1)
                                                         _04_ (net)
                      0.745248    0.000036   20.717268 ^ _68_/D (gf180mcu_fd_sc_mcu7t5v0__dffrnq_1)
                                             20.717268   data arrival time

                                 81.379997   81.379997   clock clk (rise edge)
                                  0.000000   81.379997   clock source latency
     1    0.027785    0.000014    0.000405   81.380402 ^ clk (in)
                                                         clk (net)
                      0.000965    0.000000   81.380402 ^ clkbuf_0_clk/I (gf180mcu_fd_sc_mcu7t5v0__clkbuf_16)
     2    0.047206    0.200715    0.399247   81.779648 ^ clkbuf_0_clk/Z (gf180mcu_fd_sc_mcu7t5v0__clkbuf_16)
                                                         clknet_0_clk (net)
                      0.200716    0.000874   81.780525 ^ clkbuf_1_0__f_clk/I (gf180mcu_fd_sc_mcu7t5v0__clkbuf_16)
     6    0.038768    0.187716    0.431008   82.211533 ^ clkbuf_1_0__f_clk/Z (gf180mcu_fd_sc_mcu7t5v0__clkbuf_16)
                                                         clknet_1_0__leaf_clk (net)
                      0.187716    0.000327   82.211861 ^ _68_/CLK (gf180mcu_fd_sc_mcu7t5v0__dffrnq_1)
                                 -0.250000   81.961861   clock uncertainty
                                  0.000000   81.961861   clock reconvergence pessimism
                                 -0.694325   81.267532   library setup time
                                             81.267532   data required time
---------------------------------------------------------------------------------------------
                                             81.267532   data required time
                                            -20.717268   data arrival time
---------------------------------------------------------------------------------------------
                                             60.550266   slack (MET)


Startpoint: load_en (input port clocked by clk)
Endpoint: _69_ (rising edge-triggered flip-flop clocked by clk)
Path Group: clk
Path Type: max

Fanout         Cap        Slew       Delay        Time   Description
---------------------------------------------------------------------------------------------
                                  0.000000    0.000000   clock clk (rise edge)
                                  0.000000    0.000000   clock network delay (propagated)
                                 16.000000   16.000000 ^ input external delay
     1    0.004058    0.000002    0.000034   16.000034 ^ load_en (in)
                                                         load_en (net)
                      0.000081    0.000000   16.000034 ^ input13/I (gf180mcu_fd_sc_mcu7t5v0__dlyb_1)
    23    0.136769    3.798505    3.716082   19.716116 ^ input13/Z (gf180mcu_fd_sc_mcu7t5v0__dlyb_1)
                                                         net13 (net)
                      3.798517    0.003844   19.719959 ^ _49_/A1 (gf180mcu_fd_sc_mcu7t5v0__nand2_1)
     1    0.007447    0.925955    0.371765   20.091724 v _49_/ZN (gf180mcu_fd_sc_mcu7t5v0__nand2_1)
                                                         _25_ (net)
                      0.925955    0.000156   20.091881 v _50_/B (gf180mcu_fd_sc_mcu7t5v0__oai21_1)
     1    0.003910    0.759278    0.553285   20.645166 ^ _50_/ZN (gf180mcu_fd_sc_mcu7t5v0__oai21_1)
                                                         _05_ (net)
                      0.759278    0.000039   20.645205 ^ _69_/D (gf180mcu_fd_sc_mcu7t5v0__dffrnq_1)
                                             20.645205   data arrival time

                                 81.379997   81.379997   clock clk (rise edge)
                                  0.000000   81.379997   clock source latency
     1    0.027785    0.000014    0.000405   81.380402 ^ clk (in)
                                                         clk (net)
                      0.000965    0.000000   81.380402 ^ clkbuf_0_clk/I (gf180mcu_fd_sc_mcu7t5v0__clkbuf_16)
     2    0.047206    0.200715    0.399247   81.779648 ^ clkbuf_0_clk/Z (gf180mcu_fd_sc_mcu7t5v0__clkbuf_16)
                                                         clknet_0_clk (net)
                      0.200716    0.000902   81.780548 ^ clkbuf_1_1__f_clk/I (gf180mcu_fd_sc_mcu7t5v0__clkbuf_16)
     7    0.036397    0.184148    0.428223   82.208771 ^ clkbuf_1_1__f_clk/Z (gf180mcu_fd_sc_mcu7t5v0__clkbuf_16)
                                                         clknet_1_1__leaf_clk (net)
                      0.184148    0.000384   82.209160 ^ _69_/CLK (gf180mcu_fd_sc_mcu7t5v0__dffrnq_1)
                                 -0.250000   81.959160   clock uncertainty
                                  0.000000   81.959160   clock reconvergence pessimism
                                 -0.697207   81.261955   library setup time
                                             81.261955   data required time
---------------------------------------------------------------------------------------------
                                             81.261955   data required time
                                            -20.645205   data arrival time
---------------------------------------------------------------------------------------------
                                             60.616749   slack (MET)


Startpoint: load_en (input port clocked by clk)
Endpoint: _73_ (rising edge-triggered flip-flop clocked by clk)
Path Group: clk
Path Type: max

Fanout         Cap        Slew       Delay        Time   Description
---------------------------------------------------------------------------------------------
                                  0.000000    0.000000   clock clk (rise edge)
                                  0.000000    0.000000   clock network delay (propagated)
                                 16.000000   16.000000 ^ input external delay
     1    0.004058    0.000002    0.000034   16.000034 ^ load_en (in)
                                                         load_en (net)
                      0.000081    0.000000   16.000034 ^ input13/I (gf180mcu_fd_sc_mcu7t5v0__dlyb_1)
    23    0.136769    3.798505    3.716082   19.716116 ^ input13/Z (gf180mcu_fd_sc_mcu7t5v0__dlyb_1)
                                                         net13 (net)
                      3.798505    0.002052   19.718166 ^ _57_/A1 (gf180mcu_fd_sc_mcu7t5v0__nand2_1)
     1    0.005948    0.862548    0.311609   20.029776 v _57_/ZN (gf180mcu_fd_sc_mcu7t5v0__nand2_1)
                                                         _29_ (net)
                      0.862548    0.000066   20.029842 v _58_/B (gf180mcu_fd_sc_mcu7t5v0__oai21_1)
     1    0.007160    0.920182    0.594921   20.624763 ^ _58_/ZN (gf180mcu_fd_sc_mcu7t5v0__oai21_1)
                                                         _09_ (net)
                      0.920182    0.000167   20.624929 ^ _73_/D (gf180mcu_fd_sc_mcu7t5v0__dffrnq_1)
                                             20.624929   data arrival time

                                 81.379997   81.379997   clock clk (rise edge)
                                  0.000000   81.379997   clock source latency
     1    0.027785    0.000014    0.000405   81.380402 ^ clk (in)
                                                         clk (net)
                      0.000965    0.000000   81.380402 ^ clkbuf_0_clk/I (gf180mcu_fd_sc_mcu7t5v0__clkbuf_16)
     2    0.047206    0.200715    0.399247   81.779648 ^ clkbuf_0_clk/Z (gf180mcu_fd_sc_mcu7t5v0__clkbuf_16)
                                                         clknet_0_clk (net)
                      0.200716    0.000874   81.780525 ^ clkbuf_1_0__f_clk/I (gf180mcu_fd_sc_mcu7t5v0__clkbuf_16)
     6    0.038768    0.187716    0.431008   82.211533 ^ clkbuf_1_0__f_clk/Z (gf180mcu_fd_sc_mcu7t5v0__clkbuf_16)
                                                         clknet_1_0__leaf_clk (net)
                      0.187716    0.000320   82.211853 ^ _73_/CLK (gf180mcu_fd_sc_mcu7t5v0__dffrnq_1)
                                 -0.250000   81.961853   clock uncertainty
                                  0.000000   81.961853   clock reconvergence pessimism
                                 -0.718638   81.243217   library setup time
                                             81.243217   data required time
---------------------------------------------------------------------------------------------
                                             81.243217   data required time
                                            -20.624929   data arrival time
---------------------------------------------------------------------------------------------
                                             60.618286   slack (MET)


Startpoint: load_en (input port clocked by clk)
Endpoint: _75_ (rising edge-triggered flip-flop clocked by clk)
Path Group: clk
Path Type: max

Fanout         Cap        Slew       Delay        Time   Description
---------------------------------------------------------------------------------------------
                                  0.000000    0.000000   clock clk (rise edge)
                                  0.000000    0.000000   clock network delay (propagated)
                                 16.000000   16.000000 ^ input external delay
     1    0.004058    0.000002    0.000034   16.000034 ^ load_en (in)
                                                         load_en (net)
                      0.000081    0.000000   16.000034 ^ input13/I (gf180mcu_fd_sc_mcu7t5v0__dlyb_1)
    23    0.136769    3.798505    3.716082   19.716116 ^ input13/Z (gf180mcu_fd_sc_mcu7t5v0__dlyb_1)
                                                         net13 (net)
                      3.798520    0.004288   19.720404 ^ _61_/A1 (gf180mcu_fd_sc_mcu7t5v0__nand2_1)
     1    0.006351    0.879583    0.327768   20.048172 v _61_/ZN (gf180mcu_fd_sc_mcu7t5v0__nand2_1)
                                                         _31_ (net)
                      0.879583    0.000069   20.048241 v _62_/B (gf180mcu_fd_sc_mcu7t5v0__oai21_1)
     1    0.003690    0.747780    0.535190   20.583431 ^ _62_/ZN (gf180mcu_fd_sc_mcu7t5v0__oai21_1)
                                                         _11_ (net)
                      0.747780    0.000037   20.583467 ^ _75_/D (gf180mcu_fd_sc_mcu7t5v0__dffrnq_1)
                                             20.583467   data arrival time

                                 81.379997   81.379997   clock clk (rise edge)
                                  0.000000   81.379997   clock source latency
     1    0.027785    0.000014    0.000405   81.380402 ^ clk (in)
                                                         clk (net)
                      0.000965    0.000000   81.380402 ^ clkbuf_0_clk/I (gf180mcu_fd_sc_mcu7t5v0__clkbuf_16)
     2    0.047206    0.200715    0.399247   81.779648 ^ clkbuf_0_clk/Z (gf180mcu_fd_sc_mcu7t5v0__clkbuf_16)
                                                         clknet_0_clk (net)
                      0.200716    0.000902   81.780548 ^ clkbuf_1_1__f_clk/I (gf180mcu_fd_sc_mcu7t5v0__clkbuf_16)
     7    0.036397    0.184148    0.428223   82.208771 ^ clkbuf_1_1__f_clk/Z (gf180mcu_fd_sc_mcu7t5v0__clkbuf_16)
                                                         clknet_1_1__leaf_clk (net)
                      0.184148    0.000242   82.209015 ^ _75_/CLK (gf180mcu_fd_sc_mcu7t5v0__dffrnq_1)
                                 -0.250000   81.959015   clock uncertainty
                                  0.000000   81.959015   clock reconvergence pessimism
                                 -0.695608   81.263412   library setup time
                                             81.263412   data required time
---------------------------------------------------------------------------------------------
                                             81.263412   data required time
                                            -20.583467   data arrival time
---------------------------------------------------------------------------------------------
                                             60.679939   slack (MET)


Startpoint: load_en (input port clocked by clk)
Endpoint: _79_ (rising edge-triggered flip-flop clocked by clk)
Path Group: clk
Path Type: max

Fanout         Cap        Slew       Delay        Time   Description
---------------------------------------------------------------------------------------------
                                  0.000000    0.000000   clock clk (rise edge)
                                  0.000000    0.000000   clock network delay (propagated)
                                 16.000000   16.000000 ^ input external delay
     1    0.004058    0.000002    0.000034   16.000034 ^ load_en (in)
                                                         load_en (net)
                      0.000081    0.000000   16.000034 ^ input13/I (gf180mcu_fd_sc_mcu7t5v0__dlyb_1)
    23    0.136769    3.798505    3.716082   19.716116 ^ input13/Z (gf180mcu_fd_sc_mcu7t5v0__dlyb_1)
                                                         net13 (net)
                      3.798505    0.002675   19.718790 ^ _45_/A2 (gf180mcu_fd_sc_mcu7t5v0__nand2_1)
     1    0.007843    0.859164    0.235868   19.954659 v _45_/ZN (gf180mcu_fd_sc_mcu7t5v0__nand2_1)
                                                         _23_ (net)
                      0.859164    0.000176   19.954834 v _46_/B (gf180mcu_fd_sc_mcu7t5v0__oai21_1)
     1    0.006667    0.915424    0.584828   20.539663 ^ _46_/ZN (gf180mcu_fd_sc_mcu7t5v0__oai21_1)
                                                         _03_ (net)
                      0.915424    0.000149   20.539812 ^ _79_/D (gf180mcu_fd_sc_mcu7t5v0__dffrnq_1)
                                             20.539812   data arrival time

                                 81.379997   81.379997   clock clk (rise edge)
                                  0.000000   81.379997   clock source latency
     1    0.027785    0.000014    0.000405   81.380402 ^ clk (in)
                                                         clk (net)
                      0.000965    0.000000   81.380402 ^ clkbuf_0_clk/I (gf180mcu_fd_sc_mcu7t5v0__clkbuf_16)
     2    0.047206    0.200715    0.399247   81.779648 ^ clkbuf_0_clk/Z (gf180mcu_fd_sc_mcu7t5v0__clkbuf_16)
                                                         clknet_0_clk (net)
                      0.200716    0.000902   81.780548 ^ clkbuf_1_1__f_clk/I (gf180mcu_fd_sc_mcu7t5v0__clkbuf_16)
     7    0.036397    0.184148    0.428223   82.208771 ^ clkbuf_1_1__f_clk/Z (gf180mcu_fd_sc_mcu7t5v0__clkbuf_16)
                                                         clknet_1_1__leaf_clk (net)
                      0.184148    0.000256   82.209030 ^ _79_/CLK (gf180mcu_fd_sc_mcu7t5v0__dffrnq_1)
                                 -0.250000   81.959030   clock uncertainty
                                  0.000000   81.959030   clock reconvergence pessimism
                                 -0.718928   81.240105   library setup time
                                             81.240105   data required time
---------------------------------------------------------------------------------------------
                                             81.240105   data required time
                                            -20.539812   data arrival time
---------------------------------------------------------------------------------------------
                                             60.700291   slack (MET)


Startpoint: load_en (input port clocked by clk)
Endpoint: _74_ (rising edge-triggered flip-flop clocked by clk)
Path Group: clk
Path Type: max

Fanout         Cap        Slew       Delay        Time   Description
---------------------------------------------------------------------------------------------
                                  0.000000    0.000000   clock clk (rise edge)
                                  0.000000    0.000000   clock network delay (propagated)
                                 16.000000   16.000000 ^ input external delay
     1    0.004058    0.000002    0.000034   16.000034 ^ load_en (in)
                                                         load_en (net)
                      0.000081    0.000000   16.000034 ^ input13/I (gf180mcu_fd_sc_mcu7t5v0__dlyb_1)
    23    0.136769    3.798505    3.716082   19.716116 ^ input13/Z (gf180mcu_fd_sc_mcu7t5v0__dlyb_1)
                                                         net13 (net)
                      3.798505    0.002020   19.718136 ^ _59_/A1 (gf180mcu_fd_sc_mcu7t5v0__nand2_1)
     1    0.005871    0.859272    0.308500   20.026634 v _59_/ZN (gf180mcu_fd_sc_mcu7t5v0__nand2_1)
                                                         _30_ (net)
                      0.859272    0.000060   20.026695 v _60_/B (gf180mcu_fd_sc_mcu7t5v0__oai21_1)
     1    0.003813    0.754206    0.531569   20.558266 ^ _60_/ZN (gf180mcu_fd_sc_mcu7t5v0__oai21_1)
                                                         _10_ (net)
                      0.754206    0.000039   20.558304 ^ _74_/D (gf180mcu_fd_sc_mcu7t5v0__dffrnq_1)
                                             20.558304   data arrival time

                                 81.379997   81.379997   clock clk (rise edge)
                                  0.000000   81.379997   clock source latency
     1    0.027785    0.000014    0.000405   81.380402 ^ clk (in)
                                                         clk (net)
                      0.000965    0.000000   81.380402 ^ clkbuf_0_clk/I (gf180mcu_fd_sc_mcu7t5v0__clkbuf_16)
     2    0.047206    0.200715    0.399247   81.779648 ^ clkbuf_0_clk/Z (gf180mcu_fd_sc_mcu7t5v0__clkbuf_16)
                                                         clknet_0_clk (net)
                      0.200716    0.000874   81.780525 ^ clkbuf_1_0__f_clk/I (gf180mcu_fd_sc_mcu7t5v0__clkbuf_16)
     6    0.038768    0.187716    0.431008   82.211533 ^ clkbuf_1_0__f_clk/Z (gf180mcu_fd_sc_mcu7t5v0__clkbuf_16)
                                                         clknet_1_0__leaf_clk (net)
                      0.187716    0.000178   82.211708 ^ _74_/CLK (gf180mcu_fd_sc_mcu7t5v0__dffrnq_1)
                                 -0.250000   81.961708   clock uncertainty
                                  0.000000   81.961708   clock reconvergence pessimism
                                 -0.695570   81.266136   library setup time
                                             81.266136   data required time
---------------------------------------------------------------------------------------------
                                             81.266136   data required time
                                            -20.558304   data arrival time
---------------------------------------------------------------------------------------------
                                             60.707836   slack (MET)


Startpoint: load_en (input port clocked by clk)
Endpoint: _76_ (rising edge-triggered flip-flop clocked by clk)
Path Group: clk
Path Type: max

Fanout         Cap        Slew       Delay        Time   Description
---------------------------------------------------------------------------------------------
                                  0.000000    0.000000   clock clk (rise edge)
                                  0.000000    0.000000   clock network delay (propagated)
                                 16.000000   16.000000 ^ input external delay
     1    0.004058    0.000002    0.000034   16.000034 ^ load_en (in)
                                                         load_en (net)
                      0.000081    0.000000   16.000034 ^ input13/I (gf180mcu_fd_sc_mcu7t5v0__dlyb_1)
    23    0.136769    3.798505    3.716082   19.716116 ^ input13/Z (gf180mcu_fd_sc_mcu7t5v0__dlyb_1)
                                                         net13 (net)
                      3.798520    0.004338   19.720453 ^ _63_/A1 (gf180mcu_fd_sc_mcu7t5v0__nand2_1)
     1    0.005036    0.823977    0.275010   19.995464 v _63_/ZN (gf180mcu_fd_sc_mcu7t5v0__nand2_1)
                                                         _32_ (net)
                      0.823977    0.000046   19.995510 v _64_/B (gf180mcu_fd_sc_mcu7t5v0__oai21_1)
     1    0.003808    0.753919    0.520991   20.516500 ^ _64_/ZN (gf180mcu_fd_sc_mcu7t5v0__oai21_1)
                                                         _01_ (net)
                      0.753919    0.000039   20.516541 ^ _76_/D (gf180mcu_fd_sc_mcu7t5v0__dffrnq_1)
                                             20.516541   data arrival time

                                 81.379997   81.379997   clock clk (rise edge)
                                  0.000000   81.379997   clock source latency
     1    0.027785    0.000014    0.000405   81.380402 ^ clk (in)
                                                         clk (net)
                      0.000965    0.000000   81.380402 ^ clkbuf_0_clk/I (gf180mcu_fd_sc_mcu7t5v0__clkbuf_16)
     2    0.047206    0.200715    0.399247   81.779648 ^ clkbuf_0_clk/Z (gf180mcu_fd_sc_mcu7t5v0__clkbuf_16)
                                                         clknet_0_clk (net)
                      0.200716    0.000902   81.780548 ^ clkbuf_1_1__f_clk/I (gf180mcu_fd_sc_mcu7t5v0__clkbuf_16)
     7    0.036397    0.184148    0.428223   82.208771 ^ clkbuf_1_1__f_clk/Z (gf180mcu_fd_sc_mcu7t5v0__clkbuf_16)
                                                         clknet_1_1__leaf_clk (net)
                      0.184148    0.000099   82.208870 ^ _76_/CLK (gf180mcu_fd_sc_mcu7t5v0__dffrnq_1)
                                 -0.250000   81.958878   clock uncertainty
                                  0.000000   81.958878   clock reconvergence pessimism
                                 -0.696462   81.262413   library setup time
                                             81.262413   data required time
---------------------------------------------------------------------------------------------
                                             81.262413   data required time
                                            -20.516541   data arrival time
---------------------------------------------------------------------------------------------
                                             60.745876   slack (MET)


Startpoint: load_en (input port clocked by clk)
Endpoint: _78_ (rising edge-triggered flip-flop clocked by clk)
Path Group: clk
Path Type: max

Fanout         Cap        Slew       Delay        Time   Description
---------------------------------------------------------------------------------------------
                                  0.000000    0.000000   clock clk (rise edge)
                                  0.000000    0.000000   clock network delay (propagated)
                                 16.000000   16.000000 ^ input external delay
     1    0.004058    0.000002    0.000034   16.000034 ^ load_en (in)
                                                         load_en (net)
                      0.000081    0.000000   16.000034 ^ input13/I (gf180mcu_fd_sc_mcu7t5v0__dlyb_1)
    23    0.136769    3.798505    3.716082   19.716116 ^ input13/Z (gf180mcu_fd_sc_mcu7t5v0__dlyb_1)
                                                         net13 (net)
                      3.798505    0.003380   19.719496 ^ _67_/A1 (gf180mcu_fd_sc_mcu7t5v0__and2_1)
     1    0.005483    0.353711    0.824333   20.543829 ^ _67_/Z (gf180mcu_fd_sc_mcu7t5v0__and2_1)
                                                         _00_ (net)
                      0.353711    0.000069   20.543898 ^ _78_/D (gf180mcu_fd_sc_mcu7t5v0__dffrnq_1)
                                             20.543898   data arrival time

                                 81.379997   81.379997   clock clk (rise edge)
                                  0.000000   81.379997   clock source latency
     1    0.027785    0.000014    0.000405   81.380402 ^ clk (in)
                                                         clk (net)
                      0.000965    0.000000   81.380402 ^ clkbuf_0_clk/I (gf180mcu_fd_sc_mcu7t5v0__clkbuf_16)
     2    0.047206    0.200715    0.399247   81.779648 ^ clkbuf_0_clk/Z (gf180mcu_fd_sc_mcu7t5v0__clkbuf_16)
                                                         clknet_0_clk (net)
                      0.200716    0.000874   81.780525 ^ clkbuf_1_0__f_clk/I (gf180mcu_fd_sc_mcu7t5v0__clkbuf_16)
     6    0.038768    0.187716    0.431008   82.211533 ^ clkbuf_1_0__f_clk/Z (gf180mcu_fd_sc_mcu7t5v0__clkbuf_16)
                                                         clknet_1_0__leaf_clk (net)
                      0.187716    0.000249   82.211777 ^ _78_/CLK (gf180mcu_fd_sc_mcu7t5v0__dffrnq_1)
                                 -0.250000   81.961784   clock uncertainty
                                  0.000000   81.961784   clock reconvergence pessimism
                                 -0.626026   81.335754   library setup time
                                             81.335754   data required time
---------------------------------------------------------------------------------------------
                                             81.335754   data required time
                                            -20.543898   data arrival time
---------------------------------------------------------------------------------------------
                                             60.791862   slack (MET)


Startpoint: rst_n (input port clocked by clk)
Endpoint: _79_ (recovery check against rising-edge clock clk)
Path Group: asynchronous
Path Type: max

Fanout         Cap        Slew       Delay        Time   Description
---------------------------------------------------------------------------------------------
                                  0.000000    0.000000   clock clk (rise edge)
                                  0.000000    0.000000   clock network delay (propagated)
                                 16.000000   16.000000 ^ input external delay
     1    0.006075    0.000003    0.000068   16.000067 ^ rst_n (in)
                                                         rst_n (net)
                      0.000163    0.000000   16.000067 ^ input14/I (gf180mcu_fd_sc_mcu7t5v0__dlyb_1)
    12    0.108225    3.030154    3.273739   19.273806 ^ input14/Z (gf180mcu_fd_sc_mcu7t5v0__dlyb_1)
                                                         net14 (net)
                      3.030154    0.001922   19.275728 ^ _79_/RN (gf180mcu_fd_sc_mcu7t5v0__dffrnq_1)
                                             19.275728   data arrival time

                                 81.379997   81.379997   clock clk (rise edge)
                                  0.000000   81.379997   clock source latency
     1    0.027785    0.000014    0.000405   81.380402 ^ clk (in)
                                                         clk (net)
                      0.000965    0.000000   81.380402 ^ clkbuf_0_clk/I (gf180mcu_fd_sc_mcu7t5v0__clkbuf_16)
     2    0.047206    0.200715    0.399247   81.779648 ^ clkbuf_0_clk/Z (gf180mcu_fd_sc_mcu7t5v0__clkbuf_16)
                                                         clknet_0_clk (net)
                      0.200716    0.000902   81.780548 ^ clkbuf_1_1__f_clk/I (gf180mcu_fd_sc_mcu7t5v0__clkbuf_16)
     7    0.036397    0.184148    0.428223   82.208771 ^ clkbuf_1_1__f_clk/Z (gf180mcu_fd_sc_mcu7t5v0__clkbuf_16)
                                                         clknet_1_1__leaf_clk (net)
                      0.184148    0.000256   82.209030 ^ _79_/CLK (gf180mcu_fd_sc_mcu7t5v0__dffrnq_1)
                                 -0.250000   81.959030   clock uncertainty
                                  0.000000   81.959030   clock reconvergence pessimism
                                 -0.298591   81.660439   library recovery time
                                             81.660439   data required time
---------------------------------------------------------------------------------------------
                                             81.660439   data required time
                                            -19.275728   data arrival time
---------------------------------------------------------------------------------------------
                                             62.384716   slack (MET)


Startpoint: rst_n (input port clocked by clk)
Endpoint: _76_ (recovery check against rising-edge clock clk)
Path Group: asynchronous
Path Type: max

Fanout         Cap        Slew       Delay        Time   Description
---------------------------------------------------------------------------------------------
                                  0.000000    0.000000   clock clk (rise edge)
                                  0.000000    0.000000   clock network delay (propagated)
                                 16.000000   16.000000 ^ input external delay
     1    0.006075    0.000003    0.000068   16.000067 ^ rst_n (in)
                                                         rst_n (net)
                      0.000163    0.000000   16.000067 ^ input14/I (gf180mcu_fd_sc_mcu7t5v0__dlyb_1)
    12    0.108225    3.030154    3.273739   19.273806 ^ input14/Z (gf180mcu_fd_sc_mcu7t5v0__dlyb_1)
                                                         net14 (net)
                      3.030154    0.001533   19.275339 ^ _76_/RN (gf180mcu_fd_sc_mcu7t5v0__dffrnq_1)
                                             19.275339   data arrival time

                                 81.379997   81.379997   clock clk (rise edge)
                                  0.000000   81.379997   clock source latency
     1    0.027785    0.000014    0.000405   81.380402 ^ clk (in)
                                                         clk (net)
                      0.000965    0.000000   81.380402 ^ clkbuf_0_clk/I (gf180mcu_fd_sc_mcu7t5v0__clkbuf_16)
     2    0.047206    0.200715    0.399247   81.779648 ^ clkbuf_0_clk/Z (gf180mcu_fd_sc_mcu7t5v0__clkbuf_16)
                                                         clknet_0_clk (net)
                      0.200716    0.000902   81.780548 ^ clkbuf_1_1__f_clk/I (gf180mcu_fd_sc_mcu7t5v0__clkbuf_16)
     7    0.036397    0.184148    0.428223   82.208771 ^ clkbuf_1_1__f_clk/Z (gf180mcu_fd_sc_mcu7t5v0__clkbuf_16)
                                                         clknet_1_1__leaf_clk (net)
                      0.184148    0.000099   82.208870 ^ _76_/CLK (gf180mcu_fd_sc_mcu7t5v0__dffrnq_1)
                                 -0.250000   81.958878   clock uncertainty
                                  0.000000   81.958878   clock reconvergence pessimism
                                 -0.298591   81.660286   library recovery time
                                             81.660286   data required time
---------------------------------------------------------------------------------------------
                                             81.660286   data required time
                                            -19.275339   data arrival time
---------------------------------------------------------------------------------------------
                                             62.384945   slack (MET)


Startpoint: rst_n (input port clocked by clk)
Endpoint: _70_ (recovery check against rising-edge clock clk)
Path Group: asynchronous
Path Type: max

Fanout         Cap        Slew       Delay        Time   Description
---------------------------------------------------------------------------------------------
                                  0.000000    0.000000   clock clk (rise edge)
                                  0.000000    0.000000   clock network delay (propagated)
                                 16.000000   16.000000 ^ input external delay
     1    0.006075    0.000003    0.000068   16.000067 ^ rst_n (in)
                                                         rst_n (net)
                      0.000163    0.000000   16.000067 ^ input14/I (gf180mcu_fd_sc_mcu7t5v0__dlyb_1)
    12    0.108225    3.030154    3.273739   19.273806 ^ input14/Z (gf180mcu_fd_sc_mcu7t5v0__dlyb_1)
                                                         net14 (net)
                      3.030154    0.001421   19.275227 ^ _70_/RN (gf180mcu_fd_sc_mcu7t5v0__dffrnq_1)
                                             19.275227   data arrival time

                                 81.379997   81.379997   clock clk (rise edge)
                                  0.000000   81.379997   clock source latency
     1    0.027785    0.000014    0.000405   81.380402 ^ clk (in)
                                                         clk (net)
                      0.000965    0.000000   81.380402 ^ clkbuf_0_clk/I (gf180mcu_fd_sc_mcu7t5v0__clkbuf_16)
     2    0.047206    0.200715    0.399247   81.779648 ^ clkbuf_0_clk/Z (gf180mcu_fd_sc_mcu7t5v0__clkbuf_16)
                                                         clknet_0_clk (net)
                      0.200716    0.000902   81.780548 ^ clkbuf_1_1__f_clk/I (gf180mcu_fd_sc_mcu7t5v0__clkbuf_16)
     7    0.036397    0.184148    0.428223   82.208771 ^ clkbuf_1_1__f_clk/Z (gf180mcu_fd_sc_mcu7t5v0__clkbuf_16)
                                                         clknet_1_1__leaf_clk (net)
                      0.184148    0.000092   82.208862 ^ _70_/CLK (gf180mcu_fd_sc_mcu7t5v0__dffrnq_1)
                                 -0.250000   81.958870   clock uncertainty
                                  0.000000   81.958870   clock reconvergence pessimism
                                 -0.298591   81.660278   library recovery time
                                             81.660278   data required time
---------------------------------------------------------------------------------------------
                                             81.660278   data required time
                                            -19.275227   data arrival time
---------------------------------------------------------------------------------------------
                                             62.385052   slack (MET)


Startpoint: rst_n (input port clocked by clk)
Endpoint: _71_ (recovery check against rising-edge clock clk)
Path Group: asynchronous
Path Type: max

Fanout         Cap        Slew       Delay        Time   Description
---------------------------------------------------------------------------------------------
                                  0.000000    0.000000   clock clk (rise edge)
                                  0.000000    0.000000   clock network delay (propagated)
                                 16.000000   16.000000 ^ input external delay
     1    0.006075    0.000003    0.000068   16.000067 ^ rst_n (in)
                                                         rst_n (net)
                      0.000163    0.000000   16.000067 ^ input14/I (gf180mcu_fd_sc_mcu7t5v0__dlyb_1)
    12    0.108225    3.030154    3.273739   19.273806 ^ input14/Z (gf180mcu_fd_sc_mcu7t5v0__dlyb_1)
                                                         net14 (net)
                      3.030154    0.001457   19.275263 ^ _71_/RN (gf180mcu_fd_sc_mcu7t5v0__dffrnq_1)
                                             19.275263   data arrival time

                                 81.379997   81.379997   clock clk (rise edge)
                                  0.000000   81.379997   clock source latency
     1    0.027785    0.000014    0.000405   81.380402 ^ clk (in)
                                                         clk (net)
                      0.000965    0.000000   81.380402 ^ clkbuf_0_clk/I (gf180mcu_fd_sc_mcu7t5v0__clkbuf_16)
     2    0.047206    0.200715    0.399247   81.779648 ^ clkbuf_0_clk/Z (gf180mcu_fd_sc_mcu7t5v0__clkbuf_16)
                                                         clknet_0_clk (net)
                      0.200716    0.000902   81.780548 ^ clkbuf_1_1__f_clk/I (gf180mcu_fd_sc_mcu7t5v0__clkbuf_16)
     7    0.036397    0.184148    0.428223   82.208771 ^ clkbuf_1_1__f_clk/Z (gf180mcu_fd_sc_mcu7t5v0__clkbuf_16)
                                                         clknet_1_1__leaf_clk (net)
                      0.184148    0.000085   82.208862 ^ _71_/CLK (gf180mcu_fd_sc_mcu7t5v0__dffrnq_1)
                                 -0.250000   81.958862   clock uncertainty
                                  0.000000   81.958862   clock reconvergence pessimism
                                 -0.298591   81.660271   library recovery time
                                             81.660271   data required time
---------------------------------------------------------------------------------------------
                                             81.660271   data required time
                                            -19.275263   data arrival time
---------------------------------------------------------------------------------------------
                                             62.385006   slack (MET)


Startpoint: rst_n (input port clocked by clk)
Endpoint: _75_ (recovery check against rising-edge clock clk)
Path Group: asynchronous
Path Type: max

Fanout         Cap        Slew       Delay        Time   Description
---------------------------------------------------------------------------------------------
                                  0.000000    0.000000   clock clk (rise edge)
                                  0.000000    0.000000   clock network delay (propagated)
                                 16.000000   16.000000 ^ input external delay
     1    0.006075    0.000003    0.000068   16.000067 ^ rst_n (in)
                                                         rst_n (net)
                      0.000163    0.000000   16.000067 ^ input14/I (gf180mcu_fd_sc_mcu7t5v0__dlyb_1)
    12    0.108225    3.030154    3.273739   19.273806 ^ input14/Z (gf180mcu_fd_sc_mcu7t5v0__dlyb_1)
                                                         net14 (net)
                      3.030154    0.001542   19.275349 ^ _75_/RN (gf180mcu_fd_sc_mcu7t5v0__dffrnq_1)
                                             19.275349   data arrival time

                                 81.379997   81.379997   clock clk (rise edge)
                                  0.000000   81.379997   clock source latency
     1    0.027785    0.000014    0.000405   81.380402 ^ clk (in)
                                                         clk (net)
                      0.000965    0.000000   81.380402 ^ clkbuf_0_clk/I (gf180mcu_fd_sc_mcu7t5v0__clkbuf_16)
     2    0.047206    0.200715    0.399247   81.779648 ^ clkbuf_0_clk/Z (gf180mcu_fd_sc_mcu7t5v0__clkbuf_16)
                                                         clknet_0_clk (net)
                      0.200716    0.000902   81.780548 ^ clkbuf_1_1__f_clk/I (gf180mcu_fd_sc_mcu7t5v0__clkbuf_16)
     7    0.036397    0.184148    0.428223   82.208771 ^ clkbuf_1_1__f_clk/Z (gf180mcu_fd_sc_mcu7t5v0__clkbuf_16)
                                                         clknet_1_1__leaf_clk (net)
                      0.184148    0.000242   82.209015 ^ _75_/CLK (gf180mcu_fd_sc_mcu7t5v0__dffrnq_1)
                                 -0.250000   81.959015   clock uncertainty
                                  0.000000   81.959015   clock reconvergence pessimism
                                 -0.298591   81.660423   library recovery time
                                             81.660423   data required time
---------------------------------------------------------------------------------------------
                                             81.660423   data required time
                                            -19.275349   data arrival time
---------------------------------------------------------------------------------------------
                                             62.385078   slack (MET)


Startpoint: rst_n (input port clocked by clk)
Endpoint: _77_ (recovery check against rising-edge clock clk)
Path Group: asynchronous
Path Type: max

Fanout         Cap        Slew       Delay        Time   Description
---------------------------------------------------------------------------------------------
                                  0.000000    0.000000   clock clk (rise edge)
                                  0.000000    0.000000   clock network delay (propagated)
                                 16.000000   16.000000 ^ input external delay
     1    0.006075    0.000003    0.000068   16.000067 ^ rst_n (in)
                                                         rst_n (net)
                      0.000163    0.000000   16.000067 ^ input14/I (gf180mcu_fd_sc_mcu7t5v0__dlyb_1)
    12    0.108225    3.030154    3.273739   19.273806 ^ input14/Z (gf180mcu_fd_sc_mcu7t5v0__dlyb_1)
                                                         net14 (net)
                      3.030154    0.001446   19.275251 ^ _77_/RN (gf180mcu_fd_sc_mcu7t5v0__dffrnq_1)
                                             19.275251   data arrival time

                                 81.379997   81.379997   clock clk (rise edge)
                                  0.000000   81.379997   clock source latency
     1    0.027785    0.000014    0.000405   81.380402 ^ clk (in)
                                                         clk (net)
                      0.000965    0.000000   81.380402 ^ clkbuf_0_clk/I (gf180mcu_fd_sc_mcu7t5v0__clkbuf_16)
     2    0.047206    0.200715    0.399247   81.779648 ^ clkbuf_0_clk/Z (gf180mcu_fd_sc_mcu7t5v0__clkbuf_16)
                                                         clknet_0_clk (net)
                      0.200716    0.000902   81.780548 ^ clkbuf_1_1__f_clk/I (gf180mcu_fd_sc_mcu7t5v0__clkbuf_16)
     7    0.036397    0.184148    0.428223   82.208771 ^ clkbuf_1_1__f_clk/Z (gf180mcu_fd_sc_mcu7t5v0__clkbuf_16)
                                                         clknet_1_1__leaf_clk (net)
                      0.184148    0.000121   82.208893 ^ _77_/CLK (gf180mcu_fd_sc_mcu7t5v0__dffrnq_1)
                                 -0.250000   81.958900   clock uncertainty
                                  0.000000   81.958900   clock reconvergence pessimism
                                 -0.298591   81.660309   library recovery time
                                             81.660309   data required time
---------------------------------------------------------------------------------------------
                                             81.660309   data required time
                                            -19.275251   data arrival time
---------------------------------------------------------------------------------------------
                                             62.385056   slack (MET)


Startpoint: rst_n (input port clocked by clk)
Endpoint: _69_ (recovery check against rising-edge clock clk)
Path Group: asynchronous
Path Type: max

Fanout         Cap        Slew       Delay        Time   Description
---------------------------------------------------------------------------------------------
                                  0.000000    0.000000   clock clk (rise edge)
                                  0.000000    0.000000   clock network delay (propagated)
                                 16.000000   16.000000 ^ input external delay
     1    0.006075    0.000003    0.000068   16.000067 ^ rst_n (in)
                                                         rst_n (net)
                      0.000163    0.000000   16.000067 ^ input14/I (gf180mcu_fd_sc_mcu7t5v0__dlyb_1)
    12    0.108225    3.030154    3.273739   19.273806 ^ input14/Z (gf180mcu_fd_sc_mcu7t5v0__dlyb_1)
                                                         net14 (net)
                      3.030154    0.001323   19.275129 ^ _69_/RN (gf180mcu_fd_sc_mcu7t5v0__dffrnq_1)
                                             19.275129   data arrival time

                                 81.379997   81.379997   clock clk (rise edge)
                                  0.000000   81.379997   clock source latency
     1    0.027785    0.000014    0.000405   81.380402 ^ clk (in)
                                                         clk (net)
                      0.000965    0.000000   81.380402 ^ clkbuf_0_clk/I (gf180mcu_fd_sc_mcu7t5v0__clkbuf_16)
     2    0.047206    0.200715    0.399247   81.779648 ^ clkbuf_0_clk/Z (gf180mcu_fd_sc_mcu7t5v0__clkbuf_16)
                                                         clknet_0_clk (net)
                      0.200716    0.000902   81.780548 ^ clkbuf_1_1__f_clk/I (gf180mcu_fd_sc_mcu7t5v0__clkbuf_16)
     7    0.036397    0.184148    0.428223   82.208771 ^ clkbuf_1_1__f_clk/Z (gf180mcu_fd_sc_mcu7t5v0__clkbuf_16)
                                                         clknet_1_1__leaf_clk (net)
                      0.184148    0.000384   82.209160 ^ _69_/CLK (gf180mcu_fd_sc_mcu7t5v0__dffrnq_1)
                                 -0.250000   81.959160   clock uncertainty
                                  0.000000   81.959160   clock reconvergence pessimism
                                 -0.298591   81.660568   library recovery time
                                             81.660568   data required time
---------------------------------------------------------------------------------------------
                                             81.660568   data required time
                                            -19.275129   data arrival time
---------------------------------------------------------------------------------------------
                                             62.385441   slack (MET)


Startpoint: rst_n (input port clocked by clk)
Endpoint: _74_ (recovery check against rising-edge clock clk)
Path Group: asynchronous
Path Type: max

Fanout         Cap        Slew       Delay        Time   Description
---------------------------------------------------------------------------------------------
                                  0.000000    0.000000   clock clk (rise edge)
                                  0.000000    0.000000   clock network delay (propagated)
                                 16.000000   16.000000 ^ input external delay
     1    0.006075    0.000003    0.000068   16.000067 ^ rst_n (in)
                                                         rst_n (net)
                      0.000163    0.000000   16.000067 ^ input14/I (gf180mcu_fd_sc_mcu7t5v0__dlyb_1)
    12    0.108225    3.030154    3.273739   19.273806 ^ input14/Z (gf180mcu_fd_sc_mcu7t5v0__dlyb_1)
                                                         net14 (net)
                      3.030154    0.002499   19.276306 ^ _74_/RN (gf180mcu_fd_sc_mcu7t5v0__dffrnq_1)
                                             19.276306   data arrival time

                                 81.379997   81.379997   clock clk (rise edge)
                                  0.000000   81.379997   clock source latency
     1    0.027785    0.000014    0.000405   81.380402 ^ clk (in)
                                                         clk (net)
                      0.000965    0.000000   81.380402 ^ clkbuf_0_clk/I (gf180mcu_fd_sc_mcu7t5v0__clkbuf_16)
     2    0.047206    0.200715    0.399247   81.779648 ^ clkbuf_0_clk/Z (gf180mcu_fd_sc_mcu7t5v0__clkbuf_16)
                                                         clknet_0_clk (net)
                      0.200716    0.000874   81.780525 ^ clkbuf_1_0__f_clk/I (gf180mcu_fd_sc_mcu7t5v0__clkbuf_16)
     6    0.038768    0.187716    0.431008   82.211533 ^ clkbuf_1_0__f_clk/Z (gf180mcu_fd_sc_mcu7t5v0__clkbuf_16)
                                                         clknet_1_0__leaf_clk (net)
                      0.187716    0.000178   82.211708 ^ _74_/CLK (gf180mcu_fd_sc_mcu7t5v0__dffrnq_1)
                                 -0.250000   81.961708   clock uncertainty
                                  0.000000   81.961708   clock reconvergence pessimism
                                 -0.297690   81.664024   library recovery time
                                             81.664024   data required time
---------------------------------------------------------------------------------------------
                                             81.664024   data required time
                                            -19.276306   data arrival time
---------------------------------------------------------------------------------------------
                                             62.387714   slack (MET)


Startpoint: rst_n (input port clocked by clk)
Endpoint: _78_ (recovery check against rising-edge clock clk)
Path Group: asynchronous
Path Type: max

Fanout         Cap        Slew       Delay        Time   Description
---------------------------------------------------------------------------------------------
                                  0.000000    0.000000   clock clk (rise edge)
                                  0.000000    0.000000   clock network delay (propagated)
                                 16.000000   16.000000 ^ input external delay
     1    0.006075    0.000003    0.000068   16.000067 ^ rst_n (in)
                                                         rst_n (net)
                      0.000163    0.000000   16.000067 ^ input14/I (gf180mcu_fd_sc_mcu7t5v0__dlyb_1)
    12    0.108225    3.030154    3.273739   19.273806 ^ input14/Z (gf180mcu_fd_sc_mcu7t5v0__dlyb_1)
                                                         net14 (net)
                      3.030154    0.002530   19.276337 ^ _78_/RN (gf180mcu_fd_sc_mcu7t5v0__dffrnq_1)
                                             19.276337   data arrival time

                                 81.379997   81.379997   clock clk (rise edge)
                                  0.000000   81.379997   clock source latency
     1    0.027785    0.000014    0.000405   81.380402 ^ clk (in)
                                                         clk (net)
                      0.000965    0.000000   81.380402 ^ clkbuf_0_clk/I (gf180mcu_fd_sc_mcu7t5v0__clkbuf_16)
     2    0.047206    0.200715    0.399247   81.779648 ^ clkbuf_0_clk/Z (gf180mcu_fd_sc_mcu7t5v0__clkbuf_16)
                                                         clknet_0_clk (net)
                      0.200716    0.000874   81.780525 ^ clkbuf_1_0__f_clk/I (gf180mcu_fd_sc_mcu7t5v0__clkbuf_16)
     6    0.038768    0.187716    0.431008   82.211533 ^ clkbuf_1_0__f_clk/Z (gf180mcu_fd_sc_mcu7t5v0__clkbuf_16)
                                                         clknet_1_0__leaf_clk (net)
                      0.187716    0.000249   82.211777 ^ _78_/CLK (gf180mcu_fd_sc_mcu7t5v0__dffrnq_1)
                                 -0.250000   81.961784   clock uncertainty
                                  0.000000   81.961784   clock reconvergence pessimism
                                 -0.297690   81.664093   library recovery time
                                             81.664093   data required time
---------------------------------------------------------------------------------------------
                                             81.664093   data required time
                                            -19.276337   data arrival time
---------------------------------------------------------------------------------------------
                                             62.387756   slack (MET)


Startpoint: rst_n (input port clocked by clk)
Endpoint: _73_ (recovery check against rising-edge clock clk)
Path Group: asynchronous
Path Type: max

Fanout         Cap        Slew       Delay        Time   Description
---------------------------------------------------------------------------------------------
                                  0.000000    0.000000   clock clk (rise edge)
                                  0.000000    0.000000   clock network delay (propagated)
                                 16.000000   16.000000 ^ input external delay
     1    0.006075    0.000003    0.000068   16.000067 ^ rst_n (in)
                                                         rst_n (net)
                      0.000163    0.000000   16.000067 ^ input14/I (gf180mcu_fd_sc_mcu7t5v0__dlyb_1)
    12    0.108225    3.030154    3.273739   19.273806 ^ input14/Z (gf180mcu_fd_sc_mcu7t5v0__dlyb_1)
                                                         net14 (net)
                      3.030154    0.002071   19.275877 ^ _73_/RN (gf180mcu_fd_sc_mcu7t5v0__dffrnq_1)
                                             19.275877   data arrival time

                                 81.379997   81.379997   clock clk (rise edge)
                                  0.000000   81.379997   clock source latency
     1    0.027785    0.000014    0.000405   81.380402 ^ clk (in)
                                                         clk (net)
                      0.000965    0.000000   81.380402 ^ clkbuf_0_clk/I (gf180mcu_fd_sc_mcu7t5v0__clkbuf_16)
     2    0.047206    0.200715    0.399247   81.779648 ^ clkbuf_0_clk/Z (gf180mcu_fd_sc_mcu7t5v0__clkbuf_16)
                                                         clknet_0_clk (net)
                      0.200716    0.000874   81.780525 ^ clkbuf_1_0__f_clk/I (gf180mcu_fd_sc_mcu7t5v0__clkbuf_16)
     6    0.038768    0.187716    0.431008   82.211533 ^ clkbuf_1_0__f_clk/Z (gf180mcu_fd_sc_mcu7t5v0__clkbuf_16)
                                                         clknet_1_0__leaf_clk (net)
                      0.187716    0.000320   82.211853 ^ _73_/CLK (gf180mcu_fd_sc_mcu7t5v0__dffrnq_1)
                                 -0.250000   81.961853   clock uncertainty
                                  0.000000   81.961853   clock reconvergence pessimism
                                 -0.297690   81.664162   library recovery time
                                             81.664162   data required time
---------------------------------------------------------------------------------------------
                                             81.664162   data required time
                                            -19.275877   data arrival time
---------------------------------------------------------------------------------------------
                                             62.388283   slack (MET)


Startpoint: rst_n (input port clocked by clk)
Endpoint: _68_ (recovery check against rising-edge clock clk)
Path Group: asynchronous
Path Type: max

Fanout         Cap        Slew       Delay        Time   Description
---------------------------------------------------------------------------------------------
                                  0.000000    0.000000   clock clk (rise edge)
                                  0.000000    0.000000   clock network delay (propagated)
                                 16.000000   16.000000 ^ input external delay
     1    0.006075    0.000003    0.000068   16.000067 ^ rst_n (in)
                                                         rst_n (net)
                      0.000163    0.000000   16.000067 ^ input14/I (gf180mcu_fd_sc_mcu7t5v0__dlyb_1)
    12    0.108225    3.030154    3.273739   19.273806 ^ input14/Z (gf180mcu_fd_sc_mcu7t5v0__dlyb_1)
                                                         net14 (net)
                      3.030154    0.001627   19.275433 ^ _68_/RN (gf180mcu_fd_sc_mcu7t5v0__dffrnq_1)
                                             19.275433   data arrival time

                                 81.379997   81.379997   clock clk (rise edge)
                                  0.000000   81.379997   clock source latency
     1    0.027785    0.000014    0.000405   81.380402 ^ clk (in)
                                                         clk (net)
                      0.000965    0.000000   81.380402 ^ clkbuf_0_clk/I (gf180mcu_fd_sc_mcu7t5v0__clkbuf_16)
     2    0.047206    0.200715    0.399247   81.779648 ^ clkbuf_0_clk/Z (gf180mcu_fd_sc_mcu7t5v0__clkbuf_16)
                                                         clknet_0_clk (net)
                      0.200716    0.000874   81.780525 ^ clkbuf_1_0__f_clk/I (gf180mcu_fd_sc_mcu7t5v0__clkbuf_16)
     6    0.038768    0.187716    0.431008   82.211533 ^ clkbuf_1_0__f_clk/Z (gf180mcu_fd_sc_mcu7t5v0__clkbuf_16)
                                                         clknet_1_0__leaf_clk (net)
                      0.187716    0.000327   82.211861 ^ _68_/CLK (gf180mcu_fd_sc_mcu7t5v0__dffrnq_1)
                                 -0.250000   81.961861   clock uncertainty
                                  0.000000   81.961861   clock reconvergence pessimism
                                 -0.297690   81.664169   library recovery time
                                             81.664169   data required time
---------------------------------------------------------------------------------------------
                                             81.664169   data required time
                                            -19.275433   data arrival time
---------------------------------------------------------------------------------------------
                                             62.388737   slack (MET)


Startpoint: rst_n (input port clocked by clk)
Endpoint: _72_ (recovery check against rising-edge clock clk)
Path Group: asynchronous
Path Type: max

Fanout         Cap        Slew       Delay        Time   Description
---------------------------------------------------------------------------------------------
                                  0.000000    0.000000   clock clk (rise edge)
                                  0.000000    0.000000   clock network delay (propagated)
                                 16.000000   16.000000 ^ input external delay
     1    0.006075    0.000003    0.000068   16.000067 ^ rst_n (in)
                                                         rst_n (net)
                      0.000163    0.000000   16.000067 ^ input14/I (gf180mcu_fd_sc_mcu7t5v0__dlyb_1)
    12    0.108225    3.030154    3.273739   19.273806 ^ input14/Z (gf180mcu_fd_sc_mcu7t5v0__dlyb_1)
                                                         net14 (net)
                      3.030154    0.001414   19.275221 ^ _72_/RN (gf180mcu_fd_sc_mcu7t5v0__dffrnq_1)
                                             19.275221   data arrival time

                                 81.379997   81.379997   clock clk (rise edge)
                                  0.000000   81.379997   clock source latency
     1    0.027785    0.000014    0.000405   81.380402 ^ clk (in)
                                                         clk (net)
                      0.000965    0.000000   81.380402 ^ clkbuf_0_clk/I (gf180mcu_fd_sc_mcu7t5v0__clkbuf_16)
     2    0.047206    0.200715    0.399247   81.779648 ^ clkbuf_0_clk/Z (gf180mcu_fd_sc_mcu7t5v0__clkbuf_16)
                                                         clknet_0_clk (net)
                      0.200716    0.000874   81.780525 ^ clkbuf_1_0__f_clk/I (gf180mcu_fd_sc_mcu7t5v0__clkbuf_16)
     6    0.038768    0.187716    0.431008   82.211533 ^ clkbuf_1_0__f_clk/Z (gf180mcu_fd_sc_mcu7t5v0__clkbuf_16)
                                                         clknet_1_0__leaf_clk (net)
                      0.187716    0.000178   82.211708 ^ _72_/CLK (gf180mcu_fd_sc_mcu7t5v0__dffrnq_1)
                                 -0.250000   81.961708   clock uncertainty
                                  0.000000   81.961708   clock reconvergence pessimism
                                 -0.297690   81.664024   library recovery time
                                             81.664024   data required time
---------------------------------------------------------------------------------------------
                                             81.664024   data required time
                                            -19.275221   data arrival time
---------------------------------------------------------------------------------------------
                                             62.388802   slack (MET)



