
===========================================================================
report_checks -unconstrained
===========================================================================
======================= max_tt_025C_5v00 Corner ===================================

Startpoint: rst (input port clocked by in_clk)
Endpoint: _31_ (recovery check against rising-edge clock in_clk)
Path Group: asynchronous
Path Type: max

Fanout         Cap        Slew       Delay        Time   Description
---------------------------------------------------------------------------------------------
                                  0.000000    0.000000   clock in_clk (rise edge)
                                  0.000000    0.000000   clock network delay (propagated)
                                  2.000000    2.000000 ^ input external delay
     1    0.003966    0.000002    0.000035    2.000035 ^ rst (in)
                                                         rst (net)
                      0.000083    0.000000    2.000035 ^ input1/I (gf180mcu_fd_sc_mcu7t5v0__dlyb_1)
     6    0.054960    0.932369    1.324260    3.324295 ^ input1/Z (gf180mcu_fd_sc_mcu7t5v0__dlyb_1)
                                                         net1 (net)
                      0.932369    0.000344    3.324639 ^ _31_/SETN (gf180mcu_fd_sc_mcu7t5v0__dffsnq_1)
                                              3.324639   data arrival time

                                 13.563000   13.563000   clock in_clk (rise edge)
                                  0.000000   13.563000   clock source latency
     1    0.029723    0.000015    0.000695   13.563696 ^ in_clk (in)
                                                         in_clk (net)
                      0.001679    0.000000   13.563696 ^ clkbuf_0_in_clk/I (gf180mcu_fd_sc_mcu7t5v0__clkbuf_16)
     2    0.046801    0.112117    0.224426   13.788121 ^ clkbuf_0_in_clk/Z (gf180mcu_fd_sc_mcu7t5v0__clkbuf_16)
                                                         clknet_0_in_clk (net)
                      0.112119    0.000762   13.788883 ^ clkbuf_1_1__f_in_clk/I (gf180mcu_fd_sc_mcu7t5v0__clkbuf_16)
     3    0.014943    0.083760    0.221485   14.010368 ^ clkbuf_1_1__f_in_clk/Z (gf180mcu_fd_sc_mcu7t5v0__clkbuf_16)
                                                         clknet_1_1__leaf_in_clk (net)
                      0.083760    0.000138   14.010506 ^ _31_/CLK (gf180mcu_fd_sc_mcu7t5v0__dffsnq_1)
                                 -0.200000   13.810506   clock uncertainty
                                  0.000000   13.810506   clock reconvergence pessimism
                                 -0.121825   13.688681   library recovery time
                                             13.688681   data required time
---------------------------------------------------------------------------------------------
                                             13.688681   data required time
                                             -3.324639   data arrival time
---------------------------------------------------------------------------------------------
                                             10.364042   slack (MET)


Startpoint: _32_ (rising edge-triggered flip-flop clocked by in_clk)
Endpoint: out_clk2B (output port clocked by in_clk)
Path Group: in_clk
Path Type: max

Fanout         Cap        Slew       Delay        Time   Description
---------------------------------------------------------------------------------------------
                                  0.000000    0.000000   clock in_clk (rise edge)
                                  0.000000    0.000000   clock source latency
     1    0.029723    0.000015    0.000696    0.000696 ^ in_clk (in)
                                                         in_clk (net)
                      0.001679    0.000000    0.000696 ^ clkbuf_0_in_clk/I (gf180mcu_fd_sc_mcu7t5v0__clkbuf_16)
     2    0.046801    0.112117    0.224425    0.225121 ^ clkbuf_0_in_clk/Z (gf180mcu_fd_sc_mcu7t5v0__clkbuf_16)
                                                         clknet_0_in_clk (net)
                      0.112119    0.000763    0.225883 ^ clkbuf_1_1__f_in_clk/I (gf180mcu_fd_sc_mcu7t5v0__clkbuf_16)
     3    0.014943    0.083760    0.221485    0.447368 ^ clkbuf_1_1__f_in_clk/Z (gf180mcu_fd_sc_mcu7t5v0__clkbuf_16)
                                                         clknet_1_1__leaf_in_clk (net)
                      0.083760    0.000111    0.447479 ^ _32_/CLK (gf180mcu_fd_sc_mcu7t5v0__dffrnq_1)
     2    0.009690    0.243867    0.925364    1.372843 ^ _32_/Q (gf180mcu_fd_sc_mcu7t5v0__dffrnq_1)
                                                         net3 (net)
                      0.243867    0.000147    1.372990 ^ _16_/I (gf180mcu_fd_sc_mcu7t5v0__clkinv_1)
     2    0.011022    0.227344    0.193212    1.566201 v _16_/ZN (gf180mcu_fd_sc_mcu7t5v0__clkinv_1)
                                                         net4 (net)
                      0.227344    0.000080    1.566282 v output4/I (gf180mcu_fd_sc_mcu7t5v0__dlyb_1)
     1    0.037480    0.497802    1.283372    2.849653 v output4/Z (gf180mcu_fd_sc_mcu7t5v0__dlyb_1)
                                                         out_clk2B (net)
                      0.497802    0.000621    2.850275 v out_clk2B (out)
                                              2.850275   data arrival time

                                 13.563000   13.563000   clock in_clk (rise edge)
                                  0.000000   13.563000   clock network delay (propagated)
                                 -0.200000   13.363000   clock uncertainty
                                  0.000000   13.363000   clock reconvergence pessimism
                                 -2.500000   10.863000   output external delay
                                             10.863000   data required time
---------------------------------------------------------------------------------------------
                                             10.863000   data required time
                                             -2.850275   data arrival time
---------------------------------------------------------------------------------------------
                                              8.012725   slack (MET)




===========================================================================
report_checks --slack_max -0.01
============================================================================
======================= max_tt_025C_5v00 Corner ===================================

No paths found.


===========================================================================
 report_check_types -max_slew -max_cap -max_fanout -violators
============================================================================
======================= max_tt_025C_5v00 Corner ===================================



===========================================================================
report_parasitic_annotation -report_unannotated
============================================================================
Found 1 unannotated drivers.
 clkload0/Z
Found 0 partially unannotated drivers.

===========================================================================
max slew violation count 0
max fanout violation count 0
max cap violation count 0
============================================================================

===========================================================================
check_setup -verbose -unconstrained_endpoints -multiple_clock -no_clock -no_input_delay -loops -generated_clocks
===========================================================================
