Clock: in_clk
Sources: in_clk 
Generated: no
Virtual: yes
Propagated: no
Period: 13.563000

===========================================================================
report_clock_properties
============================================================================
Clock                   Period          Waveform
----------------------------------------------------
in_clk               13.563000    0.000000  6.781500

===========================================================================
report_clock_latency
============================================================================
Clock in_clk
rise -> rise
    min     max
0.000000 0.000000 source latency
0.447468         network latency _33_/CLK
        0.450367 network latency _36_/CLK
---------------
0.447468 0.450367 latency
        0.002899 skew

fall -> fall
    min     max
0.000000 0.000000 source latency
0.434491         network latency _33_/CLK
        0.437622 network latency _36_/CLK
---------------
0.434491 0.437622 latency
        0.003131 skew



===========================================================================
report_clock_min_period
============================================================================
in_clk period_min = 2.45 fmax = 407.88
