Reading timing models for corner nom_tt_025C_5v00…
Reading timing library for the 'nom_tt_025C_5v00' corner at '/foss/pdks/gf180mcuD/libs.ref/gf180mcu_fd_sc_mcu7t5v0/lib/gf180mcu_fd_sc_mcu7t5v0__tt_025C_5v00.lib'…
Reading OpenROAD database at '/foss/designs/low-power-12b-first-order-delta-sigma-adc/src/piso/runs/RUN_2026-08-25_09-54-23/32-openroad-repairdesignpostgpl/piso_12bit.odb'…
Reading design constraints file at '/foss/designs/low-power-12b-first-order-delta-sigma-adc/src/piso/constraint.sdc'…
[WARNING STA-0345] resistance scale 1e+03 does not match library scale 1e+00.
[INFO] No information on clock propagation in input SDC file-- propagating all clocks.
+ detailed_placement -max_displacement  500 100 
Placement Analysis
---------------------------------
total displacement          0.0 u
average displacement        0.0 u
max displacement            0.0 u
original HPWL            1248.1 u
legalized HPWL           1340.1 u
delta HPWL                    7 %

[INFO DPL-0020] Mirrored 25 instances
[INFO DPL-0021] HPWL before            1340.1 u
[INFO DPL-0022] HPWL after             1248.1 u
[INFO DPL-0023] HPWL delta               -6.9 %
Setting global connections for newly added cells…
[INFO] Setting global connections...
[INFO ODB-0403] 0 connections made, 0 conflicts skipped.
Updating metrics…
Cell type report:                       Count       Area
  Endcap cell                              22      96.59
  Tap cell                                 19      83.42
  Timing Repair Buffer                     15     526.85
  Inverter                                 11      96.59
  Sequential cell                          12     895.64
  Multi-Input combinational cell           23     331.48
  Total                                   102    2030.56
Writing OpenROAD database to '/foss/designs/low-power-12b-first-order-delta-sigma-adc/src/piso/runs/RUN_2026-08-25_09-54-23/34-openroad-detailedplacement/piso_12bit.odb'…
Writing netlist to '/foss/designs/low-power-12b-first-order-delta-sigma-adc/src/piso/runs/RUN_2026-08-25_09-54-23/34-openroad-detailedplacement/piso_12bit.nl.v'…
Writing powered netlist to '/foss/designs/low-power-12b-first-order-delta-sigma-adc/src/piso/runs/RUN_2026-08-25_09-54-23/34-openroad-detailedplacement/piso_12bit.pnl.v'…
Writing layout to '/foss/designs/low-power-12b-first-order-delta-sigma-adc/src/piso/runs/RUN_2026-08-25_09-54-23/34-openroad-detailedplacement/piso_12bit.def'…
Writing timing constraints to '/foss/designs/low-power-12b-first-order-delta-sigma-adc/src/piso/runs/RUN_2026-08-25_09-54-23/34-openroad-detailedplacement/piso_12bit.sdc'…
