[WARNING ORD-0039] .openroad ignored with -python
                                Cells by Master                                 
┏━━━━━━━━━━━━━━━━━━━━━━━━━━━━━━━━━━━━━━━━━━━━━━━━━━━━━━━━━━━━━━━━━┳━━━━━━━━━━━━┓
┃ Cell                                                            ┃ Count      ┃
┡━━━━━━━━━━━━━━━━━━━━━━━━━━━━━━━━━━━━━━━━━━━━━━━━━━━━━━━━━━━━━━━━━╇━━━━━━━━━━━━┩
│ gf180mcu_fd_sc_mcu7t5v0__and2_1                                 │ 38         │
│ gf180mcu_fd_sc_mcu7t5v0__and3_1                                 │ 9          │
│ gf180mcu_fd_sc_mcu7t5v0__and4_1                                 │ 27         │
│ gf180mcu_fd_sc_mcu7t5v0__aoi211_1                               │ 13         │
│ gf180mcu_fd_sc_mcu7t5v0__aoi21_1                                │ 99         │
│ gf180mcu_fd_sc_mcu7t5v0__aoi221_1                               │ 4          │
│ gf180mcu_fd_sc_mcu7t5v0__aoi22_1                                │ 20         │
│ gf180mcu_fd_sc_mcu7t5v0__buf_12                                 │ 3          │
│ gf180mcu_fd_sc_mcu7t5v0__buf_16                                 │ 1          │
│ gf180mcu_fd_sc_mcu7t5v0__buf_4                                  │ 1          │
│ gf180mcu_fd_sc_mcu7t5v0__buf_8                                  │ 2          │
│ gf180mcu_fd_sc_mcu7t5v0__clkbuf_16                              │ 9          │
│ gf180mcu_fd_sc_mcu7t5v0__clkbuf_20                              │ 1          │
│ gf180mcu_fd_sc_mcu7t5v0__clkinv_1                               │ 126        │
│ gf180mcu_fd_sc_mcu7t5v0__clkinv_2                               │ 1          │
│ gf180mcu_fd_sc_mcu7t5v0__clkinv_8                               │ 1          │
│ gf180mcu_fd_sc_mcu7t5v0__dffnrnq_1                              │ 137        │
│ gf180mcu_fd_sc_mcu7t5v0__dffrnq_1                               │ 82         │
│ gf180mcu_fd_sc_mcu7t5v0__dffrnq_2                               │ 1          │
│ gf180mcu_fd_sc_mcu7t5v0__dlyb_1                                 │ 13         │
│ gf180mcu_fd_sc_mcu7t5v0__endcap                                 │ 100        │
│ gf180mcu_fd_sc_mcu7t5v0__fill_1                                 │ 306        │
│ gf180mcu_fd_sc_mcu7t5v0__fill_2                                 │ 282        │
│ gf180mcu_fd_sc_mcu7t5v0__fillcap_16                             │ 8          │
│ gf180mcu_fd_sc_mcu7t5v0__fillcap_4                              │ 101        │
│ gf180mcu_fd_sc_mcu7t5v0__fillcap_8                              │ 35         │
│ gf180mcu_fd_sc_mcu7t5v0__filltie                                │ 262        │
│ gf180mcu_fd_sc_mcu7t5v0__inv_2                                  │ 1          │
│ gf180mcu_fd_sc_mcu7t5v0__inv_4                                  │ 4          │
│ gf180mcu_fd_sc_mcu7t5v0__nand2_1                                │ 225        │
│ gf180mcu_fd_sc_mcu7t5v0__nand3_1                                │ 29         │
│ gf180mcu_fd_sc_mcu7t5v0__nand4_1                                │ 31         │
│ gf180mcu_fd_sc_mcu7t5v0__nor2_1                                 │ 87         │
│ gf180mcu_fd_sc_mcu7t5v0__nor3_1                                 │ 10         │
│ gf180mcu_fd_sc_mcu7t5v0__nor4_1                                 │ 1          │
│ gf180mcu_fd_sc_mcu7t5v0__oai211_1                               │ 26         │
│ gf180mcu_fd_sc_mcu7t5v0__oai21_1                                │ 63         │
│ gf180mcu_fd_sc_mcu7t5v0__oai221_1                               │ 3          │
│ gf180mcu_fd_sc_mcu7t5v0__oai22_1                                │ 17         │
│ gf180mcu_fd_sc_mcu7t5v0__oai31_1                                │ 5          │
│ gf180mcu_fd_sc_mcu7t5v0__or2_1                                  │ 39         │
│ gf180mcu_fd_sc_mcu7t5v0__or3_1                                  │ 4          │
│ gf180mcu_fd_sc_mcu7t5v0__xnor2_1                                │ 26         │
│ gf180mcu_fd_sc_mcu7t5v0__xnor3_1                                │ 4          │
│ gf180mcu_fd_sc_mcu7t5v0__xor2_1                                 │ 86         │
│ gf180mcu_fd_sc_mcu7t5v0__xor3_1                                 │ 43         │
└─────────────────────────────────────────────────────────────────┴────────────┘
                               Cells by Function                                
┏━━━━━━━━━━━━━━━━━━━━━━━━━━━━━━━━━━━━━━━━━━━━━━━━━━━━━━━━━━━━━━━━┳━━━━━━━━━━━━━┓
┃ Cell Function                                                  ┃ Count       ┃
┡━━━━━━━━━━━━━━━━━━━━━━━━━━━━━━━━━━━━━━━━━━━━━━━━━━━━━━━━━━━━━━━━╇━━━━━━━━━━━━━┩
│ gf180mcu_fd_sc_mcu7t5v0__and2                                  │ 38          │
│ gf180mcu_fd_sc_mcu7t5v0__and3                                  │ 9           │
│ gf180mcu_fd_sc_mcu7t5v0__and4                                  │ 27          │
│ gf180mcu_fd_sc_mcu7t5v0__aoi21                                 │ 99          │
│ gf180mcu_fd_sc_mcu7t5v0__aoi211                                │ 13          │
│ gf180mcu_fd_sc_mcu7t5v0__aoi22                                 │ 20          │
│ gf180mcu_fd_sc_mcu7t5v0__aoi221                                │ 4           │
│ gf180mcu_fd_sc_mcu7t5v0__buf                                   │ 7           │
│ gf180mcu_fd_sc_mcu7t5v0__clkbuf                                │ 10          │
│ gf180mcu_fd_sc_mcu7t5v0__clkinv                                │ 128         │
│ gf180mcu_fd_sc_mcu7t5v0__dffnrnq                               │ 137         │
│ gf180mcu_fd_sc_mcu7t5v0__dffrnq                                │ 83          │
│ gf180mcu_fd_sc_mcu7t5v0__dlyb                                  │ 13          │
│ gf180mcu_fd_sc_mcu7t5v0__fill                                  │ 588         │
│ gf180mcu_fd_sc_mcu7t5v0__fillcap                               │ 144         │
│ gf180mcu_fd_sc_mcu7t5v0__inv                                   │ 5           │
│ gf180mcu_fd_sc_mcu7t5v0__nand2                                 │ 225         │
│ gf180mcu_fd_sc_mcu7t5v0__nand3                                 │ 29          │
│ gf180mcu_fd_sc_mcu7t5v0__nand4                                 │ 31          │
│ gf180mcu_fd_sc_mcu7t5v0__nor2                                  │ 87          │
│ gf180mcu_fd_sc_mcu7t5v0__nor3                                  │ 10          │
│ gf180mcu_fd_sc_mcu7t5v0__nor4                                  │ 1           │
│ gf180mcu_fd_sc_mcu7t5v0__oai21                                 │ 63          │
│ gf180mcu_fd_sc_mcu7t5v0__oai211                                │ 26          │
│ gf180mcu_fd_sc_mcu7t5v0__oai22                                 │ 17          │
│ gf180mcu_fd_sc_mcu7t5v0__oai221                                │ 3           │
│ gf180mcu_fd_sc_mcu7t5v0__oai31                                 │ 5           │
│ gf180mcu_fd_sc_mcu7t5v0__or2                                   │ 39          │
│ gf180mcu_fd_sc_mcu7t5v0__or3                                   │ 4           │
│ gf180mcu_fd_sc_mcu7t5v0__xnor2                                 │ 26          │
│ gf180mcu_fd_sc_mcu7t5v0__xnor3                                 │ 4           │
│ gf180mcu_fd_sc_mcu7t5v0__xor2                                  │ 86          │
│ gf180mcu_fd_sc_mcu7t5v0__xor3                                  │ 43          │
└────────────────────────────────────────────────────────────────┴─────────────┘
                                  Cells by SCL                                  
┏━━━━━━━━━━━━━━━━━━━━━━━━━━━━━━━━━━━━━━━━━━━━━━━━━━━━━━━━━━━━━┳━━━━━━━━━━━━━━━━┓
┃ SCL                                                         ┃ Count          ┃
┡━━━━━━━━━━━━━━━━━━━━━━━━━━━━━━━━━━━━━━━━━━━━━━━━━━━━━━━━━━━━━╇━━━━━━━━━━━━━━━━┩
│ gf180mcu_fd_sc_mcu7t5v0                                     │ 2024           │
└─────────────────────────────────────────────────────────────┴────────────────┘
                             Buffers by Cell Master                             
┏━━━━━━━━━━━━━━━━━━━━━━━━━━━━━━━━━━━━━━━━━━━━━━━━━━━━━━━━━━━━━━━━━┳━━━━━━━━━━━━┓
┃ Buffer                                                          ┃ Count      ┃
┡━━━━━━━━━━━━━━━━━━━━━━━━━━━━━━━━━━━━━━━━━━━━━━━━━━━━━━━━━━━━━━━━━╇━━━━━━━━━━━━┩
│ gf180mcu_fd_sc_mcu7t5v0__buf_12                                 │ 3          │
│ gf180mcu_fd_sc_mcu7t5v0__buf_16                                 │ 1          │
│ gf180mcu_fd_sc_mcu7t5v0__buf_4                                  │ 1          │
│ gf180mcu_fd_sc_mcu7t5v0__buf_8                                  │ 2          │
│ gf180mcu_fd_sc_mcu7t5v0__clkbuf_16                              │ 9          │
│ gf180mcu_fd_sc_mcu7t5v0__clkbuf_20                              │ 1          │
│ gf180mcu_fd_sc_mcu7t5v0__dlyb_1                                 │ 13         │
└─────────────────────────────────────────────────────────────────┴────────────┘
