Clock: clk
Sources: clk 
Generated: no
Virtual: yes
Propagated: no
Period: 81.379997

===========================================================================
report_clock_properties
============================================================================
Clock                   Period          Waveform
----------------------------------------------------
clk                  81.379997    0.000000 40.689999

===========================================================================
report_clock_latency
============================================================================
Clock clk
rise -> rise
    min     max
0.000000 0.000000 source latency
0.298935         network latency _71_/CLK
        0.300123 network latency _68_/CLK
---------------
0.298935 0.300123 latency
        0.001188 skew

fall -> fall
    min     max
0.000000 0.000000 source latency
0.291241         network latency _71_/CLK
        0.292498 network latency _68_/CLK
---------------
0.291241 0.292498 latency
        0.001258 skew



===========================================================================
report_clock_min_period
============================================================================
clk period_min = 1.40 fmax = 716.20
