
===========================================================================
report_checks -path_delay max (Setup)
============================================================================
======================= min_ff_n40C_5v50 Corner ===================================

Startpoint: load_en (input port clocked by clk)
Endpoint: _70_ (rising edge-triggered flip-flop clocked by clk)
Path Group: clk
Path Type: max

Fanout         Cap        Slew       Delay        Time   Description
---------------------------------------------------------------------------------------------
                                  0.000000    0.000000   clock clk (rise edge)
                                  0.000000    0.000000   clock network delay (propagated)
                                 16.000000   16.000000 ^ input external delay
     1    0.004047    0.000002    0.000034   16.000034 ^ load_en (in)
                                                         load_en (net)
                      0.000081    0.000000   16.000034 ^ input13/I (gf180mcu_fd_sc_mcu7t5v0__dlyb_1)
    23    0.132703    1.444244    1.310365   17.310398 ^ input13/Z (gf180mcu_fd_sc_mcu7t5v0__dlyb_1)
                                                         net13 (net)
                      1.444277    0.003944   17.314342 ^ _51_/A1 (gf180mcu_fd_sc_mcu7t5v0__nand2_1)
     1    0.008312    0.366790    0.131204   17.445545 v _51_/ZN (gf180mcu_fd_sc_mcu7t5v0__nand2_1)
                                                         _26_ (net)
                      0.366790    0.000190   17.445736 v _52_/B (gf180mcu_fd_sc_mcu7t5v0__oai21_1)
     1    0.009926    0.374936    0.250187   17.695923 ^ _52_/ZN (gf180mcu_fd_sc_mcu7t5v0__oai21_1)
                                                         _06_ (net)
                      0.374936    0.000284   17.696207 ^ _70_/D (gf180mcu_fd_sc_mcu7t5v0__dffrnq_1)
                                             17.696207   data arrival time

                                 81.379997   81.379997   clock clk (rise edge)
                                  0.000000   81.379997   clock source latency
     1    0.027525    0.000014    0.000398   81.380394 ^ clk (in)
                                                         clk (net)
                      0.000956    0.000000   81.380394 ^ clkbuf_0_clk/I (gf180mcu_fd_sc_mcu7t5v0__clkbuf_16)
     2    0.046686    0.072321    0.144993   81.525391 ^ clkbuf_0_clk/Z (gf180mcu_fd_sc_mcu7t5v0__clkbuf_16)
                                                         clknet_0_clk (net)
                      0.072325    0.000888   81.526276 ^ clkbuf_1_1__f_clk/I (gf180mcu_fd_sc_mcu7t5v0__clkbuf_16)
     7    0.036082    0.065912    0.152568   81.678841 ^ clkbuf_1_1__f_clk/Z (gf180mcu_fd_sc_mcu7t5v0__clkbuf_16)
                                                         clknet_1_1__leaf_clk (net)
                      0.065912    0.000092   81.678940 ^ _70_/CLK (gf180mcu_fd_sc_mcu7t5v0__dffrnq_1)
                                 -0.250000   81.428940   clock uncertainty
                                  0.000000   81.428940   clock reconvergence pessimism
                                 -0.236449   81.192490   library setup time
                                             81.192490   data required time
---------------------------------------------------------------------------------------------
                                             81.192490   data required time
                                            -17.696207   data arrival time
---------------------------------------------------------------------------------------------
                                             63.496281   slack (MET)


Startpoint: load_en (input port clocked by clk)
Endpoint: _72_ (rising edge-triggered flip-flop clocked by clk)
Path Group: clk
Path Type: max

Fanout         Cap        Slew       Delay        Time   Description
---------------------------------------------------------------------------------------------
                                  0.000000    0.000000   clock clk (rise edge)
                                  0.000000    0.000000   clock network delay (propagated)
                                 16.000000   16.000000 ^ input external delay
     1    0.004047    0.000002    0.000034   16.000034 ^ load_en (in)
                                                         load_en (net)
                      0.000081    0.000000   16.000034 ^ input13/I (gf180mcu_fd_sc_mcu7t5v0__dlyb_1)
    23    0.132703    1.444244    1.310365   17.310398 ^ input13/Z (gf180mcu_fd_sc_mcu7t5v0__dlyb_1)
                                                         net13 (net)
                      1.444270    0.003514   17.313913 ^ _55_/A1 (gf180mcu_fd_sc_mcu7t5v0__nand2_1)
     1    0.008233    0.365905    0.130285   17.444199 v _55_/ZN (gf180mcu_fd_sc_mcu7t5v0__nand2_1)
                                                         _28_ (net)
                      0.365905    0.000181   17.444380 v _56_/B (gf180mcu_fd_sc_mcu7t5v0__oai21_1)
     1    0.010050    0.376966    0.250781   17.695160 ^ _56_/ZN (gf180mcu_fd_sc_mcu7t5v0__oai21_1)
                                                         _08_ (net)
                      0.376966    0.000265   17.695425 ^ _72_/D (gf180mcu_fd_sc_mcu7t5v0__dffrnq_1)
                                             17.695425   data arrival time

                                 81.379997   81.379997   clock clk (rise edge)
                                  0.000000   81.379997   clock source latency
     1    0.027525    0.000014    0.000398   81.380394 ^ clk (in)
                                                         clk (net)
                      0.000956    0.000000   81.380394 ^ clkbuf_0_clk/I (gf180mcu_fd_sc_mcu7t5v0__clkbuf_16)
     2    0.046686    0.072321    0.144993   81.525391 ^ clkbuf_0_clk/Z (gf180mcu_fd_sc_mcu7t5v0__clkbuf_16)
                                                         clknet_0_clk (net)
                      0.072325    0.000860   81.526245 ^ clkbuf_1_0__f_clk/I (gf180mcu_fd_sc_mcu7t5v0__clkbuf_16)
     6    0.038378    0.067198    0.153548   81.679794 ^ clkbuf_1_0__f_clk/Z (gf180mcu_fd_sc_mcu7t5v0__clkbuf_16)
                                                         clknet_1_0__leaf_clk (net)
                      0.067198    0.000178   81.679970 ^ _72_/CLK (gf180mcu_fd_sc_mcu7t5v0__dffrnq_1)
                                 -0.250000   81.429977   clock uncertainty
                                  0.000000   81.429977   clock reconvergence pessimism
                                 -0.236411   81.193565   library setup time
                                             81.193565   data required time
---------------------------------------------------------------------------------------------
                                             81.193565   data required time
                                            -17.695425   data arrival time
---------------------------------------------------------------------------------------------
                                             63.498138   slack (MET)


Startpoint: load_en (input port clocked by clk)
Endpoint: _71_ (rising edge-triggered flip-flop clocked by clk)
Path Group: clk
Path Type: max

Fanout         Cap        Slew       Delay        Time   Description
---------------------------------------------------------------------------------------------
                                  0.000000    0.000000   clock clk (rise edge)
                                  0.000000    0.000000   clock network delay (propagated)
                                 16.000000   16.000000 ^ input external delay
     1    0.004047    0.000002    0.000034   16.000034 ^ load_en (in)
                                                         load_en (net)
                      0.000081    0.000000   16.000034 ^ input13/I (gf180mcu_fd_sc_mcu7t5v0__dlyb_1)
    23    0.132703    1.444244    1.310365   17.310398 ^ input13/Z (gf180mcu_fd_sc_mcu7t5v0__dlyb_1)
                                                         net13 (net)
                      1.444274    0.003793   17.314192 ^ _53_/A1 (gf180mcu_fd_sc_mcu7t5v0__nand2_1)
     1    0.009307    0.377990    0.142888   17.457079 v _53_/ZN (gf180mcu_fd_sc_mcu7t5v0__nand2_1)
                                                         _27_ (net)
                      0.377990    0.000226   17.457306 v _54_/B (gf180mcu_fd_sc_mcu7t5v0__oai21_1)
     1    0.006348    0.321687    0.228669   17.685974 ^ _54_/ZN (gf180mcu_fd_sc_mcu7t5v0__oai21_1)
                                                         _07_ (net)
                      0.321687    0.000144   17.686117 ^ _71_/D (gf180mcu_fd_sc_mcu7t5v0__dffrnq_1)
                                             17.686117   data arrival time

                                 81.379997   81.379997   clock clk (rise edge)
                                  0.000000   81.379997   clock source latency
     1    0.027525    0.000014    0.000398   81.380394 ^ clk (in)
                                                         clk (net)
                      0.000956    0.000000   81.380394 ^ clkbuf_0_clk/I (gf180mcu_fd_sc_mcu7t5v0__clkbuf_16)
     2    0.046686    0.072321    0.144993   81.525391 ^ clkbuf_0_clk/Z (gf180mcu_fd_sc_mcu7t5v0__clkbuf_16)
                                                         clknet_0_clk (net)
                      0.072325    0.000888   81.526276 ^ clkbuf_1_1__f_clk/I (gf180mcu_fd_sc_mcu7t5v0__clkbuf_16)
     7    0.036082    0.065912    0.152568   81.678841 ^ clkbuf_1_1__f_clk/Z (gf180mcu_fd_sc_mcu7t5v0__clkbuf_16)
                                                         clknet_1_1__leaf_clk (net)
                      0.065912    0.000085   81.678932 ^ _71_/CLK (gf180mcu_fd_sc_mcu7t5v0__dffrnq_1)
                                 -0.250000   81.428932   clock uncertainty
                                  0.000000   81.428932   clock reconvergence pessimism
                                 -0.228685   81.200241   library setup time
                                             81.200241   data required time
---------------------------------------------------------------------------------------------
                                             81.200241   data required time
                                            -17.686117   data arrival time
---------------------------------------------------------------------------------------------
                                             63.514122   slack (MET)


Startpoint: load_en (input port clocked by clk)
Endpoint: _77_ (rising edge-triggered flip-flop clocked by clk)
Path Group: clk
Path Type: max

Fanout         Cap        Slew       Delay        Time   Description
---------------------------------------------------------------------------------------------
                                  0.000000    0.000000   clock clk (rise edge)
                                  0.000000    0.000000   clock network delay (propagated)
                                 16.000000   16.000000 ^ input external delay
     1    0.004047    0.000002    0.000034   16.000034 ^ load_en (in)
                                                         load_en (net)
                      0.000081    0.000000   16.000034 ^ input13/I (gf180mcu_fd_sc_mcu7t5v0__dlyb_1)
    23    0.132703    1.444244    1.310365   17.310398 ^ input13/Z (gf180mcu_fd_sc_mcu7t5v0__dlyb_1)
                                                         net13 (net)
                      1.444279    0.004073   17.314472 ^ _65_/A1 (gf180mcu_fd_sc_mcu7t5v0__nand2_1)
     1    0.007897    0.362115    0.126352   17.440825 v _65_/ZN (gf180mcu_fd_sc_mcu7t5v0__nand2_1)
                                                         _33_ (net)
                      0.362115    0.000114   17.440939 v _66_/B (gf180mcu_fd_sc_mcu7t5v0__oai21_1)
     1    0.006665    0.326418    0.226015   17.666952 ^ _66_/ZN (gf180mcu_fd_sc_mcu7t5v0__oai21_1)
                                                         _02_ (net)
                      0.326418    0.000151   17.667105 ^ _77_/D (gf180mcu_fd_sc_mcu7t5v0__dffrnq_1)
                                             17.667105   data arrival time

                                 81.379997   81.379997   clock clk (rise edge)
                                  0.000000   81.379997   clock source latency
     1    0.027525    0.000014    0.000398   81.380394 ^ clk (in)
                                                         clk (net)
                      0.000956    0.000000   81.380394 ^ clkbuf_0_clk/I (gf180mcu_fd_sc_mcu7t5v0__clkbuf_16)
     2    0.046686    0.072321    0.144993   81.525391 ^ clkbuf_0_clk/Z (gf180mcu_fd_sc_mcu7t5v0__clkbuf_16)
                                                         clknet_0_clk (net)
                      0.072325    0.000888   81.526276 ^ clkbuf_1_1__f_clk/I (gf180mcu_fd_sc_mcu7t5v0__clkbuf_16)
     7    0.036082    0.065912    0.152568   81.678841 ^ clkbuf_1_1__f_clk/Z (gf180mcu_fd_sc_mcu7t5v0__clkbuf_16)
                                                         clknet_1_1__leaf_clk (net)
                      0.065912    0.000128   81.678970 ^ _77_/CLK (gf180mcu_fd_sc_mcu7t5v0__dffrnq_1)
                                 -0.250000   81.428978   clock uncertainty
                                  0.000000   81.428978   clock reconvergence pessimism
                                 -0.229375   81.199600   library setup time
                                             81.199600   data required time
---------------------------------------------------------------------------------------------
                                             81.199600   data required time
                                            -17.667105   data arrival time
---------------------------------------------------------------------------------------------
                                             63.532490   slack (MET)


Startpoint: load_en (input port clocked by clk)
Endpoint: _68_ (rising edge-triggered flip-flop clocked by clk)
Path Group: clk
Path Type: max

Fanout         Cap        Slew       Delay        Time   Description
---------------------------------------------------------------------------------------------
                                  0.000000    0.000000   clock clk (rise edge)
                                  0.000000    0.000000   clock network delay (propagated)
                                 16.000000   16.000000 ^ input external delay
     1    0.004047    0.000002    0.000034   16.000034 ^ load_en (in)
                                                         load_en (net)
                      0.000081    0.000000   16.000034 ^ input13/I (gf180mcu_fd_sc_mcu7t5v0__dlyb_1)
    23    0.132703    1.444244    1.310365   17.310398 ^ input13/Z (gf180mcu_fd_sc_mcu7t5v0__dlyb_1)
                                                         net13 (net)
                      1.444270    0.003547   17.313946 ^ _47_/A1 (gf180mcu_fd_sc_mcu7t5v0__nand2_1)
     1    0.009192    0.376698    0.141542   17.455488 v _47_/ZN (gf180mcu_fd_sc_mcu7t5v0__nand2_1)
                                                         _24_ (net)
                      0.376698    0.000220   17.455708 v _48_/B (gf180mcu_fd_sc_mcu7t5v0__oai21_1)
     1    0.003666    0.279076    0.208670   17.664379 ^ _48_/ZN (gf180mcu_fd_sc_mcu7t5v0__oai21_1)
                                                         _04_ (net)
                      0.279076    0.000036   17.664415 ^ _68_/D (gf180mcu_fd_sc_mcu7t5v0__dffrnq_1)
                                             17.664415   data arrival time

                                 81.379997   81.379997   clock clk (rise edge)
                                  0.000000   81.379997   clock source latency
     1    0.027525    0.000014    0.000398   81.380394 ^ clk (in)
                                                         clk (net)
                      0.000956    0.000000   81.380394 ^ clkbuf_0_clk/I (gf180mcu_fd_sc_mcu7t5v0__clkbuf_16)
     2    0.046686    0.072321    0.144993   81.525391 ^ clkbuf_0_clk/Z (gf180mcu_fd_sc_mcu7t5v0__clkbuf_16)
                                                         clknet_0_clk (net)
                      0.072325    0.000860   81.526245 ^ clkbuf_1_0__f_clk/I (gf180mcu_fd_sc_mcu7t5v0__clkbuf_16)
     6    0.038378    0.067198    0.153548   81.679794 ^ clkbuf_1_0__f_clk/Z (gf180mcu_fd_sc_mcu7t5v0__clkbuf_16)
                                                         clknet_1_0__leaf_clk (net)
                      0.067198    0.000327   81.680122 ^ _68_/CLK (gf180mcu_fd_sc_mcu7t5v0__dffrnq_1)
                                 -0.250000   81.430122   clock uncertainty
                                  0.000000   81.430122   clock reconvergence pessimism
                                 -0.222164   81.207962   library setup time
                                             81.207962   data required time
---------------------------------------------------------------------------------------------
                                             81.207962   data required time
                                            -17.664415   data arrival time
---------------------------------------------------------------------------------------------
                                             63.543549   slack (MET)


Startpoint: _77_ (rising edge-triggered flip-flop clocked by clk)
Endpoint: serial_out (output port clocked by clk)
Path Group: clk
Path Type: max

Fanout         Cap        Slew       Delay        Time   Description
---------------------------------------------------------------------------------------------
                                  0.000000    0.000000   clock clk (rise edge)
                                  0.000000    0.000000   clock source latency
     1    0.027525    0.000014    0.000399    0.000399 ^ clk (in)
                                                         clk (net)
                      0.000956    0.000000    0.000399 ^ clkbuf_0_clk/I (gf180mcu_fd_sc_mcu7t5v0__clkbuf_16)
     2    0.046686    0.072321    0.144993    0.145392 ^ clkbuf_0_clk/Z (gf180mcu_fd_sc_mcu7t5v0__clkbuf_16)
                                                         clknet_0_clk (net)
                      0.072325    0.000889    0.146281 ^ clkbuf_1_1__f_clk/I (gf180mcu_fd_sc_mcu7t5v0__clkbuf_16)
     7    0.036082    0.065912    0.152569    0.298850 ^ clkbuf_1_1__f_clk/Z (gf180mcu_fd_sc_mcu7t5v0__clkbuf_16)
                                                         clknet_1_1__leaf_clk (net)
                      0.065912    0.000124    0.298974 ^ _77_/CLK (gf180mcu_fd_sc_mcu7t5v0__dffrnq_1)
     1    0.005394    0.114207    0.538444    0.837419 ^ _77_/Q (gf180mcu_fd_sc_mcu7t5v0__dffrnq_1)
                                                         net15 (net)
                      0.114207    0.000070    0.837489 ^ output15/I (gf180mcu_fd_sc_mcu7t5v0__dlyb_1)
     1    0.036403    0.421066    0.724398    1.561886 ^ output15/Z (gf180mcu_fd_sc_mcu7t5v0__dlyb_1)
                                                         serial_out (net)
                      0.421068    0.000465    1.562351 ^ serial_out (out)
                                              1.562351   data arrival time

                                 81.379997   81.379997   clock clk (rise edge)
                                  0.000000   81.379997   clock network delay (propagated)
                                 -0.250000   81.129997   clock uncertainty
                                  0.000000   81.129997   clock reconvergence pessimism
                                -16.000000   65.129997   output external delay
                                             65.129997   data required time
---------------------------------------------------------------------------------------------
                                             65.129997   data required time
                                             -1.562351   data arrival time
---------------------------------------------------------------------------------------------
                                             63.567650   slack (MET)


Startpoint: load_en (input port clocked by clk)
Endpoint: _69_ (rising edge-triggered flip-flop clocked by clk)
Path Group: clk
Path Type: max

Fanout         Cap        Slew       Delay        Time   Description
---------------------------------------------------------------------------------------------
                                  0.000000    0.000000   clock clk (rise edge)
                                  0.000000    0.000000   clock network delay (propagated)
                                 16.000000   16.000000 ^ input external delay
     1    0.004047    0.000002    0.000034   16.000034 ^ load_en (in)
                                                         load_en (net)
                      0.000081    0.000000   16.000034 ^ input13/I (gf180mcu_fd_sc_mcu7t5v0__dlyb_1)
    23    0.132703    1.444244    1.310365   17.310398 ^ input13/Z (gf180mcu_fd_sc_mcu7t5v0__dlyb_1)
                                                         net13 (net)
                      1.444273    0.003729   17.314127 ^ _49_/A1 (gf180mcu_fd_sc_mcu7t5v0__nand2_1)
     1    0.007291    0.354232    0.118742   17.432869 v _49_/ZN (gf180mcu_fd_sc_mcu7t5v0__nand2_1)
                                                         _25_ (net)
                      0.354232    0.000153   17.433023 v _50_/B (gf180mcu_fd_sc_mcu7t5v0__oai21_1)
     1    0.003934    0.282039    0.204050   17.637074 ^ _50_/ZN (gf180mcu_fd_sc_mcu7t5v0__oai21_1)
                                                         _05_ (net)
                      0.282039    0.000041   17.637114 ^ _69_/D (gf180mcu_fd_sc_mcu7t5v0__dffrnq_1)
                                             17.637114   data arrival time

                                 81.379997   81.379997   clock clk (rise edge)
                                  0.000000   81.379997   clock source latency
     1    0.027525    0.000014    0.000398   81.380394 ^ clk (in)
                                                         clk (net)
                      0.000956    0.000000   81.380394 ^ clkbuf_0_clk/I (gf180mcu_fd_sc_mcu7t5v0__clkbuf_16)
     2    0.046686    0.072321    0.144993   81.525391 ^ clkbuf_0_clk/Z (gf180mcu_fd_sc_mcu7t5v0__clkbuf_16)
                                                         clknet_0_clk (net)
                      0.072325    0.000888   81.526276 ^ clkbuf_1_1__f_clk/I (gf180mcu_fd_sc_mcu7t5v0__clkbuf_16)
     7    0.036082    0.065912    0.152568   81.678841 ^ clkbuf_1_1__f_clk/Z (gf180mcu_fd_sc_mcu7t5v0__clkbuf_16)
                                                         clknet_1_1__leaf_clk (net)
                      0.065912    0.000391   81.679237 ^ _69_/CLK (gf180mcu_fd_sc_mcu7t5v0__dffrnq_1)
                                 -0.250000   81.429237   clock uncertainty
                                  0.000000   81.429237   clock reconvergence pessimism
                                 -0.222904   81.206329   library setup time
                                             81.206329   data required time
---------------------------------------------------------------------------------------------
                                             81.206329   data required time
                                            -17.637114   data arrival time
---------------------------------------------------------------------------------------------
                                             63.569218   slack (MET)


Startpoint: load_en (input port clocked by clk)
Endpoint: _73_ (rising edge-triggered flip-flop clocked by clk)
Path Group: clk
Path Type: max

Fanout         Cap        Slew       Delay        Time   Description
---------------------------------------------------------------------------------------------
                                  0.000000    0.000000   clock clk (rise edge)
                                  0.000000    0.000000   clock network delay (propagated)
                                 16.000000   16.000000 ^ input external delay
     1    0.004047    0.000002    0.000034   16.000034 ^ load_en (in)
                                                         load_en (net)
                      0.000081    0.000000   16.000034 ^ input13/I (gf180mcu_fd_sc_mcu7t5v0__dlyb_1)
    23    0.132703    1.444244    1.310365   17.310398 ^ input13/Z (gf180mcu_fd_sc_mcu7t5v0__dlyb_1)
                                                         net13 (net)
                      1.444252    0.001990   17.312389 ^ _57_/A1 (gf180mcu_fd_sc_mcu7t5v0__nand2_1)
     1    0.005792    0.329012    0.096540   17.408928 v _57_/ZN (gf180mcu_fd_sc_mcu7t5v0__nand2_1)
                                                         _29_ (net)
                      0.329012    0.000064   17.408993 v _58_/B (gf180mcu_fd_sc_mcu7t5v0__oai21_1)
     1    0.007184    0.334137    0.219398   17.628389 ^ _58_/ZN (gf180mcu_fd_sc_mcu7t5v0__oai21_1)
                                                         _09_ (net)
                      0.334137    0.000167   17.628557 ^ _73_/D (gf180mcu_fd_sc_mcu7t5v0__dffrnq_1)
                                             17.628557   data arrival time

                                 81.379997   81.379997   clock clk (rise edge)
                                  0.000000   81.379997   clock source latency
     1    0.027525    0.000014    0.000398   81.380394 ^ clk (in)
                                                         clk (net)
                      0.000956    0.000000   81.380394 ^ clkbuf_0_clk/I (gf180mcu_fd_sc_mcu7t5v0__clkbuf_16)
     2    0.046686    0.072321    0.144993   81.525391 ^ clkbuf_0_clk/Z (gf180mcu_fd_sc_mcu7t5v0__clkbuf_16)
                                                         clknet_0_clk (net)
                      0.072325    0.000860   81.526245 ^ clkbuf_1_0__f_clk/I (gf180mcu_fd_sc_mcu7t5v0__clkbuf_16)
     6    0.038378    0.067198    0.153548   81.679794 ^ clkbuf_1_0__f_clk/Z (gf180mcu_fd_sc_mcu7t5v0__clkbuf_16)
                                                         clknet_1_0__leaf_clk (net)
                      0.067198    0.000320   81.680115 ^ _73_/CLK (gf180mcu_fd_sc_mcu7t5v0__dffrnq_1)
                                 -0.250000   81.430115   clock uncertainty
                                  0.000000   81.430115   clock reconvergence pessimism
                                 -0.230178   81.199936   library setup time
                                             81.199936   data required time
---------------------------------------------------------------------------------------------
                                             81.199936   data required time
                                            -17.628557   data arrival time
---------------------------------------------------------------------------------------------
                                             63.571381   slack (MET)


Startpoint: load_en (input port clocked by clk)
Endpoint: _75_ (rising edge-triggered flip-flop clocked by clk)
Path Group: clk
Path Type: max

Fanout         Cap        Slew       Delay        Time   Description
---------------------------------------------------------------------------------------------
                                  0.000000    0.000000   clock clk (rise edge)
                                  0.000000    0.000000   clock network delay (propagated)
                                 16.000000   16.000000 ^ input external delay
     1    0.004047    0.000002    0.000034   16.000034 ^ load_en (in)
                                                         load_en (net)
                      0.000081    0.000000   16.000034 ^ input13/I (gf180mcu_fd_sc_mcu7t5v0__dlyb_1)
    23    0.132703    1.444244    1.310365   17.310398 ^ input13/Z (gf180mcu_fd_sc_mcu7t5v0__dlyb_1)
                                                         net13 (net)
                      1.444280    0.004158   17.314558 ^ _61_/A1 (gf180mcu_fd_sc_mcu7t5v0__nand2_1)
     1    0.006195    0.335300    0.102510   17.417067 v _61_/ZN (gf180mcu_fd_sc_mcu7t5v0__nand2_1)
                                                         _31_ (net)
                      0.335300    0.000068   17.417135 v _62_/B (gf180mcu_fd_sc_mcu7t5v0__oai21_1)
     1    0.003714    0.279963    0.196815   17.613951 ^ _62_/ZN (gf180mcu_fd_sc_mcu7t5v0__oai21_1)
                                                         _11_ (net)
                      0.279963    0.000037   17.613987 ^ _75_/D (gf180mcu_fd_sc_mcu7t5v0__dffrnq_1)
                                             17.613987   data arrival time

                                 81.379997   81.379997   clock clk (rise edge)
                                  0.000000   81.379997   clock source latency
     1    0.027525    0.000014    0.000398   81.380394 ^ clk (in)
                                                         clk (net)
                      0.000956    0.000000   81.380394 ^ clkbuf_0_clk/I (gf180mcu_fd_sc_mcu7t5v0__clkbuf_16)
     2    0.046686    0.072321    0.144993   81.525391 ^ clkbuf_0_clk/Z (gf180mcu_fd_sc_mcu7t5v0__clkbuf_16)
                                                         clknet_0_clk (net)
                      0.072325    0.000888   81.526276 ^ clkbuf_1_1__f_clk/I (gf180mcu_fd_sc_mcu7t5v0__clkbuf_16)
     7    0.036082    0.065912    0.152568   81.678841 ^ clkbuf_1_1__f_clk/Z (gf180mcu_fd_sc_mcu7t5v0__clkbuf_16)
                                                         clknet_1_1__leaf_clk (net)
                      0.065912    0.000249   81.679092 ^ _75_/CLK (gf180mcu_fd_sc_mcu7t5v0__dffrnq_1)
                                 -0.250000   81.429092   clock uncertainty
                                  0.000000   81.429092   clock reconvergence pessimism
                                 -0.222601   81.206497   library setup time
                                             81.206497   data required time
---------------------------------------------------------------------------------------------
                                             81.206497   data required time
                                            -17.613987   data arrival time
---------------------------------------------------------------------------------------------
                                             63.592510   slack (MET)


Startpoint: load_en (input port clocked by clk)
Endpoint: _79_ (rising edge-triggered flip-flop clocked by clk)
Path Group: clk
Path Type: max

Fanout         Cap        Slew       Delay        Time   Description
---------------------------------------------------------------------------------------------
                                  0.000000    0.000000   clock clk (rise edge)
                                  0.000000    0.000000   clock network delay (propagated)
                                 16.000000   16.000000 ^ input external delay
     1    0.004047    0.000002    0.000034   16.000034 ^ load_en (in)
                                                         load_en (net)
                      0.000081    0.000000   16.000034 ^ input13/I (gf180mcu_fd_sc_mcu7t5v0__dlyb_1)
    23    0.132703    1.444244    1.310365   17.310398 ^ input13/Z (gf180mcu_fd_sc_mcu7t5v0__dlyb_1)
                                                         net13 (net)
                      1.444258    0.002597   17.312996 ^ _45_/A2 (gf180mcu_fd_sc_mcu7t5v0__nand2_1)
     1    0.007687    0.341089    0.066125   17.379122 v _45_/ZN (gf180mcu_fd_sc_mcu7t5v0__nand2_1)
                                                         _23_ (net)
                      0.341089    0.000172   17.379293 v _46_/B (gf180mcu_fd_sc_mcu7t5v0__oai21_1)
     1    0.006691    0.345532    0.219725   17.599018 ^ _46_/ZN (gf180mcu_fd_sc_mcu7t5v0__oai21_1)
                                                         _03_ (net)
                      0.345532    0.000151   17.599169 ^ _79_/D (gf180mcu_fd_sc_mcu7t5v0__dffrnq_1)
                                             17.599169   data arrival time

                                 81.379997   81.379997   clock clk (rise edge)
                                  0.000000   81.379997   clock source latency
     1    0.027525    0.000014    0.000398   81.380394 ^ clk (in)
                                                         clk (net)
                      0.000956    0.000000   81.380394 ^ clkbuf_0_clk/I (gf180mcu_fd_sc_mcu7t5v0__clkbuf_16)
     2    0.046686    0.072321    0.144993   81.525391 ^ clkbuf_0_clk/Z (gf180mcu_fd_sc_mcu7t5v0__clkbuf_16)
                                                         clknet_0_clk (net)
                      0.072325    0.000888   81.526276 ^ clkbuf_1_1__f_clk/I (gf180mcu_fd_sc_mcu7t5v0__clkbuf_16)
     7    0.036082    0.065912    0.152568   81.678841 ^ clkbuf_1_1__f_clk/Z (gf180mcu_fd_sc_mcu7t5v0__clkbuf_16)
                                                         clknet_1_1__leaf_clk (net)
                      0.065912    0.000263   81.679108 ^ _79_/CLK (gf180mcu_fd_sc_mcu7t5v0__dffrnq_1)
                                 -0.250000   81.429108   clock uncertainty
                                  0.000000   81.429108   clock reconvergence pessimism
                                 -0.232162   81.196945   library setup time
                                             81.196945   data required time
---------------------------------------------------------------------------------------------
                                             81.196945   data required time
                                            -17.599169   data arrival time
---------------------------------------------------------------------------------------------
                                             63.597775   slack (MET)


Startpoint: load_en (input port clocked by clk)
Endpoint: _74_ (rising edge-triggered flip-flop clocked by clk)
Path Group: clk
Path Type: max

Fanout         Cap        Slew       Delay        Time   Description
---------------------------------------------------------------------------------------------
                                  0.000000    0.000000   clock clk (rise edge)
                                  0.000000    0.000000   clock network delay (propagated)
                                 16.000000   16.000000 ^ input external delay
     1    0.004047    0.000002    0.000034   16.000034 ^ load_en (in)
                                                         load_en (net)
                      0.000081    0.000000   16.000034 ^ input13/I (gf180mcu_fd_sc_mcu7t5v0__dlyb_1)
    23    0.132703    1.444244    1.310365   17.310398 ^ input13/Z (gf180mcu_fd_sc_mcu7t5v0__dlyb_1)
                                                         net13 (net)
                      1.444252    0.001959   17.312359 ^ _59_/A1 (gf180mcu_fd_sc_mcu7t5v0__nand2_1)
     1    0.005715    0.327802    0.095392   17.407751 v _59_/ZN (gf180mcu_fd_sc_mcu7t5v0__nand2_1)
                                                         _30_ (net)
                      0.327802    0.000059   17.407808 v _60_/B (gf180mcu_fd_sc_mcu7t5v0__oai21_1)
     1    0.003837    0.282209    0.195502   17.603312 ^ _60_/ZN (gf180mcu_fd_sc_mcu7t5v0__oai21_1)
                                                         _10_ (net)
                      0.282209    0.000039   17.603350 ^ _74_/D (gf180mcu_fd_sc_mcu7t5v0__dffrnq_1)
                                             17.603350   data arrival time

                                 81.379997   81.379997   clock clk (rise edge)
                                  0.000000   81.379997   clock source latency
     1    0.027525    0.000014    0.000398   81.380394 ^ clk (in)
                                                         clk (net)
                      0.000956    0.000000   81.380394 ^ clkbuf_0_clk/I (gf180mcu_fd_sc_mcu7t5v0__clkbuf_16)
     2    0.046686    0.072321    0.144993   81.525391 ^ clkbuf_0_clk/Z (gf180mcu_fd_sc_mcu7t5v0__clkbuf_16)
                                                         clknet_0_clk (net)
                      0.072325    0.000860   81.526245 ^ clkbuf_1_0__f_clk/I (gf180mcu_fd_sc_mcu7t5v0__clkbuf_16)
     6    0.038378    0.067198    0.153548   81.679794 ^ clkbuf_1_0__f_clk/Z (gf180mcu_fd_sc_mcu7t5v0__clkbuf_16)
                                                         clknet_1_0__leaf_clk (net)
                      0.067198    0.000178   81.679970 ^ _74_/CLK (gf180mcu_fd_sc_mcu7t5v0__dffrnq_1)
                                 -0.250000   81.429977   clock uncertainty
                                  0.000000   81.429977   clock reconvergence pessimism
                                 -0.222620   81.207359   library setup time
                                             81.207359   data required time
---------------------------------------------------------------------------------------------
                                             81.207359   data required time
                                            -17.603350   data arrival time
---------------------------------------------------------------------------------------------
                                             63.604008   slack (MET)


Startpoint: load_en (input port clocked by clk)
Endpoint: _76_ (rising edge-triggered flip-flop clocked by clk)
Path Group: clk
Path Type: max

Fanout         Cap        Slew       Delay        Time   Description
---------------------------------------------------------------------------------------------
                                  0.000000    0.000000   clock clk (rise edge)
                                  0.000000    0.000000   clock network delay (propagated)
                                 16.000000   16.000000 ^ input external delay
     1    0.004047    0.000002    0.000034   16.000034 ^ load_en (in)
                                                         load_en (net)
                      0.000081    0.000000   16.000034 ^ input13/I (gf180mcu_fd_sc_mcu7t5v0__dlyb_1)
    23    0.132703    1.444244    1.310365   17.310398 ^ input13/Z (gf180mcu_fd_sc_mcu7t5v0__dlyb_1)
                                                         net13 (net)
                      1.444281    0.004206   17.314606 ^ _63_/A1 (gf180mcu_fd_sc_mcu7t5v0__nand2_1)
     1    0.004880    0.317114    0.083030   17.397636 v _63_/ZN (gf180mcu_fd_sc_mcu7t5v0__nand2_1)
                                                         _32_ (net)
                      0.317114    0.000046   17.397682 v _64_/B (gf180mcu_fd_sc_mcu7t5v0__oai21_1)
     1    0.003832    0.280284    0.192300   17.589981 ^ _64_/ZN (gf180mcu_fd_sc_mcu7t5v0__oai21_1)
                                                         _01_ (net)
                      0.280284    0.000039   17.590021 ^ _76_/D (gf180mcu_fd_sc_mcu7t5v0__dffrnq_1)
                                             17.590021   data arrival time

                                 81.379997   81.379997   clock clk (rise edge)
                                  0.000000   81.379997   clock source latency
     1    0.027525    0.000014    0.000398   81.380394 ^ clk (in)
                                                         clk (net)
                      0.000956    0.000000   81.380394 ^ clkbuf_0_clk/I (gf180mcu_fd_sc_mcu7t5v0__clkbuf_16)
     2    0.046686    0.072321    0.144993   81.525391 ^ clkbuf_0_clk/Z (gf180mcu_fd_sc_mcu7t5v0__clkbuf_16)
                                                         clknet_0_clk (net)
                      0.072325    0.000888   81.526276 ^ clkbuf_1_1__f_clk/I (gf180mcu_fd_sc_mcu7t5v0__clkbuf_16)
     7    0.036082    0.065912    0.152568   81.678841 ^ clkbuf_1_1__f_clk/Z (gf180mcu_fd_sc_mcu7t5v0__clkbuf_16)
                                                         clknet_1_1__leaf_clk (net)
                      0.065912    0.000107   81.678947 ^ _76_/CLK (gf180mcu_fd_sc_mcu7t5v0__dffrnq_1)
                                 -0.250000   81.428955   clock uncertainty
                                  0.000000   81.428955   clock reconvergence pessimism
                                 -0.222648   81.206306   library setup time
                                             81.206306   data required time
---------------------------------------------------------------------------------------------
                                             81.206306   data required time
                                            -17.590021   data arrival time
---------------------------------------------------------------------------------------------
                                             63.616287   slack (MET)


Startpoint: load_en (input port clocked by clk)
Endpoint: _78_ (rising edge-triggered flip-flop clocked by clk)
Path Group: clk
Path Type: max

Fanout         Cap        Slew       Delay        Time   Description
---------------------------------------------------------------------------------------------
                                  0.000000    0.000000   clock clk (rise edge)
                                  0.000000    0.000000   clock network delay (propagated)
                                 16.000000   16.000000 ^ input external delay
     1    0.004047    0.000002    0.000034   16.000034 ^ load_en (in)
                                                         load_en (net)
                      0.000081    0.000000   16.000034 ^ input13/I (gf180mcu_fd_sc_mcu7t5v0__dlyb_1)
    23    0.132703    1.444244    1.310365   17.310398 ^ input13/Z (gf180mcu_fd_sc_mcu7t5v0__dlyb_1)
                                                         net13 (net)
                      1.444267    0.003279   17.313679 ^ _67_/A1 (gf180mcu_fd_sc_mcu7t5v0__and2_1)
     1    0.005507    0.129972    0.277907   17.591585 ^ _67_/Z (gf180mcu_fd_sc_mcu7t5v0__and2_1)
                                                         _00_ (net)
                      0.129972    0.000069   17.591656 ^ _78_/D (gf180mcu_fd_sc_mcu7t5v0__dffrnq_1)
                                             17.591656   data arrival time

                                 81.379997   81.379997   clock clk (rise edge)
                                  0.000000   81.379997   clock source latency
     1    0.027525    0.000014    0.000398   81.380394 ^ clk (in)
                                                         clk (net)
                      0.000956    0.000000   81.380394 ^ clkbuf_0_clk/I (gf180mcu_fd_sc_mcu7t5v0__clkbuf_16)
     2    0.046686    0.072321    0.144993   81.525391 ^ clkbuf_0_clk/Z (gf180mcu_fd_sc_mcu7t5v0__clkbuf_16)
                                                         clknet_0_clk (net)
                      0.072325    0.000860   81.526245 ^ clkbuf_1_0__f_clk/I (gf180mcu_fd_sc_mcu7t5v0__clkbuf_16)
     6    0.038378    0.067198    0.153548   81.679794 ^ clkbuf_1_0__f_clk/Z (gf180mcu_fd_sc_mcu7t5v0__clkbuf_16)
                                                         clknet_1_0__leaf_clk (net)
                      0.067198    0.000249   81.680046 ^ _78_/CLK (gf180mcu_fd_sc_mcu7t5v0__dffrnq_1)
                                 -0.250000   81.430046   clock uncertainty
                                  0.000000   81.430046   clock reconvergence pessimism
                                 -0.196812   81.233231   library setup time
                                             81.233231   data required time
---------------------------------------------------------------------------------------------
                                             81.233231   data required time
                                            -17.591656   data arrival time
---------------------------------------------------------------------------------------------
                                             63.641582   slack (MET)


Startpoint: rst_n (input port clocked by clk)
Endpoint: _79_ (recovery check against rising-edge clock clk)
Path Group: asynchronous
Path Type: max

Fanout         Cap        Slew       Delay        Time   Description
---------------------------------------------------------------------------------------------
                                  0.000000    0.000000   clock clk (rise edge)
                                  0.000000    0.000000   clock network delay (propagated)
                                 16.000000   16.000000 ^ input external delay
     1    0.006064    0.000003    0.000068   16.000067 ^ rst_n (in)
                                                         rst_n (net)
                      0.000162    0.000000   16.000067 ^ input14/I (gf180mcu_fd_sc_mcu7t5v0__dlyb_1)
    12    0.107157    1.172240    1.151655   17.151722 ^ input14/Z (gf180mcu_fd_sc_mcu7t5v0__dlyb_1)
                                                         net14 (net)
                      1.172249    0.001902   17.153625 ^ _79_/RN (gf180mcu_fd_sc_mcu7t5v0__dffrnq_1)
                                             17.153625   data arrival time

                                 81.379997   81.379997   clock clk (rise edge)
                                  0.000000   81.379997   clock source latency
     1    0.027525    0.000014    0.000398   81.380394 ^ clk (in)
                                                         clk (net)
                      0.000956    0.000000   81.380394 ^ clkbuf_0_clk/I (gf180mcu_fd_sc_mcu7t5v0__clkbuf_16)
     2    0.046686    0.072321    0.144993   81.525391 ^ clkbuf_0_clk/Z (gf180mcu_fd_sc_mcu7t5v0__clkbuf_16)
                                                         clknet_0_clk (net)
                      0.072325    0.000888   81.526276 ^ clkbuf_1_1__f_clk/I (gf180mcu_fd_sc_mcu7t5v0__clkbuf_16)
     7    0.036082    0.065912    0.152568   81.678841 ^ clkbuf_1_1__f_clk/Z (gf180mcu_fd_sc_mcu7t5v0__clkbuf_16)
                                                         clknet_1_1__leaf_clk (net)
                      0.065912    0.000263   81.679108 ^ _79_/CLK (gf180mcu_fd_sc_mcu7t5v0__dffrnq_1)
                                 -0.250000   81.429108   clock uncertainty
                                  0.000000   81.429108   clock reconvergence pessimism
                                 -0.201744   81.227364   library recovery time
                                             81.227364   data required time
---------------------------------------------------------------------------------------------
                                             81.227364   data required time
                                            -17.153625   data arrival time
---------------------------------------------------------------------------------------------
                                             64.073738   slack (MET)


Startpoint: rst_n (input port clocked by clk)
Endpoint: _76_ (recovery check against rising-edge clock clk)
Path Group: asynchronous
Path Type: max

Fanout         Cap        Slew       Delay        Time   Description
---------------------------------------------------------------------------------------------
                                  0.000000    0.000000   clock clk (rise edge)
                                  0.000000    0.000000   clock network delay (propagated)
                                 16.000000   16.000000 ^ input external delay
     1    0.006064    0.000003    0.000068   16.000067 ^ rst_n (in)
                                                         rst_n (net)
                      0.000162    0.000000   16.000067 ^ input14/I (gf180mcu_fd_sc_mcu7t5v0__dlyb_1)
    12    0.107157    1.172240    1.151655   17.151722 ^ input14/Z (gf180mcu_fd_sc_mcu7t5v0__dlyb_1)
                                                         net14 (net)
                      1.172246    0.001517   17.153240 ^ _76_/RN (gf180mcu_fd_sc_mcu7t5v0__dffrnq_1)
                                             17.153240   data arrival time

                                 81.379997   81.379997   clock clk (rise edge)
                                  0.000000   81.379997   clock source latency
     1    0.027525    0.000014    0.000398   81.380394 ^ clk (in)
                                                         clk (net)
                      0.000956    0.000000   81.380394 ^ clkbuf_0_clk/I (gf180mcu_fd_sc_mcu7t5v0__clkbuf_16)
     2    0.046686    0.072321    0.144993   81.525391 ^ clkbuf_0_clk/Z (gf180mcu_fd_sc_mcu7t5v0__clkbuf_16)
                                                         clknet_0_clk (net)
                      0.072325    0.000888   81.526276 ^ clkbuf_1_1__f_clk/I (gf180mcu_fd_sc_mcu7t5v0__clkbuf_16)
     7    0.036082    0.065912    0.152568   81.678841 ^ clkbuf_1_1__f_clk/Z (gf180mcu_fd_sc_mcu7t5v0__clkbuf_16)
                                                         clknet_1_1__leaf_clk (net)
                      0.065912    0.000107   81.678947 ^ _76_/CLK (gf180mcu_fd_sc_mcu7t5v0__dffrnq_1)
                                 -0.250000   81.428955   clock uncertainty
                                  0.000000   81.428955   clock reconvergence pessimism
                                 -0.201742   81.227211   library recovery time
                                             81.227211   data required time
---------------------------------------------------------------------------------------------
                                             81.227211   data required time
                                            -17.153240   data arrival time
---------------------------------------------------------------------------------------------
                                             64.073967   slack (MET)


Startpoint: rst_n (input port clocked by clk)
Endpoint: _70_ (recovery check against rising-edge clock clk)
Path Group: asynchronous
Path Type: max

Fanout         Cap        Slew       Delay        Time   Description
---------------------------------------------------------------------------------------------
                                  0.000000    0.000000   clock clk (rise edge)
                                  0.000000    0.000000   clock network delay (propagated)
                                 16.000000   16.000000 ^ input external delay
     1    0.006064    0.000003    0.000068   16.000067 ^ rst_n (in)
                                                         rst_n (net)
                      0.000162    0.000000   16.000067 ^ input14/I (gf180mcu_fd_sc_mcu7t5v0__dlyb_1)
    12    0.107157    1.172240    1.151655   17.151722 ^ input14/Z (gf180mcu_fd_sc_mcu7t5v0__dlyb_1)
                                                         net14 (net)
                      1.172245    0.001407   17.153130 ^ _70_/RN (gf180mcu_fd_sc_mcu7t5v0__dffrnq_1)
                                             17.153130   data arrival time

                                 81.379997   81.379997   clock clk (rise edge)
                                  0.000000   81.379997   clock source latency
     1    0.027525    0.000014    0.000398   81.380394 ^ clk (in)
                                                         clk (net)
                      0.000956    0.000000   81.380394 ^ clkbuf_0_clk/I (gf180mcu_fd_sc_mcu7t5v0__clkbuf_16)
     2    0.046686    0.072321    0.144993   81.525391 ^ clkbuf_0_clk/Z (gf180mcu_fd_sc_mcu7t5v0__clkbuf_16)
                                                         clknet_0_clk (net)
                      0.072325    0.000888   81.526276 ^ clkbuf_1_1__f_clk/I (gf180mcu_fd_sc_mcu7t5v0__clkbuf_16)
     7    0.036082    0.065912    0.152568   81.678841 ^ clkbuf_1_1__f_clk/Z (gf180mcu_fd_sc_mcu7t5v0__clkbuf_16)
                                                         clknet_1_1__leaf_clk (net)
                      0.065912    0.000092   81.678940 ^ _70_/CLK (gf180mcu_fd_sc_mcu7t5v0__dffrnq_1)
                                 -0.250000   81.428940   clock uncertainty
                                  0.000000   81.428940   clock reconvergence pessimism
                                 -0.201742   81.227196   library recovery time
                                             81.227196   data required time
---------------------------------------------------------------------------------------------
                                             81.227196   data required time
                                            -17.153130   data arrival time
---------------------------------------------------------------------------------------------
                                             64.074066   slack (MET)


Startpoint: rst_n (input port clocked by clk)
Endpoint: _71_ (recovery check against rising-edge clock clk)
Path Group: asynchronous
Path Type: max

Fanout         Cap        Slew       Delay        Time   Description
---------------------------------------------------------------------------------------------
                                  0.000000    0.000000   clock clk (rise edge)
                                  0.000000    0.000000   clock network delay (propagated)
                                 16.000000   16.000000 ^ input external delay
     1    0.006064    0.000003    0.000068   16.000067 ^ rst_n (in)
                                                         rst_n (net)
                      0.000162    0.000000   16.000067 ^ input14/I (gf180mcu_fd_sc_mcu7t5v0__dlyb_1)
    12    0.107157    1.172240    1.151655   17.151722 ^ input14/Z (gf180mcu_fd_sc_mcu7t5v0__dlyb_1)
                                                         net14 (net)
                      1.172245    0.001442   17.153164 ^ _71_/RN (gf180mcu_fd_sc_mcu7t5v0__dffrnq_1)
                                             17.153164   data arrival time

                                 81.379997   81.379997   clock clk (rise edge)
                                  0.000000   81.379997   clock source latency
     1    0.027525    0.000014    0.000398   81.380394 ^ clk (in)
                                                         clk (net)
                      0.000956    0.000000   81.380394 ^ clkbuf_0_clk/I (gf180mcu_fd_sc_mcu7t5v0__clkbuf_16)
     2    0.046686    0.072321    0.144993   81.525391 ^ clkbuf_0_clk/Z (gf180mcu_fd_sc_mcu7t5v0__clkbuf_16)
                                                         clknet_0_clk (net)
                      0.072325    0.000888   81.526276 ^ clkbuf_1_1__f_clk/I (gf180mcu_fd_sc_mcu7t5v0__clkbuf_16)
     7    0.036082    0.065912    0.152568   81.678841 ^ clkbuf_1_1__f_clk/Z (gf180mcu_fd_sc_mcu7t5v0__clkbuf_16)
                                                         clknet_1_1__leaf_clk (net)
                      0.065912    0.000085   81.678932 ^ _71_/CLK (gf180mcu_fd_sc_mcu7t5v0__dffrnq_1)
                                 -0.250000   81.428932   clock uncertainty
                                  0.000000   81.428932   clock reconvergence pessimism
                                 -0.201742   81.227188   library recovery time
                                             81.227188   data required time
---------------------------------------------------------------------------------------------
                                             81.227188   data required time
                                            -17.153164   data arrival time
---------------------------------------------------------------------------------------------
                                             64.074028   slack (MET)


Startpoint: rst_n (input port clocked by clk)
Endpoint: _75_ (recovery check against rising-edge clock clk)
Path Group: asynchronous
Path Type: max

Fanout         Cap        Slew       Delay        Time   Description
---------------------------------------------------------------------------------------------
                                  0.000000    0.000000   clock clk (rise edge)
                                  0.000000    0.000000   clock network delay (propagated)
                                 16.000000   16.000000 ^ input external delay
     1    0.006064    0.000003    0.000068   16.000067 ^ rst_n (in)
                                                         rst_n (net)
                      0.000162    0.000000   16.000067 ^ input14/I (gf180mcu_fd_sc_mcu7t5v0__dlyb_1)
    12    0.107157    1.172240    1.151655   17.151722 ^ input14/Z (gf180mcu_fd_sc_mcu7t5v0__dlyb_1)
                                                         net14 (net)
                      1.172246    0.001526   17.153248 ^ _75_/RN (gf180mcu_fd_sc_mcu7t5v0__dffrnq_1)
                                             17.153248   data arrival time

                                 81.379997   81.379997   clock clk (rise edge)
                                  0.000000   81.379997   clock source latency
     1    0.027525    0.000014    0.000398   81.380394 ^ clk (in)
                                                         clk (net)
                      0.000956    0.000000   81.380394 ^ clkbuf_0_clk/I (gf180mcu_fd_sc_mcu7t5v0__clkbuf_16)
     2    0.046686    0.072321    0.144993   81.525391 ^ clkbuf_0_clk/Z (gf180mcu_fd_sc_mcu7t5v0__clkbuf_16)
                                                         clknet_0_clk (net)
                      0.072325    0.000888   81.526276 ^ clkbuf_1_1__f_clk/I (gf180mcu_fd_sc_mcu7t5v0__clkbuf_16)
     7    0.036082    0.065912    0.152568   81.678841 ^ clkbuf_1_1__f_clk/Z (gf180mcu_fd_sc_mcu7t5v0__clkbuf_16)
                                                         clknet_1_1__leaf_clk (net)
                      0.065912    0.000249   81.679092 ^ _75_/CLK (gf180mcu_fd_sc_mcu7t5v0__dffrnq_1)
                                 -0.250000   81.429092   clock uncertainty
                                  0.000000   81.429092   clock reconvergence pessimism
                                 -0.201742   81.227348   library recovery time
                                             81.227348   data required time
---------------------------------------------------------------------------------------------
                                             81.227348   data required time
                                            -17.153248   data arrival time
---------------------------------------------------------------------------------------------
                                             64.074104   slack (MET)


Startpoint: rst_n (input port clocked by clk)
Endpoint: _77_ (recovery check against rising-edge clock clk)
Path Group: asynchronous
Path Type: max

Fanout         Cap        Slew       Delay        Time   Description
---------------------------------------------------------------------------------------------
                                  0.000000    0.000000   clock clk (rise edge)
                                  0.000000    0.000000   clock network delay (propagated)
                                 16.000000   16.000000 ^ input external delay
     1    0.006064    0.000003    0.000068   16.000067 ^ rst_n (in)
                                                         rst_n (net)
                      0.000162    0.000000   16.000067 ^ input14/I (gf180mcu_fd_sc_mcu7t5v0__dlyb_1)
    12    0.107157    1.172240    1.151655   17.151722 ^ input14/Z (gf180mcu_fd_sc_mcu7t5v0__dlyb_1)
                                                         net14 (net)
                      1.172245    0.001432   17.153154 ^ _77_/RN (gf180mcu_fd_sc_mcu7t5v0__dffrnq_1)
                                             17.153154   data arrival time

                                 81.379997   81.379997   clock clk (rise edge)
                                  0.000000   81.379997   clock source latency
     1    0.027525    0.000014    0.000398   81.380394 ^ clk (in)
                                                         clk (net)
                      0.000956    0.000000   81.380394 ^ clkbuf_0_clk/I (gf180mcu_fd_sc_mcu7t5v0__clkbuf_16)
     2    0.046686    0.072321    0.144993   81.525391 ^ clkbuf_0_clk/Z (gf180mcu_fd_sc_mcu7t5v0__clkbuf_16)
                                                         clknet_0_clk (net)
                      0.072325    0.000888   81.526276 ^ clkbuf_1_1__f_clk/I (gf180mcu_fd_sc_mcu7t5v0__clkbuf_16)
     7    0.036082    0.065912    0.152568   81.678841 ^ clkbuf_1_1__f_clk/Z (gf180mcu_fd_sc_mcu7t5v0__clkbuf_16)
                                                         clknet_1_1__leaf_clk (net)
                      0.065912    0.000128   81.678970 ^ _77_/CLK (gf180mcu_fd_sc_mcu7t5v0__dffrnq_1)
                                 -0.250000   81.428978   clock uncertainty
                                  0.000000   81.428978   clock reconvergence pessimism
                                 -0.201742   81.227226   library recovery time
                                             81.227226   data required time
---------------------------------------------------------------------------------------------
                                             81.227226   data required time
                                            -17.153154   data arrival time
---------------------------------------------------------------------------------------------
                                             64.074074   slack (MET)


Startpoint: rst_n (input port clocked by clk)
Endpoint: _74_ (recovery check against rising-edge clock clk)
Path Group: asynchronous
Path Type: max

Fanout         Cap        Slew       Delay        Time   Description
---------------------------------------------------------------------------------------------
                                  0.000000    0.000000   clock clk (rise edge)
                                  0.000000    0.000000   clock network delay (propagated)
                                 16.000000   16.000000 ^ input external delay
     1    0.006064    0.000003    0.000068   16.000067 ^ rst_n (in)
                                                         rst_n (net)
                      0.000162    0.000000   16.000067 ^ input14/I (gf180mcu_fd_sc_mcu7t5v0__dlyb_1)
    12    0.107157    1.172240    1.151655   17.151722 ^ input14/Z (gf180mcu_fd_sc_mcu7t5v0__dlyb_1)
                                                         net14 (net)
                      1.172256    0.002476   17.154198 ^ _74_/RN (gf180mcu_fd_sc_mcu7t5v0__dffrnq_1)
                                             17.154198   data arrival time

                                 81.379997   81.379997   clock clk (rise edge)
                                  0.000000   81.379997   clock source latency
     1    0.027525    0.000014    0.000398   81.380394 ^ clk (in)
                                                         clk (net)
                      0.000956    0.000000   81.380394 ^ clkbuf_0_clk/I (gf180mcu_fd_sc_mcu7t5v0__clkbuf_16)
     2    0.046686    0.072321    0.144993   81.525391 ^ clkbuf_0_clk/Z (gf180mcu_fd_sc_mcu7t5v0__clkbuf_16)
                                                         clknet_0_clk (net)
                      0.072325    0.000860   81.526245 ^ clkbuf_1_0__f_clk/I (gf180mcu_fd_sc_mcu7t5v0__clkbuf_16)
     6    0.038378    0.067198    0.153548   81.679794 ^ clkbuf_1_0__f_clk/Z (gf180mcu_fd_sc_mcu7t5v0__clkbuf_16)
                                                         clknet_1_0__leaf_clk (net)
                      0.067198    0.000178   81.679970 ^ _74_/CLK (gf180mcu_fd_sc_mcu7t5v0__dffrnq_1)
                                 -0.250000   81.429977   clock uncertainty
                                  0.000000   81.429977   clock reconvergence pessimism
                                 -0.201421   81.228561   library recovery time
                                             81.228561   data required time
---------------------------------------------------------------------------------------------
                                             81.228561   data required time
                                            -17.154198   data arrival time
---------------------------------------------------------------------------------------------
                                             64.074356   slack (MET)


Startpoint: rst_n (input port clocked by clk)
Endpoint: _69_ (recovery check against rising-edge clock clk)
Path Group: asynchronous
Path Type: max

Fanout         Cap        Slew       Delay        Time   Description
---------------------------------------------------------------------------------------------
                                  0.000000    0.000000   clock clk (rise edge)
                                  0.000000    0.000000   clock network delay (propagated)
                                 16.000000   16.000000 ^ input external delay
     1    0.006064    0.000003    0.000068   16.000067 ^ rst_n (in)
                                                         rst_n (net)
                      0.000162    0.000000   16.000067 ^ input14/I (gf180mcu_fd_sc_mcu7t5v0__dlyb_1)
    12    0.107157    1.172240    1.151655   17.151722 ^ input14/Z (gf180mcu_fd_sc_mcu7t5v0__dlyb_1)
                                                         net14 (net)
                      1.172244    0.001311   17.153034 ^ _69_/RN (gf180mcu_fd_sc_mcu7t5v0__dffrnq_1)
                                             17.153034   data arrival time

                                 81.379997   81.379997   clock clk (rise edge)
                                  0.000000   81.379997   clock source latency
     1    0.027525    0.000014    0.000398   81.380394 ^ clk (in)
                                                         clk (net)
                      0.000956    0.000000   81.380394 ^ clkbuf_0_clk/I (gf180mcu_fd_sc_mcu7t5v0__clkbuf_16)
     2    0.046686    0.072321    0.144993   81.525391 ^ clkbuf_0_clk/Z (gf180mcu_fd_sc_mcu7t5v0__clkbuf_16)
                                                         clknet_0_clk (net)
                      0.072325    0.000888   81.526276 ^ clkbuf_1_1__f_clk/I (gf180mcu_fd_sc_mcu7t5v0__clkbuf_16)
     7    0.036082    0.065912    0.152568   81.678841 ^ clkbuf_1_1__f_clk/Z (gf180mcu_fd_sc_mcu7t5v0__clkbuf_16)
                                                         clknet_1_1__leaf_clk (net)
                      0.065912    0.000391   81.679237 ^ _69_/CLK (gf180mcu_fd_sc_mcu7t5v0__dffrnq_1)
                                 -0.250000   81.429237   clock uncertainty
                                  0.000000   81.429237   clock reconvergence pessimism
                                 -0.201742   81.227493   library recovery time
                                             81.227493   data required time
---------------------------------------------------------------------------------------------
                                             81.227493   data required time
                                            -17.153034   data arrival time
---------------------------------------------------------------------------------------------
                                             64.074455   slack (MET)


Startpoint: rst_n (input port clocked by clk)
Endpoint: _78_ (recovery check against rising-edge clock clk)
Path Group: asynchronous
Path Type: max

Fanout         Cap        Slew       Delay        Time   Description
---------------------------------------------------------------------------------------------
                                  0.000000    0.000000   clock clk (rise edge)
                                  0.000000    0.000000   clock network delay (propagated)
                                 16.000000   16.000000 ^ input external delay
     1    0.006064    0.000003    0.000068   16.000067 ^ rst_n (in)
                                                         rst_n (net)
                      0.000162    0.000000   16.000067 ^ input14/I (gf180mcu_fd_sc_mcu7t5v0__dlyb_1)
    12    0.107157    1.172240    1.151655   17.151722 ^ input14/Z (gf180mcu_fd_sc_mcu7t5v0__dlyb_1)
                                                         net14 (net)
                      1.172256    0.002505   17.154226 ^ _78_/RN (gf180mcu_fd_sc_mcu7t5v0__dffrnq_1)
                                             17.154226   data arrival time

                                 81.379997   81.379997   clock clk (rise edge)
                                  0.000000   81.379997   clock source latency
     1    0.027525    0.000014    0.000398   81.380394 ^ clk (in)
                                                         clk (net)
                      0.000956    0.000000   81.380394 ^ clkbuf_0_clk/I (gf180mcu_fd_sc_mcu7t5v0__clkbuf_16)
     2    0.046686    0.072321    0.144993   81.525391 ^ clkbuf_0_clk/Z (gf180mcu_fd_sc_mcu7t5v0__clkbuf_16)
                                                         clknet_0_clk (net)
                      0.072325    0.000860   81.526245 ^ clkbuf_1_0__f_clk/I (gf180mcu_fd_sc_mcu7t5v0__clkbuf_16)
     6    0.038378    0.067198    0.153548   81.679794 ^ clkbuf_1_0__f_clk/Z (gf180mcu_fd_sc_mcu7t5v0__clkbuf_16)
                                                         clknet_1_0__leaf_clk (net)
                      0.067198    0.000249   81.680046 ^ _78_/CLK (gf180mcu_fd_sc_mcu7t5v0__dffrnq_1)
                                 -0.250000   81.430046   clock uncertainty
                                  0.000000   81.430046   clock reconvergence pessimism
                                 -0.201421   81.228630   library recovery time
                                             81.228630   data required time
---------------------------------------------------------------------------------------------
                                             81.228630   data required time
                                            -17.154226   data arrival time
---------------------------------------------------------------------------------------------
                                             64.074402   slack (MET)


Startpoint: rst_n (input port clocked by clk)
Endpoint: _73_ (recovery check against rising-edge clock clk)
Path Group: asynchronous
Path Type: max

Fanout         Cap        Slew       Delay        Time   Description
---------------------------------------------------------------------------------------------
                                  0.000000    0.000000   clock clk (rise edge)
                                  0.000000    0.000000   clock network delay (propagated)
                                 16.000000   16.000000 ^ input external delay
     1    0.006064    0.000003    0.000068   16.000067 ^ rst_n (in)
                                                         rst_n (net)
                      0.000162    0.000000   16.000067 ^ input14/I (gf180mcu_fd_sc_mcu7t5v0__dlyb_1)
    12    0.107157    1.172240    1.151655   17.151722 ^ input14/Z (gf180mcu_fd_sc_mcu7t5v0__dlyb_1)
                                                         net14 (net)
                      1.172251    0.002050   17.153772 ^ _73_/RN (gf180mcu_fd_sc_mcu7t5v0__dffrnq_1)
                                             17.153772   data arrival time

                                 81.379997   81.379997   clock clk (rise edge)
                                  0.000000   81.379997   clock source latency
     1    0.027525    0.000014    0.000398   81.380394 ^ clk (in)
                                                         clk (net)
                      0.000956    0.000000   81.380394 ^ clkbuf_0_clk/I (gf180mcu_fd_sc_mcu7t5v0__clkbuf_16)
     2    0.046686    0.072321    0.144993   81.525391 ^ clkbuf_0_clk/Z (gf180mcu_fd_sc_mcu7t5v0__clkbuf_16)
                                                         clknet_0_clk (net)
                      0.072325    0.000860   81.526245 ^ clkbuf_1_0__f_clk/I (gf180mcu_fd_sc_mcu7t5v0__clkbuf_16)
     6    0.038378    0.067198    0.153548   81.679794 ^ clkbuf_1_0__f_clk/Z (gf180mcu_fd_sc_mcu7t5v0__clkbuf_16)
                                                         clknet_1_0__leaf_clk (net)
                      0.067198    0.000320   81.680115 ^ _73_/CLK (gf180mcu_fd_sc_mcu7t5v0__dffrnq_1)
                                 -0.250000   81.430115   clock uncertainty
                                  0.000000   81.430115   clock reconvergence pessimism
                                 -0.201419   81.228699   library recovery time
                                             81.228699   data required time
---------------------------------------------------------------------------------------------
                                             81.228699   data required time
                                            -17.153772   data arrival time
---------------------------------------------------------------------------------------------
                                             64.074928   slack (MET)


Startpoint: rst_n (input port clocked by clk)
Endpoint: _68_ (recovery check against rising-edge clock clk)
Path Group: asynchronous
Path Type: max

Fanout         Cap        Slew       Delay        Time   Description
---------------------------------------------------------------------------------------------
                                  0.000000    0.000000   clock clk (rise edge)
                                  0.000000    0.000000   clock network delay (propagated)
                                 16.000000   16.000000 ^ input external delay
     1    0.006064    0.000003    0.000068   16.000067 ^ rst_n (in)
                                                         rst_n (net)
                      0.000162    0.000000   16.000067 ^ input14/I (gf180mcu_fd_sc_mcu7t5v0__dlyb_1)
    12    0.107157    1.172240    1.151655   17.151722 ^ input14/Z (gf180mcu_fd_sc_mcu7t5v0__dlyb_1)
                                                         net14 (net)
                      1.172246    0.001611   17.153334 ^ _68_/RN (gf180mcu_fd_sc_mcu7t5v0__dffrnq_1)
                                             17.153334   data arrival time

                                 81.379997   81.379997   clock clk (rise edge)
                                  0.000000   81.379997   clock source latency
     1    0.027525    0.000014    0.000398   81.380394 ^ clk (in)
                                                         clk (net)
                      0.000956    0.000000   81.380394 ^ clkbuf_0_clk/I (gf180mcu_fd_sc_mcu7t5v0__clkbuf_16)
     2    0.046686    0.072321    0.144993   81.525391 ^ clkbuf_0_clk/Z (gf180mcu_fd_sc_mcu7t5v0__clkbuf_16)
                                                         clknet_0_clk (net)
                      0.072325    0.000860   81.526245 ^ clkbuf_1_0__f_clk/I (gf180mcu_fd_sc_mcu7t5v0__clkbuf_16)
     6    0.038378    0.067198    0.153548   81.679794 ^ clkbuf_1_0__f_clk/Z (gf180mcu_fd_sc_mcu7t5v0__clkbuf_16)
                                                         clknet_1_0__leaf_clk (net)
                      0.067198    0.000327   81.680122 ^ _68_/CLK (gf180mcu_fd_sc_mcu7t5v0__dffrnq_1)
                                 -0.250000   81.430122   clock uncertainty
                                  0.000000   81.430122   clock reconvergence pessimism
                                 -0.201417   81.228706   library recovery time
                                             81.228706   data required time
---------------------------------------------------------------------------------------------
                                             81.228706   data required time
                                            -17.153334   data arrival time
---------------------------------------------------------------------------------------------
                                             64.075371   slack (MET)


Startpoint: rst_n (input port clocked by clk)
Endpoint: _72_ (recovery check against rising-edge clock clk)
Path Group: asynchronous
Path Type: max

Fanout         Cap        Slew       Delay        Time   Description
---------------------------------------------------------------------------------------------
                                  0.000000    0.000000   clock clk (rise edge)
                                  0.000000    0.000000   clock network delay (propagated)
                                 16.000000   16.000000 ^ input external delay
     1    0.006064    0.000003    0.000068   16.000067 ^ rst_n (in)
                                                         rst_n (net)
                      0.000162    0.000000   16.000067 ^ input14/I (gf180mcu_fd_sc_mcu7t5v0__dlyb_1)
    12    0.107157    1.172240    1.151655   17.151722 ^ input14/Z (gf180mcu_fd_sc_mcu7t5v0__dlyb_1)
                                                         net14 (net)
                      1.172245    0.001400   17.153122 ^ _72_/RN (gf180mcu_fd_sc_mcu7t5v0__dffrnq_1)
                                             17.153122   data arrival time

                                 81.379997   81.379997   clock clk (rise edge)
                                  0.000000   81.379997   clock source latency
     1    0.027525    0.000014    0.000398   81.380394 ^ clk (in)
                                                         clk (net)
                      0.000956    0.000000   81.380394 ^ clkbuf_0_clk/I (gf180mcu_fd_sc_mcu7t5v0__clkbuf_16)
     2    0.046686    0.072321    0.144993   81.525391 ^ clkbuf_0_clk/Z (gf180mcu_fd_sc_mcu7t5v0__clkbuf_16)
                                                         clknet_0_clk (net)
                      0.072325    0.000860   81.526245 ^ clkbuf_1_0__f_clk/I (gf180mcu_fd_sc_mcu7t5v0__clkbuf_16)
     6    0.038378    0.067198    0.153548   81.679794 ^ clkbuf_1_0__f_clk/Z (gf180mcu_fd_sc_mcu7t5v0__clkbuf_16)
                                                         clknet_1_0__leaf_clk (net)
                      0.067198    0.000178   81.679970 ^ _72_/CLK (gf180mcu_fd_sc_mcu7t5v0__dffrnq_1)
                                 -0.250000   81.429977   clock uncertainty
                                  0.000000   81.429977   clock reconvergence pessimism
                                 -0.201416   81.228561   library recovery time
                                             81.228561   data required time
---------------------------------------------------------------------------------------------
                                             81.228561   data required time
                                            -17.153122   data arrival time
---------------------------------------------------------------------------------------------
                                             64.075439   slack (MET)



