Clock: clk_div
Sources: clk 
Generated: yes
Virtual: yes
Propagated: no
Period: 0.000000

===========================================================================
report_clock_properties
============================================================================
Clock                   Period          Waveform
----------------------------------------------------

===========================================================================
report_clock_latency
============================================================================
Clock clk_div
rise -> rise
    min     max
0.000000 0.000000 source latency
0.607953         network latency _2112_/CLK
        0.620871 network latency _2148_/CLK
---------------
0.607953 0.620871 latency
        0.012918 skew

fall -> fall
    min     max
0.000000 0.000000 source latency
0.612973         network latency _2112_/CLK
        0.626780 network latency _2148_/CLK
---------------
0.612973 0.626780 latency
        0.013807 skew



===========================================================================
report_clock_min_period
============================================================================
clk_div period_min = 0.00 fmax = inf
