
===========================================================================
report_checks -unconstrained
===========================================================================
======================= nom_ff_n40C_5v50 Corner ===================================

Startpoint: rst (input port clocked by clk)
Endpoint: _2005_ (recovery check against rising-edge clock clk)
Path Group: asynchronous
Path Type: max

Fanout         Cap        Slew       Delay        Time   Description
---------------------------------------------------------------------------------------------
                      0.000000    0.000000    0.000000   clock clk (rise edge)
                                  0.000000    0.000000   clock network delay (ideal)
                                 10.000000   10.000000 ^ input external delay
   220    1.606097    0.000000    0.000000   10.000000 ^ rst (in)
                                                         rst (net)
                      0.000000    0.000000   10.000000 ^ _2005_/RN (gf180mcu_fd_sc_mcu7t5v0__dffrnq_1)
                                             10.000000   data arrival time

                      0.000000   81.379997   81.379997   clock clk (rise edge)
                                  0.000000   81.379997   clock network delay (ideal)
                                 -0.250000   81.129997   clock uncertainty
                                  0.000000   81.129997   clock reconvergence pessimism
                                             81.129997 ^ _2005_/CLK (gf180mcu_fd_sc_mcu7t5v0__dffrnq_1)
                                  0.117310   81.247307   library recovery time
                                             81.247307   data required time
---------------------------------------------------------------------------------------------
                                             81.247307   data required time
                                            -10.000000   data arrival time
---------------------------------------------------------------------------------------------
                                             71.247307   slack (MET)


Startpoint: in_cic (input port clocked by clk)
Endpoint: _2079_ (rising edge-triggered flip-flop clocked by clk)
Path Group: clk
Path Type: max

Fanout         Cap        Slew       Delay        Time   Description
---------------------------------------------------------------------------------------------
                      0.000000    0.000000    0.000000   clock clk (rise edge)
                                  0.000000    0.000000   clock network delay (ideal)
                                 10.000000   10.000000 ^ input external delay
     4    0.017689    0.000000    0.000000   10.000000 ^ in_cic (in)
                                                         in_cic (net)
                      0.000000    0.000000   10.000000 ^ _1459_/A4 (gf180mcu_fd_sc_mcu7t5v0__and4_1)
     3    0.014595    0.225638    0.366517   10.366518 ^ _1459_/Z (gf180mcu_fd_sc_mcu7t5v0__and4_1)
                                                         _0851_ (net)
                      0.225638    0.000000   10.366518 ^ _1466_/A4 (gf180mcu_fd_sc_mcu7t5v0__and4_1)
     4    0.018768    0.268504    0.391240   10.757757 ^ _1466_/Z (gf180mcu_fd_sc_mcu7t5v0__and4_1)
                                                         _0855_ (net)
                      0.268504    0.000000   10.757757 ^ _1475_/A3 (gf180mcu_fd_sc_mcu7t5v0__nand4_1)
     1    0.003982    0.222789    0.119342   10.877100 v _1475_/ZN (gf180mcu_fd_sc_mcu7t5v0__nand4_1)
                                                         _0860_ (net)
                      0.222789    0.000000   10.877100 v _1491_/A2 (gf180mcu_fd_sc_mcu7t5v0__nor3_1)
     8    0.035654    1.075323    0.645914   11.523014 ^ _1491_/ZN (gf180mcu_fd_sc_mcu7t5v0__nor3_1)
                                                         _0870_ (net)
                      1.075323    0.000000   11.523014 ^ _1501_/A3 (gf180mcu_fd_sc_mcu7t5v0__and4_1)
     5    0.023097    0.325976    0.479647   12.002661 ^ _1501_/Z (gf180mcu_fd_sc_mcu7t5v0__and4_1)
                                                         _0876_ (net)
                      0.325976    0.000000   12.002661 ^ _1506_/A3 (gf180mcu_fd_sc_mcu7t5v0__nand3_1)
     3    0.012246    0.254598    0.156927   12.159588 v _1506_/ZN (gf180mcu_fd_sc_mcu7t5v0__nand3_1)
                                                         _0879_ (net)
                      0.254598    0.000000   12.159588 v _1514_/A1 (gf180mcu_fd_sc_mcu7t5v0__or3_1)
     1    0.004486    0.136700    0.372326   12.531914 v _1514_/Z (gf180mcu_fd_sc_mcu7t5v0__or3_1)
                                                         _0884_ (net)
                      0.136700    0.000000   12.531914 v _1515_/A2 (gf180mcu_fd_sc_mcu7t5v0__nand2_1)
     1    0.003038    0.108377    0.100354   12.632268 ^ _1515_/ZN (gf180mcu_fd_sc_mcu7t5v0__nand2_1)
                                                         _0078_ (net)
                      0.108377    0.000000   12.632268 ^ _2079_/D (gf180mcu_fd_sc_mcu7t5v0__dffrnq_1)
                                             12.632268   data arrival time

                      0.000000   81.379997   81.379997   clock clk (rise edge)
                                  0.000000   81.379997   clock network delay (ideal)
                                 -0.250000   81.129997   clock uncertainty
                                  0.000000   81.129997   clock reconvergence pessimism
                                             81.129997 ^ _2079_/CLK (gf180mcu_fd_sc_mcu7t5v0__dffrnq_1)
                                 -0.198068   80.931931   library setup time
                                             80.931931   data required time
---------------------------------------------------------------------------------------------
                                             80.931931   data required time
                                            -12.632268   data arrival time
---------------------------------------------------------------------------------------------
                                             68.299660   slack (MET)


Startpoint: in_cic (input port clocked by clk)
Endpoint: _2079_ (rising edge-triggered flip-flop clocked by clk_div)
Path Group: clk_div
Path Type: max

Fanout         Cap        Slew       Delay        Time   Description
---------------------------------------------------------------------------------------------
                      0.000000 20751.898438 20751.898438   clock clk (rise edge)
                                  0.000000 20751.898438   clock network delay (ideal)
                                 10.000000 20761.900391 ^ input external delay
     4    0.017689    0.000000    0.000000 20761.900391 ^ in_cic (in)
                                                         in_cic (net)
                      0.000000    0.000000 20761.900391 ^ _1459_/A4 (gf180mcu_fd_sc_mcu7t5v0__and4_1)
     3    0.014595    0.225638    0.365617 20762.265625 ^ _1459_/Z (gf180mcu_fd_sc_mcu7t5v0__and4_1)
                                                         _0851_ (net)
                      0.225638    0.000000 20762.265625 ^ _1466_/A4 (gf180mcu_fd_sc_mcu7t5v0__and4_1)
     4    0.018768    0.268504    0.391083 20762.656250 ^ _1466_/Z (gf180mcu_fd_sc_mcu7t5v0__and4_1)
                                                         _0855_ (net)
                      0.268504    0.000000 20762.656250 ^ _1475_/A3 (gf180mcu_fd_sc_mcu7t5v0__nand4_1)
     1    0.003982    0.222789    0.120053 20762.777344 v _1475_/ZN (gf180mcu_fd_sc_mcu7t5v0__nand4_1)
                                                         _0860_ (net)
                      0.222789    0.000000 20762.777344 v _1491_/A2 (gf180mcu_fd_sc_mcu7t5v0__nor3_1)
     8    0.035654    1.075323    0.645741 20763.421875 ^ _1491_/ZN (gf180mcu_fd_sc_mcu7t5v0__nor3_1)
                                                         _0870_ (net)
                      1.075323    0.000000 20763.421875 ^ _1501_/A3 (gf180mcu_fd_sc_mcu7t5v0__and4_1)
     5    0.023097    0.325976    0.480213 20763.902344 ^ _1501_/Z (gf180mcu_fd_sc_mcu7t5v0__and4_1)
                                                         _0876_ (net)
                      0.325976    0.000000 20763.902344 ^ _1506_/A3 (gf180mcu_fd_sc_mcu7t5v0__nand3_1)
     3    0.012246    0.254598    0.156433 20764.058594 v _1506_/ZN (gf180mcu_fd_sc_mcu7t5v0__nand3_1)
                                                         _0879_ (net)
                      0.254598    0.000000 20764.058594 v _1514_/A1 (gf180mcu_fd_sc_mcu7t5v0__or3_1)
     1    0.004486    0.136700    0.371074 20764.429688 v _1514_/Z (gf180mcu_fd_sc_mcu7t5v0__or3_1)
                                                         _0884_ (net)
                      0.136700    0.000000 20764.429688 v _1515_/A2 (gf180mcu_fd_sc_mcu7t5v0__nand2_1)
     1    0.003038    0.108377    0.101863 20764.533203 ^ _1515_/ZN (gf180mcu_fd_sc_mcu7t5v0__nand2_1)
                                                         _0078_ (net)
                      0.108377    0.000000 20764.533203 ^ _2079_/D (gf180mcu_fd_sc_mcu7t5v0__dffrnq_1)
                                           20764.533203   data arrival time

                      0.000000 20833.279297 20833.279297   clock clk_div (rise edge)
                                  0.000000 20833.279297   clock network delay (ideal)
                                 -0.250000 20833.029297   clock uncertainty
                                  0.000000 20833.029297   clock reconvergence pessimism
                                           20833.029297 ^ _2079_/CLK (gf180mcu_fd_sc_mcu7t5v0__dffrnq_1)
                                 -0.198068 20832.832031   library setup time
                                           20832.832031   data required time
---------------------------------------------------------------------------------------------
                                           20832.832031   data required time
                                           -20764.533203   data arrival time
---------------------------------------------------------------------------------------------
                                             68.299660   slack (MET)




===========================================================================
report_checks --slack_max -0.01
============================================================================
======================= nom_ff_n40C_5v50 Corner ===================================

No paths found.


===========================================================================
 report_check_types -max_slew -max_cap -max_fanout -violators
============================================================================
======================= nom_ff_n40C_5v50 Corner ===================================

max slew

Pin                                        Limit        Slew       Slack
------------------------------------------------------------------------
_1002_/I                                2.600000    5.121557   -2.521557 (VIOLATED)
_2087_/Q                                2.600000    5.121557   -2.521557 (VIOLATED)
_2088_/CLKN                             2.600000    5.121557   -2.521557 (VIOLATED)
_2089_/CLKN                             2.600000    5.121557   -2.521557 (VIOLATED)
_2090_/CLKN                             2.600000    5.121557   -2.521557 (VIOLATED)
_2091_/CLKN                             2.600000    5.121557   -2.521557 (VIOLATED)
_2092_/CLKN                             2.600000    5.121557   -2.521557 (VIOLATED)
_2093_/CLKN                             2.600000    5.121557   -2.521557 (VIOLATED)
_2094_/CLKN                             2.600000    5.121557   -2.521557 (VIOLATED)
_2095_/CLKN                             2.600000    5.121557   -2.521557 (VIOLATED)
_2096_/CLKN                             2.600000    5.121557   -2.521557 (VIOLATED)
_2097_/CLKN                             2.600000    5.121557   -2.521557 (VIOLATED)
_2098_/CLKN                             2.600000    5.121557   -2.521557 (VIOLATED)
_2099_/CLKN                             2.600000    5.121557   -2.521557 (VIOLATED)
_2100_/CLKN                             2.600000    5.121557   -2.521557 (VIOLATED)
_2101_/CLKN                             2.600000    5.121557   -2.521557 (VIOLATED)
_2102_/CLKN                             2.600000    5.121557   -2.521557 (VIOLATED)
_2103_/CLKN                             2.600000    5.121557   -2.521557 (VIOLATED)
_2104_/CLKN                             2.600000    5.121557   -2.521557 (VIOLATED)
_2105_/CLKN                             2.600000    5.121557   -2.521557 (VIOLATED)
_2106_/CLKN                             2.600000    5.121557   -2.521557 (VIOLATED)
_2107_/CLKN                             2.600000    5.121557   -2.521557 (VIOLATED)
_2108_/CLKN                             2.600000    5.121557   -2.521557 (VIOLATED)
_2109_/CLKN                             2.600000    5.121557   -2.521557 (VIOLATED)
_2110_/CLKN                             2.600000    5.121557   -2.521557 (VIOLATED)
_2111_/CLKN                             2.600000    5.121557   -2.521557 (VIOLATED)
_2112_/CLKN                             2.600000    5.121557   -2.521557 (VIOLATED)
_2113_/CLKN                             2.600000    5.121557   -2.521557 (VIOLATED)
_2114_/CLKN                             2.600000    5.121557   -2.521557 (VIOLATED)
_2115_/CLKN                             2.600000    5.121557   -2.521557 (VIOLATED)
_2116_/CLKN                             2.600000    5.121557   -2.521557 (VIOLATED)
_2117_/CLKN                             2.600000    5.121557   -2.521557 (VIOLATED)
_2118_/CLKN                             2.600000    5.121557   -2.521557 (VIOLATED)
_2119_/CLKN                             2.600000    5.121557   -2.521557 (VIOLATED)
_2120_/CLKN                             2.600000    5.121557   -2.521557 (VIOLATED)
_2121_/CLKN                             2.600000    5.121557   -2.521557 (VIOLATED)
_2122_/CLKN                             2.600000    5.121557   -2.521557 (VIOLATED)
_2123_/CLKN                             2.600000    5.121557   -2.521557 (VIOLATED)
_2124_/CLKN                             2.600000    5.121557   -2.521557 (VIOLATED)
_2125_/CLKN                             2.600000    5.121557   -2.521557 (VIOLATED)
_2126_/CLKN                             2.600000    5.121557   -2.521557 (VIOLATED)
_2127_/CLKN                             2.600000    5.121557   -2.521557 (VIOLATED)
_2128_/CLKN                             2.600000    5.121557   -2.521557 (VIOLATED)
_2129_/CLKN                             2.600000    5.121557   -2.521557 (VIOLATED)
_2130_/CLKN                             2.600000    5.121557   -2.521557 (VIOLATED)
_2131_/CLKN                             2.600000    5.121557   -2.521557 (VIOLATED)
_2132_/CLKN                             2.600000    5.121557   -2.521557 (VIOLATED)
_2133_/CLKN                             2.600000    5.121557   -2.521557 (VIOLATED)
_2134_/CLKN                             2.600000    5.121557   -2.521557 (VIOLATED)
_2135_/CLKN                             2.600000    5.121557   -2.521557 (VIOLATED)
_2136_/CLKN                             2.600000    5.121557   -2.521557 (VIOLATED)
_2137_/CLKN                             2.600000    5.121557   -2.521557 (VIOLATED)
_2138_/CLKN                             2.600000    5.121557   -2.521557 (VIOLATED)
_2139_/CLKN                             2.600000    5.121557   -2.521557 (VIOLATED)
_2140_/CLKN                             2.600000    5.121557   -2.521557 (VIOLATED)
_2141_/CLKN                             2.600000    5.121557   -2.521557 (VIOLATED)
_2142_/CLKN                             2.600000    5.121557   -2.521557 (VIOLATED)
_2143_/CLKN                             2.600000    5.121557   -2.521557 (VIOLATED)
_2144_/CLKN                             2.600000    5.121557   -2.521557 (VIOLATED)
_2145_/CLKN                             2.600000    5.121557   -2.521557 (VIOLATED)
_2146_/CLKN                             2.600000    5.121557   -2.521557 (VIOLATED)
_2147_/CLKN                             2.600000    5.121557   -2.521557 (VIOLATED)
_2148_/CLKN                             2.600000    5.121557   -2.521557 (VIOLATED)
_2149_/CLKN                             2.600000    5.121557   -2.521557 (VIOLATED)
_2150_/CLKN                             2.600000    5.121557   -2.521557 (VIOLATED)
_2151_/CLKN                             2.600000    5.121557   -2.521557 (VIOLATED)
_2152_/CLKN                             2.600000    5.121557   -2.521557 (VIOLATED)
_2153_/CLKN                             2.600000    5.121557   -2.521557 (VIOLATED)
_2154_/CLKN                             2.600000    5.121557   -2.521557 (VIOLATED)
_2155_/CLKN                             2.600000    5.121557   -2.521557 (VIOLATED)
_2156_/CLKN                             2.600000    5.121557   -2.521557 (VIOLATED)
_2157_/CLKN                             2.600000    5.121557   -2.521557 (VIOLATED)
_2158_/CLKN                             2.600000    5.121557   -2.521557 (VIOLATED)
_2159_/CLKN                             2.600000    5.121557   -2.521557 (VIOLATED)
_2160_/CLKN                             2.600000    5.121557   -2.521557 (VIOLATED)
_2161_/CLKN                             2.600000    5.121557   -2.521557 (VIOLATED)
_2162_/CLKN                             2.600000    5.121557   -2.521557 (VIOLATED)
_2163_/CLKN                             2.600000    5.121557   -2.521557 (VIOLATED)
_2164_/CLKN                             2.600000    5.121557   -2.521557 (VIOLATED)
_2165_/CLKN                             2.600000    5.121557   -2.521557 (VIOLATED)
_2166_/CLKN                             2.600000    5.121557   -2.521557 (VIOLATED)
_2167_/CLKN                             2.600000    5.121557   -2.521557 (VIOLATED)
_2168_/CLKN                             2.600000    5.121557   -2.521557 (VIOLATED)
_2169_/CLKN                             2.600000    5.121557   -2.521557 (VIOLATED)
_2170_/CLKN                             2.600000    5.121557   -2.521557 (VIOLATED)
_2171_/CLKN                             2.600000    5.121557   -2.521557 (VIOLATED)
_2172_/CLKN                             2.600000    5.121557   -2.521557 (VIOLATED)
_2173_/CLKN                             2.600000    5.121557   -2.521557 (VIOLATED)
_2174_/CLKN                             2.600000    5.121557   -2.521557 (VIOLATED)
_2175_/CLKN                             2.600000    5.121557   -2.521557 (VIOLATED)
_2176_/CLKN                             2.600000    5.121557   -2.521557 (VIOLATED)
_2177_/CLKN                             2.600000    5.121557   -2.521557 (VIOLATED)
_2178_/CLKN                             2.600000    5.121557   -2.521557 (VIOLATED)
_2179_/CLKN                             2.600000    5.121557   -2.521557 (VIOLATED)
_2180_/CLKN                             2.600000    5.121557   -2.521557 (VIOLATED)
_2181_/CLKN                             2.600000    5.121557   -2.521557 (VIOLATED)
_2182_/CLKN                             2.600000    5.121557   -2.521557 (VIOLATED)
_2183_/CLKN                             2.600000    5.121557   -2.521557 (VIOLATED)
_2184_/CLKN                             2.600000    5.121557   -2.521557 (VIOLATED)
_2185_/CLKN                             2.600000    5.121557   -2.521557 (VIOLATED)
_2186_/CLKN                             2.600000    5.121557   -2.521557 (VIOLATED)
_2187_/CLKN                             2.600000    5.121557   -2.521557 (VIOLATED)
_2188_/CLKN                             2.600000    5.121557   -2.521557 (VIOLATED)
_2189_/CLKN                             2.600000    5.121557   -2.521557 (VIOLATED)
_2190_/CLKN                             2.600000    5.121557   -2.521557 (VIOLATED)
_2191_/CLKN                             2.600000    5.121557   -2.521557 (VIOLATED)
_2192_/CLKN                             2.600000    5.121557   -2.521557 (VIOLATED)
_2193_/CLKN                             2.600000    5.121557   -2.521557 (VIOLATED)
_2194_/CLKN                             2.600000    5.121557   -2.521557 (VIOLATED)
_2195_/CLKN                             2.600000    5.121557   -2.521557 (VIOLATED)
_2196_/CLKN                             2.600000    5.121557   -2.521557 (VIOLATED)
_2197_/CLKN                             2.600000    5.121557   -2.521557 (VIOLATED)
_2198_/CLKN                             2.600000    5.121557   -2.521557 (VIOLATED)
_2199_/CLKN                             2.600000    5.121557   -2.521557 (VIOLATED)
_2200_/CLKN                             2.600000    5.121557   -2.521557 (VIOLATED)
_2201_/CLKN                             2.600000    5.121557   -2.521557 (VIOLATED)
_2202_/CLKN                             2.600000    5.121557   -2.521557 (VIOLATED)
_2203_/CLKN                             2.600000    5.121557   -2.521557 (VIOLATED)
_2204_/CLKN                             2.600000    5.121557   -2.521557 (VIOLATED)
_2205_/CLKN                             2.600000    5.121557   -2.521557 (VIOLATED)
_2206_/CLKN                             2.600000    5.121557   -2.521557 (VIOLATED)
_2207_/CLKN                             2.600000    5.121557   -2.521557 (VIOLATED)
_2208_/CLKN                             2.600000    5.121557   -2.521557 (VIOLATED)
_2209_/CLKN                             2.600000    5.121557   -2.521557 (VIOLATED)
_2210_/CLKN                             2.600000    5.121557   -2.521557 (VIOLATED)
_2211_/CLKN                             2.600000    5.121557   -2.521557 (VIOLATED)
_2212_/CLKN                             2.600000    5.121557   -2.521557 (VIOLATED)
_2213_/CLKN                             2.600000    5.121557   -2.521557 (VIOLATED)
_2214_/CLKN                             2.600000    5.121557   -2.521557 (VIOLATED)
_2215_/CLKN                             2.600000    5.121557   -2.521557 (VIOLATED)
_2216_/CLKN                             2.600000    5.121557   -2.521557 (VIOLATED)
_2217_/CLKN                             2.600000    5.121557   -2.521557 (VIOLATED)
_2218_/CLKN                             2.600000    5.121557   -2.521557 (VIOLATED)
_2219_/CLKN                             2.600000    5.121557   -2.521557 (VIOLATED)
_2220_/CLKN                             2.600000    5.121557   -2.521557 (VIOLATED)
_2221_/CLKN                             2.600000    5.121557   -2.521557 (VIOLATED)
_2222_/CLKN                             2.600000    5.121557   -2.521557 (VIOLATED)
_2223_/CLKN                             2.600000    5.121557   -2.521557 (VIOLATED)
_2224_/CLKN                             2.600000    5.121557   -2.521557 (VIOLATED)

max capacitance

Pin                                        Limit         Cap       Slack
------------------------------------------------------------------------
_2087_/Q                                0.233400    0.462431   -0.229031 (VIOLATED)



===========================================================================
report_parasitic_annotation -report_unannotated
============================================================================
Found 1226 unannotated drivers.
 clk
 in_cic
 rst
 _1002_/ZN
 _1003_/ZN
 _1004_/ZN
 _1005_/ZN
 _1006_/ZN
 _1007_/ZN
 _1008_/ZN
 _1009_/ZN
 _1010_/ZN
 _1011_/ZN
 _1012_/ZN
 _1013_/ZN
 _1014_/ZN
 _1015_/ZN
 _1016_/ZN
 _1017_/ZN
 _1018_/ZN
 _1019_/ZN
 _1020_/ZN
 _1021_/ZN
 _1022_/ZN
 _1023_/ZN
 _1024_/ZN
 _1025_/ZN
 _1026_/ZN
 _1027_/ZN
 _1028_/ZN
 _1029_/ZN
 _1030_/ZN
 _1031_/ZN
 _1032_/ZN
 _1033_/ZN
 _1034_/ZN
 _1035_/ZN
 _1036_/ZN
 _1037_/ZN
 _1038_/ZN
 _1039_/ZN
 _1040_/ZN
 _1041_/ZN
 _1042_/ZN
 _1043_/ZN
 _1044_/ZN
 _1045_/ZN
 _1046_/ZN
 _1047_/ZN
 _1048_/ZN
 _1049_/ZN
 _1050_/ZN
 _1051_/ZN
 _1052_/ZN
 _1053_/ZN
 _1054_/ZN
 _1055_/ZN
 _1056_/ZN
 _1057_/ZN
 _1058_/ZN
 _1059_/ZN
 _1060_/ZN
 _1061_/ZN
 _1062_/ZN
 _1063_/ZN
 _1064_/ZN
 _1065_/ZN
 _1066_/ZN
 _1067_/ZN
 _1068_/ZN
 _1069_/ZN
 _1070_/ZN
 _1071_/ZN
 _1072_/ZN
 _1073_/ZN
 _1074_/ZN
 _1075_/ZN
 _1076_/ZN
 _1077_/ZN
 _1078_/ZN
 _1079_/ZN
 _1080_/ZN
 _1081_/ZN
 _1082_/ZN
 _1083_/ZN
 _1084_/ZN
 _1085_/ZN
 _1086_/ZN
 _1087_/ZN
 _1088_/ZN
 _1089_/ZN
 _1090_/ZN
 _1091_/ZN
 _1092_/ZN
 _1093_/ZN
 _1094_/ZN
 _1095_/ZN
 _1096_/ZN
 _1097_/ZN
 _1098_/ZN
 _1099_/ZN
 _1100_/ZN
 _1101_/ZN
 _1102_/ZN
 _1103_/ZN
 _1104_/ZN
 _1105_/Z
 _1106_/ZN
 _1107_/Z
 _1108_/ZN
 _1109_/ZN
 _1110_/ZN
 _1111_/ZN
 _1112_/Z
 _1113_/ZN
 _1114_/ZN
 _1115_/ZN
 _1116_/ZN
 _1117_/Z
 _1118_/ZN
 _1119_/ZN
 _1120_/ZN
 _1121_/ZN
 _1122_/ZN
 _1123_/Z
 _1124_/Z
 _1125_/ZN
 _1126_/Z
 _1127_/Z
 _1128_/Z
 _1129_/ZN
 _1130_/Z
 _1131_/ZN
 _1132_/ZN
 _1133_/ZN
 _1134_/ZN
 _1135_/ZN
 _1136_/ZN
 _1137_/Z
 _1138_/ZN
 _1139_/ZN
 _1140_/ZN
 _1141_/ZN
 _1142_/ZN
 _1143_/ZN
 _1144_/Z
 _1145_/ZN
 _1146_/ZN
 _1147_/Z
 _1148_/ZN
 _1149_/ZN
 _1150_/Z
 _1151_/ZN
 _1152_/Z
 _1153_/ZN
 _1154_/ZN
 _1155_/ZN
 _1156_/ZN
 _1157_/Z
 _1158_/ZN
 _1159_/Z
 _1160_/ZN
 _1161_/Z
 _1162_/ZN
 _1163_/Z
 _1164_/Z
 _1165_/ZN
 _1166_/ZN
 _1167_/ZN
 _1168_/ZN
 _1169_/Z
 _1170_/ZN
 _1171_/Z
 _1172_/ZN
 _1173_/Z
 _1174_/ZN
 _1175_/Z
 _1176_/ZN
 _1177_/ZN
 _1178_/Z
 _1179_/ZN
 _1180_/ZN
 _1181_/ZN
 _1182_/ZN
 _1183_/Z
 _1184_/ZN
 _1185_/Z
 _1186_/ZN
 _1187_/Z
 _1188_/ZN
 _1189_/ZN
 _1190_/Z
 _1191_/ZN
 _1192_/ZN
 _1193_/ZN
 _1194_/ZN
 _1195_/Z
 _1196_/ZN
 _1197_/ZN
 _1198_/ZN
 _1199_/Z
 _1200_/ZN
 _1201_/ZN
 _1202_/Z
 _1203_/ZN
 _1204_/ZN
 _1205_/ZN
 _1206_/ZN
 _1207_/ZN
 _1208_/Z
 _1209_/ZN
 _1210_/ZN
 _1211_/ZN
 _1212_/ZN
 _1213_/ZN
 _1214_/ZN
 _1215_/ZN
 _1216_/Z
 _1217_/ZN
 _1218_/Z
 _1219_/Z
 _1220_/ZN
 _1221_/ZN
 _1222_/Z
 _1223_/Z
 _1224_/ZN
 _1225_/Z
 _1226_/ZN
 _1227_/ZN
 _1228_/ZN
 _1229_/ZN
 _1230_/Z
 _1231_/ZN
 _1232_/Z
 _1233_/Z
 _1234_/ZN
 _1235_/Z
 _1236_/ZN
 _1237_/ZN
 _1238_/Z
 _1239_/ZN
 _1240_/ZN
 _1241_/ZN
 _1242_/ZN
 _1243_/Z
 _1244_/Z
 _1245_/ZN
 _1246_/Z
 _1247_/ZN
 _1248_/Z
 _1249_/ZN
 _1250_/Z
 _1251_/Z
 _1252_/ZN
 _1253_/ZN
 _1254_/ZN
 _1255_/ZN
 _1256_/Z
 _1257_/ZN
 _1258_/Z
 _1259_/ZN
 _1260_/Z
 _1261_/Z
 _1262_/ZN
 _1263_/ZN
 _1264_/ZN
 _1265_/ZN
 _1266_/ZN
 _1267_/ZN
 _1268_/ZN
 _1269_/ZN
 _1270_/Z
 _1271_/ZN
 _1272_/ZN
 _1273_/ZN
 _1274_/ZN
 _1275_/Z
 _1276_/Z
 _1277_/ZN
 _1278_/Z
 _1279_/Z
 _1280_/Z
 _1281_/ZN
 _1282_/Z
 _1283_/ZN
 _1284_/ZN
 _1285_/ZN
 _1286_/Z
 _1287_/ZN
 _1288_/Z
 _1289_/ZN
 _1290_/Z
 _1291_/ZN
 _1292_/Z
 _1293_/ZN
 _1294_/Z
 _1295_/ZN
 _1296_/ZN
 _1297_/ZN
 _1298_/Z
 _1299_/ZN
 _1300_/Z
 _1301_/ZN
 _1302_/Z
 _1303_/ZN
 _1304_/ZN
 _1305_/Z
 _1306_/ZN
 _1307_/Z
 _1308_/Z
 _1309_/Z
 _1310_/ZN
 _1311_/ZN
 _1312_/Z
 _1313_/ZN
 _1314_/ZN
 _1315_/Z
 _1316_/ZN
 _1317_/Z
 _1318_/Z
 _1319_/ZN
 _1320_/ZN
 _1321_/ZN
 _1322_/ZN
 _1323_/ZN
 _1324_/ZN
 _1325_/ZN
 _1326_/Z
 _1327_/ZN
 _1328_/ZN
 _1329_/ZN
 _1330_/ZN
 _1331_/ZN
 _1332_/ZN
 _1333_/ZN
 _1334_/ZN
 _1335_/Z
 _1336_/ZN
 _1337_/Z
 _1338_/ZN
 _1339_/Z
 _1340_/ZN
 _1341_/Z
 _1342_/Z
 _1343_/ZN
 _1344_/ZN
 _1345_/Z
 _1346_/ZN
 _1347_/Z
 _1348_/ZN
 _1349_/ZN
 _1350_/Z
 _1351_/ZN
 _1352_/Z
 _1353_/ZN
 _1354_/Z
 _1355_/ZN
 _1356_/ZN
 _1357_/Z
 _1358_/ZN
 _1359_/ZN
 _1360_/ZN
 _1361_/Z
 _1362_/ZN
 _1363_/ZN
 _1364_/ZN
 _1365_/Z
 _1366_/ZN
 _1367_/ZN
 _1368_/Z
 _1369_/Z
 _1370_/ZN
 _1371_/ZN
 _1372_/ZN
 _1373_/Z
 _1374_/ZN
 _1375_/Z
 _1376_/ZN
 _1377_/ZN
 _1378_/ZN
 _1379_/ZN
 _1380_/ZN
 _1381_/ZN
 _1382_/Z
 _1383_/ZN
 _1384_/ZN
 _1385_/Z
 _1386_/ZN
 _1387_/ZN
 _1388_/ZN
 _1389_/ZN
 _1390_/ZN
 _1391_/ZN
 _1392_/ZN
 _1393_/ZN
 _1394_/ZN
 _1395_/Z
 _1396_/ZN
 _1397_/Z
 _1398_/ZN
 _1399_/ZN
 _1400_/Z
 _1401_/ZN
 _1402_/Z
 _1403_/ZN
 _1404_/ZN
 _1405_/Z
 _1406_/ZN
 _1407_/Z
 _1408_/Z
 _1409_/Z
 _1410_/ZN
 _1411_/ZN
 _1412_/ZN
 _1413_/Z
 _1414_/Z
 _1415_/Z
 _1416_/ZN
 _1417_/ZN
 _1418_/ZN
 _1419_/ZN
 _1420_/Z
 _1421_/ZN
 _1422_/ZN
 _1423_/ZN
 _1424_/ZN
 _1425_/Z
 _1426_/ZN
 _1427_/Z
 _1428_/Z
 _1429_/ZN
 _1430_/ZN
 _1431_/ZN
 _1432_/ZN
 _1433_/Z
 _1434_/ZN
 _1435_/ZN
 _1436_/Z
 _1437_/Z
 _1438_/ZN
 _1439_/Z
 _1440_/Z
 _1441_/ZN
 _1442_/ZN
 _1443_/ZN
 _1444_/ZN
 _1445_/ZN
 _1446_/ZN
 _1447_/ZN
 _1448_/Z
 _1449_/ZN
 _1450_/ZN
 _1451_/ZN
 _1452_/ZN
 _1453_/ZN
 _1454_/ZN
 _1455_/ZN
 _1456_/ZN
 _1457_/Z
 _1458_/ZN
 _1459_/Z
 _1460_/ZN
 _1461_/ZN
 _1462_/ZN
 _1463_/Z
 _1464_/ZN
 _1465_/ZN
 _1466_/Z
 _1467_/ZN
 _1468_/Z
 _1469_/ZN
 _1470_/Z
 _1471_/ZN
 _1472_/Z
 _1473_/ZN
 _1474_/Z
 _1475_/ZN
 _1476_/ZN
 _1477_/ZN
 _1478_/Z
 _1479_/ZN
 _1480_/Z
 _1481_/Z
 _1482_/Z
 _1483_/ZN
 _1484_/Z
 _1485_/ZN
 _1486_/ZN
 _1487_/Z
 _1488_/ZN
 _1489_/ZN
 _1490_/ZN
 _1491_/ZN
 _1492_/ZN
 _1493_/Z
 _1494_/ZN
 _1495_/Z
 _1496_/ZN
 _1497_/ZN
 _1498_/Z
 _1499_/ZN
 _1500_/ZN
 _1501_/Z
 _1502_/ZN
 _1503_/Z
 _1504_/ZN
 _1505_/Z
 _1506_/ZN
 _1507_/ZN
 _1508_/Z
 _1509_/ZN
 _1510_/ZN
 _1511_/ZN
 _1512_/ZN
 _1513_/ZN
 _1514_/Z
 _1515_/ZN
 _1516_/Z
 _1517_/ZN
 _1518_/ZN
 _1519_/ZN
 _1520_/ZN
 _1521_/ZN
 _1522_/ZN
 _1523_/ZN
 _1524_/ZN
 _1525_/ZN
 _1526_/ZN
 _1527_/ZN
 _1528_/ZN
 _1529_/ZN
 _1530_/ZN
 _1531_/ZN
 _1532_/ZN
 _1533_/ZN
 _1534_/Z
 _1535_/ZN
 _1536_/Z
 _1537_/ZN
 _1538_/ZN
 _1539_/ZN
 _1540_/ZN
 _1541_/Z
 _1542_/ZN
 _1543_/Z
 _1544_/ZN
 _1545_/ZN
 _1546_/Z
 _1547_/ZN
 _1548_/ZN
 _1549_/ZN
 _1550_/ZN
 _1551_/ZN
 _1552_/ZN
 _1553_/ZN
 _1554_/ZN
 _1555_/Z
 _1556_/ZN
 _1557_/ZN
 _1558_/ZN
 _1559_/ZN
 _1560_/ZN
 _1561_/ZN
 _1562_/Z
 _1563_/ZN
 _1564_/ZN
 _1565_/ZN
 _1566_/ZN
 _1567_/Z
 _1568_/ZN
 _1569_/ZN
 _1570_/ZN
 _1571_/ZN
 _1572_/ZN
 _1573_/ZN
 _1574_/Z
 _1575_/ZN
 _1576_/ZN
 _1577_/ZN
 _1578_/Z
 _1579_/ZN
 _1580_/ZN
 _1581_/ZN
 _1582_/ZN
 _1583_/Z
 _1584_/Z
 _1585_/ZN
 _1586_/ZN
 _1587_/Z
 _1588_/ZN
 _1589_/ZN
 _1590_/Z
 _1591_/Z
 _1592_/ZN
 _1593_/Z
 _1594_/ZN
 _1595_/ZN
 _1596_/ZN
 _1597_/ZN
 _1598_/ZN
 _1599_/ZN
 _1600_/ZN
 _1601_/ZN
 _1602_/ZN
 _1603_/ZN
 _1604_/Z
 _1605_/Z
 _1606_/ZN
 _1607_/ZN
 _1608_/Z
 _1609_/ZN
 _1610_/Z
 _1611_/ZN
 _1612_/ZN
 _1613_/ZN
 _1614_/ZN
 _1615_/Z
 _1616_/ZN
 _1617_/ZN
 _1618_/ZN
 _1619_/ZN
 _1620_/ZN
 _1621_/Z
 _1622_/ZN
 _1623_/ZN
 _1624_/ZN
 _1625_/ZN
 _1626_/ZN
 _1627_/Z
 _1628_/Z
 _1629_/ZN
 _1630_/ZN
 _1631_/ZN
 _1632_/ZN
 _1633_/ZN
 _1634_/ZN
 _1635_/ZN
 _1636_/Z
 _1637_/ZN
 _1638_/ZN
 _1639_/ZN
 _1640_/ZN
 _1641_/ZN
 _1642_/ZN
 _1643_/Z
 _1644_/ZN
 _1645_/ZN
 _1646_/ZN
 _1647_/ZN
 _1648_/Z
 _1649_/ZN
 _1650_/Z
 _1651_/ZN
 _1652_/ZN
 _1653_/ZN
 _1654_/ZN
 _1655_/Z
 _1656_/ZN
 _1657_/ZN
 _1658_/Z
 _1659_/ZN
 _1660_/ZN
 _1661_/ZN
 _1662_/Z
 _1663_/ZN
 _1664_/ZN
 _1665_/ZN
 _1666_/Z
 _1667_/ZN
 _1668_/ZN
 _1669_/ZN
 _1670_/Z
 _1671_/Z
 _1672_/ZN
 _1673_/ZN
 _1674_/ZN
 _1675_/ZN
 _1676_/ZN
 _1677_/ZN
 _1678_/Z
 _1679_/ZN
 _1680_/ZN
 _1681_/ZN
 _1682_/Z
 _1683_/Z
 _1684_/ZN
 _1685_/ZN
 _1686_/ZN
 _1687_/ZN
 _1688_/ZN
 _1689_/ZN
 _1690_/ZN
 _1691_/Z
 _1692_/Z
 _1693_/ZN
 _1694_/Z
 _1695_/ZN
 _1696_/ZN
 _1697_/ZN
 _1698_/ZN
 _1699_/ZN
 _1700_/ZN
 _1701_/ZN
 _1702_/Z
 _1703_/ZN
 _1704_/ZN
 _1705_/Z
 _1706_/ZN
 _1707_/ZN
 _1708_/Z
 _1709_/ZN
 _1710_/ZN
 _1711_/Z
 _1712_/ZN
 _1713_/ZN
 _1714_/ZN
 _1715_/ZN
 _1716_/ZN
 _1717_/ZN
 _1718_/ZN
 _1719_/ZN
 _1720_/Z
 _1721_/ZN
 _1722_/Z
 _1723_/ZN
 _1724_/Z
 _1725_/ZN
 _1726_/ZN
 _1727_/ZN
 _1728_/ZN
 _1729_/ZN
 _1730_/ZN
 _1731_/ZN
 _1732_/ZN
 _1733_/ZN
 _1734_/Z
 _1735_/ZN
 _1736_/ZN
 _1737_/ZN
 _1738_/Z
 _1739_/ZN
 _1740_/ZN
 _1741_/ZN
 _1742_/ZN
 _1743_/ZN
 _1744_/ZN
 _1745_/ZN
 _1746_/ZN
 _1747_/Z
 _1748_/Z
 _1749_/ZN
 _1750_/ZN
 _1751_/ZN
 _1752_/ZN
 _1753_/ZN
 _1754_/Z
 _1755_/ZN
 _1756_/ZN
 _1757_/ZN
 _1758_/ZN
 _1759_/Z
 _1760_/ZN
 _1761_/Z
 _1762_/ZN
 _1763_/ZN
 _1764_/Z
 _1765_/ZN
 _1766_/Z
 _1767_/ZN
 _1768_/Z
 _1769_/ZN
 _1770_/ZN
 _1771_/ZN
 _1772_/ZN
 _1773_/ZN
 _1774_/ZN
 _1775_/ZN
 _1776_/Z
 _1777_/Z
 _1778_/ZN
 _1779_/ZN
 _1780_/ZN
 _1781_/ZN
 _1782_/ZN
 _1783_/Z
 _1784_/ZN
 _1785_/ZN
 _1786_/ZN
 _1787_/Z
 _1788_/ZN
 _1789_/ZN
 _1790_/ZN
 _1791_/ZN
 _1792_/ZN
 _1793_/ZN
 _1794_/ZN
 _1795_/ZN
 _1796_/ZN
 _1797_/ZN
 _1798_/Z
 _1799_/ZN
 _1800_/ZN
 _1801_/ZN
 _1802_/ZN
 _1803_/Z
 _1804_/ZN
 _1805_/ZN
 _1806_/ZN
 _1807_/ZN
 _1808_/Z
 _1809_/Z
 _1810_/ZN
 _1811_/ZN
 _1812_/ZN
 _1813_/ZN
 _1814_/ZN
 _1815_/ZN
 _1816_/ZN
 _1817_/ZN
 _1818_/ZN
 _1819_/Z
 _1820_/ZN
 _1821_/ZN
 _1822_/ZN
 _1823_/ZN
 _1824_/ZN
 _1825_/ZN
 _1826_/Z
 _1827_/ZN
 _1828_/ZN
 _1829_/ZN
 _1830_/ZN
 _1831_/ZN
 _1832_/Z
 _1833_/ZN
 _1834_/ZN
 _1835_/ZN
 _1836_/ZN
 _1837_/Z
 _1838_/ZN
 _1839_/Z
 _1840_/ZN
 _1841_/Z
 _1842_/ZN
 _1843_/ZN
 _1844_/ZN
 _1845_/Z
 _1846_/ZN
 _1847_/ZN
 _1848_/Z
 _1849_/Z
 _1850_/ZN
 _1851_/ZN
 _1852_/Z
 _1853_/ZN
 _1854_/ZN
 _1855_/ZN
 _1856_/ZN
 _1857_/Z
 _1858_/ZN
 _1859_/ZN
 _1860_/ZN
 _1861_/Z
 _1862_/Z
 _1863_/Z
 _1864_/ZN
 _1865_/ZN
 _1866_/ZN
 _1867_/ZN
 _1868_/ZN
 _1869_/Z
 _1870_/ZN
 _1871_/ZN
 _1872_/ZN
 _1873_/Z
 _1874_/Z
 _1875_/ZN
 _1876_/ZN
 _1877_/ZN
 _1878_/Z
 _1879_/ZN
 _1880_/ZN
 _1881_/ZN
 _1882_/ZN
 _1883_/ZN
 _1884_/ZN
 _1885_/ZN
 _1886_/Z
 _1887_/ZN
 _1888_/ZN
 _1889_/ZN
 _1890_/Z
 _1891_/Z
 _1892_/ZN
 _1893_/ZN
 _1894_/Z
 _1895_/ZN
 _1896_/ZN
 _1897_/ZN
 _1898_/Z
 _1899_/ZN
 _1900_/ZN
 _1901_/Z
 _1902_/ZN
 _1903_/ZN
 _1904_/Z
 _1905_/ZN
 _1906_/ZN
 _1907_/ZN
 _1908_/ZN
 _1909_/ZN
 _1910_/Z
 _1911_/Z
 _1912_/ZN
 _1913_/Z
 _1914_/Z
 _1915_/ZN
 _1916_/ZN
 _1917_/ZN
 _1918_/ZN
 _1919_/Z
 _1920_/ZN
 _1921_/ZN
 _1922_/ZN
 _1923_/Z
 _1924_/ZN
 _1925_/ZN
 _1926_/ZN
 _1927_/ZN
 _1928_/ZN
 _1929_/ZN
 _1930_/ZN
 _1931_/ZN
 _1932_/ZN
 _1933_/ZN
 _1934_/ZN
 _1935_/ZN
 _1936_/Z
 _1937_/ZN
 _1938_/Z
 _1939_/ZN
 _1940_/ZN
 _1941_/ZN
 _1942_/ZN
 _1943_/ZN
 _1944_/ZN
 _1945_/ZN
 _1946_/ZN
 _1947_/Z
 _1948_/Z
 _1949_/ZN
 _1950_/ZN
 _1951_/Z
 _1952_/Z
 _1953_/ZN
 _1954_/Z
 _1955_/ZN
 _1956_/ZN
 _1957_/ZN
 _1958_/ZN
 _1959_/ZN
 _1960_/ZN
 _1961_/ZN
 _1962_/Z
 _1963_/ZN
 _1964_/ZN
 _1965_/Z
 _1966_/ZN
 _1967_/Z
 _1968_/ZN
 _1969_/ZN
 _1970_/ZN
 _1971_/ZN
 _1972_/Z
 _1973_/ZN
 _1974_/ZN
 _1975_/ZN
 _1976_/ZN
 _1977_/ZN
 _1978_/Z
 _1979_/Z
 _1980_/Z
 _1981_/ZN
 _1982_/ZN
 _1983_/ZN
 _1984_/ZN
 _1985_/ZN
 _1986_/ZN
 _1987_/ZN
 _1988_/ZN
 _1989_/ZN
 _1990_/Z
 _1991_/ZN
 _1992_/ZN
 _1993_/ZN
 _1994_/ZN
 _1995_/ZN
 _1996_/Z
 _1997_/ZN
 _1998_/Z
 _1999_/Z
 _2000_/Z
 _2001_/ZN
 _2002_/ZN
 _2003_/ZN
 _2004_/ZN
 _2005_/Q
 _2006_/Q
 _2007_/Q
 _2008_/Q
 _2009_/Q
 _2010_/Q
 _2011_/Q
 _2012_/Q
 _2013_/Q
 _2014_/Q
 _2015_/Q
 _2016_/Q
 _2017_/Q
 _2018_/Q
 _2019_/Q
 _2020_/Q
 _2021_/Q
 _2022_/Q
 _2023_/Q
 _2024_/Q
 _2025_/Q
 _2026_/Q
 _2027_/Q
 _2028_/Q
 _2029_/Q
 _2030_/Q
 _2031_/Q
 _2032_/Q
 _2033_/Q
 _2034_/Q
 _2035_/Q
 _2036_/Q
 _2037_/Q
 _2038_/Q
 _2039_/Q
 _2040_/Q
 _2041_/Q
 _2042_/Q
 _2043_/Q
 _2044_/Q
 _2045_/Q
 _2046_/Q
 _2047_/Q
 _2048_/Q
 _2049_/Q
 _2050_/Q
 _2051_/Q
 _2052_/Q
 _2053_/Q
 _2054_/Q
 _2055_/Q
 _2056_/Q
 _2057_/Q
 _2058_/Q
 _2059_/Q
 _2060_/Q
 _2061_/Q
 _2062_/Q
 _2063_/Q
 _2064_/Q
 _2065_/Q
 _2066_/Q
 _2067_/Q
 _2068_/Q
 _2069_/Q
 _2070_/Q
 _2071_/Q
 _2072_/Q
 _2073_/Q
 _2074_/Q
 _2075_/Q
 _2076_/Q
 _2077_/Q
 _2078_/Q
 _2079_/Q
 _2080_/Q
 _2081_/Q
 _2082_/Q
 _2083_/Q
 _2084_/Q
 _2085_/Q
 _2086_/Q
 _2087_/Q
 _2088_/Q
 _2089_/Q
 _2090_/Q
 _2091_/Q
 _2092_/Q
 _2093_/Q
 _2094_/Q
 _2095_/Q
 _2096_/Q
 _2097_/Q
 _2098_/Q
 _2099_/Q
 _2100_/Q
 _2101_/Q
 _2102_/Q
 _2103_/Q
 _2104_/Q
 _2105_/Q
 _2106_/Q
 _2107_/Q
 _2108_/Q
 _2109_/Q
 _2110_/Q
 _2111_/Q
 _2112_/Q
 _2113_/Q
 _2114_/Q
 _2115_/Q
 _2116_/Q
 _2117_/Q
 _2118_/Q
 _2119_/Q
 _2120_/Q
 _2121_/Q
 _2122_/Q
 _2123_/Q
 _2124_/Q
 _2125_/Q
 _2126_/Q
 _2127_/Q
 _2128_/Q
 _2129_/Q
 _2130_/Q
 _2131_/Q
 _2132_/Q
 _2133_/Q
 _2134_/Q
 _2135_/Q
 _2136_/Q
 _2137_/Q
 _2138_/Q
 _2139_/Q
 _2140_/Q
 _2141_/Q
 _2142_/Q
 _2143_/Q
 _2144_/Q
 _2145_/Q
 _2146_/Q
 _2147_/Q
 _2148_/Q
 _2149_/Q
 _2150_/Q
 _2151_/Q
 _2152_/Q
 _2153_/Q
 _2154_/Q
 _2155_/Q
 _2156_/Q
 _2157_/Q
 _2158_/Q
 _2159_/Q
 _2160_/Q
 _2161_/Q
 _2162_/Q
 _2163_/Q
 _2164_/Q
 _2165_/Q
 _2166_/Q
 _2167_/Q
 _2168_/Q
 _2169_/Q
 _2170_/Q
 _2171_/Q
 _2172_/Q
 _2173_/Q
 _2174_/Q
 _2175_/Q
 _2176_/Q
 _2177_/Q
 _2178_/Q
 _2179_/Q
 _2180_/Q
 _2181_/Q
 _2182_/Q
 _2183_/Q
 _2184_/Q
 _2185_/Q
 _2186_/Q
 _2187_/Q
 _2188_/Q
 _2189_/Q
 _2190_/Q
 _2191_/Q
 _2192_/Q
 _2193_/Q
 _2194_/Q
 _2195_/Q
 _2196_/Q
 _2197_/Q
 _2198_/Q
 _2199_/Q
 _2200_/Q
 _2201_/Q
 _2202_/Q
 _2203_/Q
 _2204_/Q
 _2205_/Q
 _2206_/Q
 _2207_/Q
 _2208_/Q
 _2209_/Q
 _2210_/Q
 _2211_/Q
 _2212_/Q
 _2213_/Q
 _2214_/Q
 _2215_/Q
 _2216_/Q
 _2217_/Q
 _2218_/Q
 _2219_/Q
 _2220_/Q
 _2221_/Q
 _2222_/Q
 _2223_/Q
 _2224_/Q
Found 0 partially unannotated drivers.

===========================================================================
max slew violation count 139
max fanout violation count 0
max cap violation count 1
============================================================================

===========================================================================
check_setup -verbose -unconstrained_endpoints -multiple_clock -no_clock -no_input_delay -loops -generated_clocks
===========================================================================
Warning: There are 137 unclocked register/latch pins.
  _2088_/CLKN
  _2089_/CLKN
  _2090_/CLKN
  _2091_/CLKN
  _2092_/CLKN
  _2093_/CLKN
  _2094_/CLKN
  _2095_/CLKN
  _2096_/CLKN
  _2097_/CLKN
  _2098_/CLKN
  _2099_/CLKN
  _2100_/CLKN
  _2101_/CLKN
  _2102_/CLKN
  _2103_/CLKN
  _2104_/CLKN
  _2105_/CLKN
  _2106_/CLKN
  _2107_/CLKN
  _2108_/CLKN
  _2109_/CLKN
  _2110_/CLKN
  _2111_/CLKN
  _2112_/CLKN
  _2113_/CLKN
  _2114_/CLKN
  _2115_/CLKN
  _2116_/CLKN
  _2117_/CLKN
  _2118_/CLKN
  _2119_/CLKN
  _2120_/CLKN
  _2121_/CLKN
  _2122_/CLKN
  _2123_/CLKN
  _2124_/CLKN
  _2125_/CLKN
  _2126_/CLKN
  _2127_/CLKN
  _2128_/CLKN
  _2129_/CLKN
  _2130_/CLKN
  _2131_/CLKN
  _2132_/CLKN
  _2133_/CLKN
  _2134_/CLKN
  _2135_/CLKN
  _2136_/CLKN
  _2137_/CLKN
  _2138_/CLKN
  _2139_/CLKN
  _2140_/CLKN
  _2141_/CLKN
  _2142_/CLKN
  _2143_/CLKN
  _2144_/CLKN
  _2145_/CLKN
  _2146_/CLKN
  _2147_/CLKN
  _2148_/CLKN
  _2149_/CLKN
  _2150_/CLKN
  _2151_/CLKN
  _2152_/CLKN
  _2153_/CLKN
  _2154_/CLKN
  _2155_/CLKN
  _2156_/CLKN
  _2157_/CLKN
  _2158_/CLKN
  _2159_/CLKN
  _2160_/CLKN
  _2161_/CLKN
  _2162_/CLKN
  _2163_/CLKN
  _2164_/CLKN
  _2165_/CLKN
  _2166_/CLKN
  _2167_/CLKN
  _2168_/CLKN
  _2169_/CLKN
  _2170_/CLKN
  _2171_/CLKN
  _2172_/CLKN
  _2173_/CLKN
  _2174_/CLKN
  _2175_/CLKN
  _2176_/CLKN
  _2177_/CLKN
  _2178_/CLKN
  _2179_/CLKN
  _2180_/CLKN
  _2181_/CLKN
  _2182_/CLKN
  _2183_/CLKN
  _2184_/CLKN
  _2185_/CLKN
  _2186_/CLKN
  _2187_/CLKN
  _2188_/CLKN
  _2189_/CLKN
  _2190_/CLKN
  _2191_/CLKN
  _2192_/CLKN
  _2193_/CLKN
  _2194_/CLKN
  _2195_/CLKN
  _2196_/CLKN
  _2197_/CLKN
  _2198_/CLKN
  _2199_/CLKN
  _2200_/CLKN
  _2201_/CLKN
  _2202_/CLKN
  _2203_/CLKN
  _2204_/CLKN
  _2205_/CLKN
  _2206_/CLKN
  _2207_/CLKN
  _2208_/CLKN
  _2209_/CLKN
  _2210_/CLKN
  _2211_/CLKN
  _2212_/CLKN
  _2213_/CLKN
  _2214_/CLKN
  _2215_/CLKN
  _2216_/CLKN
  _2217_/CLKN
  _2218_/CLKN
  _2219_/CLKN
  _2220_/CLKN
  _2221_/CLKN
  _2222_/CLKN
  _2223_/CLKN
  _2224_/CLKN
Warning: There are 83 register/latch pins with multiple clocks.
  _2005_/CLK
  _2006_/CLK
  _2007_/CLK
  _2008_/CLK
  _2009_/CLK
  _2010_/CLK
  _2011_/CLK
  _2012_/CLK
  _2013_/CLK
  _2014_/CLK
  _2015_/CLK
  _2016_/CLK
  _2017_/CLK
  _2018_/CLK
  _2019_/CLK
  _2020_/CLK
  _2021_/CLK
  _2022_/CLK
  _2023_/CLK
  _2024_/CLK
  _2025_/CLK
  _2026_/CLK
  _2027_/CLK
  _2028_/CLK
  _2029_/CLK
  _2030_/CLK
  _2031_/CLK
  _2032_/CLK
  _2033_/CLK
  _2034_/CLK
  _2035_/CLK
  _2036_/CLK
  _2037_/CLK
  _2038_/CLK
  _2039_/CLK
  _2040_/CLK
  _2041_/CLK
  _2042_/CLK
  _2043_/CLK
  _2044_/CLK
  _2045_/CLK
  _2046_/CLK
  _2047_/CLK
  _2048_/CLK
  _2049_/CLK
  _2050_/CLK
  _2051_/CLK
  _2052_/CLK
  _2053_/CLK
  _2054_/CLK
  _2055_/CLK
  _2056_/CLK
  _2057_/CLK
  _2058_/CLK
  _2059_/CLK
  _2060_/CLK
  _2061_/CLK
  _2062_/CLK
  _2063_/CLK
  _2064_/CLK
  _2065_/CLK
  _2066_/CLK
  _2067_/CLK
  _2068_/CLK
  _2069_/CLK
  _2070_/CLK
  _2071_/CLK
  _2072_/CLK
  _2073_/CLK
  _2074_/CLK
  _2075_/CLK
  _2076_/CLK
  _2077_/CLK
  _2078_/CLK
  _2079_/CLK
  _2080_/CLK
  _2081_/CLK
  _2082_/CLK
  _2083_/CLK
  _2084_/CLK
  _2085_/CLK
  _2086_/CLK
  _2087_/CLK
Warning: There are 149 unconstrained endpoints.
  out_cic[0]
  out_cic[10]
  out_cic[11]
  out_cic[1]
  out_cic[2]
  out_cic[3]
  out_cic[4]
  out_cic[5]
  out_cic[6]
  out_cic[7]
  out_cic[8]
  out_cic[9]
  _2088_/D
  _2089_/D
  _2090_/D
  _2091_/D
  _2092_/D
  _2093_/D
  _2094_/D
  _2095_/D
  _2096_/D
  _2097_/D
  _2098_/D
  _2099_/D
  _2100_/D
  _2101_/D
  _2102_/D
  _2103_/D
  _2104_/D
  _2105_/D
  _2106_/D
  _2107_/D
  _2108_/D
  _2109_/D
  _2110_/D
  _2111_/D
  _2112_/D
  _2113_/D
  _2114_/D
  _2115_/D
  _2116_/D
  _2117_/D
  _2118_/D
  _2119_/D
  _2120_/D
  _2121_/D
  _2122_/D
  _2123_/D
  _2124_/D
  _2125_/D
  _2126_/D
  _2127_/D
  _2128_/D
  _2129_/D
  _2130_/D
  _2131_/D
  _2132_/D
  _2133_/D
  _2134_/D
  _2135_/D
  _2136_/D
  _2137_/D
  _2138_/D
  _2139_/D
  _2140_/D
  _2141_/D
  _2142_/D
  _2143_/D
  _2144_/D
  _2145_/D
  _2146_/D
  _2147_/D
  _2148_/D
  _2149_/D
  _2150_/D
  _2151_/D
  _2152_/D
  _2153_/D
  _2154_/D
  _2155_/D
  _2156_/D
  _2157_/D
  _2158_/D
  _2159_/D
  _2160_/D
  _2161_/D
  _2162_/D
  _2163_/D
  _2164_/D
  _2165_/D
  _2166_/D
  _2167_/D
  _2168_/D
  _2169_/D
  _2170_/D
  _2171_/D
  _2172_/D
  _2173_/D
  _2174_/D
  _2175_/D
  _2176_/D
  _2177_/D
  _2178_/D
  _2179_/D
  _2180_/D
  _2181_/D
  _2182_/D
  _2183_/D
  _2184_/D
  _2185_/D
  _2186_/D
  _2187_/D
  _2188_/D
  _2189_/D
  _2190_/D
  _2191_/D
  _2192_/D
  _2193_/D
  _2194_/D
  _2195_/D
  _2196_/D
  _2197_/D
  _2198_/D
  _2199_/D
  _2200_/D
  _2201_/D
  _2202_/D
  _2203_/D
  _2204_/D
  _2205_/D
  _2206_/D
  _2207_/D
  _2208_/D
  _2209_/D
  _2210_/D
  _2211_/D
  _2212_/D
  _2213_/D
  _2214_/D
  _2215_/D
  _2216_/D
  _2217_/D
  _2218_/D
  _2219_/D
  _2220_/D
  _2221_/D
  _2222_/D
  _2223_/D
  _2224_/D
