+ analyze_power_grid -net VDD -voltage_file /foss/designs/low-power-12b-first-order-delta-sigma-adc/src/piso/runs/RUN_2026-08-25_09-54-23/56-openroad-irdropreport/net-VDD.csv
[INFO PSM-0040] All shapes on net VDD are connected.
########## IR report #################
Net              : VDD
Corner           : nom_tt_025C_5v00
Total power      : 2.94e-04 W
Supply voltage   : 5.00e+00 V
Worstcase voltage: 5.00e+00 V
Average voltage  : 5.00e+00 V
Average IR drop  : 5.25e-05 V
Worstcase IR drop: 1.08e-04 V
Percentage drop  : 0.00 %
######################################
+ analyze_power_grid -net VSS -voltage_file /foss/designs/low-power-12b-first-order-delta-sigma-adc/src/piso/runs/RUN_2026-08-25_09-54-23/56-openroad-irdropreport/net-VSS.csv
[INFO PSM-0040] All shapes on net VSS are connected.
########## IR report #################
Net              : VSS
Corner           : nom_tt_025C_5v00
Total power      : 2.94e-04 W
Supply voltage   : 0.00e+00 V
Worstcase voltage: 1.13e-04 V
Average voltage  : 4.99e-05 V
Average IR drop  : 4.99e-05 V
Worstcase IR drop: 1.13e-04 V
Percentage drop  : 0.00 %
######################################
