Reading timing models for corner nom_tt_025C_5v00…
Reading timing library for the 'nom_tt_025C_5v00' corner at '/foss/pdks/gf180mcuD/libs.ref/gf180mcu_fd_sc_mcu7t5v0/lib/gf180mcu_fd_sc_mcu7t5v0__tt_025C_5v00.lib'…
Reading OpenROAD database at '/foss/designs/low-power-12b-first-order-delta-sigma-adc/src/filter_decimation/runs/RUN_2026-08-25_07-59-21/19-openroad-tapendcapinsertion/cic_filter.odb'…
Reading design constraints file at 'constraint.sdc'…
[WARNING STA-0345] resistance scale 1e+03 does not match library scale 1e+00.
[INFO] No information on clock propagation in input SDC file-- propagating all clocks.
[INFO] Setting global connections...
[INFO ODB-0403] 0 connections made, 0 conflicts skipped.
+ pdngen 
[INFO PDN-0001] Inserting grid: stdcell_grid
Setting global connections for newly added cells…
[INFO] Setting global connections...
[INFO ODB-0403] 0 connections made, 0 conflicts skipped.
Updating metrics…
Cell type report:                       Count       Area
  Endcap cell                             110     482.94
  Tap cell                                315    1382.98
  Inverter                                113     992.23
  Sequential cell                         220   16420.10
  Multi-Input combinational cell          890   17107.19
  Total                                  1648   36385.44
Writing OpenROAD database to '/foss/designs/low-power-12b-first-order-delta-sigma-adc/src/filter_decimation/runs/RUN_2026-08-25_07-59-21/21-openroad-generatepdn/cic_filter.odb'…
Writing netlist to '/foss/designs/low-power-12b-first-order-delta-sigma-adc/src/filter_decimation/runs/RUN_2026-08-25_07-59-21/21-openroad-generatepdn/cic_filter.nl.v'…
Writing powered netlist to '/foss/designs/low-power-12b-first-order-delta-sigma-adc/src/filter_decimation/runs/RUN_2026-08-25_07-59-21/21-openroad-generatepdn/cic_filter.pnl.v'…
Writing layout to '/foss/designs/low-power-12b-first-order-delta-sigma-adc/src/filter_decimation/runs/RUN_2026-08-25_07-59-21/21-openroad-generatepdn/cic_filter.def'…
Writing timing constraints to '/foss/designs/low-power-12b-first-order-delta-sigma-adc/src/filter_decimation/runs/RUN_2026-08-25_07-59-21/21-openroad-generatepdn/cic_filter.sdc'…
[INFO PSM-0040] All shapes on net VDD are connected.
[INFO PSM-0040] All shapes on net VSS are connected.
