Clock: clk
Sources: clk 
Generated: no
Virtual: yes
Propagated: no
Period: 81.379997

===========================================================================
report_clock_properties
============================================================================
Clock                   Period          Waveform
----------------------------------------------------
clk                  81.379997    0.000000 40.689999

===========================================================================
report_clock_latency
============================================================================
Clock clk
rise -> rise
    min     max
0.000000 0.000000 source latency
0.831047         network latency _71_/CLK
        0.834232 network latency _68_/CLK
---------------
0.831047 0.834232 latency
        0.003185 skew

fall -> fall
    min     max
0.000000 0.000000 source latency
0.810303         network latency _71_/CLK
        0.813724 network latency _68_/CLK
---------------
0.810303 0.813724 latency
        0.003421 skew



===========================================================================
report_clock_min_period
============================================================================
clk period_min = 3.82 fmax = 261.62
