
===========================================================================
report_checks -path_delay max (Setup)
============================================================================
======================= nom_ss_125C_4v50 Corner ===================================

Startpoint: load_en (input port clocked by clk)
Endpoint: _70_ (rising edge-triggered flip-flop clocked by clk)
Path Group: clk
Path Type: max

Fanout         Cap        Slew       Delay        Time   Description
---------------------------------------------------------------------------------------------
                                  0.000000    0.000000   clock clk (rise edge)
                                  0.000000    0.000000   clock network delay (propagated)
                                 16.000000   16.000000 ^ input external delay
     1    0.004160    0.000002    0.000037   16.000038 ^ load_en (in)
                                                         load_en (net)
                      0.000087    0.000000   16.000038 ^ input13/I (gf180mcu_fd_sc_mcu7t5v0__dlyb_1)
    23    0.139706    3.878198    3.761603   19.761641 ^ input13/Z (gf180mcu_fd_sc_mcu7t5v0__dlyb_1)
                                                         net13 (net)
                      3.878213    0.004297   19.765938 ^ _51_/A1 (gf180mcu_fd_sc_mcu7t5v0__nand2_1)
     1    0.008935    0.976004    0.421300   20.187237 v _51_/ZN (gf180mcu_fd_sc_mcu7t5v0__nand2_1)
                                                         _26_ (net)
                      0.976004    0.000213   20.187450 v _52_/B (gf180mcu_fd_sc_mcu7t5v0__oai21_1)
     1    0.010727    1.080602    0.697069   20.884520 ^ _52_/ZN (gf180mcu_fd_sc_mcu7t5v0__oai21_1)
                                                         _06_ (net)
                      1.080602    0.000330   20.884850 ^ _70_/D (gf180mcu_fd_sc_mcu7t5v0__dffrnq_1)
                                             20.884850   data arrival time

                                 81.379997   81.379997   clock clk (rise edge)
                                  0.000000   81.379997   clock source latency
     1    0.028257    0.000014    0.000448   81.380447 ^ clk (in)
                                                         clk (net)
                      0.001079    0.000000   81.380447 ^ clkbuf_0_clk/I (gf180mcu_fd_sc_mcu7t5v0__clkbuf_16)
     2    0.047385    0.200983    0.399474   81.779915 ^ clkbuf_0_clk/Z (gf180mcu_fd_sc_mcu7t5v0__clkbuf_16)
                                                         clknet_0_clk (net)
                      0.200984    0.000931   81.780846 ^ clkbuf_1_1__f_clk/I (gf180mcu_fd_sc_mcu7t5v0__clkbuf_16)
     7    0.037944    0.186478    0.430106   82.210953 ^ clkbuf_1_1__f_clk/Z (gf180mcu_fd_sc_mcu7t5v0__clkbuf_16)
                                                         clknet_1_1__leaf_clk (net)
                      0.186478    0.000092   82.211044 ^ _70_/CLK (gf180mcu_fd_sc_mcu7t5v0__dffrnq_1)
                                 -0.250000   81.961052   clock uncertainty
                                  0.000000   81.961052   clock reconvergence pessimism
                                 -0.740760   81.220291   library setup time
                                             81.220291   data required time
---------------------------------------------------------------------------------------------
                                             81.220291   data required time
                                            -20.884850   data arrival time
---------------------------------------------------------------------------------------------
                                             60.335442   slack (MET)


Startpoint: load_en (input port clocked by clk)
Endpoint: _72_ (rising edge-triggered flip-flop clocked by clk)
Path Group: clk
Path Type: max

Fanout         Cap        Slew       Delay        Time   Description
---------------------------------------------------------------------------------------------
                                  0.000000    0.000000   clock clk (rise edge)
                                  0.000000    0.000000   clock network delay (propagated)
                                 16.000000   16.000000 ^ input external delay
     1    0.004160    0.000002    0.000037   16.000038 ^ load_en (in)
                                                         load_en (net)
                      0.000087    0.000000   16.000038 ^ input13/I (gf180mcu_fd_sc_mcu7t5v0__dlyb_1)
    23    0.139706    3.878198    3.761603   19.761641 ^ input13/Z (gf180mcu_fd_sc_mcu7t5v0__dlyb_1)
                                                         net13 (net)
                      3.878198    0.003789   19.765429 ^ _55_/A1 (gf180mcu_fd_sc_mcu7t5v0__nand2_1)
     1    0.008900    0.974995    0.420219   20.185648 v _55_/ZN (gf180mcu_fd_sc_mcu7t5v0__nand2_1)
                                                         _28_ (net)
                      0.974995    0.000204   20.185852 v _56_/B (gf180mcu_fd_sc_mcu7t5v0__oai21_1)
     1    0.010900    1.088390    0.699744   20.885595 ^ _56_/ZN (gf180mcu_fd_sc_mcu7t5v0__oai21_1)
                                                         _08_ (net)
                      1.088390    0.000309   20.885904 ^ _72_/D (gf180mcu_fd_sc_mcu7t5v0__dffrnq_1)
                                             20.885904   data arrival time

                                 81.379997   81.379997   clock clk (rise edge)
                                  0.000000   81.379997   clock source latency
     1    0.028257    0.000014    0.000448   81.380447 ^ clk (in)
                                                         clk (net)
                      0.001079    0.000000   81.380447 ^ clkbuf_0_clk/I (gf180mcu_fd_sc_mcu7t5v0__clkbuf_16)
     2    0.047385    0.200983    0.399474   81.779915 ^ clkbuf_0_clk/Z (gf180mcu_fd_sc_mcu7t5v0__clkbuf_16)
                                                         clknet_0_clk (net)
                      0.200984    0.000902   81.780823 ^ clkbuf_1_0__f_clk/I (gf180mcu_fd_sc_mcu7t5v0__clkbuf_16)
     6    0.040460    0.190263    0.433055   82.213875 ^ clkbuf_1_0__f_clk/Z (gf180mcu_fd_sc_mcu7t5v0__clkbuf_16)
                                                         clknet_1_0__leaf_clk (net)
                      0.190263    0.000199   82.214073 ^ _72_/CLK (gf180mcu_fd_sc_mcu7t5v0__dffrnq_1)
                                 -0.250000   81.964073   clock uncertainty
                                  0.000000   81.964073   clock reconvergence pessimism
                                 -0.740597   81.223480   library setup time
                                             81.223480   data required time
---------------------------------------------------------------------------------------------
                                             81.223480   data required time
                                            -20.885904   data arrival time
---------------------------------------------------------------------------------------------
                                             60.337570   slack (MET)


Startpoint: _77_ (rising edge-triggered flip-flop clocked by clk)
Endpoint: serial_out (output port clocked by clk)
Path Group: clk
Path Type: max

Fanout         Cap        Slew       Delay        Time   Description
---------------------------------------------------------------------------------------------
                                  0.000000    0.000000   clock clk (rise edge)
                                  0.000000    0.000000   clock source latency
     1    0.028257    0.000014    0.000450    0.000450 ^ clk (in)
                                                         clk (net)
                      0.001079    0.000000    0.000450 ^ clkbuf_0_clk/I (gf180mcu_fd_sc_mcu7t5v0__clkbuf_16)
     2    0.047385    0.200983    0.399473    0.399923 ^ clkbuf_0_clk/Z (gf180mcu_fd_sc_mcu7t5v0__clkbuf_16)
                                                         clknet_0_clk (net)
                      0.200984    0.000931    0.400854 ^ clkbuf_1_1__f_clk/I (gf180mcu_fd_sc_mcu7t5v0__clkbuf_16)
     7    0.037944    0.186478    0.430102    0.830957 ^ clkbuf_1_1__f_clk/Z (gf180mcu_fd_sc_mcu7t5v0__clkbuf_16)
                                                         clknet_1_1__leaf_clk (net)
                      0.186478    0.000132    0.831088 ^ _77_/CLK (gf180mcu_fd_sc_mcu7t5v0__dffrnq_1)
     1    0.005705    0.335335    1.696604    2.527693 ^ _77_/Q (gf180mcu_fd_sc_mcu7t5v0__dffrnq_1)
                                                         net15 (net)
                      0.335335    0.000079    2.527772 ^ output15/I (gf180mcu_fd_sc_mcu7t5v0__dlyb_1)
     1    0.036509    1.100578    2.221208    4.748979 ^ output15/Z (gf180mcu_fd_sc_mcu7t5v0__dlyb_1)
                                                         serial_out (net)
                      1.100578    0.000492    4.749471 ^ serial_out (out)
                                              4.749471   data arrival time

                                 81.379997   81.379997   clock clk (rise edge)
                                  0.000000   81.379997   clock network delay (propagated)
                                 -0.250000   81.129997   clock uncertainty
                                  0.000000   81.129997   clock reconvergence pessimism
                                -16.000000   65.129997   output external delay
                                             65.129997   data required time
---------------------------------------------------------------------------------------------
                                             65.129997   data required time
                                             -4.749471   data arrival time
---------------------------------------------------------------------------------------------
                                             60.380524   slack (MET)


Startpoint: load_en (input port clocked by clk)
Endpoint: _71_ (rising edge-triggered flip-flop clocked by clk)
Path Group: clk
Path Type: max

Fanout         Cap        Slew       Delay        Time   Description
---------------------------------------------------------------------------------------------
                                  0.000000    0.000000   clock clk (rise edge)
                                  0.000000    0.000000   clock network delay (propagated)
                                 16.000000   16.000000 ^ input external delay
     1    0.004160    0.000002    0.000037   16.000038 ^ load_en (in)
                                                         load_en (net)
                      0.000087    0.000000   16.000038 ^ input13/I (gf180mcu_fd_sc_mcu7t5v0__dlyb_1)
    23    0.139706    3.878198    3.761603   19.761641 ^ input13/Z (gf180mcu_fd_sc_mcu7t5v0__dlyb_1)
                                                         net13 (net)
                      3.878212    0.004130   19.765770 ^ _53_/A1 (gf180mcu_fd_sc_mcu7t5v0__nand2_1)
     1    0.010041    1.008592    0.456405   20.222176 v _53_/ZN (gf180mcu_fd_sc_mcu7t5v0__nand2_1)
                                                         _27_ (net)
                      1.008592    0.000256   20.222431 v _54_/B (gf180mcu_fd_sc_mcu7t5v0__oai21_1)
     1    0.006646    0.890920    0.631079   20.853510 ^ _54_/ZN (gf180mcu_fd_sc_mcu7t5v0__oai21_1)
                                                         _07_ (net)
                      0.890920    0.000158   20.853668 ^ _71_/D (gf180mcu_fd_sc_mcu7t5v0__dffrnq_1)
                                             20.853668   data arrival time

                                 81.379997   81.379997   clock clk (rise edge)
                                  0.000000   81.379997   clock source latency
     1    0.028257    0.000014    0.000448   81.380447 ^ clk (in)
                                                         clk (net)
                      0.001079    0.000000   81.380447 ^ clkbuf_0_clk/I (gf180mcu_fd_sc_mcu7t5v0__clkbuf_16)
     2    0.047385    0.200983    0.399474   81.779915 ^ clkbuf_0_clk/Z (gf180mcu_fd_sc_mcu7t5v0__clkbuf_16)
                                                         clknet_0_clk (net)
                      0.200984    0.000931   81.780846 ^ clkbuf_1_1__f_clk/I (gf180mcu_fd_sc_mcu7t5v0__clkbuf_16)
     7    0.037944    0.186478    0.430106   82.210953 ^ clkbuf_1_1__f_clk/Z (gf180mcu_fd_sc_mcu7t5v0__clkbuf_16)
                                                         clknet_1_1__leaf_clk (net)
                      0.186478    0.000085   82.211037 ^ _71_/CLK (gf180mcu_fd_sc_mcu7t5v0__dffrnq_1)
                                 -0.250000   81.961044   clock uncertainty
                                  0.000000   81.961044   clock reconvergence pessimism
                                 -0.714900   81.246147   library setup time
                                             81.246147   data required time
---------------------------------------------------------------------------------------------
                                             81.246147   data required time
                                            -20.853668   data arrival time
---------------------------------------------------------------------------------------------
                                             60.392475   slack (MET)


Startpoint: load_en (input port clocked by clk)
Endpoint: _77_ (rising edge-triggered flip-flop clocked by clk)
Path Group: clk
Path Type: max

Fanout         Cap        Slew       Delay        Time   Description
---------------------------------------------------------------------------------------------
                                  0.000000    0.000000   clock clk (rise edge)
                                  0.000000    0.000000   clock network delay (propagated)
                                 16.000000   16.000000 ^ input external delay
     1    0.004160    0.000002    0.000037   16.000038 ^ load_en (in)
                                                         load_en (net)
                      0.000087    0.000000   16.000038 ^ input13/I (gf180mcu_fd_sc_mcu7t5v0__dlyb_1)
    23    0.139706    3.878198    3.761603   19.761641 ^ input13/Z (gf180mcu_fd_sc_mcu7t5v0__dlyb_1)
                                                         net13 (net)
                      3.878214    0.004414   19.766054 ^ _65_/A1 (gf180mcu_fd_sc_mcu7t5v0__nand2_1)
     1    0.008407    0.971941    0.404615   20.170670 v _65_/ZN (gf180mcu_fd_sc_mcu7t5v0__nand2_1)
                                                         _33_ (net)
                      0.971941    0.000130   20.170799 v _66_/B (gf180mcu_fd_sc_mcu7t5v0__oai21_1)
     1    0.007108    0.924460    0.628328   20.799126 ^ _66_/ZN (gf180mcu_fd_sc_mcu7t5v0__oai21_1)
                                                         _02_ (net)
                      0.924460    0.000167   20.799294 ^ _77_/D (gf180mcu_fd_sc_mcu7t5v0__dffrnq_1)
                                             20.799294   data arrival time

                                 81.379997   81.379997   clock clk (rise edge)
                                  0.000000   81.379997   clock source latency
     1    0.028257    0.000014    0.000448   81.380447 ^ clk (in)
                                                         clk (net)
                      0.001079    0.000000   81.380447 ^ clkbuf_0_clk/I (gf180mcu_fd_sc_mcu7t5v0__clkbuf_16)
     2    0.047385    0.200983    0.399474   81.779915 ^ clkbuf_0_clk/Z (gf180mcu_fd_sc_mcu7t5v0__clkbuf_16)
                                                         clknet_0_clk (net)
                      0.200984    0.000931   81.780846 ^ clkbuf_1_1__f_clk/I (gf180mcu_fd_sc_mcu7t5v0__clkbuf_16)
     7    0.037944    0.186478    0.430106   82.210953 ^ clkbuf_1_1__f_clk/Z (gf180mcu_fd_sc_mcu7t5v0__clkbuf_16)
                                                         clknet_1_1__leaf_clk (net)
                      0.186478    0.000128   82.211082 ^ _77_/CLK (gf180mcu_fd_sc_mcu7t5v0__dffrnq_1)
                                 -0.250000   81.961082   clock uncertainty
                                  0.000000   81.961082   clock reconvergence pessimism
                                 -0.719563   81.241524   library setup time
                                             81.241524   data required time
---------------------------------------------------------------------------------------------
                                             81.241524   data required time
                                            -20.799294   data arrival time
---------------------------------------------------------------------------------------------
                                             60.442234   slack (MET)


Startpoint: load_en (input port clocked by clk)
Endpoint: _68_ (rising edge-triggered flip-flop clocked by clk)
Path Group: clk
Path Type: max

Fanout         Cap        Slew       Delay        Time   Description
---------------------------------------------------------------------------------------------
                                  0.000000    0.000000   clock clk (rise edge)
                                  0.000000    0.000000   clock network delay (propagated)
                                 16.000000   16.000000 ^ input external delay
     1    0.004160    0.000002    0.000037   16.000038 ^ load_en (in)
                                                         load_en (net)
                      0.000087    0.000000   16.000038 ^ input13/I (gf180mcu_fd_sc_mcu7t5v0__dlyb_1)
    23    0.139706    3.878198    3.761603   19.761641 ^ input13/Z (gf180mcu_fd_sc_mcu7t5v0__dlyb_1)
                                                         net13 (net)
                      3.878198    0.003832   19.765472 ^ _47_/A1 (gf180mcu_fd_sc_mcu7t5v0__nand2_1)
     1    0.009908    1.004668    0.452181   20.217651 v _47_/ZN (gf180mcu_fd_sc_mcu7t5v0__nand2_1)
                                                         _24_ (net)
                      1.004668    0.000250   20.217903 v _48_/B (gf180mcu_fd_sc_mcu7t5v0__oai21_1)
     1    0.003720    0.756031    0.572809   20.790712 ^ _48_/ZN (gf180mcu_fd_sc_mcu7t5v0__oai21_1)
                                                         _04_ (net)
                      0.756031    0.000037   20.790749 ^ _68_/D (gf180mcu_fd_sc_mcu7t5v0__dffrnq_1)
                                             20.790749   data arrival time

                                 81.379997   81.379997   clock clk (rise edge)
                                  0.000000   81.379997   clock source latency
     1    0.028257    0.000014    0.000448   81.380447 ^ clk (in)
                                                         clk (net)
                      0.001079    0.000000   81.380447 ^ clkbuf_0_clk/I (gf180mcu_fd_sc_mcu7t5v0__clkbuf_16)
     2    0.047385    0.200983    0.399474   81.779915 ^ clkbuf_0_clk/Z (gf180mcu_fd_sc_mcu7t5v0__clkbuf_16)
                                                         clknet_0_clk (net)
                      0.200984    0.000902   81.780823 ^ clkbuf_1_0__f_clk/I (gf180mcu_fd_sc_mcu7t5v0__clkbuf_16)
     6    0.040460    0.190263    0.433055   82.213875 ^ clkbuf_1_0__f_clk/Z (gf180mcu_fd_sc_mcu7t5v0__clkbuf_16)
                                                         clknet_1_0__leaf_clk (net)
                      0.190263    0.000355   82.214233 ^ _68_/CLK (gf180mcu_fd_sc_mcu7t5v0__dffrnq_1)
                                 -0.250000   81.964233   clock uncertainty
                                  0.000000   81.964233   clock reconvergence pessimism
                                 -0.695159   81.269073   library setup time
                                             81.269073   data required time
---------------------------------------------------------------------------------------------
                                             81.269073   data required time
                                            -20.790749   data arrival time
---------------------------------------------------------------------------------------------
                                             60.478321   slack (MET)


Startpoint: load_en (input port clocked by clk)
Endpoint: _69_ (rising edge-triggered flip-flop clocked by clk)
Path Group: clk
Path Type: max

Fanout         Cap        Slew       Delay        Time   Description
---------------------------------------------------------------------------------------------
                                  0.000000    0.000000   clock clk (rise edge)
                                  0.000000    0.000000   clock network delay (propagated)
                                 16.000000   16.000000 ^ input external delay
     1    0.004160    0.000002    0.000037   16.000038 ^ load_en (in)
                                                         load_en (net)
                      0.000087    0.000000   16.000038 ^ input13/I (gf180mcu_fd_sc_mcu7t5v0__dlyb_1)
    23    0.139706    3.878198    3.761603   19.761641 ^ input13/Z (gf180mcu_fd_sc_mcu7t5v0__dlyb_1)
                                                         net13 (net)
                      3.878211    0.004031   19.765671 ^ _49_/A1 (gf180mcu_fd_sc_mcu7t5v0__nand2_1)
     1    0.007835    0.943602    0.386420   20.152090 v _49_/ZN (gf180mcu_fd_sc_mcu7t5v0__nand2_1)
                                                         _25_ (net)
                      0.943602    0.000169   20.152260 v _50_/B (gf180mcu_fd_sc_mcu7t5v0__oai21_1)
     1    0.004008    0.771171    0.560496   20.712755 ^ _50_/ZN (gf180mcu_fd_sc_mcu7t5v0__oai21_1)
                                                         _05_ (net)
                      0.771171    0.000043   20.712797 ^ _69_/D (gf180mcu_fd_sc_mcu7t5v0__dffrnq_1)
                                             20.712797   data arrival time

                                 81.379997   81.379997   clock clk (rise edge)
                                  0.000000   81.379997   clock source latency
     1    0.028257    0.000014    0.000448   81.380447 ^ clk (in)
                                                         clk (net)
                      0.001079    0.000000   81.380447 ^ clkbuf_0_clk/I (gf180mcu_fd_sc_mcu7t5v0__clkbuf_16)
     2    0.047385    0.200983    0.399474   81.779915 ^ clkbuf_0_clk/Z (gf180mcu_fd_sc_mcu7t5v0__clkbuf_16)
                                                         clknet_0_clk (net)
                      0.200984    0.000931   81.780846 ^ clkbuf_1_1__f_clk/I (gf180mcu_fd_sc_mcu7t5v0__clkbuf_16)
     7    0.037944    0.186478    0.430106   82.210953 ^ clkbuf_1_1__f_clk/Z (gf180mcu_fd_sc_mcu7t5v0__clkbuf_16)
                                                         clknet_1_1__leaf_clk (net)
                      0.186479    0.000426   82.211380 ^ _69_/CLK (gf180mcu_fd_sc_mcu7t5v0__dffrnq_1)
                                 -0.250000   81.961388   clock uncertainty
                                  0.000000   81.961388   clock reconvergence pessimism
                                 -0.698252   81.263130   library setup time
                                             81.263130   data required time
---------------------------------------------------------------------------------------------
                                             81.263130   data required time
                                            -20.712797   data arrival time
---------------------------------------------------------------------------------------------
                                             60.550335   slack (MET)


Startpoint: load_en (input port clocked by clk)
Endpoint: _73_ (rising edge-triggered flip-flop clocked by clk)
Path Group: clk
Path Type: max

Fanout         Cap        Slew       Delay        Time   Description
---------------------------------------------------------------------------------------------
                                  0.000000    0.000000   clock clk (rise edge)
                                  0.000000    0.000000   clock network delay (propagated)
                                 16.000000   16.000000 ^ input external delay
     1    0.004160    0.000002    0.000037   16.000038 ^ load_en (in)
                                                         load_en (net)
                      0.000087    0.000000   16.000038 ^ input13/I (gf180mcu_fd_sc_mcu7t5v0__dlyb_1)
    23    0.139706    3.878198    3.761603   19.761641 ^ input13/Z (gf180mcu_fd_sc_mcu7t5v0__dlyb_1)
                                                         net13 (net)
                      3.878198    0.002130   19.763769 ^ _57_/A1 (gf180mcu_fd_sc_mcu7t5v0__nand2_1)
     1    0.006063    0.878410    0.315179   20.078949 v _57_/ZN (gf180mcu_fd_sc_mcu7t5v0__nand2_1)
                                                         _29_ (net)
                      0.878410    0.000068   20.079016 v _58_/B (gf180mcu_fd_sc_mcu7t5v0__oai21_1)
     1    0.007657    0.936882    0.609038   20.688055 ^ _58_/ZN (gf180mcu_fd_sc_mcu7t5v0__oai21_1)
                                                         _09_ (net)
                      0.936882    0.000187   20.688242 ^ _73_/D (gf180mcu_fd_sc_mcu7t5v0__dffrnq_1)
                                             20.688242   data arrival time

                                 81.379997   81.379997   clock clk (rise edge)
                                  0.000000   81.379997   clock source latency
     1    0.028257    0.000014    0.000448   81.380447 ^ clk (in)
                                                         clk (net)
                      0.001079    0.000000   81.380447 ^ clkbuf_0_clk/I (gf180mcu_fd_sc_mcu7t5v0__clkbuf_16)
     2    0.047385    0.200983    0.399474   81.779915 ^ clkbuf_0_clk/Z (gf180mcu_fd_sc_mcu7t5v0__clkbuf_16)
                                                         clknet_0_clk (net)
                      0.200984    0.000902   81.780823 ^ clkbuf_1_0__f_clk/I (gf180mcu_fd_sc_mcu7t5v0__clkbuf_16)
     6    0.040460    0.190263    0.433055   82.213875 ^ clkbuf_1_0__f_clk/Z (gf180mcu_fd_sc_mcu7t5v0__clkbuf_16)
                                                         clknet_1_0__leaf_clk (net)
                      0.190263    0.000348   82.214226 ^ _73_/CLK (gf180mcu_fd_sc_mcu7t5v0__dffrnq_1)
                                 -0.250000   81.964226   clock uncertainty
                                  0.000000   81.964226   clock reconvergence pessimism
                                 -0.720277   81.243950   library setup time
                                             81.243950   data required time
---------------------------------------------------------------------------------------------
                                             81.243950   data required time
                                            -20.688242   data arrival time
---------------------------------------------------------------------------------------------
                                             60.555710   slack (MET)


Startpoint: load_en (input port clocked by clk)
Endpoint: _75_ (rising edge-triggered flip-flop clocked by clk)
Path Group: clk
Path Type: max

Fanout         Cap        Slew       Delay        Time   Description
---------------------------------------------------------------------------------------------
                                  0.000000    0.000000   clock clk (rise edge)
                                  0.000000    0.000000   clock network delay (propagated)
                                 16.000000   16.000000 ^ input external delay
     1    0.004160    0.000002    0.000037   16.000038 ^ load_en (in)
                                                         load_en (net)
                      0.000087    0.000000   16.000038 ^ input13/I (gf180mcu_fd_sc_mcu7t5v0__dlyb_1)
    23    0.139706    3.878198    3.761603   19.761641 ^ input13/Z (gf180mcu_fd_sc_mcu7t5v0__dlyb_1)
                                                         net13 (net)
                      3.878214    0.004510   19.766150 ^ _61_/A1 (gf180mcu_fd_sc_mcu7t5v0__nand2_1)
     1    0.006578    0.900405    0.336012   20.102161 v _61_/ZN (gf180mcu_fd_sc_mcu7t5v0__nand2_1)
                                                         _31_ (net)
                      0.900405    0.000073   20.102236 v _62_/B (gf180mcu_fd_sc_mcu7t5v0__oai21_1)
     1    0.003783    0.759346    0.543182   20.645416 ^ _62_/ZN (gf180mcu_fd_sc_mcu7t5v0__oai21_1)
                                                         _11_ (net)
                      0.759346    0.000037   20.645454 ^ _75_/D (gf180mcu_fd_sc_mcu7t5v0__dffrnq_1)
                                             20.645454   data arrival time

                                 81.379997   81.379997   clock clk (rise edge)
                                  0.000000   81.379997   clock source latency
     1    0.028257    0.000014    0.000448   81.380447 ^ clk (in)
                                                         clk (net)
                      0.001079    0.000000   81.380447 ^ clkbuf_0_clk/I (gf180mcu_fd_sc_mcu7t5v0__clkbuf_16)
     2    0.047385    0.200983    0.399474   81.779915 ^ clkbuf_0_clk/Z (gf180mcu_fd_sc_mcu7t5v0__clkbuf_16)
                                                         clknet_0_clk (net)
                      0.200984    0.000931   81.780846 ^ clkbuf_1_1__f_clk/I (gf180mcu_fd_sc_mcu7t5v0__clkbuf_16)
     7    0.037944    0.186478    0.430106   82.210953 ^ clkbuf_1_1__f_clk/Z (gf180mcu_fd_sc_mcu7t5v0__clkbuf_16)
                                                         clknet_1_1__leaf_clk (net)
                      0.186478    0.000270   82.211227 ^ _75_/CLK (gf180mcu_fd_sc_mcu7t5v0__dffrnq_1)
                                 -0.250000   81.961227   clock uncertainty
                                  0.000000   81.961227   clock reconvergence pessimism
                                 -0.696608   81.264618   library setup time
                                             81.264618   data required time
---------------------------------------------------------------------------------------------
                                             81.264618   data required time
                                            -20.645454   data arrival time
---------------------------------------------------------------------------------------------
                                             60.619167   slack (MET)


Startpoint: load_en (input port clocked by clk)
Endpoint: _79_ (rising edge-triggered flip-flop clocked by clk)
Path Group: clk
Path Type: max

Fanout         Cap        Slew       Delay        Time   Description
---------------------------------------------------------------------------------------------
                                  0.000000    0.000000   clock clk (rise edge)
                                  0.000000    0.000000   clock network delay (propagated)
                                 16.000000   16.000000 ^ input external delay
     1    0.004160    0.000002    0.000037   16.000038 ^ load_en (in)
                                                         load_en (net)
                      0.000087    0.000000   16.000038 ^ input13/I (gf180mcu_fd_sc_mcu7t5v0__dlyb_1)
    23    0.139706    3.878198    3.761603   19.761641 ^ input13/Z (gf180mcu_fd_sc_mcu7t5v0__dlyb_1)
                                                         net13 (net)
                      3.878198    0.002778   19.764418 ^ _45_/A2 (gf180mcu_fd_sc_mcu7t5v0__nand2_1)
     1    0.008198    0.879020    0.242643   20.007061 v _45_/ZN (gf180mcu_fd_sc_mcu7t5v0__nand2_1)
                                                         _23_ (net)
                      0.879020    0.000190   20.007252 v _46_/B (gf180mcu_fd_sc_mcu7t5v0__oai21_1)
     1    0.007162    0.934083    0.600135   20.607388 ^ _46_/ZN (gf180mcu_fd_sc_mcu7t5v0__oai21_1)
                                                         _03_ (net)
                      0.934083    0.000167   20.607553 ^ _79_/D (gf180mcu_fd_sc_mcu7t5v0__dffrnq_1)
                                             20.607553   data arrival time

                                 81.379997   81.379997   clock clk (rise edge)
                                  0.000000   81.379997   clock source latency
     1    0.028257    0.000014    0.000448   81.380447 ^ clk (in)
                                                         clk (net)
                      0.001079    0.000000   81.380447 ^ clkbuf_0_clk/I (gf180mcu_fd_sc_mcu7t5v0__clkbuf_16)
     2    0.047385    0.200983    0.399474   81.779915 ^ clkbuf_0_clk/Z (gf180mcu_fd_sc_mcu7t5v0__clkbuf_16)
                                                         clknet_0_clk (net)
                      0.200984    0.000931   81.780846 ^ clkbuf_1_1__f_clk/I (gf180mcu_fd_sc_mcu7t5v0__clkbuf_16)
     7    0.037944    0.186478    0.430106   82.210953 ^ clkbuf_1_1__f_clk/Z (gf180mcu_fd_sc_mcu7t5v0__clkbuf_16)
                                                         clknet_1_1__leaf_clk (net)
                      0.186478    0.000277   82.211235 ^ _79_/CLK (gf180mcu_fd_sc_mcu7t5v0__dffrnq_1)
                                 -0.250000   81.961235   clock uncertainty
                                  0.000000   81.961235   clock reconvergence pessimism
                                 -0.720901   81.240334   library setup time
                                             81.240334   data required time
---------------------------------------------------------------------------------------------
                                             81.240334   data required time
                                            -20.607553   data arrival time
---------------------------------------------------------------------------------------------
                                             60.632782   slack (MET)


Startpoint: load_en (input port clocked by clk)
Endpoint: _74_ (rising edge-triggered flip-flop clocked by clk)
Path Group: clk
Path Type: max

Fanout         Cap        Slew       Delay        Time   Description
---------------------------------------------------------------------------------------------
                                  0.000000    0.000000   clock clk (rise edge)
                                  0.000000    0.000000   clock network delay (propagated)
                                 16.000000   16.000000 ^ input external delay
     1    0.004160    0.000002    0.000037   16.000038 ^ load_en (in)
                                                         load_en (net)
                      0.000087    0.000000   16.000038 ^ input13/I (gf180mcu_fd_sc_mcu7t5v0__dlyb_1)
    23    0.139706    3.878198    3.761603   19.761641 ^ input13/Z (gf180mcu_fd_sc_mcu7t5v0__dlyb_1)
                                                         net13 (net)
                      3.878198    0.002091   19.763731 ^ _59_/A1 (gf180mcu_fd_sc_mcu7t5v0__nand2_1)
     1    0.006015    0.876332    0.313211   20.076942 v _59_/ZN (gf180mcu_fd_sc_mcu7t5v0__nand2_1)
                                                         _30_ (net)
                      0.876332    0.000062   20.077003 v _60_/B (gf180mcu_fd_sc_mcu7t5v0__oai21_1)
     1    0.003916    0.766374    0.538661   20.615664 ^ _60_/ZN (gf180mcu_fd_sc_mcu7t5v0__oai21_1)
                                                         _10_ (net)
                      0.766374    0.000041   20.615705 ^ _74_/D (gf180mcu_fd_sc_mcu7t5v0__dffrnq_1)
                                             20.615705   data arrival time

                                 81.379997   81.379997   clock clk (rise edge)
                                  0.000000   81.379997   clock source latency
     1    0.028257    0.000014    0.000448   81.380447 ^ clk (in)
                                                         clk (net)
                      0.001079    0.000000   81.380447 ^ clkbuf_0_clk/I (gf180mcu_fd_sc_mcu7t5v0__clkbuf_16)
     2    0.047385    0.200983    0.399474   81.779915 ^ clkbuf_0_clk/Z (gf180mcu_fd_sc_mcu7t5v0__clkbuf_16)
                                                         clknet_0_clk (net)
                      0.200984    0.000902   81.780823 ^ clkbuf_1_0__f_clk/I (gf180mcu_fd_sc_mcu7t5v0__clkbuf_16)
     6    0.040460    0.190263    0.433055   82.213875 ^ clkbuf_1_0__f_clk/Z (gf180mcu_fd_sc_mcu7t5v0__clkbuf_16)
                                                         clknet_1_0__leaf_clk (net)
                      0.190263    0.000192   82.214066 ^ _74_/CLK (gf180mcu_fd_sc_mcu7t5v0__dffrnq_1)
                                 -0.250000   81.964073   clock uncertainty
                                  0.000000   81.964073   clock reconvergence pessimism
                                 -0.696595   81.267471   library setup time
                                             81.267471   data required time
---------------------------------------------------------------------------------------------
                                             81.267471   data required time
                                            -20.615705   data arrival time
---------------------------------------------------------------------------------------------
                                             60.651772   slack (MET)


Startpoint: load_en (input port clocked by clk)
Endpoint: _76_ (rising edge-triggered flip-flop clocked by clk)
Path Group: clk
Path Type: max

Fanout         Cap        Slew       Delay        Time   Description
---------------------------------------------------------------------------------------------
                                  0.000000    0.000000   clock clk (rise edge)
                                  0.000000    0.000000   clock network delay (propagated)
                                 16.000000   16.000000 ^ input external delay
     1    0.004160    0.000002    0.000037   16.000038 ^ load_en (in)
                                                         load_en (net)
                      0.000087    0.000000   16.000038 ^ input13/I (gf180mcu_fd_sc_mcu7t5v0__dlyb_1)
    23    0.139706    3.878198    3.761603   19.761641 ^ input13/Z (gf180mcu_fd_sc_mcu7t5v0__dlyb_1)
                                                         net13 (net)
                      3.878215    0.004563   19.766203 ^ _63_/A1 (gf180mcu_fd_sc_mcu7t5v0__nand2_1)
     1    0.005046    0.834934    0.273994   20.040197 v _63_/ZN (gf180mcu_fd_sc_mcu7t5v0__nand2_1)
                                                         _32_ (net)
                      0.834934    0.000048   20.040245 v _64_/B (gf180mcu_fd_sc_mcu7t5v0__oai21_1)
     1    0.003871    0.764002    0.525477   20.565722 ^ _64_/ZN (gf180mcu_fd_sc_mcu7t5v0__oai21_1)
                                                         _01_ (net)
                      0.764002    0.000041   20.565763 ^ _76_/D (gf180mcu_fd_sc_mcu7t5v0__dffrnq_1)
                                             20.565763   data arrival time

                                 81.379997   81.379997   clock clk (rise edge)
                                  0.000000   81.379997   clock source latency
     1    0.028257    0.000014    0.000448   81.380447 ^ clk (in)
                                                         clk (net)
                      0.001079    0.000000   81.380447 ^ clkbuf_0_clk/I (gf180mcu_fd_sc_mcu7t5v0__clkbuf_16)
     2    0.047385    0.200983    0.399474   81.779915 ^ clkbuf_0_clk/Z (gf180mcu_fd_sc_mcu7t5v0__clkbuf_16)
                                                         clknet_0_clk (net)
                      0.200984    0.000931   81.780846 ^ clkbuf_1_1__f_clk/I (gf180mcu_fd_sc_mcu7t5v0__clkbuf_16)
     7    0.037944    0.186478    0.430106   82.210953 ^ clkbuf_1_1__f_clk/Z (gf180mcu_fd_sc_mcu7t5v0__clkbuf_16)
                                                         clknet_1_1__leaf_clk (net)
                      0.186478    0.000107   82.211060 ^ _76_/CLK (gf180mcu_fd_sc_mcu7t5v0__dffrnq_1)
                                 -0.250000   81.961067   clock uncertainty
                                  0.000000   81.961067   clock reconvergence pessimism
                                 -0.697255   81.263809   library setup time
                                             81.263809   data required time
---------------------------------------------------------------------------------------------
                                             81.263809   data required time
                                            -20.565763   data arrival time
---------------------------------------------------------------------------------------------
                                             60.698044   slack (MET)


Startpoint: load_en (input port clocked by clk)
Endpoint: _78_ (rising edge-triggered flip-flop clocked by clk)
Path Group: clk
Path Type: max

Fanout         Cap        Slew       Delay        Time   Description
---------------------------------------------------------------------------------------------
                                  0.000000    0.000000   clock clk (rise edge)
                                  0.000000    0.000000   clock network delay (propagated)
                                 16.000000   16.000000 ^ input external delay
     1    0.004160    0.000002    0.000037   16.000038 ^ load_en (in)
                                                         load_en (net)
                      0.000087    0.000000   16.000038 ^ input13/I (gf180mcu_fd_sc_mcu7t5v0__dlyb_1)
    23    0.139706    3.878198    3.761603   19.761641 ^ input13/Z (gf180mcu_fd_sc_mcu7t5v0__dlyb_1)
                                                         net13 (net)
                      3.878198    0.003542   19.765182 ^ _67_/A1 (gf180mcu_fd_sc_mcu7t5v0__and2_1)
     1    0.005747    0.361491    0.832038   20.597221 ^ _67_/Z (gf180mcu_fd_sc_mcu7t5v0__and2_1)
                                                         _00_ (net)
                      0.361491    0.000076   20.597298 ^ _78_/D (gf180mcu_fd_sc_mcu7t5v0__dffrnq_1)
                                             20.597298   data arrival time

                                 81.379997   81.379997   clock clk (rise edge)
                                  0.000000   81.379997   clock source latency
     1    0.028257    0.000014    0.000448   81.380447 ^ clk (in)
                                                         clk (net)
                      0.001079    0.000000   81.380447 ^ clkbuf_0_clk/I (gf180mcu_fd_sc_mcu7t5v0__clkbuf_16)
     2    0.047385    0.200983    0.399474   81.779915 ^ clkbuf_0_clk/Z (gf180mcu_fd_sc_mcu7t5v0__clkbuf_16)
                                                         clknet_0_clk (net)
                      0.200984    0.000902   81.780823 ^ clkbuf_1_0__f_clk/I (gf180mcu_fd_sc_mcu7t5v0__clkbuf_16)
     6    0.040460    0.190263    0.433055   82.213875 ^ clkbuf_1_0__f_clk/Z (gf180mcu_fd_sc_mcu7t5v0__clkbuf_16)
                                                         clknet_1_0__leaf_clk (net)
                      0.190263    0.000277   82.214149 ^ _78_/CLK (gf180mcu_fd_sc_mcu7t5v0__dffrnq_1)
                                 -0.250000   81.964157   clock uncertainty
                                  0.000000   81.964157   clock reconvergence pessimism
                                 -0.627002   81.337151   library setup time
                                             81.337151   data required time
---------------------------------------------------------------------------------------------
                                             81.337151   data required time
                                            -20.597298   data arrival time
---------------------------------------------------------------------------------------------
                                             60.739853   slack (MET)


Startpoint: rst_n (input port clocked by clk)
Endpoint: _79_ (recovery check against rising-edge clock clk)
Path Group: asynchronous
Path Type: max

Fanout         Cap        Slew       Delay        Time   Description
---------------------------------------------------------------------------------------------
                                  0.000000    0.000000   clock clk (rise edge)
                                  0.000000    0.000000   clock network delay (propagated)
                                 16.000000   16.000000 ^ input external delay
     1    0.006343    0.000003    0.000076   16.000076 ^ rst_n (in)
                                                         rst_n (net)
                      0.000183    0.000000   16.000076 ^ input14/I (gf180mcu_fd_sc_mcu7t5v0__dlyb_1)
    12    0.110501    3.091421    3.309042   19.309118 ^ input14/Z (gf180mcu_fd_sc_mcu7t5v0__dlyb_1)
                                                         net14 (net)
                      3.091421    0.002057   19.311176 ^ _79_/RN (gf180mcu_fd_sc_mcu7t5v0__dffrnq_1)
                                             19.311176   data arrival time

                                 81.379997   81.379997   clock clk (rise edge)
                                  0.000000   81.379997   clock source latency
     1    0.028257    0.000014    0.000448   81.380447 ^ clk (in)
                                                         clk (net)
                      0.001079    0.000000   81.380447 ^ clkbuf_0_clk/I (gf180mcu_fd_sc_mcu7t5v0__clkbuf_16)
     2    0.047385    0.200983    0.399474   81.779915 ^ clkbuf_0_clk/Z (gf180mcu_fd_sc_mcu7t5v0__clkbuf_16)
                                                         clknet_0_clk (net)
                      0.200984    0.000931   81.780846 ^ clkbuf_1_1__f_clk/I (gf180mcu_fd_sc_mcu7t5v0__clkbuf_16)
     7    0.037944    0.186478    0.430106   82.210953 ^ clkbuf_1_1__f_clk/Z (gf180mcu_fd_sc_mcu7t5v0__clkbuf_16)
                                                         clknet_1_1__leaf_clk (net)
                      0.186478    0.000277   82.211235 ^ _79_/CLK (gf180mcu_fd_sc_mcu7t5v0__dffrnq_1)
                                 -0.250000   81.961235   clock uncertainty
                                  0.000000   81.961235   clock reconvergence pessimism
                                 -0.322735   81.638496   library recovery time
                                             81.638496   data required time
---------------------------------------------------------------------------------------------
                                             81.638496   data required time
                                            -19.311176   data arrival time
---------------------------------------------------------------------------------------------
                                             62.327324   slack (MET)


Startpoint: rst_n (input port clocked by clk)
Endpoint: _76_ (recovery check against rising-edge clock clk)
Path Group: asynchronous
Path Type: max

Fanout         Cap        Slew       Delay        Time   Description
---------------------------------------------------------------------------------------------
                                  0.000000    0.000000   clock clk (rise edge)
                                  0.000000    0.000000   clock network delay (propagated)
                                 16.000000   16.000000 ^ input external delay
     1    0.006343    0.000003    0.000076   16.000076 ^ rst_n (in)
                                                         rst_n (net)
                      0.000183    0.000000   16.000076 ^ input14/I (gf180mcu_fd_sc_mcu7t5v0__dlyb_1)
    12    0.110501    3.091421    3.309042   19.309118 ^ input14/Z (gf180mcu_fd_sc_mcu7t5v0__dlyb_1)
                                                         net14 (net)
                      3.091421    0.001634   19.310753 ^ _76_/RN (gf180mcu_fd_sc_mcu7t5v0__dffrnq_1)
                                             19.310753   data arrival time

                                 81.379997   81.379997   clock clk (rise edge)
                                  0.000000   81.379997   clock source latency
     1    0.028257    0.000014    0.000448   81.380447 ^ clk (in)
                                                         clk (net)
                      0.001079    0.000000   81.380447 ^ clkbuf_0_clk/I (gf180mcu_fd_sc_mcu7t5v0__clkbuf_16)
     2    0.047385    0.200983    0.399474   81.779915 ^ clkbuf_0_clk/Z (gf180mcu_fd_sc_mcu7t5v0__clkbuf_16)
                                                         clknet_0_clk (net)
                      0.200984    0.000931   81.780846 ^ clkbuf_1_1__f_clk/I (gf180mcu_fd_sc_mcu7t5v0__clkbuf_16)
     7    0.037944    0.186478    0.430106   82.210953 ^ clkbuf_1_1__f_clk/Z (gf180mcu_fd_sc_mcu7t5v0__clkbuf_16)
                                                         clknet_1_1__leaf_clk (net)
                      0.186478    0.000107   82.211060 ^ _76_/CLK (gf180mcu_fd_sc_mcu7t5v0__dffrnq_1)
                                 -0.250000   81.961067   clock uncertainty
                                  0.000000   81.961067   clock reconvergence pessimism
                                 -0.322735   81.638329   library recovery time
                                             81.638329   data required time
---------------------------------------------------------------------------------------------
                                             81.638329   data required time
                                            -19.310753   data arrival time
---------------------------------------------------------------------------------------------
                                             62.327576   slack (MET)


Startpoint: rst_n (input port clocked by clk)
Endpoint: _70_ (recovery check against rising-edge clock clk)
Path Group: asynchronous
Path Type: max

Fanout         Cap        Slew       Delay        Time   Description
---------------------------------------------------------------------------------------------
                                  0.000000    0.000000   clock clk (rise edge)
                                  0.000000    0.000000   clock network delay (propagated)
                                 16.000000   16.000000 ^ input external delay
     1    0.006343    0.000003    0.000076   16.000076 ^ rst_n (in)
                                                         rst_n (net)
                      0.000183    0.000000   16.000076 ^ input14/I (gf180mcu_fd_sc_mcu7t5v0__dlyb_1)
    12    0.110501    3.091421    3.309042   19.309118 ^ input14/Z (gf180mcu_fd_sc_mcu7t5v0__dlyb_1)
                                                         net14 (net)
                      3.091421    0.001499   19.310617 ^ _70_/RN (gf180mcu_fd_sc_mcu7t5v0__dffrnq_1)
                                             19.310617   data arrival time

                                 81.379997   81.379997   clock clk (rise edge)
                                  0.000000   81.379997   clock source latency
     1    0.028257    0.000014    0.000448   81.380447 ^ clk (in)
                                                         clk (net)
                      0.001079    0.000000   81.380447 ^ clkbuf_0_clk/I (gf180mcu_fd_sc_mcu7t5v0__clkbuf_16)
     2    0.047385    0.200983    0.399474   81.779915 ^ clkbuf_0_clk/Z (gf180mcu_fd_sc_mcu7t5v0__clkbuf_16)
                                                         clknet_0_clk (net)
                      0.200984    0.000931   81.780846 ^ clkbuf_1_1__f_clk/I (gf180mcu_fd_sc_mcu7t5v0__clkbuf_16)
     7    0.037944    0.186478    0.430106   82.210953 ^ clkbuf_1_1__f_clk/Z (gf180mcu_fd_sc_mcu7t5v0__clkbuf_16)
                                                         clknet_1_1__leaf_clk (net)
                      0.186478    0.000092   82.211044 ^ _70_/CLK (gf180mcu_fd_sc_mcu7t5v0__dffrnq_1)
                                 -0.250000   81.961052   clock uncertainty
                                  0.000000   81.961052   clock reconvergence pessimism
                                 -0.322735   81.638313   library recovery time
                                             81.638313   data required time
---------------------------------------------------------------------------------------------
                                             81.638313   data required time
                                            -19.310617   data arrival time
---------------------------------------------------------------------------------------------
                                             62.327694   slack (MET)


Startpoint: rst_n (input port clocked by clk)
Endpoint: _71_ (recovery check against rising-edge clock clk)
Path Group: asynchronous
Path Type: max

Fanout         Cap        Slew       Delay        Time   Description
---------------------------------------------------------------------------------------------
                                  0.000000    0.000000   clock clk (rise edge)
                                  0.000000    0.000000   clock network delay (propagated)
                                 16.000000   16.000000 ^ input external delay
     1    0.006343    0.000003    0.000076   16.000076 ^ rst_n (in)
                                                         rst_n (net)
                      0.000183    0.000000   16.000076 ^ input14/I (gf180mcu_fd_sc_mcu7t5v0__dlyb_1)
    12    0.110501    3.091421    3.309042   19.309118 ^ input14/Z (gf180mcu_fd_sc_mcu7t5v0__dlyb_1)
                                                         net14 (net)
                      3.091421    0.001542   19.310659 ^ _71_/RN (gf180mcu_fd_sc_mcu7t5v0__dffrnq_1)
                                             19.310659   data arrival time

                                 81.379997   81.379997   clock clk (rise edge)
                                  0.000000   81.379997   clock source latency
     1    0.028257    0.000014    0.000448   81.380447 ^ clk (in)
                                                         clk (net)
                      0.001079    0.000000   81.380447 ^ clkbuf_0_clk/I (gf180mcu_fd_sc_mcu7t5v0__clkbuf_16)
     2    0.047385    0.200983    0.399474   81.779915 ^ clkbuf_0_clk/Z (gf180mcu_fd_sc_mcu7t5v0__clkbuf_16)
                                                         clknet_0_clk (net)
                      0.200984    0.000931   81.780846 ^ clkbuf_1_1__f_clk/I (gf180mcu_fd_sc_mcu7t5v0__clkbuf_16)
     7    0.037944    0.186478    0.430106   82.210953 ^ clkbuf_1_1__f_clk/Z (gf180mcu_fd_sc_mcu7t5v0__clkbuf_16)
                                                         clknet_1_1__leaf_clk (net)
                      0.186478    0.000085   82.211037 ^ _71_/CLK (gf180mcu_fd_sc_mcu7t5v0__dffrnq_1)
                                 -0.250000   81.961044   clock uncertainty
                                  0.000000   81.961044   clock reconvergence pessimism
                                 -0.322735   81.638306   library recovery time
                                             81.638306   data required time
---------------------------------------------------------------------------------------------
                                             81.638306   data required time
                                            -19.310659   data arrival time
---------------------------------------------------------------------------------------------
                                             62.327644   slack (MET)


Startpoint: rst_n (input port clocked by clk)
Endpoint: _75_ (recovery check against rising-edge clock clk)
Path Group: asynchronous
Path Type: max

Fanout         Cap        Slew       Delay        Time   Description
---------------------------------------------------------------------------------------------
                                  0.000000    0.000000   clock clk (rise edge)
                                  0.000000    0.000000   clock network delay (propagated)
                                 16.000000   16.000000 ^ input external delay
     1    0.006343    0.000003    0.000076   16.000076 ^ rst_n (in)
                                                         rst_n (net)
                      0.000183    0.000000   16.000076 ^ input14/I (gf180mcu_fd_sc_mcu7t5v0__dlyb_1)
    12    0.110501    3.091421    3.309042   19.309118 ^ input14/Z (gf180mcu_fd_sc_mcu7t5v0__dlyb_1)
                                                         net14 (net)
                      3.091421    0.001645   19.310762 ^ _75_/RN (gf180mcu_fd_sc_mcu7t5v0__dffrnq_1)
                                             19.310762   data arrival time

                                 81.379997   81.379997   clock clk (rise edge)
                                  0.000000   81.379997   clock source latency
     1    0.028257    0.000014    0.000448   81.380447 ^ clk (in)
                                                         clk (net)
                      0.001079    0.000000   81.380447 ^ clkbuf_0_clk/I (gf180mcu_fd_sc_mcu7t5v0__clkbuf_16)
     2    0.047385    0.200983    0.399474   81.779915 ^ clkbuf_0_clk/Z (gf180mcu_fd_sc_mcu7t5v0__clkbuf_16)
                                                         clknet_0_clk (net)
                      0.200984    0.000931   81.780846 ^ clkbuf_1_1__f_clk/I (gf180mcu_fd_sc_mcu7t5v0__clkbuf_16)
     7    0.037944    0.186478    0.430106   82.210953 ^ clkbuf_1_1__f_clk/Z (gf180mcu_fd_sc_mcu7t5v0__clkbuf_16)
                                                         clknet_1_1__leaf_clk (net)
                      0.186478    0.000270   82.211227 ^ _75_/CLK (gf180mcu_fd_sc_mcu7t5v0__dffrnq_1)
                                 -0.250000   81.961227   clock uncertainty
                                  0.000000   81.961227   clock reconvergence pessimism
                                 -0.322735   81.638489   library recovery time
                                             81.638489   data required time
---------------------------------------------------------------------------------------------
                                             81.638489   data required time
                                            -19.310762   data arrival time
---------------------------------------------------------------------------------------------
                                             62.327732   slack (MET)


Startpoint: rst_n (input port clocked by clk)
Endpoint: _77_ (recovery check against rising-edge clock clk)
Path Group: asynchronous
Path Type: max

Fanout         Cap        Slew       Delay        Time   Description
---------------------------------------------------------------------------------------------
                                  0.000000    0.000000   clock clk (rise edge)
                                  0.000000    0.000000   clock network delay (propagated)
                                 16.000000   16.000000 ^ input external delay
     1    0.006343    0.000003    0.000076   16.000076 ^ rst_n (in)
                                                         rst_n (net)
                      0.000183    0.000000   16.000076 ^ input14/I (gf180mcu_fd_sc_mcu7t5v0__dlyb_1)
    12    0.110501    3.091421    3.309042   19.309118 ^ input14/Z (gf180mcu_fd_sc_mcu7t5v0__dlyb_1)
                                                         net14 (net)
                      3.091421    0.001542   19.310659 ^ _77_/RN (gf180mcu_fd_sc_mcu7t5v0__dffrnq_1)
                                             19.310659   data arrival time

                                 81.379997   81.379997   clock clk (rise edge)
                                  0.000000   81.379997   clock source latency
     1    0.028257    0.000014    0.000448   81.380447 ^ clk (in)
                                                         clk (net)
                      0.001079    0.000000   81.380447 ^ clkbuf_0_clk/I (gf180mcu_fd_sc_mcu7t5v0__clkbuf_16)
     2    0.047385    0.200983    0.399474   81.779915 ^ clkbuf_0_clk/Z (gf180mcu_fd_sc_mcu7t5v0__clkbuf_16)
                                                         clknet_0_clk (net)
                      0.200984    0.000931   81.780846 ^ clkbuf_1_1__f_clk/I (gf180mcu_fd_sc_mcu7t5v0__clkbuf_16)
     7    0.037944    0.186478    0.430106   82.210953 ^ clkbuf_1_1__f_clk/Z (gf180mcu_fd_sc_mcu7t5v0__clkbuf_16)
                                                         clknet_1_1__leaf_clk (net)
                      0.186478    0.000128   82.211082 ^ _77_/CLK (gf180mcu_fd_sc_mcu7t5v0__dffrnq_1)
                                 -0.250000   81.961082   clock uncertainty
                                  0.000000   81.961082   clock reconvergence pessimism
                                 -0.322735   81.638351   library recovery time
                                             81.638351   data required time
---------------------------------------------------------------------------------------------
                                             81.638351   data required time
                                            -19.310659   data arrival time
---------------------------------------------------------------------------------------------
                                             62.327686   slack (MET)


Startpoint: rst_n (input port clocked by clk)
Endpoint: _69_ (recovery check against rising-edge clock clk)
Path Group: asynchronous
Path Type: max

Fanout         Cap        Slew       Delay        Time   Description
---------------------------------------------------------------------------------------------
                                  0.000000    0.000000   clock clk (rise edge)
                                  0.000000    0.000000   clock network delay (propagated)
                                 16.000000   16.000000 ^ input external delay
     1    0.006343    0.000003    0.000076   16.000076 ^ rst_n (in)
                                                         rst_n (net)
                      0.000183    0.000000   16.000076 ^ input14/I (gf180mcu_fd_sc_mcu7t5v0__dlyb_1)
    12    0.110501    3.091421    3.309042   19.309118 ^ input14/Z (gf180mcu_fd_sc_mcu7t5v0__dlyb_1)
                                                         net14 (net)
                      3.091421    0.001403   19.310522 ^ _69_/RN (gf180mcu_fd_sc_mcu7t5v0__dffrnq_1)
                                             19.310522   data arrival time

                                 81.379997   81.379997   clock clk (rise edge)
                                  0.000000   81.379997   clock source latency
     1    0.028257    0.000014    0.000448   81.380447 ^ clk (in)
                                                         clk (net)
                      0.001079    0.000000   81.380447 ^ clkbuf_0_clk/I (gf180mcu_fd_sc_mcu7t5v0__clkbuf_16)
     2    0.047385    0.200983    0.399474   81.779915 ^ clkbuf_0_clk/Z (gf180mcu_fd_sc_mcu7t5v0__clkbuf_16)
                                                         clknet_0_clk (net)
                      0.200984    0.000931   81.780846 ^ clkbuf_1_1__f_clk/I (gf180mcu_fd_sc_mcu7t5v0__clkbuf_16)
     7    0.037944    0.186478    0.430106   82.210953 ^ clkbuf_1_1__f_clk/Z (gf180mcu_fd_sc_mcu7t5v0__clkbuf_16)
                                                         clknet_1_1__leaf_clk (net)
                      0.186479    0.000426   82.211380 ^ _69_/CLK (gf180mcu_fd_sc_mcu7t5v0__dffrnq_1)
                                 -0.250000   81.961388   clock uncertainty
                                  0.000000   81.961388   clock reconvergence pessimism
                                 -0.322735   81.638649   library recovery time
                                             81.638649   data required time
---------------------------------------------------------------------------------------------
                                             81.638649   data required time
                                            -19.310522   data arrival time
---------------------------------------------------------------------------------------------
                                             62.328129   slack (MET)


Startpoint: rst_n (input port clocked by clk)
Endpoint: _74_ (recovery check against rising-edge clock clk)
Path Group: asynchronous
Path Type: max

Fanout         Cap        Slew       Delay        Time   Description
---------------------------------------------------------------------------------------------
                                  0.000000    0.000000   clock clk (rise edge)
                                  0.000000    0.000000   clock network delay (propagated)
                                 16.000000   16.000000 ^ input external delay
     1    0.006343    0.000003    0.000076   16.000076 ^ rst_n (in)
                                                         rst_n (net)
                      0.000183    0.000000   16.000076 ^ input14/I (gf180mcu_fd_sc_mcu7t5v0__dlyb_1)
    12    0.110501    3.091421    3.309042   19.309118 ^ input14/Z (gf180mcu_fd_sc_mcu7t5v0__dlyb_1)
                                                         net14 (net)
                      3.091421    0.002684   19.311802 ^ _74_/RN (gf180mcu_fd_sc_mcu7t5v0__dffrnq_1)
                                             19.311802   data arrival time

                                 81.379997   81.379997   clock clk (rise edge)
                                  0.000000   81.379997   clock source latency
     1    0.028257    0.000014    0.000448   81.380447 ^ clk (in)
                                                         clk (net)
                      0.001079    0.000000   81.380447 ^ clkbuf_0_clk/I (gf180mcu_fd_sc_mcu7t5v0__clkbuf_16)
     2    0.047385    0.200983    0.399474   81.779915 ^ clkbuf_0_clk/Z (gf180mcu_fd_sc_mcu7t5v0__clkbuf_16)
                                                         clknet_0_clk (net)
                      0.200984    0.000902   81.780823 ^ clkbuf_1_0__f_clk/I (gf180mcu_fd_sc_mcu7t5v0__clkbuf_16)
     6    0.040460    0.190263    0.433055   82.213875 ^ clkbuf_1_0__f_clk/Z (gf180mcu_fd_sc_mcu7t5v0__clkbuf_16)
                                                         clknet_1_0__leaf_clk (net)
                      0.190263    0.000192   82.214066 ^ _74_/CLK (gf180mcu_fd_sc_mcu7t5v0__dffrnq_1)
                                 -0.250000   81.964073   clock uncertainty
                                  0.000000   81.964073   clock reconvergence pessimism
                                 -0.321780   81.642288   library recovery time
                                             81.642288   data required time
---------------------------------------------------------------------------------------------
                                             81.642288   data required time
                                            -19.311802   data arrival time
---------------------------------------------------------------------------------------------
                                             62.330486   slack (MET)


Startpoint: rst_n (input port clocked by clk)
Endpoint: _78_ (recovery check against rising-edge clock clk)
Path Group: asynchronous
Path Type: max

Fanout         Cap        Slew       Delay        Time   Description
---------------------------------------------------------------------------------------------
                                  0.000000    0.000000   clock clk (rise edge)
                                  0.000000    0.000000   clock network delay (propagated)
                                 16.000000   16.000000 ^ input external delay
     1    0.006343    0.000003    0.000076   16.000076 ^ rst_n (in)
                                                         rst_n (net)
                      0.000183    0.000000   16.000076 ^ input14/I (gf180mcu_fd_sc_mcu7t5v0__dlyb_1)
    12    0.110501    3.091421    3.309042   19.309118 ^ input14/Z (gf180mcu_fd_sc_mcu7t5v0__dlyb_1)
                                                         net14 (net)
                      3.091421    0.002720   19.311838 ^ _78_/RN (gf180mcu_fd_sc_mcu7t5v0__dffrnq_1)
                                             19.311838   data arrival time

                                 81.379997   81.379997   clock clk (rise edge)
                                  0.000000   81.379997   clock source latency
     1    0.028257    0.000014    0.000448   81.380447 ^ clk (in)
                                                         clk (net)
                      0.001079    0.000000   81.380447 ^ clkbuf_0_clk/I (gf180mcu_fd_sc_mcu7t5v0__clkbuf_16)
     2    0.047385    0.200983    0.399474   81.779915 ^ clkbuf_0_clk/Z (gf180mcu_fd_sc_mcu7t5v0__clkbuf_16)
                                                         clknet_0_clk (net)
                      0.200984    0.000902   81.780823 ^ clkbuf_1_0__f_clk/I (gf180mcu_fd_sc_mcu7t5v0__clkbuf_16)
     6    0.040460    0.190263    0.433055   82.213875 ^ clkbuf_1_0__f_clk/Z (gf180mcu_fd_sc_mcu7t5v0__clkbuf_16)
                                                         clknet_1_0__leaf_clk (net)
                      0.190263    0.000277   82.214149 ^ _78_/CLK (gf180mcu_fd_sc_mcu7t5v0__dffrnq_1)
                                 -0.250000   81.964157   clock uncertainty
                                  0.000000   81.964157   clock reconvergence pessimism
                                 -0.321780   81.642372   library recovery time
                                             81.642372   data required time
---------------------------------------------------------------------------------------------
                                             81.642372   data required time
                                            -19.311838   data arrival time
---------------------------------------------------------------------------------------------
                                             62.330528   slack (MET)


Startpoint: rst_n (input port clocked by clk)
Endpoint: _73_ (recovery check against rising-edge clock clk)
Path Group: asynchronous
Path Type: max

Fanout         Cap        Slew       Delay        Time   Description
---------------------------------------------------------------------------------------------
                                  0.000000    0.000000   clock clk (rise edge)
                                  0.000000    0.000000   clock network delay (propagated)
                                 16.000000   16.000000 ^ input external delay
     1    0.006343    0.000003    0.000076   16.000076 ^ rst_n (in)
                                                         rst_n (net)
                      0.000183    0.000000   16.000076 ^ input14/I (gf180mcu_fd_sc_mcu7t5v0__dlyb_1)
    12    0.110501    3.091421    3.309042   19.309118 ^ input14/Z (gf180mcu_fd_sc_mcu7t5v0__dlyb_1)
                                                         net14 (net)
                      3.091421    0.002220   19.311338 ^ _73_/RN (gf180mcu_fd_sc_mcu7t5v0__dffrnq_1)
                                             19.311338   data arrival time

                                 81.379997   81.379997   clock clk (rise edge)
                                  0.000000   81.379997   clock source latency
     1    0.028257    0.000014    0.000448   81.380447 ^ clk (in)
                                                         clk (net)
                      0.001079    0.000000   81.380447 ^ clkbuf_0_clk/I (gf180mcu_fd_sc_mcu7t5v0__clkbuf_16)
     2    0.047385    0.200983    0.399474   81.779915 ^ clkbuf_0_clk/Z (gf180mcu_fd_sc_mcu7t5v0__clkbuf_16)
                                                         clknet_0_clk (net)
                      0.200984    0.000902   81.780823 ^ clkbuf_1_0__f_clk/I (gf180mcu_fd_sc_mcu7t5v0__clkbuf_16)
     6    0.040460    0.190263    0.433055   82.213875 ^ clkbuf_1_0__f_clk/Z (gf180mcu_fd_sc_mcu7t5v0__clkbuf_16)
                                                         clknet_1_0__leaf_clk (net)
                      0.190263    0.000348   82.214226 ^ _73_/CLK (gf180mcu_fd_sc_mcu7t5v0__dffrnq_1)
                                 -0.250000   81.964226   clock uncertainty
                                  0.000000   81.964226   clock reconvergence pessimism
                                 -0.321780   81.642441   library recovery time
                                             81.642441   data required time
---------------------------------------------------------------------------------------------
                                             81.642441   data required time
                                            -19.311338   data arrival time
---------------------------------------------------------------------------------------------
                                             62.331104   slack (MET)


Startpoint: rst_n (input port clocked by clk)
Endpoint: _68_ (recovery check against rising-edge clock clk)
Path Group: asynchronous
Path Type: max

Fanout         Cap        Slew       Delay        Time   Description
---------------------------------------------------------------------------------------------
                                  0.000000    0.000000   clock clk (rise edge)
                                  0.000000    0.000000   clock network delay (propagated)
                                 16.000000   16.000000 ^ input external delay
     1    0.006343    0.000003    0.000076   16.000076 ^ rst_n (in)
                                                         rst_n (net)
                      0.000183    0.000000   16.000076 ^ input14/I (gf180mcu_fd_sc_mcu7t5v0__dlyb_1)
    12    0.110501    3.091421    3.309042   19.309118 ^ input14/Z (gf180mcu_fd_sc_mcu7t5v0__dlyb_1)
                                                         net14 (net)
                      3.091421    0.001739   19.310858 ^ _68_/RN (gf180mcu_fd_sc_mcu7t5v0__dffrnq_1)
                                             19.310858   data arrival time

                                 81.379997   81.379997   clock clk (rise edge)
                                  0.000000   81.379997   clock source latency
     1    0.028257    0.000014    0.000448   81.380447 ^ clk (in)
                                                         clk (net)
                      0.001079    0.000000   81.380447 ^ clkbuf_0_clk/I (gf180mcu_fd_sc_mcu7t5v0__clkbuf_16)
     2    0.047385    0.200983    0.399474   81.779915 ^ clkbuf_0_clk/Z (gf180mcu_fd_sc_mcu7t5v0__clkbuf_16)
                                                         clknet_0_clk (net)
                      0.200984    0.000902   81.780823 ^ clkbuf_1_0__f_clk/I (gf180mcu_fd_sc_mcu7t5v0__clkbuf_16)
     6    0.040460    0.190263    0.433055   82.213875 ^ clkbuf_1_0__f_clk/Z (gf180mcu_fd_sc_mcu7t5v0__clkbuf_16)
                                                         clknet_1_0__leaf_clk (net)
                      0.190263    0.000355   82.214233 ^ _68_/CLK (gf180mcu_fd_sc_mcu7t5v0__dffrnq_1)
                                 -0.250000   81.964233   clock uncertainty
                                  0.000000   81.964233   clock reconvergence pessimism
                                 -0.321780   81.642448   library recovery time
                                             81.642448   data required time
---------------------------------------------------------------------------------------------
                                             81.642448   data required time
                                            -19.310858   data arrival time
---------------------------------------------------------------------------------------------
                                             62.331596   slack (MET)


Startpoint: rst_n (input port clocked by clk)
Endpoint: _72_ (recovery check against rising-edge clock clk)
Path Group: asynchronous
Path Type: max

Fanout         Cap        Slew       Delay        Time   Description
---------------------------------------------------------------------------------------------
                                  0.000000    0.000000   clock clk (rise edge)
                                  0.000000    0.000000   clock network delay (propagated)
                                 16.000000   16.000000 ^ input external delay
     1    0.006343    0.000003    0.000076   16.000076 ^ rst_n (in)
                                                         rst_n (net)
                      0.000183    0.000000   16.000076 ^ input14/I (gf180mcu_fd_sc_mcu7t5v0__dlyb_1)
    12    0.110501    3.091421    3.309042   19.309118 ^ input14/Z (gf180mcu_fd_sc_mcu7t5v0__dlyb_1)
                                                         net14 (net)
                      3.091421    0.001503   19.310621 ^ _72_/RN (gf180mcu_fd_sc_mcu7t5v0__dffrnq_1)
                                             19.310621   data arrival time

                                 81.379997   81.379997   clock clk (rise edge)
                                  0.000000   81.379997   clock source latency
     1    0.028257    0.000014    0.000448   81.380447 ^ clk (in)
                                                         clk (net)
                      0.001079    0.000000   81.380447 ^ clkbuf_0_clk/I (gf180mcu_fd_sc_mcu7t5v0__clkbuf_16)
     2    0.047385    0.200983    0.399474   81.779915 ^ clkbuf_0_clk/Z (gf180mcu_fd_sc_mcu7t5v0__clkbuf_16)
                                                         clknet_0_clk (net)
                      0.200984    0.000902   81.780823 ^ clkbuf_1_0__f_clk/I (gf180mcu_fd_sc_mcu7t5v0__clkbuf_16)
     6    0.040460    0.190263    0.433055   82.213875 ^ clkbuf_1_0__f_clk/Z (gf180mcu_fd_sc_mcu7t5v0__clkbuf_16)
                                                         clknet_1_0__leaf_clk (net)
                      0.190263    0.000199   82.214073 ^ _72_/CLK (gf180mcu_fd_sc_mcu7t5v0__dffrnq_1)
                                 -0.250000   81.964073   clock uncertainty
                                  0.000000   81.964073   clock reconvergence pessimism
                                 -0.321780   81.642296   library recovery time
                                             81.642296   data required time
---------------------------------------------------------------------------------------------
                                             81.642296   data required time
                                            -19.310621   data arrival time
---------------------------------------------------------------------------------------------
                                             62.331673   slack (MET)



