Reading timing models for corner nom_tt_025C_5v00…
Reading timing library for the 'nom_tt_025C_5v00' corner at '/foss/pdks/gf180mcuD/libs.ref/gf180mcu_fd_sc_mcu7t5v0/lib/gf180mcu_fd_sc_mcu7t5v0__tt_025C_5v00.lib'…
Reading OpenROAD database at '/foss/designs/low-power-12b-first-order-delta-sigma-adc/src/clock/runs/RUN_2026-08-17_02-21-49/25-openroad-ioplacement/andig_clock.odb'…
Reading design constraints file at '/foss/designs/low-power-12b-first-order-delta-sigma-adc/src/clock/constraint.sdc'…
[WARNING STA-0345] resistance scale 1e+03 does not match library scale 1e+00.
[INFO] No information on clock propagation in input SDC file-- propagating all clocks.
[INFO] Setting signal min routing layer to: Metal2 and clock min routing layer to Metal2. 
[INFO] Setting signal max routing layer to: Metal5 and clock max routing layer to Metal5. 
+ global_placement -density 0.4 -routability_driven -pad_right 0 -pad_left 0 -init_wirelength_coef 0.25
[INFO GPL-0001] ---- Initialize GPL Main Data Structures
[INFO GPL-0002] DBU: 2000
[INFO GPL-0003] SiteSize: (  0.560  3.920 ) um
[INFO GPL-0004] CoreBBox: (  6.720 15.680 ) ( 92.960 82.320 ) um
[INFO GPL-0036] Movable instances area:        704.659 um^2
[INFO GPL-0037] Total instances area:          871.494 um^2
[INFO GPL-0035] Pin density area adjust:        44.108 um^2
[INFO GPL-0032] ---- Initialize Region: Top-level
[INFO GPL-0006] Number of instances:                60
[INFO GPL-0007] Movable instances:                  22
[INFO GPL-0008] Fixed instances:                    38
[INFO GPL-0009] Dummy instances:                     0
[INFO GPL-0010] Number of nets:                     24
[INFO GPL-0011] Number of pins:                     84
[INFO GPL-0012] Die BBox:  (  0.000  0.000 ) ( 100.000 100.000 ) um
[INFO GPL-0013] Core BBox: (  6.720 15.680 ) ( 92.960 82.320 ) um
[INFO GPL-0016] Core area:                    5747.034 um^2
[INFO GPL-0014] Region name: top-level.
[INFO GPL-0015] Region area:                  5747.034 um^2
[INFO GPL-0017] Fixed instances area:          166.835 um^2
[INFO GPL-0018] Movable instances area:        748.767 um^2
[INFO GPL-0019] Utilization:                    13.418 %
[INFO GPL-0020] Standard cells area:           748.767 um^2
[INFO GPL-0021] Large instances area:            0.000 um^2
[INFO GPL-0005] ---- Execute Conjugate Gradient Initial Placement.
[INFO GPL-0051] Source of initial instance position counters:
	Odb location = 22	Core center = 0	Region center = 0
[InitialPlace]  Iter: 1 conjugate gradient residual: 0.00000011 HPWL: 1751039
[InitialPlace]  Iter: 2 conjugate gradient residual: 0.00000009 HPWL: 1327641
[InitialPlace]  Iter: 3 conjugate gradient residual: 0.00000009 HPWL: 1241853
[InitialPlace]  Iter: 4 conjugate gradient residual: 0.00000011 HPWL: 1203321
[InitialPlace]  Iter: 5 conjugate gradient residual: 0.00000011 HPWL: 1176054
[INFO GPL-0033] ---- Initialize Nesterov Region: Top-level
[INFO GPL-0023] Placement target density:       0.4000
[INFO GPL-0024] Movable insts average area:     34.035 um^2
[INFO GPL-0025] Ideal bin area:                 85.087 um^2
[INFO GPL-0026] Ideal bin count:                    67
[INFO GPL-0027] Total bin area:               5747.034 um^2
[INFO GPL-0028] Bin count (X, Y):           8 ,      8
[INFO GPL-0029] Bin size (W * H):      10.780 *  8.330 um
[INFO GPL-0030] Number of bins:                     64
[INFO GPL-0007] ---- Execute Nesterov Global Placement.
[INFO GPL-0031] HPWL: Half-Perimeter Wirelength
Iteration | Overflow |     HPWL (um) |  HPWL(%) |   Penalty | Group
---------------------------------------------------------------
        0 |   0.7276 |  2.958980e+02 |   +0.00% |  5.59e-15 |      
       10 |   0.6750 |  3.174490e+02 |   +7.28% |  9.11e-15 |      
       20 |   0.6794 |  3.172895e+02 |   -0.05% |  1.48e-14 |      
       30 |   0.6818 |  3.158465e+02 |   -0.45% |  2.42e-14 |      
       40 |   0.6795 |  3.164680e+02 |   +0.20% |  3.94e-14 |      
       50 |   0.6808 |  3.162490e+02 |   -0.07% |  6.41e-14 |      
       60 |   0.6804 |  3.164080e+02 |   +0.05% |  1.04e-13 |      
       70 |   0.6801 |  3.165485e+02 |   +0.04% |  1.70e-13 |      
       80 |   0.6801 |  3.167900e+02 |   +0.08% |  2.77e-13 |      
       90 |   0.6797 |  3.172090e+02 |   +0.13% |  4.52e-13 |      
      100 |   0.6792 |  3.177935e+02 |   +0.18% |  7.36e-13 |      
      110 |   0.6784 |  3.186765e+02 |   +0.28% |  1.20e-12 |      
      120 |   0.6772 |  3.197845e+02 |   +0.35% |  1.95e-12 |      
      130 |   0.6756 |  3.208730e+02 |   +0.34% |  3.18e-12 |      
      140 |   0.6736 |  3.214465e+02 |   +0.18% |  5.18e-12 |      
      150 |   0.6707 |  3.217865e+02 |   +0.11% |  8.44e-12 |      
      160 |   0.6669 |  3.218865e+02 |   +0.03% |  1.37e-11 |      
      170 |   0.6605 |  3.244665e+02 |   +0.80% |  2.24e-11 |      
      180 |   0.6606 |  3.273530e+02 |   +0.89% |  3.65e-11 |      
      190 |   0.6596 |  3.322165e+02 |   +1.49% |  5.94e-11 |      
      200 |   0.6548 |  3.396185e+02 |   +2.23% |  9.67e-11 |      
      210 |   0.6375 |  3.475125e+02 |   +2.32% |  1.58e-10 |      
      220 |   0.6051 |  3.561660e+02 |   +2.49% |  2.57e-10 |      
[INFO GPL-0038] Routability snapshot saved at iter = 223
      222 |   0.5973 |  3.578830e+02 |          |           |      
      230 |   0.5601 |  3.649665e+02 |   +2.47% |  4.18e-10 |      
      240 |   0.5209 |  3.746735e+02 |   +2.66% |  6.81e-10 |      
      250 |   0.5022 |  3.901945e+02 |   +4.14% |  1.11e-09 |      
      260 |   0.4546 |  4.048870e+02 |   +3.77% |  1.81e-09 |      
      270 |   0.4076 |  4.148855e+02 |   +2.47% |  2.94e-09 |      
      280 |   0.3504 |  4.238745e+02 |   +2.17% |  4.79e-09 |      
      290 |   0.3046 |  4.282965e+02 |   +1.04% |  7.21e-09 |      
[INFO GPL-0040] Routability iteration: 1
[INFO GPL-0041] Total routing overflow: 0.0000
[INFO GPL-0042] Number of overflowed tiles: 0 (0.00%)
[INFO GPL-0043] Average top 0.5% routing congestion: 0.4781
[INFO GPL-0044] Average top 1.0% routing congestion: 0.4705
[INFO GPL-0045] Average top 2.0% routing congestion: 0.4680
[INFO GPL-0046] Average top 5.0% routing congestion: 0.4563
[INFO GPL-0047] Routability iteration weighted routing congestion: 0.4743
[INFO GPL-0050] Weighted routing congestion is lower than target routing congestion(1.0100), end routability optimization.
[INFO GPL-0090] Routability finished. Target routing congestion achieved succesfully.
Iteration | Overflow |     HPWL (um) |  HPWL(%) |   Penalty | Group
---------------------------------------------------------------
      300 |   0.2582 |  4.348005e+02 |   +1.52% |  1.06e-08 |      
      310 |   0.2187 |  4.452200e+02 |   +2.40% |  1.56e-08 |      
      320 |   0.1838 |  4.533475e+02 |   +1.83% |  2.30e-08 |      
      330 |   0.1578 |  4.651730e+02 |   +2.61% |  3.39e-08 |      
      340 |   0.1295 |  4.722250e+02 |   +1.52% |  5.00e-08 |      
      350 |   0.1078 |  4.829325e+02 |   +2.27% |  7.36e-08 |      
      355 |   0.0973 |  4.852825e+02 |          |  9.29e-08 |      
---------------------------------------------------------------
[INFO GPL-1001] Global placement finished at iteration 355
[INFO GPL-1003] Routability mode iteration count: 69
[INFO GPL-1005] Routability final weighted congestion: 0.4630
[INFO GPL-1002] Placed Cell Area              748.7674
[INFO GPL-1003] Available Free Area          5580.1984
[INFO GPL-1004] Minimum Feasible Density        0.1400 (cell_area / free_area)
[INFO GPL-1006]   Suggested Target Densities:
[INFO GPL-1007]     - For 90% usage of free space: 0.1491
[INFO GPL-1008]     - For 80% usage of free space: 0.1677
[INFO GPL-1009]     - For 50% usage of free space: 0.2684
[INFO GPL-1011] Original area (um^2): 748.77
[INFO GPL-1012] Total routability artificial inflation: 0.00 (+0.00%)
[INFO GPL-1014] Final placement area: 748.77 (+0.00%)
Setting global connections for newly added cells…
[INFO] Setting global connections...
[INFO ODB-0403] 0 connections made, 0 conflicts skipped.
Updating metrics…
Cell type report:                       Count       Area
  Endcap cell                              34     149.27
  Tap cell                                 38     166.84
  Inverter                                  3      26.34
  Sequential cell                           6     452.21
  Multi-Input combinational cell           13     226.11
  Total                                    94    1020.77
Writing OpenROAD database to '/foss/designs/low-power-12b-first-order-delta-sigma-adc/src/clock/runs/RUN_2026-08-17_02-21-49/28-openroad-globalplacement/andig_clock.odb'…
Writing netlist to '/foss/designs/low-power-12b-first-order-delta-sigma-adc/src/clock/runs/RUN_2026-08-17_02-21-49/28-openroad-globalplacement/andig_clock.nl.v'…
Writing powered netlist to '/foss/designs/low-power-12b-first-order-delta-sigma-adc/src/clock/runs/RUN_2026-08-17_02-21-49/28-openroad-globalplacement/andig_clock.pnl.v'…
Writing layout to '/foss/designs/low-power-12b-first-order-delta-sigma-adc/src/clock/runs/RUN_2026-08-17_02-21-49/28-openroad-globalplacement/andig_clock.def'…
Writing timing constraints to '/foss/designs/low-power-12b-first-order-delta-sigma-adc/src/clock/runs/RUN_2026-08-17_02-21-49/28-openroad-globalplacement/andig_clock.sdc'…
