Clock: clk_div
Sources: clk 
Generated: yes
Virtual: yes
Propagated: no
Period: 0.000000

===========================================================================
report_clock_properties
============================================================================
Clock                   Period          Waveform
----------------------------------------------------

===========================================================================
report_clock_latency
============================================================================
Clock clk_div
rise -> rise
    min     max
0.000000 0.000000 source latency
0.416196         network latency _2078_/CLK
        0.424523 network latency _2124_/CLK
---------------
0.416196 0.424523 latency
        0.008327 skew

fall -> fall
    min     max
0.000000 0.000000 source latency
0.419109         network latency _2078_/CLK
        0.427832 network latency _2124_/CLK
---------------
0.419109 0.427832 latency
        0.008723 skew



===========================================================================
report_clock_min_period
============================================================================
clk_div period_min = 0.00 fmax = inf
