115. Printing statistics.

=== andig_clock ===

        +----------Local Count, excluding submodules.
        |        +-Local Area, excluding submodules.
        |        | 
       37        - wires
       41        - wire bits
        7        - public wires
        9        - public wire bits
        6        - ports
        6        - port bits
       39  452.211 cells
       10        -   $_ANDNOT_
       10        -   $_MUX_
        3        -   $_NAND_
        3        -   $_NOT_
        3        -   $_ORNOT_
        3        -   $_OR_
        1        -   $_XOR_
        5  373.184   gf180mcu_fd_sc_mcu7t5v0__dffrnq_1
        1   79.027   gf180mcu_fd_sc_mcu7t5v0__dffsnq_1

   Area for cell type $_ANDNOT_ is unknown!
   Area for cell type $_MUX_ is unknown!
   Area for cell type $_NAND_ is unknown!
   Area for cell type $_NOT_ is unknown!
   Area for cell type $_ORNOT_ is unknown!
   Area for cell type $_OR_ is unknown!
   Area for cell type $_XOR_ is unknown!

   Chip area for module '\andig_clock': 452.211200
     of which used for sequential elements: 452.211200 (100.00%)

