123. Printing statistics.

=== andig_clock ===

        +----------Local Count, excluding submodules.
        |        +-Local Area, excluding submodules.
        |        | 
       24        - wires
       24        - wire bits
        9        - public wires
        9        - public wire bits
        6        - ports
        6        - port bits
       22  704.659 cells
        2   35.123   gf180mcu_fd_sc_mcu7t5v0__and2_1
        3   52.685   gf180mcu_fd_sc_mcu7t5v0__aoi21_1
        1   19.757   gf180mcu_fd_sc_mcu7t5v0__aoi22_1
        3   26.342   gf180mcu_fd_sc_mcu7t5v0__clkinv_1
        5  373.184   gf180mcu_fd_sc_mcu7t5v0__dffrnq_1
        1   79.027   gf180mcu_fd_sc_mcu7t5v0__dffsnq_1
        1   32.928   gf180mcu_fd_sc_mcu7t5v0__mux2_2
        2   21.952   gf180mcu_fd_sc_mcu7t5v0__nand2_1
        1   15.366   gf180mcu_fd_sc_mcu7t5v0__nand3_1
        1   13.171   gf180mcu_fd_sc_mcu7t5v0__nor2_1
        1   17.562   gf180mcu_fd_sc_mcu7t5v0__nor3_1
        1   17.562   gf180mcu_fd_sc_mcu7t5v0__oai21_1

   Chip area for module '\andig_clock': 704.659200
     of which used for sequential elements: 452.211200 (64.17%)

