Clock: clk
Sources: clk 
Generated: no
Virtual: yes
Propagated: no
Period: 81.379997

===========================================================================
report_clock_properties
============================================================================
Clock                   Period          Waveform
----------------------------------------------------
clk                  81.379997    0.000000 40.689999

===========================================================================
report_clock_latency
============================================================================
Clock clk
rise -> rise
    min     max
0.000000 0.000000 source latency
0.465994         network latency _71_/CLK
        0.468000 network latency _68_/CLK
---------------
0.465994 0.468000 latency
        0.002006 skew

fall -> fall
    min     max
0.000000 0.000000 source latency
0.454566         network latency _71_/CLK
        0.456737 network latency _68_/CLK
---------------
0.454566 0.456737 latency
        0.002171 skew



===========================================================================
report_clock_min_period
============================================================================
clk period_min = 2.19 fmax = 456.18
