
===========================================================================
report_checks -path_delay max (Setup)
============================================================================
======================= max_tt_025C_5v00 Corner ===================================

Startpoint: load_en (input port clocked by clk)
Endpoint: _72_ (rising edge-triggered flip-flop clocked by clk)
Path Group: clk
Path Type: max

Fanout         Cap        Slew       Delay        Time   Description
---------------------------------------------------------------------------------------------
                                  0.000000    0.000000   clock clk (rise edge)
                                  0.000000    0.000000   clock network delay (propagated)
                                 16.000000   16.000000 ^ input external delay
     1    0.004255    0.000002    0.000039   16.000038 ^ load_en (in)
                                                         load_en (net)
                      0.000093    0.000000   16.000038 ^ input13/I (gf180mcu_fd_sc_mcu7t5v0__dlyb_1)
    23    0.140627    2.304977    2.115909   18.115948 ^ input13/Z (gf180mcu_fd_sc_mcu7t5v0__dlyb_1)
                                                         net13 (net)
                      2.304998    0.003901   18.119850 ^ _55_/A1 (gf180mcu_fd_sc_mcu7t5v0__nand2_1)
     1    0.009397    0.587954    0.227626   18.347475 v _55_/ZN (gf180mcu_fd_sc_mcu7t5v0__nand2_1)
                                                         _28_ (net)
                      0.587954    0.000222   18.347696 v _56_/B (gf180mcu_fd_sc_mcu7t5v0__oai21_1)
     1    0.011966    0.643878    0.413378   18.761074 ^ _56_/ZN (gf180mcu_fd_sc_mcu7t5v0__oai21_1)
                                                         _08_ (net)
                      0.643878    0.000361   18.761436 ^ _72_/D (gf180mcu_fd_sc_mcu7t5v0__dffrnq_1)
                                             18.761436   data arrival time

                                 81.379997   81.379997   clock clk (rise edge)
                                  0.000000   81.379997   clock source latency
     1    0.028568    0.000014    0.000490   81.380486 ^ clk (in)
                                                         clk (net)
                      0.001185    0.000000   81.380486 ^ clkbuf_0_clk/I (gf180mcu_fd_sc_mcu7t5v0__clkbuf_16)
     2    0.047063    0.112329    0.224460   81.604950 ^ clkbuf_0_clk/Z (gf180mcu_fd_sc_mcu7t5v0__clkbuf_16)
                                                         clknet_0_clk (net)
                      0.112332    0.000917   81.605865 ^ clkbuf_1_0__f_clk/I (gf180mcu_fd_sc_mcu7t5v0__clkbuf_16)
     6    0.042190    0.108357    0.241762   81.847626 ^ clkbuf_1_0__f_clk/Z (gf180mcu_fd_sc_mcu7t5v0__clkbuf_16)
                                                         clknet_1_0__leaf_clk (net)
                      0.108357    0.000220   81.847847 ^ _72_/CLK (gf180mcu_fd_sc_mcu7t5v0__dffrnq_1)
                                 -0.250000   81.597847   clock uncertainty
                                  0.000000   81.597847   clock reconvergence pessimism
                                 -0.387228   81.210625   library setup time
                                             81.210625   data required time
---------------------------------------------------------------------------------------------
                                             81.210625   data required time
                                            -18.761436   data arrival time
---------------------------------------------------------------------------------------------
                                             62.449192   slack (MET)


Startpoint: load_en (input port clocked by clk)
Endpoint: _70_ (rising edge-triggered flip-flop clocked by clk)
Path Group: clk
Path Type: max

Fanout         Cap        Slew       Delay        Time   Description
---------------------------------------------------------------------------------------------
                                  0.000000    0.000000   clock clk (rise edge)
                                  0.000000    0.000000   clock network delay (propagated)
                                 16.000000   16.000000 ^ input external delay
     1    0.004255    0.000002    0.000039   16.000038 ^ load_en (in)
                                                         load_en (net)
                      0.000093    0.000000   16.000038 ^ input13/I (gf180mcu_fd_sc_mcu7t5v0__dlyb_1)
    23    0.140627    2.304977    2.115909   18.115948 ^ input13/Z (gf180mcu_fd_sc_mcu7t5v0__dlyb_1)
                                                         net13 (net)
                      2.305004    0.004469   18.120419 ^ _51_/A1 (gf180mcu_fd_sc_mcu7t5v0__nand2_1)
     1    0.009370    0.587485    0.227120   18.347538 v _51_/ZN (gf180mcu_fd_sc_mcu7t5v0__nand2_1)
                                                         _26_ (net)
                      0.587485    0.000231   18.347769 v _52_/B (gf180mcu_fd_sc_mcu7t5v0__oai21_1)
     1    0.011674    0.636807    0.410267   18.758036 ^ _52_/ZN (gf180mcu_fd_sc_mcu7t5v0__oai21_1)
                                                         _06_ (net)
                      0.636807    0.000384   18.758419 ^ _70_/D (gf180mcu_fd_sc_mcu7t5v0__dffrnq_1)
                                             18.758419   data arrival time

                                 81.379997   81.379997   clock clk (rise edge)
                                  0.000000   81.379997   clock source latency
     1    0.028568    0.000014    0.000490   81.380486 ^ clk (in)
                                                         clk (net)
                      0.001185    0.000000   81.380486 ^ clkbuf_0_clk/I (gf180mcu_fd_sc_mcu7t5v0__clkbuf_16)
     2    0.047063    0.112329    0.224460   81.604950 ^ clkbuf_0_clk/Z (gf180mcu_fd_sc_mcu7t5v0__clkbuf_16)
                                                         clknet_0_clk (net)
                      0.112332    0.000959   81.605904 ^ clkbuf_1_1__f_clk/I (gf180mcu_fd_sc_mcu7t5v0__clkbuf_16)
     7    0.039519    0.106056    0.239993   81.845901 ^ clkbuf_1_1__f_clk/Z (gf180mcu_fd_sc_mcu7t5v0__clkbuf_16)
                                                         clknet_1_1__leaf_clk (net)
                      0.106056    0.000099   81.846001 ^ _70_/CLK (gf180mcu_fd_sc_mcu7t5v0__dffrnq_1)
                                 -0.250000   81.596001   clock uncertainty
                                  0.000000   81.596001   clock reconvergence pessimism
                                 -0.387007   81.209000   library setup time
                                             81.209000   data required time
---------------------------------------------------------------------------------------------
                                             81.209000   data required time
                                            -18.758419   data arrival time
---------------------------------------------------------------------------------------------
                                             62.450577   slack (MET)


Startpoint: load_en (input port clocked by clk)
Endpoint: _71_ (rising edge-triggered flip-flop clocked by clk)
Path Group: clk
Path Type: max

Fanout         Cap        Slew       Delay        Time   Description
---------------------------------------------------------------------------------------------
                                  0.000000    0.000000   clock clk (rise edge)
                                  0.000000    0.000000   clock network delay (propagated)
                                 16.000000   16.000000 ^ input external delay
     1    0.004255    0.000002    0.000039   16.000038 ^ load_en (in)
                                                         load_en (net)
                      0.000093    0.000000   16.000038 ^ input13/I (gf180mcu_fd_sc_mcu7t5v0__dlyb_1)
    23    0.140627    2.304977    2.115909   18.115948 ^ input13/Z (gf180mcu_fd_sc_mcu7t5v0__dlyb_1)
                                                         net13 (net)
                      2.305002    0.004292   18.120239 ^ _53_/A1 (gf180mcu_fd_sc_mcu7t5v0__nand2_1)
     1    0.010618    0.608687    0.249770   18.370010 v _53_/ZN (gf180mcu_fd_sc_mcu7t5v0__nand2_1)
                                                         _27_ (net)
                      0.608687    0.000284   18.370295 v _54_/B (gf180mcu_fd_sc_mcu7t5v0__oai21_1)
     1    0.007032    0.521742    0.367148   18.737442 ^ _54_/ZN (gf180mcu_fd_sc_mcu7t5v0__oai21_1)
                                                         _07_ (net)
                      0.521742    0.000174   18.737616 ^ _71_/D (gf180mcu_fd_sc_mcu7t5v0__dffrnq_1)
                                             18.737616   data arrival time

                                 81.379997   81.379997   clock clk (rise edge)
                                  0.000000   81.379997   clock source latency
     1    0.028568    0.000014    0.000490   81.380486 ^ clk (in)
                                                         clk (net)
                      0.001185    0.000000   81.380486 ^ clkbuf_0_clk/I (gf180mcu_fd_sc_mcu7t5v0__clkbuf_16)
     2    0.047063    0.112329    0.224460   81.604950 ^ clkbuf_0_clk/Z (gf180mcu_fd_sc_mcu7t5v0__clkbuf_16)
                                                         clknet_0_clk (net)
                      0.112332    0.000959   81.605904 ^ clkbuf_1_1__f_clk/I (gf180mcu_fd_sc_mcu7t5v0__clkbuf_16)
     7    0.039519    0.106056    0.239993   81.845901 ^ clkbuf_1_1__f_clk/Z (gf180mcu_fd_sc_mcu7t5v0__clkbuf_16)
                                                         clknet_1_1__leaf_clk (net)
                      0.106056    0.000092   81.845993 ^ _71_/CLK (gf180mcu_fd_sc_mcu7t5v0__dffrnq_1)
                                 -0.250000   81.595993   clock uncertainty
                                  0.000000   81.595993   clock reconvergence pessimism
                                 -0.370644   81.225349   library setup time
                                             81.225349   data required time
---------------------------------------------------------------------------------------------
                                             81.225349   data required time
                                            -18.737616   data arrival time
---------------------------------------------------------------------------------------------
                                             62.487732   slack (MET)


Startpoint: load_en (input port clocked by clk)
Endpoint: _77_ (rising edge-triggered flip-flop clocked by clk)
Path Group: clk
Path Type: max

Fanout         Cap        Slew       Delay        Time   Description
---------------------------------------------------------------------------------------------
                                  0.000000    0.000000   clock clk (rise edge)
                                  0.000000    0.000000   clock network delay (propagated)
                                 16.000000   16.000000 ^ input external delay
     1    0.004255    0.000002    0.000039   16.000038 ^ load_en (in)
                                                         load_en (net)
                      0.000093    0.000000   16.000038 ^ input13/I (gf180mcu_fd_sc_mcu7t5v0__dlyb_1)
    23    0.140627    2.304977    2.115909   18.115948 ^ input13/Z (gf180mcu_fd_sc_mcu7t5v0__dlyb_1)
                                                         net13 (net)
                      2.305006    0.004565   18.120514 ^ _65_/A1 (gf180mcu_fd_sc_mcu7t5v0__nand2_1)
     1    0.008716    0.576380    0.215286   18.335798 v _65_/ZN (gf180mcu_fd_sc_mcu7t5v0__nand2_1)
                                                         _33_ (net)
                      0.576380    0.000144   18.335943 v _66_/B (gf180mcu_fd_sc_mcu7t5v0__oai21_1)
     1    0.007659    0.536881    0.364112   18.700056 ^ _66_/ZN (gf180mcu_fd_sc_mcu7t5v0__oai21_1)
                                                         _02_ (net)
                      0.536881    0.000188   18.700243 ^ _77_/D (gf180mcu_fd_sc_mcu7t5v0__dffrnq_1)
                                             18.700243   data arrival time

                                 81.379997   81.379997   clock clk (rise edge)
                                  0.000000   81.379997   clock source latency
     1    0.028568    0.000014    0.000490   81.380486 ^ clk (in)
                                                         clk (net)
                      0.001185    0.000000   81.380486 ^ clkbuf_0_clk/I (gf180mcu_fd_sc_mcu7t5v0__clkbuf_16)
     2    0.047063    0.112329    0.224460   81.604950 ^ clkbuf_0_clk/Z (gf180mcu_fd_sc_mcu7t5v0__clkbuf_16)
                                                         clknet_0_clk (net)
                      0.112332    0.000959   81.605904 ^ clkbuf_1_1__f_clk/I (gf180mcu_fd_sc_mcu7t5v0__clkbuf_16)
     7    0.039519    0.106056    0.239993   81.845901 ^ clkbuf_1_1__f_clk/Z (gf180mcu_fd_sc_mcu7t5v0__clkbuf_16)
                                                         clknet_1_1__leaf_clk (net)
                      0.106056    0.000135   81.846031 ^ _77_/CLK (gf180mcu_fd_sc_mcu7t5v0__dffrnq_1)
                                 -0.250000   81.596039   clock uncertainty
                                  0.000000   81.596039   clock reconvergence pessimism
                                 -0.372952   81.223091   library setup time
                                             81.223091   data required time
---------------------------------------------------------------------------------------------
                                             81.223091   data required time
                                            -18.700243   data arrival time
---------------------------------------------------------------------------------------------
                                             62.522846   slack (MET)


Startpoint: load_en (input port clocked by clk)
Endpoint: _68_ (rising edge-triggered flip-flop clocked by clk)
Path Group: clk
Path Type: max

Fanout         Cap        Slew       Delay        Time   Description
---------------------------------------------------------------------------------------------
                                  0.000000    0.000000   clock clk (rise edge)
                                  0.000000    0.000000   clock network delay (propagated)
                                 16.000000   16.000000 ^ input external delay
     1    0.004255    0.000002    0.000039   16.000038 ^ load_en (in)
                                                         load_en (net)
                      0.000093    0.000000   16.000038 ^ input13/I (gf180mcu_fd_sc_mcu7t5v0__dlyb_1)
    23    0.140627    2.304977    2.115909   18.115948 ^ input13/Z (gf180mcu_fd_sc_mcu7t5v0__dlyb_1)
                                                         net13 (net)
                      2.304998    0.003951   18.119900 ^ _47_/A1 (gf180mcu_fd_sc_mcu7t5v0__nand2_1)
     1    0.010476    0.606288    0.247210   18.367109 v _47_/ZN (gf180mcu_fd_sc_mcu7t5v0__nand2_1)
                                                         _24_ (net)
                      0.606288    0.000275   18.367384 v _48_/B (gf180mcu_fd_sc_mcu7t5v0__oai21_1)
     1    0.003808    0.441559    0.330116   18.697500 ^ _48_/ZN (gf180mcu_fd_sc_mcu7t5v0__oai21_1)
                                                         _04_ (net)
                      0.441559    0.000039   18.697540 ^ _68_/D (gf180mcu_fd_sc_mcu7t5v0__dffrnq_1)
                                             18.697540   data arrival time

                                 81.379997   81.379997   clock clk (rise edge)
                                  0.000000   81.379997   clock source latency
     1    0.028568    0.000014    0.000490   81.380486 ^ clk (in)
                                                         clk (net)
                      0.001185    0.000000   81.380486 ^ clkbuf_0_clk/I (gf180mcu_fd_sc_mcu7t5v0__clkbuf_16)
     2    0.047063    0.112329    0.224460   81.604950 ^ clkbuf_0_clk/Z (gf180mcu_fd_sc_mcu7t5v0__clkbuf_16)
                                                         clknet_0_clk (net)
                      0.112332    0.000917   81.605865 ^ clkbuf_1_0__f_clk/I (gf180mcu_fd_sc_mcu7t5v0__clkbuf_16)
     6    0.042190    0.108357    0.241762   81.847626 ^ clkbuf_1_0__f_clk/Z (gf180mcu_fd_sc_mcu7t5v0__clkbuf_16)
                                                         clknet_1_0__leaf_clk (net)
                      0.108357    0.000369   81.847992 ^ _68_/CLK (gf180mcu_fd_sc_mcu7t5v0__dffrnq_1)
                                 -0.250000   81.598000   clock uncertainty
                                  0.000000   81.598000   clock reconvergence pessimism
                                 -0.358041   81.239952   library setup time
                                             81.239952   data required time
---------------------------------------------------------------------------------------------
                                             81.239952   data required time
                                            -18.697540   data arrival time
---------------------------------------------------------------------------------------------
                                             62.542416   slack (MET)


Startpoint: _77_ (rising edge-triggered flip-flop clocked by clk)
Endpoint: serial_out (output port clocked by clk)
Path Group: clk
Path Type: max

Fanout         Cap        Slew       Delay        Time   Description
---------------------------------------------------------------------------------------------
                                  0.000000    0.000000   clock clk (rise edge)
                                  0.000000    0.000000   clock source latency
     1    0.028568    0.000014    0.000493    0.000493 ^ clk (in)
                                                         clk (net)
                      0.001185    0.000000    0.000493 ^ clkbuf_0_clk/I (gf180mcu_fd_sc_mcu7t5v0__clkbuf_16)
     2    0.047063    0.112329    0.224460    0.224953 ^ clkbuf_0_clk/Z (gf180mcu_fd_sc_mcu7t5v0__clkbuf_16)
                                                         clknet_0_clk (net)
                      0.112332    0.000953    0.225906 ^ clkbuf_1_1__f_clk/I (gf180mcu_fd_sc_mcu7t5v0__clkbuf_16)
     7    0.039519    0.106056    0.239994    0.465900 ^ clkbuf_1_1__f_clk/Z (gf180mcu_fd_sc_mcu7t5v0__clkbuf_16)
                                                         clknet_1_1__leaf_clk (net)
                      0.106056    0.000139    0.466039 ^ _77_/CLK (gf180mcu_fd_sc_mcu7t5v0__dffrnq_1)
     1    0.006052    0.189964    0.891320    1.357359 ^ _77_/Q (gf180mcu_fd_sc_mcu7t5v0__dffrnq_1)
                                                         net15 (net)
                      0.189964    0.000088    1.357447 ^ output15/I (gf180mcu_fd_sc_mcu7t5v0__dlyb_1)
     1    0.036630    0.642815    1.184904    2.542350 ^ output15/Z (gf180mcu_fd_sc_mcu7t5v0__dlyb_1)
                                                         serial_out (net)
                      0.642815    0.000519    2.542870 ^ serial_out (out)
                                              2.542870   data arrival time

                                 81.379997   81.379997   clock clk (rise edge)
                                  0.000000   81.379997   clock network delay (propagated)
                                 -0.250000   81.129997   clock uncertainty
                                  0.000000   81.129997   clock reconvergence pessimism
                                -16.000000   65.129997   output external delay
                                             65.129997   data required time
---------------------------------------------------------------------------------------------
                                             65.129997   data required time
                                             -2.542870   data arrival time
---------------------------------------------------------------------------------------------
                                             62.587128   slack (MET)


Startpoint: load_en (input port clocked by clk)
Endpoint: _69_ (rising edge-triggered flip-flop clocked by clk)
Path Group: clk
Path Type: max

Fanout         Cap        Slew       Delay        Time   Description
---------------------------------------------------------------------------------------------
                                  0.000000    0.000000   clock clk (rise edge)
                                  0.000000    0.000000   clock network delay (propagated)
                                 16.000000   16.000000 ^ input external delay
     1    0.004255    0.000002    0.000039   16.000038 ^ load_en (in)
                                                         load_en (net)
                      0.000093    0.000000   16.000038 ^ input13/I (gf180mcu_fd_sc_mcu7t5v0__dlyb_1)
    23    0.140627    2.304977    2.115909   18.115948 ^ input13/Z (gf180mcu_fd_sc_mcu7t5v0__dlyb_1)
                                                         net13 (net)
                      2.305001    0.004160   18.120108 ^ _49_/A1 (gf180mcu_fd_sc_mcu7t5v0__nand2_1)
     1    0.008179    0.567234    0.205503   18.325611 v _49_/ZN (gf180mcu_fd_sc_mcu7t5v0__nand2_1)
                                                         _25_ (net)
                      0.567234    0.000181   18.325792 v _50_/B (gf180mcu_fd_sc_mcu7t5v0__oai21_1)
     1    0.004128    0.450924    0.322537   18.648329 ^ _50_/ZN (gf180mcu_fd_sc_mcu7t5v0__oai21_1)
                                                         _05_ (net)
                      0.450924    0.000044   18.648375 ^ _69_/D (gf180mcu_fd_sc_mcu7t5v0__dffrnq_1)
                                             18.648375   data arrival time

                                 81.379997   81.379997   clock clk (rise edge)
                                  0.000000   81.379997   clock source latency
     1    0.028568    0.000014    0.000490   81.380486 ^ clk (in)
                                                         clk (net)
                      0.001185    0.000000   81.380486 ^ clkbuf_0_clk/I (gf180mcu_fd_sc_mcu7t5v0__clkbuf_16)
     2    0.047063    0.112329    0.224460   81.604950 ^ clkbuf_0_clk/Z (gf180mcu_fd_sc_mcu7t5v0__clkbuf_16)
                                                         clknet_0_clk (net)
                      0.112332    0.000959   81.605904 ^ clkbuf_1_1__f_clk/I (gf180mcu_fd_sc_mcu7t5v0__clkbuf_16)
     7    0.039519    0.106056    0.239993   81.845901 ^ clkbuf_1_1__f_clk/Z (gf180mcu_fd_sc_mcu7t5v0__clkbuf_16)
                                                         clknet_1_1__leaf_clk (net)
                      0.106057    0.000469   81.846367 ^ _69_/CLK (gf180mcu_fd_sc_mcu7t5v0__dffrnq_1)
                                 -0.250000   81.596375   clock uncertainty
                                  0.000000   81.596375   clock reconvergence pessimism
                                 -0.359845   81.236526   library setup time
                                             81.236526   data required time
---------------------------------------------------------------------------------------------
                                             81.236526   data required time
                                            -18.648375   data arrival time
---------------------------------------------------------------------------------------------
                                             62.588150   slack (MET)


Startpoint: load_en (input port clocked by clk)
Endpoint: _73_ (rising edge-triggered flip-flop clocked by clk)
Path Group: clk
Path Type: max

Fanout         Cap        Slew       Delay        Time   Description
---------------------------------------------------------------------------------------------
                                  0.000000    0.000000   clock clk (rise edge)
                                  0.000000    0.000000   clock network delay (propagated)
                                 16.000000   16.000000 ^ input external delay
     1    0.004255    0.000002    0.000039   16.000038 ^ load_en (in)
                                                         load_en (net)
                      0.000093    0.000000   16.000038 ^ input13/I (gf180mcu_fd_sc_mcu7t5v0__dlyb_1)
    23    0.140627    2.304977    2.115909   18.115948 ^ input13/Z (gf180mcu_fd_sc_mcu7t5v0__dlyb_1)
                                                         net13 (net)
                      2.304977    0.002178   18.118126 ^ _57_/A1 (gf180mcu_fd_sc_mcu7t5v0__nand2_1)
     1    0.006085    0.524032    0.160021   18.278147 v _57_/ZN (gf180mcu_fd_sc_mcu7t5v0__nand2_1)
                                                         _29_ (net)
                      0.524032    0.000071   18.278219 v _58_/B (gf180mcu_fd_sc_mcu7t5v0__oai21_1)
     1    0.008242    0.550927    0.354236   18.632454 ^ _58_/ZN (gf180mcu_fd_sc_mcu7t5v0__oai21_1)
                                                         _09_ (net)
                      0.550927    0.000210   18.632664 ^ _73_/D (gf180mcu_fd_sc_mcu7t5v0__dffrnq_1)
                                             18.632664   data arrival time

                                 81.379997   81.379997   clock clk (rise edge)
                                  0.000000   81.379997   clock source latency
     1    0.028568    0.000014    0.000490   81.380486 ^ clk (in)
                                                         clk (net)
                      0.001185    0.000000   81.380486 ^ clkbuf_0_clk/I (gf180mcu_fd_sc_mcu7t5v0__clkbuf_16)
     2    0.047063    0.112329    0.224460   81.604950 ^ clkbuf_0_clk/Z (gf180mcu_fd_sc_mcu7t5v0__clkbuf_16)
                                                         clknet_0_clk (net)
                      0.112332    0.000917   81.605865 ^ clkbuf_1_0__f_clk/I (gf180mcu_fd_sc_mcu7t5v0__clkbuf_16)
     6    0.042190    0.108357    0.241762   81.847626 ^ clkbuf_1_0__f_clk/Z (gf180mcu_fd_sc_mcu7t5v0__clkbuf_16)
                                                         clknet_1_0__leaf_clk (net)
                      0.108357    0.000362   81.847992 ^ _73_/CLK (gf180mcu_fd_sc_mcu7t5v0__dffrnq_1)
                                 -0.250000   81.597992   clock uncertainty
                                  0.000000   81.597992   clock reconvergence pessimism
                                 -0.374654   81.223335   library setup time
                                             81.223335   data required time
---------------------------------------------------------------------------------------------
                                             81.223335   data required time
                                            -18.632664   data arrival time
---------------------------------------------------------------------------------------------
                                             62.590675   slack (MET)


Startpoint: load_en (input port clocked by clk)
Endpoint: _79_ (rising edge-triggered flip-flop clocked by clk)
Path Group: clk
Path Type: max

Fanout         Cap        Slew       Delay        Time   Description
---------------------------------------------------------------------------------------------
                                  0.000000    0.000000   clock clk (rise edge)
                                  0.000000    0.000000   clock network delay (propagated)
                                 16.000000   16.000000 ^ input external delay
     1    0.004255    0.000002    0.000039   16.000038 ^ load_en (in)
                                                         load_en (net)
                      0.000093    0.000000   16.000038 ^ input13/I (gf180mcu_fd_sc_mcu7t5v0__dlyb_1)
    23    0.140627    2.304977    2.115909   18.115948 ^ input13/Z (gf180mcu_fd_sc_mcu7t5v0__dlyb_1)
                                                         net13 (net)
                      2.304988    0.002842   18.118790 ^ _45_/A2 (gf180mcu_fd_sc_mcu7t5v0__nand2_1)
     1    0.008502    0.534902    0.121226   18.240017 v _45_/ZN (gf180mcu_fd_sc_mcu7t5v0__nand2_1)
                                                         _23_ (net)
                      0.534902    0.000204   18.240221 v _46_/B (gf180mcu_fd_sc_mcu7t5v0__oai21_1)
     1    0.007741    0.559231    0.352248   18.592468 ^ _46_/ZN (gf180mcu_fd_sc_mcu7t5v0__oai21_1)
                                                         _03_ (net)
                      0.559231    0.000188   18.592657 ^ _79_/D (gf180mcu_fd_sc_mcu7t5v0__dffrnq_1)
                                             18.592657   data arrival time

                                 81.379997   81.379997   clock clk (rise edge)
                                  0.000000   81.379997   clock source latency
     1    0.028568    0.000014    0.000490   81.380486 ^ clk (in)
                                                         clk (net)
                      0.001185    0.000000   81.380486 ^ clkbuf_0_clk/I (gf180mcu_fd_sc_mcu7t5v0__clkbuf_16)
     2    0.047063    0.112329    0.224460   81.604950 ^ clkbuf_0_clk/Z (gf180mcu_fd_sc_mcu7t5v0__clkbuf_16)
                                                         clknet_0_clk (net)
                      0.112332    0.000959   81.605904 ^ clkbuf_1_1__f_clk/I (gf180mcu_fd_sc_mcu7t5v0__clkbuf_16)
     7    0.039519    0.106056    0.239993   81.845901 ^ clkbuf_1_1__f_clk/Z (gf180mcu_fd_sc_mcu7t5v0__clkbuf_16)
                                                         clknet_1_1__leaf_clk (net)
                      0.106057    0.000298   81.846199 ^ _79_/CLK (gf180mcu_fd_sc_mcu7t5v0__dffrnq_1)
                                 -0.250000   81.596199   clock uncertainty
                                  0.000000   81.596199   clock reconvergence pessimism
                                 -0.376360   81.219841   library setup time
                                             81.219841   data required time
---------------------------------------------------------------------------------------------
                                             81.219841   data required time
                                            -18.592657   data arrival time
---------------------------------------------------------------------------------------------
                                             62.627182   slack (MET)


Startpoint: load_en (input port clocked by clk)
Endpoint: _75_ (rising edge-triggered flip-flop clocked by clk)
Path Group: clk
Path Type: max

Fanout         Cap        Slew       Delay        Time   Description
---------------------------------------------------------------------------------------------
                                  0.000000    0.000000   clock clk (rise edge)
                                  0.000000    0.000000   clock network delay (propagated)
                                 16.000000   16.000000 ^ input external delay
     1    0.004255    0.000002    0.000039   16.000038 ^ load_en (in)
                                                         load_en (net)
                      0.000093    0.000000   16.000038 ^ input13/I (gf180mcu_fd_sc_mcu7t5v0__dlyb_1)
    23    0.140627    2.304977    2.115909   18.115948 ^ input13/Z (gf180mcu_fd_sc_mcu7t5v0__dlyb_1)
                                                         net13 (net)
                      2.305007    0.004668   18.120617 ^ _61_/A1 (gf180mcu_fd_sc_mcu7t5v0__nand2_1)
     1    0.006729    0.540400    0.174930   18.295547 v _61_/ZN (gf180mcu_fd_sc_mcu7t5v0__nand2_1)
                                                         _31_ (net)
                      0.540400    0.000076   18.295624 v _62_/B (gf180mcu_fd_sc_mcu7t5v0__oai21_1)
     1    0.003892    0.444032    0.312005   18.607628 ^ _62_/ZN (gf180mcu_fd_sc_mcu7t5v0__oai21_1)
                                                         _11_ (net)
                      0.444032    0.000039   18.607668 ^ _75_/D (gf180mcu_fd_sc_mcu7t5v0__dffrnq_1)
                                             18.607668   data arrival time

                                 81.379997   81.379997   clock clk (rise edge)
                                  0.000000   81.379997   clock source latency
     1    0.028568    0.000014    0.000490   81.380486 ^ clk (in)
                                                         clk (net)
                      0.001185    0.000000   81.380486 ^ clkbuf_0_clk/I (gf180mcu_fd_sc_mcu7t5v0__clkbuf_16)
     2    0.047063    0.112329    0.224460   81.604950 ^ clkbuf_0_clk/Z (gf180mcu_fd_sc_mcu7t5v0__clkbuf_16)
                                                         clknet_0_clk (net)
                      0.112332    0.000959   81.605904 ^ clkbuf_1_1__f_clk/I (gf180mcu_fd_sc_mcu7t5v0__clkbuf_16)
     7    0.039519    0.106056    0.239993   81.845901 ^ clkbuf_1_1__f_clk/Z (gf180mcu_fd_sc_mcu7t5v0__clkbuf_16)
                                                         clknet_1_1__leaf_clk (net)
                      0.106057    0.000291   81.846191 ^ _75_/CLK (gf180mcu_fd_sc_mcu7t5v0__dffrnq_1)
                                 -0.250000   81.596191   clock uncertainty
                                  0.000000   81.596191   clock reconvergence pessimism
                                 -0.358795   81.237396   library setup time
                                             81.237396   data required time
---------------------------------------------------------------------------------------------
                                             81.237396   data required time
                                            -18.607668   data arrival time
---------------------------------------------------------------------------------------------
                                             62.629734   slack (MET)


Startpoint: load_en (input port clocked by clk)
Endpoint: _74_ (rising edge-triggered flip-flop clocked by clk)
Path Group: clk
Path Type: max

Fanout         Cap        Slew       Delay        Time   Description
---------------------------------------------------------------------------------------------
                                  0.000000    0.000000   clock clk (rise edge)
                                  0.000000    0.000000   clock network delay (propagated)
                                 16.000000   16.000000 ^ input external delay
     1    0.004255    0.000002    0.000039   16.000038 ^ load_en (in)
                                                         load_en (net)
                      0.000093    0.000000   16.000038 ^ input13/I (gf180mcu_fd_sc_mcu7t5v0__dlyb_1)
    23    0.140627    2.304977    2.115909   18.115948 ^ input13/Z (gf180mcu_fd_sc_mcu7t5v0__dlyb_1)
                                                         net13 (net)
                      2.304977    0.002132   18.118080 ^ _59_/A1 (gf180mcu_fd_sc_mcu7t5v0__nand2_1)
     1    0.006067    0.523568    0.159599   18.277679 v _59_/ZN (gf180mcu_fd_sc_mcu7t5v0__nand2_1)
                                                         _30_ (net)
                      0.523568    0.000064   18.277742 v _60_/B (gf180mcu_fd_sc_mcu7t5v0__oai21_1)
     1    0.004036    0.448235    0.308761   18.586504 ^ _60_/ZN (gf180mcu_fd_sc_mcu7t5v0__oai21_1)
                                                         _10_ (net)
                      0.448235    0.000044   18.586548 ^ _74_/D (gf180mcu_fd_sc_mcu7t5v0__dffrnq_1)
                                             18.586548   data arrival time

                                 81.379997   81.379997   clock clk (rise edge)
                                  0.000000   81.379997   clock source latency
     1    0.028568    0.000014    0.000490   81.380486 ^ clk (in)
                                                         clk (net)
                      0.001185    0.000000   81.380486 ^ clkbuf_0_clk/I (gf180mcu_fd_sc_mcu7t5v0__clkbuf_16)
     2    0.047063    0.112329    0.224460   81.604950 ^ clkbuf_0_clk/Z (gf180mcu_fd_sc_mcu7t5v0__clkbuf_16)
                                                         clknet_0_clk (net)
                      0.112332    0.000917   81.605865 ^ clkbuf_1_0__f_clk/I (gf180mcu_fd_sc_mcu7t5v0__clkbuf_16)
     6    0.042190    0.108357    0.241762   81.847626 ^ clkbuf_1_0__f_clk/Z (gf180mcu_fd_sc_mcu7t5v0__clkbuf_16)
                                                         clknet_1_0__leaf_clk (net)
                      0.108357    0.000199   81.847824 ^ _74_/CLK (gf180mcu_fd_sc_mcu7t5v0__dffrnq_1)
                                 -0.250000   81.597824   clock uncertainty
                                  0.000000   81.597824   clock reconvergence pessimism
                                 -0.359055   81.238770   library setup time
                                             81.238770   data required time
---------------------------------------------------------------------------------------------
                                             81.238770   data required time
                                            -18.586548   data arrival time
---------------------------------------------------------------------------------------------
                                             62.652222   slack (MET)


Startpoint: load_en (input port clocked by clk)
Endpoint: _76_ (rising edge-triggered flip-flop clocked by clk)
Path Group: clk
Path Type: max

Fanout         Cap        Slew       Delay        Time   Description
---------------------------------------------------------------------------------------------
                                  0.000000    0.000000   clock clk (rise edge)
                                  0.000000    0.000000   clock network delay (propagated)
                                 16.000000   16.000000 ^ input external delay
     1    0.004255    0.000002    0.000039   16.000038 ^ load_en (in)
                                                         load_en (net)
                      0.000093    0.000000   16.000038 ^ input13/I (gf180mcu_fd_sc_mcu7t5v0__dlyb_1)
    23    0.140627    2.304977    2.115909   18.115948 ^ input13/Z (gf180mcu_fd_sc_mcu7t5v0__dlyb_1)
                                                         net13 (net)
                      2.305008    0.004725   18.120674 ^ _63_/A1 (gf180mcu_fd_sc_mcu7t5v0__nand2_1)
     1    0.004938    0.494866    0.133442   18.254116 v _63_/ZN (gf180mcu_fd_sc_mcu7t5v0__nand2_1)
                                                         _32_ (net)
                      0.494866    0.000046   18.254162 v _64_/B (gf180mcu_fd_sc_mcu7t5v0__oai21_1)
     1    0.003946    0.445607    0.299398   18.553558 ^ _64_/ZN (gf180mcu_fd_sc_mcu7t5v0__oai21_1)
                                                         _01_ (net)
                      0.445607    0.000043   18.553602 ^ _76_/D (gf180mcu_fd_sc_mcu7t5v0__dffrnq_1)
                                             18.553602   data arrival time

                                 81.379997   81.379997   clock clk (rise edge)
                                  0.000000   81.379997   clock source latency
     1    0.028568    0.000014    0.000490   81.380486 ^ clk (in)
                                                         clk (net)
                      0.001185    0.000000   81.380486 ^ clkbuf_0_clk/I (gf180mcu_fd_sc_mcu7t5v0__clkbuf_16)
     2    0.047063    0.112329    0.224460   81.604950 ^ clkbuf_0_clk/Z (gf180mcu_fd_sc_mcu7t5v0__clkbuf_16)
                                                         clknet_0_clk (net)
                      0.112332    0.000959   81.605904 ^ clkbuf_1_1__f_clk/I (gf180mcu_fd_sc_mcu7t5v0__clkbuf_16)
     7    0.039519    0.106056    0.239993   81.845901 ^ clkbuf_1_1__f_clk/Z (gf180mcu_fd_sc_mcu7t5v0__clkbuf_16)
                                                         clknet_1_1__leaf_clk (net)
                      0.106056    0.000114   81.846016 ^ _76_/CLK (gf180mcu_fd_sc_mcu7t5v0__dffrnq_1)
                                 -0.250000   81.596016   clock uncertainty
                                  0.000000   81.596016   clock reconvergence pessimism
                                 -0.359035   81.236977   library setup time
                                             81.236977   data required time
---------------------------------------------------------------------------------------------
                                             81.236977   data required time
                                            -18.553602   data arrival time
---------------------------------------------------------------------------------------------
                                             62.683380   slack (MET)


Startpoint: load_en (input port clocked by clk)
Endpoint: _78_ (rising edge-triggered flip-flop clocked by clk)
Path Group: clk
Path Type: max

Fanout         Cap        Slew       Delay        Time   Description
---------------------------------------------------------------------------------------------
                                  0.000000    0.000000   clock clk (rise edge)
                                  0.000000    0.000000   clock network delay (propagated)
                                 16.000000   16.000000 ^ input external delay
     1    0.004255    0.000002    0.000039   16.000038 ^ load_en (in)
                                                         load_en (net)
                      0.000093    0.000000   16.000038 ^ input13/I (gf180mcu_fd_sc_mcu7t5v0__dlyb_1)
    23    0.140627    2.304977    2.115909   18.115948 ^ input13/Z (gf180mcu_fd_sc_mcu7t5v0__dlyb_1)
                                                         net13 (net)
                      2.304995    0.003656   18.119604 ^ _67_/A1 (gf180mcu_fd_sc_mcu7t5v0__and2_1)
     1    0.006077    0.210547    0.448575   18.568178 ^ _67_/Z (gf180mcu_fd_sc_mcu7t5v0__and2_1)
                                                         _00_ (net)
                      0.210547    0.000085   18.568264 ^ _78_/D (gf180mcu_fd_sc_mcu7t5v0__dffrnq_1)
                                             18.568264   data arrival time

                                 81.379997   81.379997   clock clk (rise edge)
                                  0.000000   81.379997   clock source latency
     1    0.028568    0.000014    0.000490   81.380486 ^ clk (in)
                                                         clk (net)
                      0.001185    0.000000   81.380486 ^ clkbuf_0_clk/I (gf180mcu_fd_sc_mcu7t5v0__clkbuf_16)
     2    0.047063    0.112329    0.224460   81.604950 ^ clkbuf_0_clk/Z (gf180mcu_fd_sc_mcu7t5v0__clkbuf_16)
                                                         clknet_0_clk (net)
                      0.112332    0.000917   81.605865 ^ clkbuf_1_0__f_clk/I (gf180mcu_fd_sc_mcu7t5v0__clkbuf_16)
     6    0.042190    0.108357    0.241762   81.847626 ^ clkbuf_1_0__f_clk/Z (gf180mcu_fd_sc_mcu7t5v0__clkbuf_16)
                                                         clknet_1_0__leaf_clk (net)
                      0.108357    0.000291   81.847916 ^ _78_/CLK (gf180mcu_fd_sc_mcu7t5v0__dffrnq_1)
                                 -0.250000   81.597923   clock uncertainty
                                  0.000000   81.597923   clock reconvergence pessimism
                                 -0.317859   81.280060   library setup time
                                             81.280060   data required time
---------------------------------------------------------------------------------------------
                                             81.280060   data required time
                                            -18.568264   data arrival time
---------------------------------------------------------------------------------------------
                                             62.711792   slack (MET)


Startpoint: rst_n (input port clocked by clk)
Endpoint: _79_ (recovery check against rising-edge clock clk)
Path Group: asynchronous
Path Type: max

Fanout         Cap        Slew       Delay        Time   Description
---------------------------------------------------------------------------------------------
                                  0.000000    0.000000   clock clk (rise edge)
                                  0.000000    0.000000   clock network delay (propagated)
                                 16.000000   16.000000 ^ input external delay
     1    0.006644    0.000003    0.000085   16.000086 ^ rst_n (in)
                                                         rst_n (net)
                      0.000205    0.000000   16.000086 ^ input14/I (gf180mcu_fd_sc_mcu7t5v0__dlyb_1)
    12    0.111287    1.833211    1.844844   17.844929 ^ input14/Z (gf180mcu_fd_sc_mcu7t5v0__dlyb_1)
                                                         net14 (net)
                      1.833219    0.002169   17.847099 ^ _79_/RN (gf180mcu_fd_sc_mcu7t5v0__dffrnq_1)
                                             17.847099   data arrival time

                                 81.379997   81.379997   clock clk (rise edge)
                                  0.000000   81.379997   clock source latency
     1    0.028568    0.000014    0.000490   81.380486 ^ clk (in)
                                                         clk (net)
                      0.001185    0.000000   81.380486 ^ clkbuf_0_clk/I (gf180mcu_fd_sc_mcu7t5v0__clkbuf_16)
     2    0.047063    0.112329    0.224460   81.604950 ^ clkbuf_0_clk/Z (gf180mcu_fd_sc_mcu7t5v0__clkbuf_16)
                                                         clknet_0_clk (net)
                      0.112332    0.000959   81.605904 ^ clkbuf_1_1__f_clk/I (gf180mcu_fd_sc_mcu7t5v0__clkbuf_16)
     7    0.039519    0.106056    0.239993   81.845901 ^ clkbuf_1_1__f_clk/Z (gf180mcu_fd_sc_mcu7t5v0__clkbuf_16)
                                                         clknet_1_1__leaf_clk (net)
                      0.106057    0.000298   81.846199 ^ _79_/CLK (gf180mcu_fd_sc_mcu7t5v0__dffrnq_1)
                                 -0.250000   81.596199   clock uncertainty
                                  0.000000   81.596199   clock reconvergence pessimism
                                 -0.252566   81.343636   library recovery time
                                             81.343636   data required time
---------------------------------------------------------------------------------------------
                                             81.343636   data required time
                                            -17.847099   data arrival time
---------------------------------------------------------------------------------------------
                                             63.496536   slack (MET)


Startpoint: rst_n (input port clocked by clk)
Endpoint: _76_ (recovery check against rising-edge clock clk)
Path Group: asynchronous
Path Type: max

Fanout         Cap        Slew       Delay        Time   Description
---------------------------------------------------------------------------------------------
                                  0.000000    0.000000   clock clk (rise edge)
                                  0.000000    0.000000   clock network delay (propagated)
                                 16.000000   16.000000 ^ input external delay
     1    0.006644    0.000003    0.000085   16.000086 ^ rst_n (in)
                                                         rst_n (net)
                      0.000205    0.000000   16.000086 ^ input14/I (gf180mcu_fd_sc_mcu7t5v0__dlyb_1)
    12    0.111287    1.833211    1.844844   17.844929 ^ input14/Z (gf180mcu_fd_sc_mcu7t5v0__dlyb_1)
                                                         net14 (net)
                      1.833211    0.001712   17.846642 ^ _76_/RN (gf180mcu_fd_sc_mcu7t5v0__dffrnq_1)
                                             17.846642   data arrival time

                                 81.379997   81.379997   clock clk (rise edge)
                                  0.000000   81.379997   clock source latency
     1    0.028568    0.000014    0.000490   81.380486 ^ clk (in)
                                                         clk (net)
                      0.001185    0.000000   81.380486 ^ clkbuf_0_clk/I (gf180mcu_fd_sc_mcu7t5v0__clkbuf_16)
     2    0.047063    0.112329    0.224460   81.604950 ^ clkbuf_0_clk/Z (gf180mcu_fd_sc_mcu7t5v0__clkbuf_16)
                                                         clknet_0_clk (net)
                      0.112332    0.000959   81.605904 ^ clkbuf_1_1__f_clk/I (gf180mcu_fd_sc_mcu7t5v0__clkbuf_16)
     7    0.039519    0.106056    0.239993   81.845901 ^ clkbuf_1_1__f_clk/Z (gf180mcu_fd_sc_mcu7t5v0__clkbuf_16)
                                                         clknet_1_1__leaf_clk (net)
                      0.106056    0.000114   81.846016 ^ _76_/CLK (gf180mcu_fd_sc_mcu7t5v0__dffrnq_1)
                                 -0.250000   81.596016   clock uncertainty
                                  0.000000   81.596016   clock reconvergence pessimism
                                 -0.252563   81.343452   library recovery time
                                             81.343452   data required time
---------------------------------------------------------------------------------------------
                                             81.343452   data required time
                                            -17.846642   data arrival time
---------------------------------------------------------------------------------------------
                                             63.496815   slack (MET)


Startpoint: rst_n (input port clocked by clk)
Endpoint: _70_ (recovery check against rising-edge clock clk)
Path Group: asynchronous
Path Type: max

Fanout         Cap        Slew       Delay        Time   Description
---------------------------------------------------------------------------------------------
                                  0.000000    0.000000   clock clk (rise edge)
                                  0.000000    0.000000   clock network delay (propagated)
                                 16.000000   16.000000 ^ input external delay
     1    0.006644    0.000003    0.000085   16.000086 ^ rst_n (in)
                                                         rst_n (net)
                      0.000205    0.000000   16.000086 ^ input14/I (gf180mcu_fd_sc_mcu7t5v0__dlyb_1)
    12    0.111287    1.833211    1.844844   17.844929 ^ input14/Z (gf180mcu_fd_sc_mcu7t5v0__dlyb_1)
                                                         net14 (net)
                      1.833211    0.001556   17.846485 ^ _70_/RN (gf180mcu_fd_sc_mcu7t5v0__dffrnq_1)
                                             17.846485   data arrival time

                                 81.379997   81.379997   clock clk (rise edge)
                                  0.000000   81.379997   clock source latency
     1    0.028568    0.000014    0.000490   81.380486 ^ clk (in)
                                                         clk (net)
                      0.001185    0.000000   81.380486 ^ clkbuf_0_clk/I (gf180mcu_fd_sc_mcu7t5v0__clkbuf_16)
     2    0.047063    0.112329    0.224460   81.604950 ^ clkbuf_0_clk/Z (gf180mcu_fd_sc_mcu7t5v0__clkbuf_16)
                                                         clknet_0_clk (net)
                      0.112332    0.000959   81.605904 ^ clkbuf_1_1__f_clk/I (gf180mcu_fd_sc_mcu7t5v0__clkbuf_16)
     7    0.039519    0.106056    0.239993   81.845901 ^ clkbuf_1_1__f_clk/Z (gf180mcu_fd_sc_mcu7t5v0__clkbuf_16)
                                                         clknet_1_1__leaf_clk (net)
                      0.106056    0.000099   81.846001 ^ _70_/CLK (gf180mcu_fd_sc_mcu7t5v0__dffrnq_1)
                                 -0.250000   81.596001   clock uncertainty
                                  0.000000   81.596001   clock reconvergence pessimism
                                 -0.252563   81.343437   library recovery time
                                             81.343437   data required time
---------------------------------------------------------------------------------------------
                                             81.343437   data required time
                                            -17.846485   data arrival time
---------------------------------------------------------------------------------------------
                                             63.496956   slack (MET)


Startpoint: rst_n (input port clocked by clk)
Endpoint: _71_ (recovery check against rising-edge clock clk)
Path Group: asynchronous
Path Type: max

Fanout         Cap        Slew       Delay        Time   Description
---------------------------------------------------------------------------------------------
                                  0.000000    0.000000   clock clk (rise edge)
                                  0.000000    0.000000   clock network delay (propagated)
                                 16.000000   16.000000 ^ input external delay
     1    0.006644    0.000003    0.000085   16.000086 ^ rst_n (in)
                                                         rst_n (net)
                      0.000205    0.000000   16.000086 ^ input14/I (gf180mcu_fd_sc_mcu7t5v0__dlyb_1)
    12    0.111287    1.833211    1.844844   17.844929 ^ input14/Z (gf180mcu_fd_sc_mcu7t5v0__dlyb_1)
                                                         net14 (net)
                      1.833211    0.001606   17.846535 ^ _71_/RN (gf180mcu_fd_sc_mcu7t5v0__dffrnq_1)
                                             17.846535   data arrival time

                                 81.379997   81.379997   clock clk (rise edge)
                                  0.000000   81.379997   clock source latency
     1    0.028568    0.000014    0.000490   81.380486 ^ clk (in)
                                                         clk (net)
                      0.001185    0.000000   81.380486 ^ clkbuf_0_clk/I (gf180mcu_fd_sc_mcu7t5v0__clkbuf_16)
     2    0.047063    0.112329    0.224460   81.604950 ^ clkbuf_0_clk/Z (gf180mcu_fd_sc_mcu7t5v0__clkbuf_16)
                                                         clknet_0_clk (net)
                      0.112332    0.000959   81.605904 ^ clkbuf_1_1__f_clk/I (gf180mcu_fd_sc_mcu7t5v0__clkbuf_16)
     7    0.039519    0.106056    0.239993   81.845901 ^ clkbuf_1_1__f_clk/Z (gf180mcu_fd_sc_mcu7t5v0__clkbuf_16)
                                                         clknet_1_1__leaf_clk (net)
                      0.106056    0.000092   81.845993 ^ _71_/CLK (gf180mcu_fd_sc_mcu7t5v0__dffrnq_1)
                                 -0.250000   81.595993   clock uncertainty
                                  0.000000   81.595993   clock reconvergence pessimism
                                 -0.252563   81.343430   library recovery time
                                             81.343430   data required time
---------------------------------------------------------------------------------------------
                                             81.343430   data required time
                                            -17.846535   data arrival time
---------------------------------------------------------------------------------------------
                                             63.496899   slack (MET)


Startpoint: rst_n (input port clocked by clk)
Endpoint: _75_ (recovery check against rising-edge clock clk)
Path Group: asynchronous
Path Type: max

Fanout         Cap        Slew       Delay        Time   Description
---------------------------------------------------------------------------------------------
                                  0.000000    0.000000   clock clk (rise edge)
                                  0.000000    0.000000   clock network delay (propagated)
                                 16.000000   16.000000 ^ input external delay
     1    0.006644    0.000003    0.000085   16.000086 ^ rst_n (in)
                                                         rst_n (net)
                      0.000205    0.000000   16.000086 ^ input14/I (gf180mcu_fd_sc_mcu7t5v0__dlyb_1)
    12    0.111287    1.833211    1.844844   17.844929 ^ input14/Z (gf180mcu_fd_sc_mcu7t5v0__dlyb_1)
                                                         net14 (net)
                      1.833211    0.001725   17.846655 ^ _75_/RN (gf180mcu_fd_sc_mcu7t5v0__dffrnq_1)
                                             17.846655   data arrival time

                                 81.379997   81.379997   clock clk (rise edge)
                                  0.000000   81.379997   clock source latency
     1    0.028568    0.000014    0.000490   81.380486 ^ clk (in)
                                                         clk (net)
                      0.001185    0.000000   81.380486 ^ clkbuf_0_clk/I (gf180mcu_fd_sc_mcu7t5v0__clkbuf_16)
     2    0.047063    0.112329    0.224460   81.604950 ^ clkbuf_0_clk/Z (gf180mcu_fd_sc_mcu7t5v0__clkbuf_16)
                                                         clknet_0_clk (net)
                      0.112332    0.000959   81.605904 ^ clkbuf_1_1__f_clk/I (gf180mcu_fd_sc_mcu7t5v0__clkbuf_16)
     7    0.039519    0.106056    0.239993   81.845901 ^ clkbuf_1_1__f_clk/Z (gf180mcu_fd_sc_mcu7t5v0__clkbuf_16)
                                                         clknet_1_1__leaf_clk (net)
                      0.106057    0.000291   81.846191 ^ _75_/CLK (gf180mcu_fd_sc_mcu7t5v0__dffrnq_1)
                                 -0.250000   81.596191   clock uncertainty
                                  0.000000   81.596191   clock reconvergence pessimism
                                 -0.252563   81.343628   library recovery time
                                             81.343628   data required time
---------------------------------------------------------------------------------------------
                                             81.343628   data required time
                                            -17.846655   data arrival time
---------------------------------------------------------------------------------------------
                                             63.496979   slack (MET)


Startpoint: rst_n (input port clocked by clk)
Endpoint: _77_ (recovery check against rising-edge clock clk)
Path Group: asynchronous
Path Type: max

Fanout         Cap        Slew       Delay        Time   Description
---------------------------------------------------------------------------------------------
                                  0.000000    0.000000   clock clk (rise edge)
                                  0.000000    0.000000   clock network delay (propagated)
                                 16.000000   16.000000 ^ input external delay
     1    0.006644    0.000003    0.000085   16.000086 ^ rst_n (in)
                                                         rst_n (net)
                      0.000205    0.000000   16.000086 ^ input14/I (gf180mcu_fd_sc_mcu7t5v0__dlyb_1)
    12    0.111287    1.833211    1.844844   17.844929 ^ input14/Z (gf180mcu_fd_sc_mcu7t5v0__dlyb_1)
                                                         net14 (net)
                      1.833211    0.001618   17.846548 ^ _77_/RN (gf180mcu_fd_sc_mcu7t5v0__dffrnq_1)
                                             17.846548   data arrival time

                                 81.379997   81.379997   clock clk (rise edge)
                                  0.000000   81.379997   clock source latency
     1    0.028568    0.000014    0.000490   81.380486 ^ clk (in)
                                                         clk (net)
                      0.001185    0.000000   81.380486 ^ clkbuf_0_clk/I (gf180mcu_fd_sc_mcu7t5v0__clkbuf_16)
     2    0.047063    0.112329    0.224460   81.604950 ^ clkbuf_0_clk/Z (gf180mcu_fd_sc_mcu7t5v0__clkbuf_16)
                                                         clknet_0_clk (net)
                      0.112332    0.000959   81.605904 ^ clkbuf_1_1__f_clk/I (gf180mcu_fd_sc_mcu7t5v0__clkbuf_16)
     7    0.039519    0.106056    0.239993   81.845901 ^ clkbuf_1_1__f_clk/Z (gf180mcu_fd_sc_mcu7t5v0__clkbuf_16)
                                                         clknet_1_1__leaf_clk (net)
                      0.106056    0.000135   81.846031 ^ _77_/CLK (gf180mcu_fd_sc_mcu7t5v0__dffrnq_1)
                                 -0.250000   81.596039   clock uncertainty
                                  0.000000   81.596039   clock reconvergence pessimism
                                 -0.252563   81.343475   library recovery time
                                             81.343475   data required time
---------------------------------------------------------------------------------------------
                                             81.343475   data required time
                                            -17.846548   data arrival time
---------------------------------------------------------------------------------------------
                                             63.496929   slack (MET)


Startpoint: rst_n (input port clocked by clk)
Endpoint: _69_ (recovery check against rising-edge clock clk)
Path Group: asynchronous
Path Type: max

Fanout         Cap        Slew       Delay        Time   Description
---------------------------------------------------------------------------------------------
                                  0.000000    0.000000   clock clk (rise edge)
                                  0.000000    0.000000   clock network delay (propagated)
                                 16.000000   16.000000 ^ input external delay
     1    0.006644    0.000003    0.000085   16.000086 ^ rst_n (in)
                                                         rst_n (net)
                      0.000205    0.000000   16.000086 ^ input14/I (gf180mcu_fd_sc_mcu7t5v0__dlyb_1)
    12    0.111287    1.833211    1.844844   17.844929 ^ input14/Z (gf180mcu_fd_sc_mcu7t5v0__dlyb_1)
                                                         net14 (net)
                      1.833211    0.001465   17.846395 ^ _69_/RN (gf180mcu_fd_sc_mcu7t5v0__dffrnq_1)
                                             17.846395   data arrival time

                                 81.379997   81.379997   clock clk (rise edge)
                                  0.000000   81.379997   clock source latency
     1    0.028568    0.000014    0.000490   81.380486 ^ clk (in)
                                                         clk (net)
                      0.001185    0.000000   81.380486 ^ clkbuf_0_clk/I (gf180mcu_fd_sc_mcu7t5v0__clkbuf_16)
     2    0.047063    0.112329    0.224460   81.604950 ^ clkbuf_0_clk/Z (gf180mcu_fd_sc_mcu7t5v0__clkbuf_16)
                                                         clknet_0_clk (net)
                      0.112332    0.000959   81.605904 ^ clkbuf_1_1__f_clk/I (gf180mcu_fd_sc_mcu7t5v0__clkbuf_16)
     7    0.039519    0.106056    0.239993   81.845901 ^ clkbuf_1_1__f_clk/Z (gf180mcu_fd_sc_mcu7t5v0__clkbuf_16)
                                                         clknet_1_1__leaf_clk (net)
                      0.106057    0.000469   81.846367 ^ _69_/CLK (gf180mcu_fd_sc_mcu7t5v0__dffrnq_1)
                                 -0.250000   81.596375   clock uncertainty
                                  0.000000   81.596375   clock reconvergence pessimism
                                 -0.252562   81.343811   library recovery time
                                             81.343811   data required time
---------------------------------------------------------------------------------------------
                                             81.343811   data required time
                                            -17.846395   data arrival time
---------------------------------------------------------------------------------------------
                                             63.497414   slack (MET)


Startpoint: rst_n (input port clocked by clk)
Endpoint: _74_ (recovery check against rising-edge clock clk)
Path Group: asynchronous
Path Type: max

Fanout         Cap        Slew       Delay        Time   Description
---------------------------------------------------------------------------------------------
                                  0.000000    0.000000   clock clk (rise edge)
                                  0.000000    0.000000   clock network delay (propagated)
                                 16.000000   16.000000 ^ input external delay
     1    0.006644    0.000003    0.000085   16.000086 ^ rst_n (in)
                                                         rst_n (net)
                      0.000205    0.000000   16.000086 ^ input14/I (gf180mcu_fd_sc_mcu7t5v0__dlyb_1)
    12    0.111287    1.833211    1.844844   17.844929 ^ input14/Z (gf180mcu_fd_sc_mcu7t5v0__dlyb_1)
                                                         net14 (net)
                      1.833225    0.002840   17.847771 ^ _74_/RN (gf180mcu_fd_sc_mcu7t5v0__dffrnq_1)
                                             17.847771   data arrival time

                                 81.379997   81.379997   clock clk (rise edge)
                                  0.000000   81.379997   clock source latency
     1    0.028568    0.000014    0.000490   81.380486 ^ clk (in)
                                                         clk (net)
                      0.001185    0.000000   81.380486 ^ clkbuf_0_clk/I (gf180mcu_fd_sc_mcu7t5v0__clkbuf_16)
     2    0.047063    0.112329    0.224460   81.604950 ^ clkbuf_0_clk/Z (gf180mcu_fd_sc_mcu7t5v0__clkbuf_16)
                                                         clknet_0_clk (net)
                      0.112332    0.000917   81.605865 ^ clkbuf_1_0__f_clk/I (gf180mcu_fd_sc_mcu7t5v0__clkbuf_16)
     6    0.042190    0.108357    0.241762   81.847626 ^ clkbuf_1_0__f_clk/Z (gf180mcu_fd_sc_mcu7t5v0__clkbuf_16)
                                                         clknet_1_0__leaf_clk (net)
                      0.108357    0.000199   81.847824 ^ _74_/CLK (gf180mcu_fd_sc_mcu7t5v0__dffrnq_1)
                                 -0.250000   81.597824   clock uncertainty
                                  0.000000   81.597824   clock reconvergence pessimism
                                 -0.252108   81.345718   library recovery time
                                             81.345718   data required time
---------------------------------------------------------------------------------------------
                                             81.345718   data required time
                                            -17.847771   data arrival time
---------------------------------------------------------------------------------------------
                                             63.497952   slack (MET)


Startpoint: rst_n (input port clocked by clk)
Endpoint: _78_ (recovery check against rising-edge clock clk)
Path Group: asynchronous
Path Type: max

Fanout         Cap        Slew       Delay        Time   Description
---------------------------------------------------------------------------------------------
                                  0.000000    0.000000   clock clk (rise edge)
                                  0.000000    0.000000   clock network delay (propagated)
                                 16.000000   16.000000 ^ input external delay
     1    0.006644    0.000003    0.000085   16.000086 ^ rst_n (in)
                                                         rst_n (net)
                      0.000205    0.000000   16.000086 ^ input14/I (gf180mcu_fd_sc_mcu7t5v0__dlyb_1)
    12    0.111287    1.833211    1.844844   17.844929 ^ input14/Z (gf180mcu_fd_sc_mcu7t5v0__dlyb_1)
                                                         net14 (net)
                      1.833225    0.002881   17.847811 ^ _78_/RN (gf180mcu_fd_sc_mcu7t5v0__dffrnq_1)
                                             17.847811   data arrival time

                                 81.379997   81.379997   clock clk (rise edge)
                                  0.000000   81.379997   clock source latency
     1    0.028568    0.000014    0.000490   81.380486 ^ clk (in)
                                                         clk (net)
                      0.001185    0.000000   81.380486 ^ clkbuf_0_clk/I (gf180mcu_fd_sc_mcu7t5v0__clkbuf_16)
     2    0.047063    0.112329    0.224460   81.604950 ^ clkbuf_0_clk/Z (gf180mcu_fd_sc_mcu7t5v0__clkbuf_16)
                                                         clknet_0_clk (net)
                      0.112332    0.000917   81.605865 ^ clkbuf_1_0__f_clk/I (gf180mcu_fd_sc_mcu7t5v0__clkbuf_16)
     6    0.042190    0.108357    0.241762   81.847626 ^ clkbuf_1_0__f_clk/Z (gf180mcu_fd_sc_mcu7t5v0__clkbuf_16)
                                                         clknet_1_0__leaf_clk (net)
                      0.108357    0.000291   81.847916 ^ _78_/CLK (gf180mcu_fd_sc_mcu7t5v0__dffrnq_1)
                                 -0.250000   81.597923   clock uncertainty
                                  0.000000   81.597923   clock reconvergence pessimism
                                 -0.252108   81.345810   library recovery time
                                             81.345810   data required time
---------------------------------------------------------------------------------------------
                                             81.345810   data required time
                                            -17.847811   data arrival time
---------------------------------------------------------------------------------------------
                                             63.498001   slack (MET)


Startpoint: rst_n (input port clocked by clk)
Endpoint: _73_ (recovery check against rising-edge clock clk)
Path Group: asynchronous
Path Type: max

Fanout         Cap        Slew       Delay        Time   Description
---------------------------------------------------------------------------------------------
                                  0.000000    0.000000   clock clk (rise edge)
                                  0.000000    0.000000   clock network delay (propagated)
                                 16.000000   16.000000 ^ input external delay
     1    0.006644    0.000003    0.000085   16.000086 ^ rst_n (in)
                                                         rst_n (net)
                      0.000205    0.000000   16.000086 ^ input14/I (gf180mcu_fd_sc_mcu7t5v0__dlyb_1)
    12    0.111287    1.833211    1.844844   17.844929 ^ input14/Z (gf180mcu_fd_sc_mcu7t5v0__dlyb_1)
                                                         net14 (net)
                      1.833220    0.002347   17.847277 ^ _73_/RN (gf180mcu_fd_sc_mcu7t5v0__dffrnq_1)
                                             17.847277   data arrival time

                                 81.379997   81.379997   clock clk (rise edge)
                                  0.000000   81.379997   clock source latency
     1    0.028568    0.000014    0.000490   81.380486 ^ clk (in)
                                                         clk (net)
                      0.001185    0.000000   81.380486 ^ clkbuf_0_clk/I (gf180mcu_fd_sc_mcu7t5v0__clkbuf_16)
     2    0.047063    0.112329    0.224460   81.604950 ^ clkbuf_0_clk/Z (gf180mcu_fd_sc_mcu7t5v0__clkbuf_16)
                                                         clknet_0_clk (net)
                      0.112332    0.000917   81.605865 ^ clkbuf_1_0__f_clk/I (gf180mcu_fd_sc_mcu7t5v0__clkbuf_16)
     6    0.042190    0.108357    0.241762   81.847626 ^ clkbuf_1_0__f_clk/Z (gf180mcu_fd_sc_mcu7t5v0__clkbuf_16)
                                                         clknet_1_0__leaf_clk (net)
                      0.108357    0.000362   81.847992 ^ _73_/CLK (gf180mcu_fd_sc_mcu7t5v0__dffrnq_1)
                                 -0.250000   81.597992   clock uncertainty
                                  0.000000   81.597992   clock reconvergence pessimism
                                 -0.252106   81.345886   library recovery time
                                             81.345886   data required time
---------------------------------------------------------------------------------------------
                                             81.345886   data required time
                                            -17.847277   data arrival time
---------------------------------------------------------------------------------------------
                                             63.498604   slack (MET)


Startpoint: rst_n (input port clocked by clk)
Endpoint: _68_ (recovery check against rising-edge clock clk)
Path Group: asynchronous
Path Type: max

Fanout         Cap        Slew       Delay        Time   Description
---------------------------------------------------------------------------------------------
                                  0.000000    0.000000   clock clk (rise edge)
                                  0.000000    0.000000   clock network delay (propagated)
                                 16.000000   16.000000 ^ input external delay
     1    0.006644    0.000003    0.000085   16.000086 ^ rst_n (in)
                                                         rst_n (net)
                      0.000205    0.000000   16.000086 ^ input14/I (gf180mcu_fd_sc_mcu7t5v0__dlyb_1)
    12    0.111287    1.833211    1.844844   17.844929 ^ input14/Z (gf180mcu_fd_sc_mcu7t5v0__dlyb_1)
                                                         net14 (net)
                      1.833211    0.001830   17.846760 ^ _68_/RN (gf180mcu_fd_sc_mcu7t5v0__dffrnq_1)
                                             17.846760   data arrival time

                                 81.379997   81.379997   clock clk (rise edge)
                                  0.000000   81.379997   clock source latency
     1    0.028568    0.000014    0.000490   81.380486 ^ clk (in)
                                                         clk (net)
                      0.001185    0.000000   81.380486 ^ clkbuf_0_clk/I (gf180mcu_fd_sc_mcu7t5v0__clkbuf_16)
     2    0.047063    0.112329    0.224460   81.604950 ^ clkbuf_0_clk/Z (gf180mcu_fd_sc_mcu7t5v0__clkbuf_16)
                                                         clknet_0_clk (net)
                      0.112332    0.000917   81.605865 ^ clkbuf_1_0__f_clk/I (gf180mcu_fd_sc_mcu7t5v0__clkbuf_16)
     6    0.042190    0.108357    0.241762   81.847626 ^ clkbuf_1_0__f_clk/Z (gf180mcu_fd_sc_mcu7t5v0__clkbuf_16)
                                                         clknet_1_0__leaf_clk (net)
                      0.108357    0.000369   81.847992 ^ _68_/CLK (gf180mcu_fd_sc_mcu7t5v0__dffrnq_1)
                                 -0.250000   81.598000   clock uncertainty
                                  0.000000   81.598000   clock reconvergence pessimism
                                 -0.252102   81.345894   library recovery time
                                             81.345894   data required time
---------------------------------------------------------------------------------------------
                                             81.345894   data required time
                                            -17.846760   data arrival time
---------------------------------------------------------------------------------------------
                                             63.499138   slack (MET)


Startpoint: rst_n (input port clocked by clk)
Endpoint: _72_ (recovery check against rising-edge clock clk)
Path Group: asynchronous
Path Type: max

Fanout         Cap        Slew       Delay        Time   Description
---------------------------------------------------------------------------------------------
                                  0.000000    0.000000   clock clk (rise edge)
                                  0.000000    0.000000   clock network delay (propagated)
                                 16.000000   16.000000 ^ input external delay
     1    0.006644    0.000003    0.000085   16.000086 ^ rst_n (in)
                                                         rst_n (net)
                      0.000205    0.000000   16.000086 ^ input14/I (gf180mcu_fd_sc_mcu7t5v0__dlyb_1)
    12    0.111287    1.833211    1.844844   17.844929 ^ input14/Z (gf180mcu_fd_sc_mcu7t5v0__dlyb_1)
                                                         net14 (net)
                      1.833211    0.001574   17.846504 ^ _72_/RN (gf180mcu_fd_sc_mcu7t5v0__dffrnq_1)
                                             17.846504   data arrival time

                                 81.379997   81.379997   clock clk (rise edge)
                                  0.000000   81.379997   clock source latency
     1    0.028568    0.000014    0.000490   81.380486 ^ clk (in)
                                                         clk (net)
                      0.001185    0.000000   81.380486 ^ clkbuf_0_clk/I (gf180mcu_fd_sc_mcu7t5v0__clkbuf_16)
     2    0.047063    0.112329    0.224460   81.604950 ^ clkbuf_0_clk/Z (gf180mcu_fd_sc_mcu7t5v0__clkbuf_16)
                                                         clknet_0_clk (net)
                      0.112332    0.000917   81.605865 ^ clkbuf_1_0__f_clk/I (gf180mcu_fd_sc_mcu7t5v0__clkbuf_16)
     6    0.042190    0.108357    0.241762   81.847626 ^ clkbuf_1_0__f_clk/Z (gf180mcu_fd_sc_mcu7t5v0__clkbuf_16)
                                                         clknet_1_0__leaf_clk (net)
                      0.108357    0.000220   81.847847 ^ _72_/CLK (gf180mcu_fd_sc_mcu7t5v0__dffrnq_1)
                                 -0.250000   81.597847   clock uncertainty
                                  0.000000   81.597847   clock reconvergence pessimism
                                 -0.252102   81.345749   library recovery time
                                             81.345749   data required time
---------------------------------------------------------------------------------------------
                                             81.345749   data required time
                                            -17.846504   data arrival time
---------------------------------------------------------------------------------------------
                                             63.499245   slack (MET)



