Clock: in_clk
Sources: in_clk 
Generated: no
Virtual: yes
Propagated: no
Period: 13.563000

===========================================================================
report_clock_properties
============================================================================
Clock                   Period          Waveform
----------------------------------------------------
in_clk               13.563000    0.000000  6.781500

===========================================================================
report_clock_latency
============================================================================
Clock in_clk
rise -> rise
    min     max
0.000000 0.000000 source latency
0.444561         network latency _33_/CLK
        0.447859 network latency _34_/CLK
---------------
0.444561 0.447859 latency
        0.003298 skew

fall -> fall
    min     max
0.000000 0.000000 source latency
0.431363         network latency _33_/CLK
        0.434926 network latency _34_/CLK
---------------
0.431363 0.434926 latency
        0.003563 skew



===========================================================================
report_clock_min_period
============================================================================
in_clk period_min = 2.36 fmax = 423.26
