
===========================================================================
report_checks -path_delay min (Hold)
============================================================================
======================= nom_tt_025C_5v00 Corner ===================================

Startpoint: _33_ (rising edge-triggered flip-flop clocked by in_clk)
Endpoint: _33_ (rising edge-triggered flip-flop clocked by in_clk)
Path Group: in_clk
Path Type: min

Fanout         Cap        Slew       Delay        Time   Description
---------------------------------------------------------------------------------------------
                                  0.000000    0.000000   clock in_clk (rise edge)
                                  0.000000    0.000000   clock source latency
     1    0.026698    0.000013    0.000342    0.000342 ^ in_clk (in)
                                                         in_clk (net)
                      0.000816    0.000000    0.000342 ^ clkbuf_0_in_clk/I (gf180mcu_fd_sc_mcu7t5v0__clkbuf_16)
     2    0.046493    0.111878    0.224257    0.224598 ^ clkbuf_0_in_clk/Z (gf180mcu_fd_sc_mcu7t5v0__clkbuf_16)
                                                         clknet_0_in_clk (net)
                      0.111878    0.000201    0.224799 ^ clkbuf_1_1__f_in_clk/I (gf180mcu_fd_sc_mcu7t5v0__clkbuf_16)
     3    0.012912    0.081858    0.219746    0.444545 ^ clkbuf_1_1__f_in_clk/Z (gf180mcu_fd_sc_mcu7t5v0__clkbuf_16)
                                                         clknet_1_1__leaf_in_clk (net)
                      0.081858    0.000016    0.444561 ^ _33_/CLK (gf180mcu_fd_sc_mcu7t5v0__dffrnq_1)
     2    0.008491    0.148792    0.710762    1.155323 v _33_/Q (gf180mcu_fd_sc_mcu7t5v0__dffrnq_1)
                                                         net5 (net)
                      0.148792    0.000013    1.155336 v _17_/I (gf180mcu_fd_sc_mcu7t5v0__clkinv_1)
     1    0.006437    0.154716    0.130410    1.285746 ^ _17_/ZN (gf180mcu_fd_sc_mcu7t5v0__clkinv_1)
                                                         _07_ (net)
                      0.154716    0.000038    1.285784 ^ _30_/A1 (gf180mcu_fd_sc_mcu7t5v0__aoi21_1)
     1    0.003666    0.124012    0.108211    1.393995 v _30_/ZN (gf180mcu_fd_sc_mcu7t5v0__aoi21_1)
                                                         _05_ (net)
                      0.124012    0.000009    1.394004 v _33_/D (gf180mcu_fd_sc_mcu7t5v0__dffrnq_1)
                                              1.394004   data arrival time

                                  0.000000    0.000000   clock in_clk (rise edge)
                                  0.000000    0.000000   clock source latency
     1    0.026698    0.000013    0.000342    0.000342 ^ in_clk (in)
                                                         in_clk (net)
                      0.000816    0.000000    0.000342 ^ clkbuf_0_in_clk/I (gf180mcu_fd_sc_mcu7t5v0__clkbuf_16)
     2    0.046493    0.111878    0.224257    0.224598 ^ clkbuf_0_in_clk/Z (gf180mcu_fd_sc_mcu7t5v0__clkbuf_16)
                                                         clknet_0_in_clk (net)
                      0.111878    0.000201    0.224799 ^ clkbuf_1_1__f_in_clk/I (gf180mcu_fd_sc_mcu7t5v0__clkbuf_16)
     3    0.012912    0.081858    0.219746    0.444545 ^ clkbuf_1_1__f_in_clk/Z (gf180mcu_fd_sc_mcu7t5v0__clkbuf_16)
                                                         clknet_1_1__leaf_in_clk (net)
                      0.081858    0.000016    0.444561 ^ _33_/CLK (gf180mcu_fd_sc_mcu7t5v0__dffrnq_1)
                                  0.200000    0.644561   clock uncertainty
                                  0.000000    0.644561   clock reconvergence pessimism
                                  0.128069    0.772630   library hold time
                                              0.772630   data required time
---------------------------------------------------------------------------------------------
                                              0.772630   data required time
                                             -1.394004   data arrival time
---------------------------------------------------------------------------------------------
                                              0.621374   slack (MET)


Startpoint: _32_ (rising edge-triggered flip-flop clocked by in_clk)
Endpoint: _32_ (rising edge-triggered flip-flop clocked by in_clk)
Path Group: in_clk
Path Type: min

Fanout         Cap        Slew       Delay        Time   Description
---------------------------------------------------------------------------------------------
                                  0.000000    0.000000   clock in_clk (rise edge)
                                  0.000000    0.000000   clock source latency
     1    0.026698    0.000013    0.000342    0.000342 ^ in_clk (in)
                                                         in_clk (net)
                      0.000816    0.000000    0.000342 ^ clkbuf_0_in_clk/I (gf180mcu_fd_sc_mcu7t5v0__clkbuf_16)
     2    0.046493    0.111878    0.224257    0.224598 ^ clkbuf_0_in_clk/Z (gf180mcu_fd_sc_mcu7t5v0__clkbuf_16)
                                                         clknet_0_in_clk (net)
                      0.111878    0.000201    0.224799 ^ clkbuf_1_1__f_in_clk/I (gf180mcu_fd_sc_mcu7t5v0__clkbuf_16)
     3    0.012912    0.081858    0.219746    0.444545 ^ clkbuf_1_1__f_in_clk/Z (gf180mcu_fd_sc_mcu7t5v0__clkbuf_16)
                                                         clknet_1_1__leaf_in_clk (net)
                      0.081858    0.000020    0.444566 ^ _32_/CLK (gf180mcu_fd_sc_mcu7t5v0__dffrnq_1)
     2    0.007903    0.143388    0.706151    1.150717 v _32_/Q (gf180mcu_fd_sc_mcu7t5v0__dffrnq_1)
                                                         net3 (net)
                      0.143388    0.000016    1.150733 v _16_/I (gf180mcu_fd_sc_mcu7t5v0__clkinv_1)
     2    0.009029    0.195948    0.153307    1.304040 ^ _16_/ZN (gf180mcu_fd_sc_mcu7t5v0__clkinv_1)
                                                         net4 (net)
                      0.195948    0.000020    1.304059 ^ _29_/B1 (gf180mcu_fd_sc_mcu7t5v0__aoi22_1)
     1    0.003521    0.124115    0.150780    1.454839 v _29_/ZN (gf180mcu_fd_sc_mcu7t5v0__aoi22_1)
                                                         _04_ (net)
                      0.124115    0.000007    1.454847 v _32_/D (gf180mcu_fd_sc_mcu7t5v0__dffrnq_1)
                                              1.454847   data arrival time

                                  0.000000    0.000000   clock in_clk (rise edge)
                                  0.000000    0.000000   clock source latency
     1    0.026698    0.000013    0.000342    0.000342 ^ in_clk (in)
                                                         in_clk (net)
                      0.000816    0.000000    0.000342 ^ clkbuf_0_in_clk/I (gf180mcu_fd_sc_mcu7t5v0__clkbuf_16)
     2    0.046493    0.111878    0.224257    0.224598 ^ clkbuf_0_in_clk/Z (gf180mcu_fd_sc_mcu7t5v0__clkbuf_16)
                                                         clknet_0_in_clk (net)
                      0.111878    0.000201    0.224799 ^ clkbuf_1_1__f_in_clk/I (gf180mcu_fd_sc_mcu7t5v0__clkbuf_16)
     3    0.012912    0.081858    0.219746    0.444545 ^ clkbuf_1_1__f_in_clk/Z (gf180mcu_fd_sc_mcu7t5v0__clkbuf_16)
                                                         clknet_1_1__leaf_in_clk (net)
                      0.081858    0.000020    0.444566 ^ _32_/CLK (gf180mcu_fd_sc_mcu7t5v0__dffrnq_1)
                                  0.200000    0.644566   clock uncertainty
                                  0.000000    0.644566   clock reconvergence pessimism
                                  0.128048    0.772614   library hold time
                                              0.772614   data required time
---------------------------------------------------------------------------------------------
                                              0.772614   data required time
                                             -1.454847   data arrival time
---------------------------------------------------------------------------------------------
                                              0.682233   slack (MET)


Startpoint: rst (input port clocked by in_clk)
Endpoint: _35_ (removal check against rising-edge clock in_clk)
Path Group: asynchronous
Path Type: min

Fanout         Cap        Slew       Delay        Time   Description
---------------------------------------------------------------------------------------------
                                  0.000000    0.000000   clock in_clk (rise edge)
                                  0.000000    0.000000   clock network delay (propagated)
                                  0.500000    0.500000 ^ input external delay
     1    0.003307    0.000002    0.000007    0.500007 ^ rst (in)
                                                         rst (net)
                      0.000015    0.000000    0.500007 ^ input1/I (gf180mcu_fd_sc_mcu7t5v0__dlyb_1)
     6    0.048949    0.865544    1.269517    1.769525 ^ input1/Z (gf180mcu_fd_sc_mcu7t5v0__dlyb_1)
                                                         net1 (net)
                      0.865544    0.000128    1.769653 ^ _35_/RN (gf180mcu_fd_sc_mcu7t5v0__dffrnq_1)
                                              1.769653   data arrival time

                                  0.000000    0.000000   clock in_clk (rise edge)
                                  0.000000    0.000000   clock source latency
     1    0.026698    0.000013    0.000342    0.000342 ^ in_clk (in)
                                                         in_clk (net)
                      0.000816    0.000000    0.000342 ^ clkbuf_0_in_clk/I (gf180mcu_fd_sc_mcu7t5v0__clkbuf_16)
     2    0.046493    0.111878    0.224257    0.224598 ^ clkbuf_0_in_clk/Z (gf180mcu_fd_sc_mcu7t5v0__clkbuf_16)
                                                         clknet_0_in_clk (net)
                      0.111878    0.000172    0.224770 ^ clkbuf_1_0__f_in_clk/I (gf180mcu_fd_sc_mcu7t5v0__clkbuf_16)
     4    0.016850    0.085540    0.223048    0.447818 ^ clkbuf_1_0__f_in_clk/Z (gf180mcu_fd_sc_mcu7t5v0__clkbuf_16)
                                                         clknet_1_0__leaf_in_clk (net)
                      0.085540    0.000010    0.447828 ^ _35_/CLK (gf180mcu_fd_sc_mcu7t5v0__dffrnq_1)
                                  0.200000    0.647828   clock uncertainty
                                  0.000000    0.647828   clock reconvergence pessimism
                                  0.398717    1.046545   library removal time
                                              1.046545   data required time
---------------------------------------------------------------------------------------------
                                              1.046545   data required time
                                             -1.769653   data arrival time
---------------------------------------------------------------------------------------------
                                              0.723108   slack (MET)


Startpoint: rst (input port clocked by in_clk)
Endpoint: _36_ (removal check against rising-edge clock in_clk)
Path Group: asynchronous
Path Type: min

Fanout         Cap        Slew       Delay        Time   Description
---------------------------------------------------------------------------------------------
                                  0.000000    0.000000   clock in_clk (rise edge)
                                  0.000000    0.000000   clock network delay (propagated)
                                  0.500000    0.500000 ^ input external delay
     1    0.003307    0.000002    0.000007    0.500007 ^ rst (in)
                                                         rst (net)
                      0.000015    0.000000    0.500007 ^ input1/I (gf180mcu_fd_sc_mcu7t5v0__dlyb_1)
     6    0.048949    0.865544    1.269517    1.769525 ^ input1/Z (gf180mcu_fd_sc_mcu7t5v0__dlyb_1)
                                                         net1 (net)
                      0.865544    0.000185    1.769710 ^ _36_/RN (gf180mcu_fd_sc_mcu7t5v0__dffrnq_1)
                                              1.769710   data arrival time

                                  0.000000    0.000000   clock in_clk (rise edge)
                                  0.000000    0.000000   clock source latency
     1    0.026698    0.000013    0.000342    0.000342 ^ in_clk (in)
                                                         in_clk (net)
                      0.000816    0.000000    0.000342 ^ clkbuf_0_in_clk/I (gf180mcu_fd_sc_mcu7t5v0__clkbuf_16)
     2    0.046493    0.111878    0.224257    0.224598 ^ clkbuf_0_in_clk/Z (gf180mcu_fd_sc_mcu7t5v0__clkbuf_16)
                                                         clknet_0_in_clk (net)
                      0.111878    0.000172    0.224770 ^ clkbuf_1_0__f_in_clk/I (gf180mcu_fd_sc_mcu7t5v0__clkbuf_16)
     4    0.016850    0.085540    0.223048    0.447818 ^ clkbuf_1_0__f_in_clk/Z (gf180mcu_fd_sc_mcu7t5v0__clkbuf_16)
                                                         clknet_1_0__leaf_in_clk (net)
                      0.085540    0.000026    0.447845 ^ _36_/CLK (gf180mcu_fd_sc_mcu7t5v0__dffrnq_1)
                                  0.200000    0.647845   clock uncertainty
                                  0.000000    0.647845   clock reconvergence pessimism
                                  0.398717    1.046562   library removal time
                                              1.046562   data required time
---------------------------------------------------------------------------------------------
                                              1.046562   data required time
                                             -1.769710   data arrival time
---------------------------------------------------------------------------------------------
                                              0.723148   slack (MET)


Startpoint: rst (input port clocked by in_clk)
Endpoint: _34_ (removal check against rising-edge clock in_clk)
Path Group: asynchronous
Path Type: min

Fanout         Cap        Slew       Delay        Time   Description
---------------------------------------------------------------------------------------------
                                  0.000000    0.000000   clock in_clk (rise edge)
                                  0.000000    0.000000   clock network delay (propagated)
                                  0.500000    0.500000 ^ input external delay
     1    0.003307    0.000002    0.000007    0.500007 ^ rst (in)
                                                         rst (net)
                      0.000015    0.000000    0.500007 ^ input1/I (gf180mcu_fd_sc_mcu7t5v0__dlyb_1)
     6    0.048949    0.865544    1.269517    1.769525 ^ input1/Z (gf180mcu_fd_sc_mcu7t5v0__dlyb_1)
                                                         net1 (net)
                      0.865544    0.000209    1.769734 ^ _34_/RN (gf180mcu_fd_sc_mcu7t5v0__dffrnq_1)
                                              1.769734   data arrival time

                                  0.000000    0.000000   clock in_clk (rise edge)
                                  0.000000    0.000000   clock source latency
     1    0.026698    0.000013    0.000342    0.000342 ^ in_clk (in)
                                                         in_clk (net)
                      0.000816    0.000000    0.000342 ^ clkbuf_0_in_clk/I (gf180mcu_fd_sc_mcu7t5v0__clkbuf_16)
     2    0.046493    0.111878    0.224257    0.224598 ^ clkbuf_0_in_clk/Z (gf180mcu_fd_sc_mcu7t5v0__clkbuf_16)
                                                         clknet_0_in_clk (net)
                      0.111878    0.000172    0.224770 ^ clkbuf_1_0__f_in_clk/I (gf180mcu_fd_sc_mcu7t5v0__clkbuf_16)
     4    0.016850    0.085540    0.223048    0.447818 ^ clkbuf_1_0__f_in_clk/Z (gf180mcu_fd_sc_mcu7t5v0__clkbuf_16)
                                                         clknet_1_0__leaf_in_clk (net)
                      0.085540    0.000040    0.447859 ^ _34_/CLK (gf180mcu_fd_sc_mcu7t5v0__dffrnq_1)
                                  0.200000    0.647859   clock uncertainty
                                  0.000000    0.647859   clock reconvergence pessimism
                                  0.398717    1.046576   library removal time
                                              1.046576   data required time
---------------------------------------------------------------------------------------------
                                              1.046576   data required time
                                             -1.769734   data arrival time
---------------------------------------------------------------------------------------------
                                              0.723158   slack (MET)


Startpoint: rst (input port clocked by in_clk)
Endpoint: _33_ (removal check against rising-edge clock in_clk)
Path Group: asynchronous
Path Type: min

Fanout         Cap        Slew       Delay        Time   Description
---------------------------------------------------------------------------------------------
                                  0.000000    0.000000   clock in_clk (rise edge)
                                  0.000000    0.000000   clock network delay (propagated)
                                  0.500000    0.500000 ^ input external delay
     1    0.003307    0.000002    0.000007    0.500007 ^ rst (in)
                                                         rst (net)
                      0.000015    0.000000    0.500007 ^ input1/I (gf180mcu_fd_sc_mcu7t5v0__dlyb_1)
     6    0.048949    0.865544    1.269517    1.769525 ^ input1/Z (gf180mcu_fd_sc_mcu7t5v0__dlyb_1)
                                                         net1 (net)
                      0.865544    0.000051    1.769575 ^ _33_/RN (gf180mcu_fd_sc_mcu7t5v0__dffrnq_1)
                                              1.769575   data arrival time

                                  0.000000    0.000000   clock in_clk (rise edge)
                                  0.000000    0.000000   clock source latency
     1    0.026698    0.000013    0.000342    0.000342 ^ in_clk (in)
                                                         in_clk (net)
                      0.000816    0.000000    0.000342 ^ clkbuf_0_in_clk/I (gf180mcu_fd_sc_mcu7t5v0__clkbuf_16)
     2    0.046493    0.111878    0.224257    0.224598 ^ clkbuf_0_in_clk/Z (gf180mcu_fd_sc_mcu7t5v0__clkbuf_16)
                                                         clknet_0_in_clk (net)
                      0.111878    0.000201    0.224799 ^ clkbuf_1_1__f_in_clk/I (gf180mcu_fd_sc_mcu7t5v0__clkbuf_16)
     3    0.012912    0.081858    0.219746    0.444545 ^ clkbuf_1_1__f_in_clk/Z (gf180mcu_fd_sc_mcu7t5v0__clkbuf_16)
                                                         clknet_1_1__leaf_in_clk (net)
                      0.081858    0.000016    0.444561 ^ _33_/CLK (gf180mcu_fd_sc_mcu7t5v0__dffrnq_1)
                                  0.200000    0.644561   clock uncertainty
                                  0.000000    0.644561   clock reconvergence pessimism
                                  0.398040    1.042601   library removal time
                                              1.042601   data required time
---------------------------------------------------------------------------------------------
                                              1.042601   data required time
                                             -1.769575   data arrival time
---------------------------------------------------------------------------------------------
                                              0.726974   slack (MET)


Startpoint: rst (input port clocked by in_clk)
Endpoint: _32_ (removal check against rising-edge clock in_clk)
Path Group: asynchronous
Path Type: min

Fanout         Cap        Slew       Delay        Time   Description
---------------------------------------------------------------------------------------------
                                  0.000000    0.000000   clock in_clk (rise edge)
                                  0.000000    0.000000   clock network delay (propagated)
                                  0.500000    0.500000 ^ input external delay
     1    0.003307    0.000002    0.000007    0.500007 ^ rst (in)
                                                         rst (net)
                      0.000015    0.000000    0.500007 ^ input1/I (gf180mcu_fd_sc_mcu7t5v0__dlyb_1)
     6    0.048949    0.865544    1.269517    1.769525 ^ input1/Z (gf180mcu_fd_sc_mcu7t5v0__dlyb_1)
                                                         net1 (net)
                      0.865544    0.000090    1.769615 ^ _32_/RN (gf180mcu_fd_sc_mcu7t5v0__dffrnq_1)
                                              1.769615   data arrival time

                                  0.000000    0.000000   clock in_clk (rise edge)
                                  0.000000    0.000000   clock source latency
     1    0.026698    0.000013    0.000342    0.000342 ^ in_clk (in)
                                                         in_clk (net)
                      0.000816    0.000000    0.000342 ^ clkbuf_0_in_clk/I (gf180mcu_fd_sc_mcu7t5v0__clkbuf_16)
     2    0.046493    0.111878    0.224257    0.224598 ^ clkbuf_0_in_clk/Z (gf180mcu_fd_sc_mcu7t5v0__clkbuf_16)
                                                         clknet_0_in_clk (net)
                      0.111878    0.000201    0.224799 ^ clkbuf_1_1__f_in_clk/I (gf180mcu_fd_sc_mcu7t5v0__clkbuf_16)
     3    0.012912    0.081858    0.219746    0.444545 ^ clkbuf_1_1__f_in_clk/Z (gf180mcu_fd_sc_mcu7t5v0__clkbuf_16)
                                                         clknet_1_1__leaf_in_clk (net)
                      0.081858    0.000020    0.444566 ^ _32_/CLK (gf180mcu_fd_sc_mcu7t5v0__dffrnq_1)
                                  0.200000    0.644566   clock uncertainty
                                  0.000000    0.644566   clock reconvergence pessimism
                                  0.398040    1.042605   library removal time
                                              1.042605   data required time
---------------------------------------------------------------------------------------------
                                              1.042605   data required time
                                             -1.769615   data arrival time
---------------------------------------------------------------------------------------------
                                              0.727010   slack (MET)


Startpoint: _31_ (rising edge-triggered flip-flop clocked by in_clk)
Endpoint: _31_ (rising edge-triggered flip-flop clocked by in_clk)
Path Group: in_clk
Path Type: min

Fanout         Cap        Slew       Delay        Time   Description
---------------------------------------------------------------------------------------------
                                  0.000000    0.000000   clock in_clk (rise edge)
                                  0.000000    0.000000   clock source latency
     1    0.026698    0.000013    0.000342    0.000342 ^ in_clk (in)
                                                         in_clk (net)
                      0.000816    0.000000    0.000342 ^ clkbuf_0_in_clk/I (gf180mcu_fd_sc_mcu7t5v0__clkbuf_16)
     2    0.046493    0.111878    0.224257    0.224598 ^ clkbuf_0_in_clk/Z (gf180mcu_fd_sc_mcu7t5v0__clkbuf_16)
                                                         clknet_0_in_clk (net)
                      0.111878    0.000201    0.224799 ^ clkbuf_1_1__f_in_clk/I (gf180mcu_fd_sc_mcu7t5v0__clkbuf_16)
     3    0.012912    0.081858    0.219746    0.444545 ^ clkbuf_1_1__f_in_clk/Z (gf180mcu_fd_sc_mcu7t5v0__clkbuf_16)
                                                         clknet_1_1__leaf_in_clk (net)
                      0.081858    0.000037    0.444583 ^ _31_/CLK (gf180mcu_fd_sc_mcu7t5v0__dffsnq_1)
     2    0.008353    0.160886    0.785721    1.230304 v _31_/Q (gf180mcu_fd_sc_mcu7t5v0__dffsnq_1)
                                                         net2 (net)
                      0.160886    0.000034    1.230338 v _26_/A3 (gf180mcu_fd_sc_mcu7t5v0__nand3_1)
     1    0.004959    0.255883    0.206956    1.437293 ^ _26_/ZN (gf180mcu_fd_sc_mcu7t5v0__nand3_1)
                                                         _13_ (net)
                      0.255883    0.000004    1.437297 ^ _27_/B (gf180mcu_fd_sc_mcu7t5v0__oai21_1)
     1    0.003049    0.135634    0.122060    1.559357 v _27_/ZN (gf180mcu_fd_sc_mcu7t5v0__oai21_1)
                                                         _03_ (net)
                      0.135634    0.000005    1.559362 v _31_/D (gf180mcu_fd_sc_mcu7t5v0__dffsnq_1)
                                              1.559362   data arrival time

                                  0.000000    0.000000   clock in_clk (rise edge)
                                  0.000000    0.000000   clock source latency
     1    0.026698    0.000013    0.000342    0.000342 ^ in_clk (in)
                                                         in_clk (net)
                      0.000816    0.000000    0.000342 ^ clkbuf_0_in_clk/I (gf180mcu_fd_sc_mcu7t5v0__clkbuf_16)
     2    0.046493    0.111878    0.224257    0.224598 ^ clkbuf_0_in_clk/Z (gf180mcu_fd_sc_mcu7t5v0__clkbuf_16)
                                                         clknet_0_in_clk (net)
                      0.111878    0.000201    0.224799 ^ clkbuf_1_1__f_in_clk/I (gf180mcu_fd_sc_mcu7t5v0__clkbuf_16)
     3    0.012912    0.081858    0.219746    0.444545 ^ clkbuf_1_1__f_in_clk/Z (gf180mcu_fd_sc_mcu7t5v0__clkbuf_16)
                                                         clknet_1_1__leaf_in_clk (net)
                      0.081858    0.000037    0.444583 ^ _31_/CLK (gf180mcu_fd_sc_mcu7t5v0__dffsnq_1)
                                  0.200000    0.644583   clock uncertainty
                                  0.000000    0.644583   clock reconvergence pessimism
                                  0.023118    0.667701   library hold time
                                              0.667701   data required time
---------------------------------------------------------------------------------------------
                                              0.667701   data required time
                                             -1.559362   data arrival time
---------------------------------------------------------------------------------------------
                                              0.891661   slack (MET)


Startpoint: _34_ (rising edge-triggered flip-flop clocked by in_clk)
Endpoint: _34_ (rising edge-triggered flip-flop clocked by in_clk)
Path Group: in_clk
Path Type: min

Fanout         Cap        Slew       Delay        Time   Description
---------------------------------------------------------------------------------------------
                                  0.000000    0.000000   clock in_clk (rise edge)
                                  0.000000    0.000000   clock source latency
     1    0.026698    0.000013    0.000342    0.000342 ^ in_clk (in)
                                                         in_clk (net)
                      0.000816    0.000000    0.000342 ^ clkbuf_0_in_clk/I (gf180mcu_fd_sc_mcu7t5v0__clkbuf_16)
     2    0.046493    0.111878    0.224257    0.224598 ^ clkbuf_0_in_clk/Z (gf180mcu_fd_sc_mcu7t5v0__clkbuf_16)
                                                         clknet_0_in_clk (net)
                      0.111878    0.000172    0.224770 ^ clkbuf_1_0__f_in_clk/I (gf180mcu_fd_sc_mcu7t5v0__clkbuf_16)
     4    0.016850    0.085540    0.223048    0.447818 ^ clkbuf_1_0__f_in_clk/Z (gf180mcu_fd_sc_mcu7t5v0__clkbuf_16)
                                                         clknet_1_0__leaf_in_clk (net)
                      0.085540    0.000040    0.447859 ^ _34_/CLK (gf180mcu_fd_sc_mcu7t5v0__dffrnq_1)
     6    0.028178    0.324286    0.838566    1.286425 v _34_/Q (gf180mcu_fd_sc_mcu7t5v0__dffrnq_1)
                                                         counter[0] (net)
                      0.324286    0.000090    1.286515 v _19_/B (gf180mcu_fd_sc_mcu7t5v0__aoi21_1)
     1    0.003372    0.242844    0.211104    1.497619 ^ _19_/ZN (gf180mcu_fd_sc_mcu7t5v0__aoi21_1)
                                                         _00_ (net)
                      0.242844    0.000005    1.497624 ^ _34_/D (gf180mcu_fd_sc_mcu7t5v0__dffrnq_1)
                                              1.497624   data arrival time

                                  0.000000    0.000000   clock in_clk (rise edge)
                                  0.000000    0.000000   clock source latency
     1    0.026698    0.000013    0.000342    0.000342 ^ in_clk (in)
                                                         in_clk (net)
                      0.000816    0.000000    0.000342 ^ clkbuf_0_in_clk/I (gf180mcu_fd_sc_mcu7t5v0__clkbuf_16)
     2    0.046493    0.111878    0.224257    0.224598 ^ clkbuf_0_in_clk/Z (gf180mcu_fd_sc_mcu7t5v0__clkbuf_16)
                                                         clknet_0_in_clk (net)
                      0.111878    0.000172    0.224770 ^ clkbuf_1_0__f_in_clk/I (gf180mcu_fd_sc_mcu7t5v0__clkbuf_16)
     4    0.016850    0.085540    0.223048    0.447818 ^ clkbuf_1_0__f_in_clk/Z (gf180mcu_fd_sc_mcu7t5v0__clkbuf_16)
                                                         clknet_1_0__leaf_in_clk (net)
                      0.085540    0.000040    0.447859 ^ _34_/CLK (gf180mcu_fd_sc_mcu7t5v0__dffrnq_1)
                                  0.200000    0.647859   clock uncertainty
                                  0.000000    0.647859   clock reconvergence pessimism
                                 -0.117475    0.530384   library hold time
                                              0.530384   data required time
---------------------------------------------------------------------------------------------
                                              0.530384   data required time
                                             -1.497624   data arrival time
---------------------------------------------------------------------------------------------
                                              0.967240   slack (MET)


Startpoint: rst (input port clocked by in_clk)
Endpoint: _31_ (removal check against rising-edge clock in_clk)
Path Group: asynchronous
Path Type: min

Fanout         Cap        Slew       Delay        Time   Description
---------------------------------------------------------------------------------------------
                                  0.000000    0.000000   clock in_clk (rise edge)
                                  0.000000    0.000000   clock network delay (propagated)
                                  0.500000    0.500000 ^ input external delay
     1    0.003307    0.000002    0.000007    0.500007 ^ rst (in)
                                                         rst (net)
                      0.000015    0.000000    0.500007 ^ input1/I (gf180mcu_fd_sc_mcu7t5v0__dlyb_1)
     6    0.048949    0.865544    1.269517    1.769525 ^ input1/Z (gf180mcu_fd_sc_mcu7t5v0__dlyb_1)
                                                         net1 (net)
                      0.865544    0.000051    1.769575 ^ _31_/SETN (gf180mcu_fd_sc_mcu7t5v0__dffsnq_1)
                                              1.769575   data arrival time

                                  0.000000    0.000000   clock in_clk (rise edge)
                                  0.000000    0.000000   clock source latency
     1    0.026698    0.000013    0.000342    0.000342 ^ in_clk (in)
                                                         in_clk (net)
                      0.000816    0.000000    0.000342 ^ clkbuf_0_in_clk/I (gf180mcu_fd_sc_mcu7t5v0__clkbuf_16)
     2    0.046493    0.111878    0.224257    0.224598 ^ clkbuf_0_in_clk/Z (gf180mcu_fd_sc_mcu7t5v0__clkbuf_16)
                                                         clknet_0_in_clk (net)
                      0.111878    0.000201    0.224799 ^ clkbuf_1_1__f_in_clk/I (gf180mcu_fd_sc_mcu7t5v0__clkbuf_16)
     3    0.012912    0.081858    0.219746    0.444545 ^ clkbuf_1_1__f_in_clk/Z (gf180mcu_fd_sc_mcu7t5v0__clkbuf_16)
                                                         clknet_1_1__leaf_in_clk (net)
                      0.081858    0.000037    0.444583 ^ _31_/CLK (gf180mcu_fd_sc_mcu7t5v0__dffsnq_1)
                                  0.200000    0.644583   clock uncertainty
                                  0.000000    0.644583   clock reconvergence pessimism
                                  0.119276    0.763859   library removal time
                                              0.763859   data required time
---------------------------------------------------------------------------------------------
                                              0.763859   data required time
                                             -1.769575   data arrival time
---------------------------------------------------------------------------------------------
                                              1.005716   slack (MET)


Startpoint: _36_ (rising edge-triggered flip-flop clocked by in_clk)
Endpoint: _36_ (rising edge-triggered flip-flop clocked by in_clk)
Path Group: in_clk
Path Type: min

Fanout         Cap        Slew       Delay        Time   Description
---------------------------------------------------------------------------------------------
                                  0.000000    0.000000   clock in_clk (rise edge)
                                  0.000000    0.000000   clock source latency
     1    0.026698    0.000013    0.000342    0.000342 ^ in_clk (in)
                                                         in_clk (net)
                      0.000816    0.000000    0.000342 ^ clkbuf_0_in_clk/I (gf180mcu_fd_sc_mcu7t5v0__clkbuf_16)
     2    0.046493    0.111878    0.224257    0.224598 ^ clkbuf_0_in_clk/Z (gf180mcu_fd_sc_mcu7t5v0__clkbuf_16)
                                                         clknet_0_in_clk (net)
                      0.111878    0.000172    0.224770 ^ clkbuf_1_0__f_in_clk/I (gf180mcu_fd_sc_mcu7t5v0__clkbuf_16)
     4    0.016850    0.085540    0.223048    0.447818 ^ clkbuf_1_0__f_in_clk/Z (gf180mcu_fd_sc_mcu7t5v0__clkbuf_16)
                                                         clknet_1_0__leaf_in_clk (net)
                      0.085540    0.000026    0.447845 ^ _36_/CLK (gf180mcu_fd_sc_mcu7t5v0__dffrnq_1)
     8    0.044878    0.480304    0.939054    1.386899 v _36_/Q (gf180mcu_fd_sc_mcu7t5v0__dffrnq_1)
                                                         counter[2] (net)
                      0.480304    0.000151    1.387049 v _25_/S (gf180mcu_fd_sc_mcu7t5v0__mux2_2)
     1    0.004343    0.118102    0.402843    1.789893 v _25_/Z (gf180mcu_fd_sc_mcu7t5v0__mux2_2)
                                                         _02_ (net)
                      0.118102    0.000020    1.789912 v _36_/D (gf180mcu_fd_sc_mcu7t5v0__dffrnq_1)
                                              1.789912   data arrival time

                                  0.000000    0.000000   clock in_clk (rise edge)
                                  0.000000    0.000000   clock source latency
     1    0.026698    0.000013    0.000342    0.000342 ^ in_clk (in)
                                                         in_clk (net)
                      0.000816    0.000000    0.000342 ^ clkbuf_0_in_clk/I (gf180mcu_fd_sc_mcu7t5v0__clkbuf_16)
     2    0.046493    0.111878    0.224257    0.224598 ^ clkbuf_0_in_clk/Z (gf180mcu_fd_sc_mcu7t5v0__clkbuf_16)
                                                         clknet_0_in_clk (net)
                      0.111878    0.000172    0.224770 ^ clkbuf_1_0__f_in_clk/I (gf180mcu_fd_sc_mcu7t5v0__clkbuf_16)
     4    0.016850    0.085540    0.223048    0.447818 ^ clkbuf_1_0__f_in_clk/Z (gf180mcu_fd_sc_mcu7t5v0__clkbuf_16)
                                                         clknet_1_0__leaf_in_clk (net)
                      0.085540    0.000026    0.447845 ^ _36_/CLK (gf180mcu_fd_sc_mcu7t5v0__dffrnq_1)
                                  0.200000    0.647845   clock uncertainty
                                  0.000000    0.647845   clock reconvergence pessimism
                                  0.129950    0.777794   library hold time
                                              0.777794   data required time
---------------------------------------------------------------------------------------------
                                              0.777794   data required time
                                             -1.789912   data arrival time
---------------------------------------------------------------------------------------------
                                              1.012118   slack (MET)


Startpoint: _34_ (rising edge-triggered flip-flop clocked by in_clk)
Endpoint: _35_ (rising edge-triggered flip-flop clocked by in_clk)
Path Group: in_clk
Path Type: min

Fanout         Cap        Slew       Delay        Time   Description
---------------------------------------------------------------------------------------------
                                  0.000000    0.000000   clock in_clk (rise edge)
                                  0.000000    0.000000   clock source latency
     1    0.026698    0.000013    0.000342    0.000342 ^ in_clk (in)
                                                         in_clk (net)
                      0.000816    0.000000    0.000342 ^ clkbuf_0_in_clk/I (gf180mcu_fd_sc_mcu7t5v0__clkbuf_16)
     2    0.046493    0.111878    0.224257    0.224598 ^ clkbuf_0_in_clk/Z (gf180mcu_fd_sc_mcu7t5v0__clkbuf_16)
                                                         clknet_0_in_clk (net)
                      0.111878    0.000172    0.224770 ^ clkbuf_1_0__f_in_clk/I (gf180mcu_fd_sc_mcu7t5v0__clkbuf_16)
     4    0.016850    0.085540    0.223048    0.447818 ^ clkbuf_1_0__f_in_clk/Z (gf180mcu_fd_sc_mcu7t5v0__clkbuf_16)
                                                         clknet_1_0__leaf_in_clk (net)
                      0.085540    0.000040    0.447859 ^ _34_/CLK (gf180mcu_fd_sc_mcu7t5v0__dffrnq_1)
     6    0.028178    0.324286    0.838566    1.286425 v _34_/Q (gf180mcu_fd_sc_mcu7t5v0__dffrnq_1)
                                                         counter[0] (net)
                      0.324286    0.000092    1.286517 v _23_/A1 (gf180mcu_fd_sc_mcu7t5v0__nor2_1)
     2    0.010060    0.422097    0.321616    1.608133 ^ _23_/ZN (gf180mcu_fd_sc_mcu7t5v0__nor2_1)
                                                         _12_ (net)
                      0.422097    0.000012    1.608144 ^ _24_/A3 (gf180mcu_fd_sc_mcu7t5v0__nor3_1)
     1    0.003301    0.175198    0.195783    1.803927 v _24_/ZN (gf180mcu_fd_sc_mcu7t5v0__nor3_1)
                                                         _01_ (net)
                      0.175198    0.000004    1.803931 v _35_/D (gf180mcu_fd_sc_mcu7t5v0__dffrnq_1)
                                              1.803931   data arrival time

                                  0.000000    0.000000   clock in_clk (rise edge)
                                  0.000000    0.000000   clock source latency
     1    0.026698    0.000013    0.000342    0.000342 ^ in_clk (in)
                                                         in_clk (net)
                      0.000816    0.000000    0.000342 ^ clkbuf_0_in_clk/I (gf180mcu_fd_sc_mcu7t5v0__clkbuf_16)
     2    0.046493    0.111878    0.224257    0.224598 ^ clkbuf_0_in_clk/Z (gf180mcu_fd_sc_mcu7t5v0__clkbuf_16)
                                                         clknet_0_in_clk (net)
                      0.111878    0.000172    0.224770 ^ clkbuf_1_0__f_in_clk/I (gf180mcu_fd_sc_mcu7t5v0__clkbuf_16)
     4    0.016850    0.085540    0.223048    0.447818 ^ clkbuf_1_0__f_in_clk/Z (gf180mcu_fd_sc_mcu7t5v0__clkbuf_16)
                                                         clknet_1_0__leaf_in_clk (net)
                      0.085540    0.000010    0.447828 ^ _35_/CLK (gf180mcu_fd_sc_mcu7t5v0__dffrnq_1)
                                  0.200000    0.647828   clock uncertainty
                                  0.000000    0.647828   clock reconvergence pessimism
                                  0.118180    0.766008   library hold time
                                              0.766008   data required time
---------------------------------------------------------------------------------------------
                                              0.766008   data required time
                                             -1.803931   data arrival time
---------------------------------------------------------------------------------------------
                                              1.037923   slack (MET)


Startpoint: _32_ (rising edge-triggered flip-flop clocked by in_clk)
Endpoint: out_clk2 (output port clocked by in_clk)
Path Group: in_clk
Path Type: min

Fanout         Cap        Slew       Delay        Time   Description
---------------------------------------------------------------------------------------------
                                  0.000000    0.000000   clock in_clk (rise edge)
                                  0.000000    0.000000   clock source latency
     1    0.026698    0.000013    0.000342    0.000342 ^ in_clk (in)
                                                         in_clk (net)
                      0.000816    0.000000    0.000342 ^ clkbuf_0_in_clk/I (gf180mcu_fd_sc_mcu7t5v0__clkbuf_16)
     2    0.046493    0.111878    0.224257    0.224598 ^ clkbuf_0_in_clk/Z (gf180mcu_fd_sc_mcu7t5v0__clkbuf_16)
                                                         clknet_0_in_clk (net)
                      0.111878    0.000201    0.224799 ^ clkbuf_1_1__f_in_clk/I (gf180mcu_fd_sc_mcu7t5v0__clkbuf_16)
     3    0.012912    0.081858    0.219746    0.444545 ^ clkbuf_1_1__f_in_clk/Z (gf180mcu_fd_sc_mcu7t5v0__clkbuf_16)
                                                         clknet_1_1__leaf_in_clk (net)
                      0.081858    0.000020    0.444566 ^ _32_/CLK (gf180mcu_fd_sc_mcu7t5v0__dffrnq_1)
     2    0.007903    0.143388    0.706151    1.150717 v _32_/Q (gf180mcu_fd_sc_mcu7t5v0__dffrnq_1)
                                                         net3 (net)
                      0.143388    0.000021    1.150738 v output3/I (gf180mcu_fd_sc_mcu7t5v0__dlyb_1)
     1    0.035946    0.500575    1.242936    2.393674 v output3/Z (gf180mcu_fd_sc_mcu7t5v0__dlyb_1)
                                                         out_clk2 (net)
                      0.500575    0.000155    2.393829 v out_clk2 (out)
                                              2.393829   data arrival time

                                  0.000000    0.000000   clock in_clk (rise edge)
                                  0.000000    0.000000   clock network delay (propagated)
                                  0.200000    0.200000   clock uncertainty
                                  0.000000    0.200000   clock reconvergence pessimism
                                 -0.500000   -0.300000   output external delay
                                             -0.300000   data required time
---------------------------------------------------------------------------------------------
                                             -0.300000   data required time
                                             -2.393829   data arrival time
---------------------------------------------------------------------------------------------
                                              2.693829   slack (MET)


Startpoint: _33_ (rising edge-triggered flip-flop clocked by in_clk)
Endpoint: out_clk_cic (output port clocked by in_clk)
Path Group: in_clk
Path Type: min

Fanout         Cap        Slew       Delay        Time   Description
---------------------------------------------------------------------------------------------
                                  0.000000    0.000000   clock in_clk (rise edge)
                                  0.000000    0.000000   clock source latency
     1    0.026698    0.000013    0.000342    0.000342 ^ in_clk (in)
                                                         in_clk (net)
                      0.000816    0.000000    0.000342 ^ clkbuf_0_in_clk/I (gf180mcu_fd_sc_mcu7t5v0__clkbuf_16)
     2    0.046493    0.111878    0.224257    0.224598 ^ clkbuf_0_in_clk/Z (gf180mcu_fd_sc_mcu7t5v0__clkbuf_16)
                                                         clknet_0_in_clk (net)
                      0.111878    0.000201    0.224799 ^ clkbuf_1_1__f_in_clk/I (gf180mcu_fd_sc_mcu7t5v0__clkbuf_16)
     3    0.012912    0.081858    0.219746    0.444545 ^ clkbuf_1_1__f_in_clk/Z (gf180mcu_fd_sc_mcu7t5v0__clkbuf_16)
                                                         clknet_1_1__leaf_in_clk (net)
                      0.081858    0.000016    0.444561 ^ _33_/CLK (gf180mcu_fd_sc_mcu7t5v0__dffrnq_1)
     2    0.008491    0.148792    0.710762    1.155323 v _33_/Q (gf180mcu_fd_sc_mcu7t5v0__dffrnq_1)
                                                         net5 (net)
                      0.148792    0.000022    1.155345 v output5/I (gf180mcu_fd_sc_mcu7t5v0__dlyb_1)
     1    0.036262    0.487113    1.247063    2.402409 v output5/Z (gf180mcu_fd_sc_mcu7t5v0__dlyb_1)
                                                         out_clk_cic (net)
                      0.487113    0.000200    2.402609 v out_clk_cic (out)
                                              2.402609   data arrival time

                                  0.000000    0.000000   clock in_clk (rise edge)
                                  0.000000    0.000000   clock network delay (propagated)
                                  0.200000    0.200000   clock uncertainty
                                  0.000000    0.200000   clock reconvergence pessimism
                                 -0.500000   -0.300000   output external delay
                                             -0.300000   data required time
---------------------------------------------------------------------------------------------
                                             -0.300000   data required time
                                             -2.402609   data arrival time
---------------------------------------------------------------------------------------------
                                              2.702609   slack (MET)


Startpoint: _31_ (rising edge-triggered flip-flop clocked by in_clk)
Endpoint: out_clk1 (output port clocked by in_clk)
Path Group: in_clk
Path Type: min

Fanout         Cap        Slew       Delay        Time   Description
---------------------------------------------------------------------------------------------
                                  0.000000    0.000000   clock in_clk (rise edge)
                                  0.000000    0.000000   clock source latency
     1    0.026698    0.000013    0.000342    0.000342 ^ in_clk (in)
                                                         in_clk (net)
                      0.000816    0.000000    0.000342 ^ clkbuf_0_in_clk/I (gf180mcu_fd_sc_mcu7t5v0__clkbuf_16)
     2    0.046493    0.111878    0.224257    0.224598 ^ clkbuf_0_in_clk/Z (gf180mcu_fd_sc_mcu7t5v0__clkbuf_16)
                                                         clknet_0_in_clk (net)
                      0.111878    0.000201    0.224799 ^ clkbuf_1_1__f_in_clk/I (gf180mcu_fd_sc_mcu7t5v0__clkbuf_16)
     3    0.012912    0.081858    0.219746    0.444545 ^ clkbuf_1_1__f_in_clk/Z (gf180mcu_fd_sc_mcu7t5v0__clkbuf_16)
                                                         clknet_1_1__leaf_in_clk (net)
                      0.081858    0.000037    0.444583 ^ _31_/CLK (gf180mcu_fd_sc_mcu7t5v0__dffsnq_1)
     2    0.008353    0.206789    0.779370    1.223953 ^ _31_/Q (gf180mcu_fd_sc_mcu7t5v0__dffsnq_1)
                                                         net2 (net)
                      0.206789    0.000038    1.223991 ^ output2/I (gf180mcu_fd_sc_mcu7t5v0__dlyb_1)
     1    0.036098    0.656173    1.182214    2.406205 ^ output2/Z (gf180mcu_fd_sc_mcu7t5v0__dlyb_1)
                                                         out_clk1 (net)
                      0.656173    0.000179    2.406384 ^ out_clk1 (out)
                                              2.406384   data arrival time

                                  0.000000    0.000000   clock in_clk (rise edge)
                                  0.000000    0.000000   clock network delay (propagated)
                                  0.200000    0.200000   clock uncertainty
                                  0.000000    0.200000   clock reconvergence pessimism
                                 -0.500000   -0.300000   output external delay
                                             -0.300000   data required time
---------------------------------------------------------------------------------------------
                                             -0.300000   data required time
                                             -2.406384   data arrival time
---------------------------------------------------------------------------------------------
                                              2.706384   slack (MET)


Startpoint: _32_ (rising edge-triggered flip-flop clocked by in_clk)
Endpoint: out_clk2B (output port clocked by in_clk)
Path Group: in_clk
Path Type: min

Fanout         Cap        Slew       Delay        Time   Description
---------------------------------------------------------------------------------------------
                                  0.000000    0.000000   clock in_clk (rise edge)
                                  0.000000    0.000000   clock source latency
     1    0.026698    0.000013    0.000342    0.000342 ^ in_clk (in)
                                                         in_clk (net)
                      0.000816    0.000000    0.000342 ^ clkbuf_0_in_clk/I (gf180mcu_fd_sc_mcu7t5v0__clkbuf_16)
     2    0.046493    0.111878    0.224257    0.224598 ^ clkbuf_0_in_clk/Z (gf180mcu_fd_sc_mcu7t5v0__clkbuf_16)
                                                         clknet_0_in_clk (net)
                      0.111878    0.000201    0.224799 ^ clkbuf_1_1__f_in_clk/I (gf180mcu_fd_sc_mcu7t5v0__clkbuf_16)
     3    0.012912    0.081858    0.219746    0.444545 ^ clkbuf_1_1__f_in_clk/Z (gf180mcu_fd_sc_mcu7t5v0__clkbuf_16)
                                                         clknet_1_1__leaf_in_clk (net)
                      0.081858    0.000020    0.444566 ^ _32_/CLK (gf180mcu_fd_sc_mcu7t5v0__dffrnq_1)
     2    0.007903    0.143388    0.706151    1.150717 v _32_/Q (gf180mcu_fd_sc_mcu7t5v0__dffrnq_1)
                                                         net3 (net)
                      0.143388    0.000016    1.150733 v _16_/I (gf180mcu_fd_sc_mcu7t5v0__clkinv_1)
     2    0.009029    0.195948    0.153307    1.304040 ^ _16_/ZN (gf180mcu_fd_sc_mcu7t5v0__clkinv_1)
                                                         net4 (net)
                      0.195948    0.000017    1.304056 ^ output4/I (gf180mcu_fd_sc_mcu7t5v0__dlyb_1)
     1    0.036393    0.660826    1.183750    2.487807 ^ output4/Z (gf180mcu_fd_sc_mcu7t5v0__dlyb_1)
                                                         out_clk2B (net)
                      0.660826    0.000210    2.488017 ^ out_clk2B (out)
                                              2.488017   data arrival time

                                  0.000000    0.000000   clock in_clk (rise edge)
                                  0.000000    0.000000   clock network delay (propagated)
                                  0.200000    0.200000   clock uncertainty
                                  0.000000    0.200000   clock reconvergence pessimism
                                 -0.500000   -0.300000   output external delay
                                             -0.300000   data required time
---------------------------------------------------------------------------------------------
                                             -0.300000   data required time
                                             -2.488017   data arrival time
---------------------------------------------------------------------------------------------
                                              2.788017   slack (MET)



