Using 12 threads…
Using a tile size of (500 µm)²…
Reading /foss/designs/low-power-12b-first-order-delta-sigma-adc/src/filter_decimation/runs/RUN_2026-08-17_02-11-52/57-magic-streamout/cic_filter.magic.gds ..
Reading /foss/designs/low-power-12b-first-order-delta-sigma-adc/src/filter_decimation/runs/RUN_2026-08-17_02-11-52/58-klayout-streamout/cic_filter.klayout.gds ..
--- Running XOR for layer 0/0 ---
"input" in: xor.drc:109
    Polygons (raw): 8142 (flat)  48 (hierarchical)
    Elapsed: 0.000s  Memory: 441.00M
"input" in: xor.drc:109
    Polygons (raw): 8142 (flat)  48 (hierarchical)
    Elapsed: 0.000s  Memory: 441.00M
"^" in: xor.drc:109
    Polygons (raw): 0 (flat)  0 (hierarchical)
    Elapsed: 0.070s  Memory: 448.00M
XOR differences: 0
"output" in: xor.drc:86
    Polygons (raw): 0 (flat)  0 (hierarchical)
    Elapsed: 0.000s  Memory: 448.00M
--- Running XOR for layer 112/1 ---
"input" in: xor.drc:109
    Polygons (raw): 8141 (flat)  47 (hierarchical)
    Elapsed: 0.000s  Memory: 448.00M
"input" in: xor.drc:109
    Polygons (raw): 8141 (flat)  47 (hierarchical)
    Elapsed: 0.000s  Memory: 448.00M
"^" in: xor.drc:109
    Polygons (raw): 0 (flat)  0 (hierarchical)
    Elapsed: 0.060s  Memory: 454.00M
XOR differences: 0
"output" in: xor.drc:86
    Polygons (raw): 0 (flat)  0 (hierarchical)
    Elapsed: 0.000s  Memory: 454.00M
--- Running XOR for layer 204/0 ---
"input" in: xor.drc:109
    Polygons (raw): 8141 (flat)  47 (hierarchical)
    Elapsed: 0.000s  Memory: 454.00M
"input" in: xor.drc:109
    Polygons (raw): 8141 (flat)  47 (hierarchical)
    Elapsed: 0.000s  Memory: 454.00M
"^" in: xor.drc:109
    Polygons (raw): 0 (flat)  0 (hierarchical)
    Elapsed: 0.080s  Memory: 460.00M
XOR differences: 0
"output" in: xor.drc:86
    Polygons (raw): 0 (flat)  0 (hierarchical)
    Elapsed: 0.000s  Memory: 460.00M
--- Running XOR for layer 204/10 ---
"input" in: xor.drc:109
    Polygons (raw): 0 (flat)  0 (hierarchical)
    Elapsed: 0.000s  Memory: 460.00M
"input" in: xor.drc:109
    Polygons (raw): 0 (flat)  0 (hierarchical)
    Elapsed: 0.000s  Memory: 460.00M
"^" in: xor.drc:109
    Polygons (raw): 0 (flat)  0 (hierarchical)
    Elapsed: 0.010s  Memory: 460.00M
XOR differences: 0
"output" in: xor.drc:86
    Polygons (raw): 0 (flat)  0 (hierarchical)
    Elapsed: 0.000s  Memory: 460.00M
--- Running XOR for layer 21/0 ---
"input" in: xor.drc:109
    Polygons (raw): 8141 (flat)  47 (hierarchical)
    Elapsed: 0.010s  Memory: 460.00M
"input" in: xor.drc:109
    Polygons (raw): 8141 (flat)  47 (hierarchical)
    Elapsed: 0.000s  Memory: 460.00M
"^" in: xor.drc:109
    Polygons (raw): 0 (flat)  0 (hierarchical)
    Elapsed: 0.090s  Memory: 468.00M
XOR differences: 0
"output" in: xor.drc:86
    Polygons (raw): 0 (flat)  0 (hierarchical)
    Elapsed: 0.000s  Memory: 468.00M
--- Running XOR for layer 21/10 ---
"input" in: xor.drc:109
    Polygons (raw): 0 (flat)  0 (hierarchical)
    Elapsed: 0.000s  Memory: 469.00M
"input" in: xor.drc:109
    Polygons (raw): 0 (flat)  0 (hierarchical)
    Elapsed: 0.000s  Memory: 469.00M
"^" in: xor.drc:109
    Polygons (raw): 0 (flat)  0 (hierarchical)
    Elapsed: 0.010s  Memory: 469.00M
XOR differences: 0
"output" in: xor.drc:86
    Polygons (raw): 0 (flat)  0 (hierarchical)
    Elapsed: 0.000s  Memory: 469.00M
--- Running XOR for layer 22/0 ---
"input" in: xor.drc:109
    Polygons (raw): 39958 (flat)  165 (hierarchical)
    Elapsed: 0.000s  Memory: 469.00M
"input" in: xor.drc:109
    Polygons (raw): 39958 (flat)  165 (hierarchical)
    Elapsed: 0.000s  Memory: 469.00M
"^" in: xor.drc:109
    Polygons (raw): 0 (flat)  0 (hierarchical)
    Elapsed: 0.170s  Memory: 470.00M
XOR differences: 0
"output" in: xor.drc:86
    Polygons (raw): 0 (flat)  0 (hierarchical)
    Elapsed: 0.020s  Memory: 470.00M
--- Running XOR for layer 30/0 ---
"input" in: xor.drc:109
    Polygons (raw): 39159 (flat)  222 (hierarchical)
    Elapsed: 0.000s  Memory: 470.00M
"input" in: xor.drc:109
    Polygons (raw): 39159 (flat)  222 (hierarchical)
    Elapsed: 0.000s  Memory: 470.00M
"^" in: xor.drc:109
    Polygons (raw): 0 (flat)  0 (hierarchical)
    Elapsed: 0.220s  Memory: 470.00M
XOR differences: 0
"output" in: xor.drc:86
    Polygons (raw): 0 (flat)  0 (hierarchical)
    Elapsed: 0.000s  Memory: 470.00M
--- Running XOR for layer 31/0 ---
"input" in: xor.drc:109
    Polygons (raw): 9645 (flat)  49 (hierarchical)
    Elapsed: 0.000s  Memory: 470.00M
"input" in: xor.drc:109
    Polygons (raw): 9645 (flat)  49 (hierarchical)
    Elapsed: 0.000s  Memory: 470.00M
"^" in: xor.drc:109
    Polygons (raw): 0 (flat)  0 (hierarchical)
    Elapsed: 0.090s  Memory: 473.00M
XOR differences: 0
"output" in: xor.drc:86
    Polygons (raw): 0 (flat)  0 (hierarchical)
    Elapsed: 0.000s  Memory: 473.00M
--- Running XOR for layer 32/0 ---
"input" in: xor.drc:109
    Polygons (raw): 8141 (flat)  47 (hierarchical)
    Elapsed: 0.000s  Memory: 473.00M
"input" in: xor.drc:109
    Polygons (raw): 8141 (flat)  47 (hierarchical)
    Elapsed: 0.000s  Memory: 473.00M
"^" in: xor.drc:109
    Polygons (raw): 0 (flat)  0 (hierarchical)
    Elapsed: 0.090s  Memory: 477.00M
XOR differences: 0
"output" in: xor.drc:86
    Polygons (raw): 0 (flat)  0 (hierarchical)
    Elapsed: 0.000s  Memory: 477.00M
--- Running XOR for layer 33/0 ---
"input" in: xor.drc:109
    Polygons (raw): 198938 (flat)  1410 (hierarchical)
    Elapsed: 0.000s  Memory: 477.00M
"input" in: xor.drc:109
    Polygons (raw): 198938 (flat)  1410 (hierarchical)
    Elapsed: 0.000s  Memory: 477.00M
"^" in: xor.drc:109
    Polygons (raw): 0 (flat)  0 (hierarchical)
    Elapsed: 0.750s  Memory: 481.00M
XOR differences: 0
"output" in: xor.drc:86
    Polygons (raw): 0 (flat)  0 (hierarchical)
    Elapsed: 0.010s  Memory: 481.00M
--- Running XOR for layer 34/0 ---
"input" in: xor.drc:109
    Polygons (raw): 61708 (flat)  5051 (hierarchical)
    Elapsed: 0.000s  Memory: 481.00M
"input" in: xor.drc:109
    Polygons (raw): 62053 (flat)  486 (hierarchical)
    Elapsed: 0.000s  Memory: 481.00M
"^" in: xor.drc:109
    Polygons (raw): 0 (flat)  0 (hierarchical)
    Elapsed: 0.660s  Memory: 487.00M
XOR differences: 0
"output" in: xor.drc:86
    Polygons (raw): 0 (flat)  0 (hierarchical)
    Elapsed: 0.020s  Memory: 487.00M
--- Running XOR for layer 34/10 ---
"input" in: xor.drc:109
    Polygons (raw): 0 (flat)  0 (hierarchical)
    Elapsed: 0.000s  Memory: 487.00M
"input" in: xor.drc:109
    Polygons (raw): 0 (flat)  0 (hierarchical)
    Elapsed: 0.000s  Memory: 487.00M
"^" in: xor.drc:109
    Polygons (raw): 0 (flat)  0 (hierarchical)
    Elapsed: 0.020s  Memory: 487.00M
XOR differences: 0
"output" in: xor.drc:86
    Polygons (raw): 0 (flat)  0 (hierarchical)
    Elapsed: 0.000s  Memory: 487.00M
--- Running XOR for layer 35/0 ---
"input" in: xor.drc:109
    Polygons (raw): 5603 (flat)  5603 (hierarchical)
    Elapsed: 0.000s  Memory: 487.00M
"input" in: xor.drc:109
    Polygons (raw): 5603 (flat)  5 (hierarchical)
    Elapsed: 0.000s  Memory: 487.00M
"^" in: xor.drc:109
    Polygons (raw): 0 (flat)  0 (hierarchical)
    Elapsed: 0.030s  Memory: 487.00M
XOR differences: 0
"output" in: xor.drc:86
    Polygons (raw): 0 (flat)  0 (hierarchical)
    Elapsed: 0.000s  Memory: 487.00M
--- Running XOR for layer 36/0 ---
"input" in: xor.drc:109
    Polygons (raw): 3843 (flat)  3843 (hierarchical)
    Elapsed: 0.000s  Memory: 487.00M
"input" in: xor.drc:109
    Polygons (raw): 14790 (flat)  6044 (hierarchical)
    Elapsed: 0.000s  Memory: 487.00M
"^" in: xor.drc:109
    Polygons (raw): 0 (flat)  0 (hierarchical)
    Elapsed: 0.100s  Memory: 498.00M
XOR differences: 0
"output" in: xor.drc:86
    Polygons (raw): 0 (flat)  0 (hierarchical)
    Elapsed: 0.000s  Memory: 498.00M
--- Running XOR for layer 38/0 ---
"input" in: xor.drc:109
    Polygons (raw): 4528 (flat)  4528 (hierarchical)
    Elapsed: 0.000s  Memory: 498.00M
"input" in: xor.drc:109
    Polygons (raw): 4528 (flat)  4 (hierarchical)
    Elapsed: 0.000s  Memory: 498.00M
"^" in: xor.drc:109
    Polygons (raw): 0 (flat)  0 (hierarchical)
    Elapsed: 0.020s  Memory: 498.00M
XOR differences: 0
"output" in: xor.drc:86
    Polygons (raw): 0 (flat)  0 (hierarchical)
    Elapsed: 0.000s  Memory: 498.00M
--- Running XOR for layer 40/0 ---
"input" in: xor.drc:109
    Polygons (raw): 1041 (flat)  1041 (hierarchical)
    Elapsed: 0.000s  Memory: 498.00M
"input" in: xor.drc:109
    Polygons (raw): 1041 (flat)  4 (hierarchical)
    Elapsed: 0.000s  Memory: 498.00M
"^" in: xor.drc:109
    Polygons (raw): 0 (flat)  0 (hierarchical)
    Elapsed: 0.010s  Memory: 499.00M
XOR differences: 0
"output" in: xor.drc:86
    Polygons (raw): 0 (flat)  0 (hierarchical)
    Elapsed: 0.000s  Memory: 499.00M
--- Running XOR for layer 41/0 ---
"input" in: xor.drc:109
    Polygons (raw): 162 (flat)  162 (hierarchical)
    Elapsed: 0.000s  Memory: 499.00M
"input" in: xor.drc:109
    Polygons (raw): 162 (flat)  9 (hierarchical)
    Elapsed: 0.000s  Memory: 499.00M
"^" in: xor.drc:109
    Polygons (raw): 0 (flat)  0 (hierarchical)
    Elapsed: 0.000s  Memory: 499.00M
XOR differences: 0
"output" in: xor.drc:86
    Polygons (raw): 0 (flat)  0 (hierarchical)
    Elapsed: 0.000s  Memory: 499.00M
--- Running XOR for layer 42/0 ---
"input" in: xor.drc:109
    Polygons (raw): 1710 (flat)  1710 (hierarchical)
    Elapsed: 0.000s  Memory: 499.00M
"input" in: xor.drc:109
    Polygons (raw): 6503 (flat)  2318 (hierarchical)
    Elapsed: 0.000s  Memory: 499.00M
"^" in: xor.drc:109
    Polygons (raw): 0 (flat)  0 (hierarchical)
    Elapsed: 0.030s  Memory: 501.00M
XOR differences: 0
"output" in: xor.drc:86
    Polygons (raw): 0 (flat)  0 (hierarchical)
    Elapsed: 0.000s  Memory: 501.00M
--- Running XOR for layer 42/10 ---
"input" in: xor.drc:109
    Polygons (raw): 15 (flat)  15 (hierarchical)
    Elapsed: 0.000s  Memory: 501.00M
"input" in: xor.drc:109
    Polygons (raw): 15 (flat)  15 (hierarchical)
    Elapsed: 0.000s  Memory: 501.00M
"^" in: xor.drc:109
    Polygons (raw): 0 (flat)  0 (hierarchical)
    Elapsed: 0.000s  Memory: 501.00M
XOR differences: 0
"output" in: xor.drc:86
    Polygons (raw): 0 (flat)  0 (hierarchical)
    Elapsed: 0.000s  Memory: 501.00M
--- Running XOR for layer 46/0 ---
"input" in: xor.drc:109
    Polygons (raw): 9 (flat)  9 (hierarchical)
    Elapsed: 0.000s  Memory: 501.00M
"input" in: xor.drc:109
    Polygons (raw): 384 (flat)  18 (hierarchical)
    Elapsed: 0.000s  Memory: 501.00M
"^" in: xor.drc:109
    Polygons (raw): 0 (flat)  0 (hierarchical)
    Elapsed: 0.010s  Memory: 501.00M
XOR differences: 0
"output" in: xor.drc:86
    Polygons (raw): 0 (flat)  0 (hierarchical)
    Elapsed: 0.000s  Memory: 502.00M
--- Running XOR for layer 46/10 ---
"input" in: xor.drc:109
    Polygons (raw): 6 (flat)  6 (hierarchical)
    Elapsed: 0.000s  Memory: 502.00M
"input" in: xor.drc:109
    Polygons (raw): 6 (flat)  6 (hierarchical)
    Elapsed: 0.000s  Memory: 502.00M
"^" in: xor.drc:109
    Polygons (raw): 0 (flat)  0 (hierarchical)
    Elapsed: 0.010s  Memory: 502.00M
XOR differences: 0
"output" in: xor.drc:86
    Polygons (raw): 0 (flat)  0 (hierarchical)
    Elapsed: 0.000s  Memory: 502.00M
--- Running XOR for layer 55/0 ---
"input" in: xor.drc:109
    Polygons (raw): 8141 (flat)  47 (hierarchical)
    Elapsed: 0.010s  Memory: 502.00M
"input" in: xor.drc:109
    Polygons (raw): 8141 (flat)  47 (hierarchical)
    Elapsed: 0.000s  Memory: 502.00M
"^" in: xor.drc:109
    Polygons (raw): 0 (flat)  0 (hierarchical)
    Elapsed: 0.080s  Memory: 502.00M
XOR differences: 0
"output" in: xor.drc:86
    Polygons (raw): 0 (flat)  0 (hierarchical)
    Elapsed: 0.000s  Memory: 502.00M
--- Running XOR for layer 63/63 ---
"input" in: xor.drc:109
    Polygons (raw): 0 (flat)  0 (hierarchical)
    Elapsed: 0.000s  Memory: 502.00M
"input" in: xor.drc:109
    Polygons (raw): 0 (flat)  0 (hierarchical)
    Elapsed: 0.000s  Memory: 502.00M
"^" in: xor.drc:109
    Polygons (raw): 0 (flat)  0 (hierarchical)
    Elapsed: 0.020s  Memory: 502.00M
XOR differences: 0
"output" in: xor.drc:86
    Polygons (raw): 0 (flat)  0 (hierarchical)
    Elapsed: 0.000s  Memory: 502.00M
--- Running XOR for layer 81/0 ---
"input" in: xor.drc:109
    Polygons (raw): 6 (flat)  6 (hierarchical)
    Elapsed: 0.000s  Memory: 502.00M
"input" in: xor.drc:109
    Polygons (raw): 30 (flat)  13 (hierarchical)
    Elapsed: 0.000s  Memory: 503.00M
"^" in: xor.drc:109
    Polygons (raw): 0 (flat)  0 (hierarchical)
    Elapsed: 0.010s  Memory: 503.00M
XOR differences: 0
"output" in: xor.drc:86
    Polygons (raw): 0 (flat)  0 (hierarchical)
    Elapsed: 0.000s  Memory: 503.00M
--- Running XOR for layer 81/10 ---
"input" in: xor.drc:109
    Polygons (raw): 6 (flat)  6 (hierarchical)
    Elapsed: 0.000s  Memory: 503.00M
"input" in: xor.drc:109
    Polygons (raw): 6 (flat)  6 (hierarchical)
    Elapsed: 0.000s  Memory: 503.00M
"^" in: xor.drc:109
    Polygons (raw): 0 (flat)  0 (hierarchical)
    Elapsed: 0.010s  Memory: 503.00M
XOR differences: 0
"output" in: xor.drc:86
    Polygons (raw): 0 (flat)  0 (hierarchical)
    Elapsed: 0.000s  Memory: 503.00M
---
Total XOR differences: 0
Writing report database: /foss/designs/low-power-12b-first-order-delta-sigma-adc/src/filter_decimation/runs/RUN_2026-08-17_02-11-52/62-klayout-xor/xor.xml ..
Total elapsed: 2.890s  Memory: 503.00M
/foss/designs/low-power-12b-first-order-delta-sigma-adc/src/filter_decimation/runs/RUN_2026-08-17_02-11-52/57-magic-streamout/cic_filter.magic.gds
/foss/designs/low-power-12b-first-order-delta-sigma-adc/src/filter_decimation/runs/RUN_2026-08-17_02-11-52/58-klayout-streamout/cic_filter.klayout.gds
%OL_METRIC_I design__xor_difference__count 0
