
===========================================================================
report_checks -unconstrained
===========================================================================
======================= nom_tt_025C_5v00 Corner ===================================

Startpoint: rst_n (input port clocked by clk)
Endpoint: _72_ (recovery check against rising-edge clock clk)
Path Group: asynchronous
Path Type: max

Fanout         Cap        Slew       Delay        Time   Description
---------------------------------------------------------------------------------------------
                                  0.000000    0.000000   clock clk (rise edge)
                                  0.000000    0.000000   clock network delay (propagated)
                                 16.000000   16.000000 ^ input external delay
    12    0.093437    0.000047    0.000528   16.000528 ^ rst_n (in)
                                                         rst_n (net)
                      0.001223    0.000000   16.000528 ^ _72_/RN (gf180mcu_fd_sc_mcu7t5v0__dffrnq_1)
                                             16.000528   data arrival time

                                 81.379997   81.379997   clock clk (rise edge)
                                  0.000000   81.379997   clock source latency
    12    0.047694    0.000024    0.000128   81.380127 ^ clk (in)
                                                         clk (net)
                      0.000274    0.000000   81.380127 ^ _72_/CLK (gf180mcu_fd_sc_mcu7t5v0__dffrnq_1)
                                 -0.250000   81.130127   clock uncertainty
                                  0.000000   81.130127   clock reconvergence pessimism
                                  0.190083   81.320213   library recovery time
                                             81.320213   data required time
---------------------------------------------------------------------------------------------
                                             81.320213   data required time
                                            -16.000528   data arrival time
---------------------------------------------------------------------------------------------
                                             65.319687   slack (MET)


Startpoint: _77_ (rising edge-triggered flip-flop clocked by clk)
Endpoint: serial_out (output port clocked by clk)
Path Group: clk
Path Type: max

Fanout         Cap        Slew       Delay        Time   Description
---------------------------------------------------------------------------------------------
                                  0.000000    0.000000   clock clk (rise edge)
                                  0.000000    0.000000   clock source latency
    12    0.047694    0.000024    0.000252    0.000252 ^ clk (in)
                                                         clk (net)
                      0.000582    0.000000    0.000252 ^ _77_/CLK (gf180mcu_fd_sc_mcu7t5v0__dffrnq_1)
     1    0.035512    0.651894    1.156593    1.156846 ^ _77_/Q (gf180mcu_fd_sc_mcu7t5v0__dffrnq_1)
                                                         serial_out (net)
                      0.651894    0.000083    1.156928 ^ serial_out (out)
                                              1.156928   data arrival time

                                 81.379997   81.379997   clock clk (rise edge)
                                  0.000000   81.379997   clock network delay (propagated)
                                 -0.250000   81.129997   clock uncertainty
                                  0.000000   81.129997   clock reconvergence pessimism
                                -16.000000   65.129997   output external delay
                                             65.129997   data required time
---------------------------------------------------------------------------------------------
                                             65.129997   data required time
                                             -1.156928   data arrival time
---------------------------------------------------------------------------------------------
                                             63.973072   slack (MET)




===========================================================================
report_checks --slack_max -0.01
============================================================================
======================= nom_tt_025C_5v00 Corner ===================================

No paths found.


===========================================================================
 report_check_types -max_slew -max_cap -max_fanout -violators
============================================================================
======================= nom_tt_025C_5v00 Corner ===================================



===========================================================================
report_parasitic_annotation -report_unannotated
============================================================================
Found 0 unannotated drivers.
Found 0 partially unannotated drivers.

===========================================================================
max slew violation count 0
Writing metric design__max_slew_violation__count__corner:nom_tt_025C_5v00: 0
max fanout violation count 0
Writing metric design__max_fanout_violation__count__corner:nom_tt_025C_5v00: 0
max cap violation count 0
Writing metric design__max_cap_violation__count__corner:nom_tt_025C_5v00: 0
============================================================================

===========================================================================
check_setup -verbose -unconstrained_endpoints -multiple_clock -no_clock -no_input_delay -loops -generated_clocks
===========================================================================
