Clock: clk
Sources: clk 
Generated: no
Virtual: yes
Propagated: no
Period: 81.379997

===========================================================================
report_clock_properties
============================================================================
Clock                   Period          Waveform
----------------------------------------------------
clk                  81.379997    0.000000 40.689999

===========================================================================
report_clock_latency
============================================================================
Clock clk
rise -> rise
    min     max
0.000000 0.000000 source latency
0.000117         network latency _73_/CLK
        0.000273 network latency _70_/CLK
---------------
0.000117 0.000273 latency
        0.000156 skew

fall -> fall
    min     max
0.000000 0.000000 source latency
0.000117         network latency _73_/CLK
        0.000274 network latency _70_/CLK
---------------
0.000117 0.000274 latency
        0.000156 skew



===========================================================================
report_clock_min_period
============================================================================
clk period_min = 1.79 fmax = 558.40
