
===========================================================================
 report_power
============================================================================
======================= nom_tt_025C_5v00 Corner ===================================

Group                    Internal    Switching      Leakage        Total
                            Power        Power        Power        Power (Watts)
------------------------------------------------------------------------
Sequential           1.018220e-04 2.216358e-06 5.552644e-09 1.040439e-04  92.6%
Combinational        5.054273e-06 3.257374e-06 3.308930e-09 8.314955e-06   7.4%
Clock                0.000000e+00 0.000000e+00 2.050000e-09 2.050000e-09   0.0%
Macro                0.000000e+00 0.000000e+00 0.000000e+00 0.000000e+00   0.0%
Pad                  0.000000e+00 0.000000e+00 0.000000e+00 0.000000e+00   0.0%
------------------------------------------------------------------------
Total                1.068762e-04 5.473732e-06 1.091157e-08 1.123609e-04 100.0%
                            95.1%         4.9%         0.0%
Writing metric power__internal__total: 0.00010687623580452055
Writing metric power__switching__total: 5.473732016980648e-6
Writing metric power__leakage__total: 1.0911573866678737e-8
Writing metric power__total: 0.00011236088175792247

