Reading timing models for corner nom_tt_025C_5v00…
Reading timing library for the 'nom_tt_025C_5v00' corner at '/foss/pdks/gf180mcuD/libs.ref/gf180mcu_fd_sc_mcu7t5v0/lib/gf180mcu_fd_sc_mcu7t5v0__tt_025C_5v00.lib'…
Reading OpenROAD database at '/foss/designs/low-power-12b-first-order-delta-sigma-adc/src/clock/runs/RUN_2026-08-17_02-21-49/42-openroad-repairantennas/1-openroad-diodeinsertion/andig_clock.odb'…
Reading design constraints file at '/foss/designs/low-power-12b-first-order-delta-sigma-adc/src/clock/constraint.sdc'…
[WARNING STA-0345] resistance scale 1e+03 does not match library scale 1e+00.
[INFO] No information on clock propagation in input SDC file-- propagating all clocks.
[INFO ORD-0030] Using 12 thread(s).
+ detailed_route -droute_end_iter 20 -or_seed 42 -verbose 1 -output_drc /foss/designs/low-power-12b-first-order-delta-sigma-adc/src/clock/runs/RUN_2026-08-17_02-21-49/44-openroad-detailedrouting/drt-run-0/andig_clock.drc
[INFO DRT-0149] Reading tech and libs.
[WARNING DRT-0349] LEF58_ENCLOSURE with no CUTCLASS is not supported. Skipping for layer Via1
[WARNING DRT-0349] LEF58_ENCLOSURE with no CUTCLASS is not supported. Skipping for layer Via1
[WARNING DRT-0349] LEF58_ENCLOSURE with no CUTCLASS is not supported. Skipping for layer Via2
[WARNING DRT-0349] LEF58_ENCLOSURE with no CUTCLASS is not supported. Skipping for layer Via2
[WARNING DRT-0349] LEF58_ENCLOSURE with no CUTCLASS is not supported. Skipping for layer Via3
[WARNING DRT-0349] LEF58_ENCLOSURE with no CUTCLASS is not supported. Skipping for layer Via3
[WARNING DRT-0349] LEF58_ENCLOSURE with no CUTCLASS is not supported. Skipping for layer Via4
[WARNING DRT-0349] LEF58_ENCLOSURE with no CUTCLASS is not supported. Skipping for layer Via4

Units:                2000
Number of layers:     11
Number of macros:     229
Number of vias:       60
Number of viarulegen: 16

[INFO DRT-0150] Reading design.

Design:                   andig_clock
Die area:                 ( 0 0 ) ( 200000 200000 )
Number of track patterns: 10
Number of DEF vias:       0
Number of components:     103
Number of terminals:      8
Number of snets:          2
Number of nets:           32

[INFO DRT-0167] List of default vias:
  Layer Via2
    default via: Via2_VH
  Layer Via3
    default via: Via3_HV
  Layer Via4
    default via: Via4_VH
[INFO DRT-0162] Library cell analysis.
[INFO DRT-0163] Instance analysis.
[INFO DRT-0164] Number of unique instances = 29.
[INFO DRT-0168] Init region query.
[INFO DRT-0024]   Complete Poly2.
[INFO DRT-0024]   Complete CON.
[INFO DRT-0024]   Complete Metal1.
[INFO DRT-0024]   Complete Via1.
[INFO DRT-0024]   Complete Metal2.
[INFO DRT-0024]   Complete Via2.
[INFO DRT-0024]   Complete Metal3.
[INFO DRT-0024]   Complete Via3.
[INFO DRT-0024]   Complete Metal4.
[INFO DRT-0024]   Complete Via4.
[INFO DRT-0024]   Complete Metal5.
[INFO DRT-0033] Poly2 shape region query size = 0.
[INFO DRT-0033] CON shape region query size = 0.
[INFO DRT-0033] Metal1 shape region query size = 1248.
[INFO DRT-0033] Via1 shape region query size = 54.
[INFO DRT-0033] Metal2 shape region query size = 36.
[INFO DRT-0033] Via2 shape region query size = 54.
[INFO DRT-0033] Metal3 shape region query size = 42.
[INFO DRT-0033] Via3 shape region query size = 54.
[INFO DRT-0033] Metal4 shape region query size = 24.
[INFO DRT-0033] Via4 shape region query size = 18.
[INFO DRT-0033] Metal5 shape region query size = 6.
[INFO DRT-0165] Start pin access.
[INFO DRT-0078]   Complete 174 pins.
[INFO DRT-0081]   Complete 26 unique inst patterns.
[INFO DRT-0084]   Complete 23 groups.
#scanned instances     = 103
#unique  instances     = 30
#stdCellGenAp          = 500
#stdCellValidPlanarAp  = 0
#stdCellValidViaAp     = 456
#stdCellPinNoAp        = 0
#stdCellPinCnt         = 95
#instTermValidViaApCnt = 0
#macroGenAp            = 0
#macroValidPlanarAp    = 0
#macroValidViaAp       = 0
#macroNoAp             = 0
[INFO DRT-0166] Complete pin access.
[INFO DRT-0267] cpu time = 00:00:03, elapsed time = 00:00:00, memory = 130.60 (MB), peak = 129.61 (MB)

[INFO DRT-0157] Number of guides:     227

[INFO DRT-0169] Post process guides.
[INFO DRT-0176] GCELLGRID X 0 DO 11 STEP 16800 ;
[INFO DRT-0177] GCELLGRID Y 0 DO 11 STEP 16800 ;
[INFO DRT-0028]   Complete Poly2.
[INFO DRT-0028]   Complete CON.
[INFO DRT-0028]   Complete Metal1.
[INFO DRT-0028]   Complete Via1.
[INFO DRT-0028]   Complete Metal2.
[INFO DRT-0028]   Complete Via2.
[INFO DRT-0028]   Complete Metal3.
[INFO DRT-0028]   Complete Via3.
[INFO DRT-0028]   Complete Metal4.
[INFO DRT-0028]   Complete Via4.
[INFO DRT-0028]   Complete Metal5.
[INFO DRT-0178] Init guide query.
[INFO DRT-0035]   Complete Poly2 (guide).
[INFO DRT-0035]   Complete CON (guide).
[INFO DRT-0035]   Complete Metal1 (guide).
[INFO DRT-0035]   Complete Via1 (guide).
[INFO DRT-0035]   Complete Metal2 (guide).
[INFO DRT-0035]   Complete Via2 (guide).
[INFO DRT-0035]   Complete Metal3 (guide).
[INFO DRT-0035]   Complete Via3 (guide).
[INFO DRT-0035]   Complete Metal4 (guide).
[INFO DRT-0035]   Complete Via4 (guide).
[INFO DRT-0035]   Complete Metal5 (guide).
[INFO DRT-0036] Poly2 guide region query size = 0.
[INFO DRT-0036] CON guide region query size = 0.
[INFO DRT-0036] Metal1 guide region query size = 85.
[INFO DRT-0036] Via1 guide region query size = 0.
[INFO DRT-0036] Metal2 guide region query size = 70.
[INFO DRT-0036] Via2 guide region query size = 0.
[INFO DRT-0036] Metal3 guide region query size = 32.
[INFO DRT-0036] Via3 guide region query size = 0.
[INFO DRT-0036] Metal4 guide region query size = 0.
[INFO DRT-0036] Via4 guide region query size = 0.
[INFO DRT-0036] Metal5 guide region query size = 0.
[INFO DRT-0179] Init gr pin query.
[INFO DRT-0267] cpu time = 00:00:00, elapsed time = 00:00:00, memory = 130.73 (MB), peak = 129.61 (MB)
[INFO DRT-0245] skipped writing guide updates to database.
[INFO DRT-0185] Post process initialize RPin region query.
[INFO DRT-0181] Start track assignment.
[INFO DRT-0184] Done with 70 vertical wires in 1 frboxes and 117 horizontal wires in 1 frboxes.
[INFO DRT-0186] Done with 8 vertical wires in 1 frboxes and 5 horizontal wires in 1 frboxes.
[INFO DRT-0182] Complete track assignment.
[INFO DRT-0267] cpu time = 00:00:00, elapsed time = 00:00:00, memory = 131.75 (MB), peak = 130.67 (MB)
[INFO DRT-0187] Start routing data preparation.
[INFO DRT-0267] cpu time = 00:00:00, elapsed time = 00:00:00, memory = 131.88 (MB), peak = 130.79 (MB)
[INFO DRT-0194] Start detail routing.
[INFO DRT-0195] Start 0th optimization iteration.
    Completing 20% with 0 violations.
    elapsed time = 00:00:00, memory = 133.05 (MB).
    Completing 50% with 0 violations.
    elapsed time = 00:00:00, memory = 133.79 (MB).
    Completing 70% with 0 violations.
    elapsed time = 00:00:00, memory = 136.12 (MB).
    Completing 100% with 1 violations.
    elapsed time = 00:00:00, memory = 137.39 (MB).
[INFO DRT-0199]   Number of violations = 2.
Viol/Layer      Metal2
Metal Spacing        1
Recheck              1
[INFO DRT-0267] cpu time = 00:00:01, elapsed time = 00:00:00, memory = 409.38 (MB), peak = 450.12 (MB)
Total wire length = 763 um.
Total wire length on LAYER Metal1 = 0 um.
Total wire length on LAYER Metal2 = 426 um.
Total wire length on LAYER Metal3 = 337 um.
Total wire length on LAYER Metal4 = 0 um.
Total wire length on LAYER Metal5 = 0 um.
Total number of vias = 164.
Up-via summary (total 164):

--------------
  Poly2      0
 Metal1     97
 Metal2     67
 Metal3      0
 Metal4      0
--------------
       164


[INFO DRT-0195] Start 1st optimization iteration.
    Completing 20% with 2 violations.
    elapsed time = 00:00:00, memory = 409.38 (MB).
    Completing 50% with 2 violations.
    elapsed time = 00:00:00, memory = 410.79 (MB).
    Completing 70% with 2 violations.
    elapsed time = 00:00:00, memory = 412.76 (MB).
    Completing 100% with 0 violations.
    elapsed time = 00:00:00, memory = 414.62 (MB).
[INFO DRT-0199]   Number of violations = 0.
[INFO DRT-0267] cpu time = 00:00:00, elapsed time = 00:00:00, memory = 457.62 (MB), peak = 456.34 (MB)
Total wire length = 765 um.
Total wire length on LAYER Metal1 = 0 um.
Total wire length on LAYER Metal2 = 431 um.
Total wire length on LAYER Metal3 = 333 um.
Total wire length on LAYER Metal4 = 0 um.
Total wire length on LAYER Metal5 = 0 um.
Total number of vias = 156.
Up-via summary (total 156):

--------------
  Poly2      0
 Metal1     97
 Metal2     59
 Metal3      0
 Metal4      0
--------------
       156


[INFO DRT-0198] Complete detail routing.
Total wire length = 765 um.
Total wire length on LAYER Metal1 = 0 um.
Total wire length on LAYER Metal2 = 431 um.
Total wire length on LAYER Metal3 = 333 um.
Total wire length on LAYER Metal4 = 0 um.
Total wire length on LAYER Metal5 = 0 um.
Total number of vias = 156.
Up-via summary (total 156):

--------------
  Poly2      0
 Metal1     97
 Metal2     59
 Metal3      0
 Metal4      0
--------------
       156


[INFO DRT-0267] cpu time = 00:00:02, elapsed time = 00:00:00, memory = 457.75 (MB), peak = 456.47 (MB)

[INFO DRT-0180] Post processing.
+ check_antennas 
[INFO ANT-0002] Found 0 net violations.
[INFO ANT-0001] Found 0 pin violations.
Setting global connections for newly added cells…
[INFO] Setting global connections...
[INFO ODB-0403] 0 connections made, 0 conflicts skipped.
Updating metrics…
Cell type report:                       Count       Area
  Endcap cell                              34     149.27
  Tap cell                                 38     166.84
  Clock buffer                              4     346.84
  Timing Repair Buffer                      5     175.62
  Inverter                                  3      26.34
  Sequential cell                           6     452.21
  Multi-Input combinational cell           13     226.11
  Total                                   103    1543.23
Writing OpenROAD database to '/foss/designs/low-power-12b-first-order-delta-sigma-adc/src/clock/runs/RUN_2026-08-17_02-21-49/44-openroad-detailedrouting/andig_clock.odb'…
Writing netlist to '/foss/designs/low-power-12b-first-order-delta-sigma-adc/src/clock/runs/RUN_2026-08-17_02-21-49/44-openroad-detailedrouting/andig_clock.nl.v'…
Writing powered netlist to '/foss/designs/low-power-12b-first-order-delta-sigma-adc/src/clock/runs/RUN_2026-08-17_02-21-49/44-openroad-detailedrouting/andig_clock.pnl.v'…
Writing layout to '/foss/designs/low-power-12b-first-order-delta-sigma-adc/src/clock/runs/RUN_2026-08-17_02-21-49/44-openroad-detailedrouting/andig_clock.def'…
Writing timing constraints to '/foss/designs/low-power-12b-first-order-delta-sigma-adc/src/clock/runs/RUN_2026-08-17_02-21-49/44-openroad-detailedrouting/andig_clock.sdc'…
