92. Printing statistics.

=== cic_filter ===

        +----------Local Count, excluding submodules.
        |        +-Local Area, excluding submodules.
        |        | 
      800        - wires
     1240        - wire bits
       13        - public wires
      223        - public wire bits
        4        - ports
       15        - port bits
     1141 1.64E+04 cells
      238        -   $_ANDNOT_
       39        -   $_AND_
       39        -   $_NAND_
      117        -   $_NOR_
        1        -   $_NOT_
       49        -   $_ORNOT_
      174        -   $_OR_
       73        -   $_XNOR_
      191        -   $_XOR_
      137 1.02E+04   gf180mcu_fd_sc_mcu7t5v0__dffnrnq_1
       83 6.19E+03   gf180mcu_fd_sc_mcu7t5v0__dffrnq_1

   Area for cell type $_ANDNOT_ is unknown!
   Area for cell type $_AND_ is unknown!
   Area for cell type $_NAND_ is unknown!
   Area for cell type $_NOR_ is unknown!
   Area for cell type $_NOT_ is unknown!
   Area for cell type $_ORNOT_ is unknown!
   Area for cell type $_OR_ is unknown!
   Area for cell type $_XNOR_ is unknown!
   Area for cell type $_XOR_ is unknown!

   Chip area for module '\cic_filter': 16420.096000
     of which used for sequential elements: 16420.096000 (100.00%)

