
===========================================================================
report_checks -path_delay min (Hold)
============================================================================
======================= nom_ss_125C_4v50 Corner ===================================

Startpoint: rst (input port clocked by in_clk)
Endpoint: _35_ (removal check against rising-edge clock in_clk)
Path Group: asynchronous
Path Type: min

Fanout         Cap        Slew       Delay        Time   Description
---------------------------------------------------------------------------------------------
                                  0.000000    0.000000   clock in_clk (rise edge)
                                  0.000000    0.000000   clock network delay (propagated)
                                  0.500000    0.500000 ^ input external delay
     1    0.003899    0.000002    0.000033    0.500033 ^ rst (in)
                                                         rst (net)
                      0.000078    0.000000    0.500033 ^ input1/I (gf180mcu_fd_sc_mcu7t5v0__dlyb_1)
     6    0.054618    1.583282    2.441571    2.941605 ^ input1/Z (gf180mcu_fd_sc_mcu7t5v0__dlyb_1)
                                                         net1 (net)
                      1.583282    0.000639    2.942243 ^ _35_/RN (gf180mcu_fd_sc_mcu7t5v0__dffrnq_1)
                                              2.942243   data arrival time

                                  0.000000    0.000000   clock in_clk (rise edge)
                                  0.000000    0.000000   clock source latency
     1    0.029496    0.000015    0.000626    0.000626 ^ in_clk (in)
                                                         in_clk (net)
                      0.001509    0.000000    0.000626 ^ clkbuf_0_in_clk/I (gf180mcu_fd_sc_mcu7t5v0__clkbuf_16)
     2    0.047170    0.200664    0.399360    0.399986 ^ clkbuf_0_in_clk/Z (gf180mcu_fd_sc_mcu7t5v0__clkbuf_16)
                                                         clknet_0_in_clk (net)
                      0.200664    0.000711    0.400697 ^ clkbuf_1_0__f_in_clk/I (gf180mcu_fd_sc_mcu7t5v0__clkbuf_16)
     4    0.018099    0.154964    0.403481    0.804179 ^ clkbuf_1_0__f_in_clk/Z (gf180mcu_fd_sc_mcu7t5v0__clkbuf_16)
                                                         clknet_1_0__leaf_in_clk (net)
                      0.154964    0.000038    0.804216 ^ _35_/CLK (gf180mcu_fd_sc_mcu7t5v0__dffrnq_1)
                                  0.200000    1.004216   clock uncertainty
                                  0.000000    1.004216   clock reconvergence pessimism
                                  0.774957    1.779174   library removal time
                                              1.779174   data required time
---------------------------------------------------------------------------------------------
                                              1.779174   data required time
                                             -2.942243   data arrival time
---------------------------------------------------------------------------------------------
                                              1.163070   slack (MET)


Startpoint: rst (input port clocked by in_clk)
Endpoint: _34_ (removal check against rising-edge clock in_clk)
Path Group: asynchronous
Path Type: min

Fanout         Cap        Slew       Delay        Time   Description
---------------------------------------------------------------------------------------------
                                  0.000000    0.000000   clock in_clk (rise edge)
                                  0.000000    0.000000   clock network delay (propagated)
                                  0.500000    0.500000 ^ input external delay
     1    0.003899    0.000002    0.000033    0.500033 ^ rst (in)
                                                         rst (net)
                      0.000078    0.000000    0.500033 ^ input1/I (gf180mcu_fd_sc_mcu7t5v0__dlyb_1)
     6    0.054618    1.583282    2.441571    2.941605 ^ input1/Z (gf180mcu_fd_sc_mcu7t5v0__dlyb_1)
                                                         net1 (net)
                      1.583282    0.000799    2.942404 ^ _34_/RN (gf180mcu_fd_sc_mcu7t5v0__dffrnq_1)
                                              2.942404   data arrival time

                                  0.000000    0.000000   clock in_clk (rise edge)
                                  0.000000    0.000000   clock source latency
     1    0.029496    0.000015    0.000626    0.000626 ^ in_clk (in)
                                                         in_clk (net)
                      0.001509    0.000000    0.000626 ^ clkbuf_0_in_clk/I (gf180mcu_fd_sc_mcu7t5v0__clkbuf_16)
     2    0.047170    0.200664    0.399360    0.399986 ^ clkbuf_0_in_clk/Z (gf180mcu_fd_sc_mcu7t5v0__clkbuf_16)
                                                         clknet_0_in_clk (net)
                      0.200664    0.000711    0.400697 ^ clkbuf_1_0__f_in_clk/I (gf180mcu_fd_sc_mcu7t5v0__clkbuf_16)
     4    0.018099    0.154964    0.403481    0.804179 ^ clkbuf_1_0__f_in_clk/Z (gf180mcu_fd_sc_mcu7t5v0__clkbuf_16)
                                                         clknet_1_0__leaf_in_clk (net)
                      0.154964    0.000112    0.804291 ^ _34_/CLK (gf180mcu_fd_sc_mcu7t5v0__dffrnq_1)
                                  0.200000    1.004291   clock uncertainty
                                  0.000000    1.004291   clock reconvergence pessimism
                                  0.774957    1.779248   library removal time
                                              1.779248   data required time
---------------------------------------------------------------------------------------------
                                              1.779248   data required time
                                             -2.942404   data arrival time
---------------------------------------------------------------------------------------------
                                              1.163156   slack (MET)


Startpoint: rst (input port clocked by in_clk)
Endpoint: _36_ (removal check against rising-edge clock in_clk)
Path Group: asynchronous
Path Type: min

Fanout         Cap        Slew       Delay        Time   Description
---------------------------------------------------------------------------------------------
                                  0.000000    0.000000   clock in_clk (rise edge)
                                  0.000000    0.000000   clock network delay (propagated)
                                  0.500000    0.500000 ^ input external delay
     1    0.003899    0.000002    0.000033    0.500033 ^ rst (in)
                                                         rst (net)
                      0.000078    0.000000    0.500033 ^ input1/I (gf180mcu_fd_sc_mcu7t5v0__dlyb_1)
     6    0.054618    1.583282    2.441571    2.941605 ^ input1/Z (gf180mcu_fd_sc_mcu7t5v0__dlyb_1)
                                                         net1 (net)
                      1.583282    0.000846    2.942451 ^ _36_/RN (gf180mcu_fd_sc_mcu7t5v0__dffrnq_1)
                                              2.942451   data arrival time

                                  0.000000    0.000000   clock in_clk (rise edge)
                                  0.000000    0.000000   clock source latency
     1    0.029496    0.000015    0.000626    0.000626 ^ in_clk (in)
                                                         in_clk (net)
                      0.001509    0.000000    0.000626 ^ clkbuf_0_in_clk/I (gf180mcu_fd_sc_mcu7t5v0__clkbuf_16)
     2    0.047170    0.200664    0.399360    0.399986 ^ clkbuf_0_in_clk/Z (gf180mcu_fd_sc_mcu7t5v0__clkbuf_16)
                                                         clknet_0_in_clk (net)
                      0.200664    0.000711    0.400697 ^ clkbuf_1_0__f_in_clk/I (gf180mcu_fd_sc_mcu7t5v0__clkbuf_16)
     4    0.018099    0.154964    0.403481    0.804179 ^ clkbuf_1_0__f_in_clk/Z (gf180mcu_fd_sc_mcu7t5v0__clkbuf_16)
                                                         clknet_1_0__leaf_in_clk (net)
                      0.154964    0.000150    0.804328 ^ _36_/CLK (gf180mcu_fd_sc_mcu7t5v0__dffrnq_1)
                                  0.200000    1.004328   clock uncertainty
                                  0.000000    1.004328   clock reconvergence pessimism
                                  0.774957    1.779286   library removal time
                                              1.779286   data required time
---------------------------------------------------------------------------------------------
                                              1.779286   data required time
                                             -2.942451   data arrival time
---------------------------------------------------------------------------------------------
                                              1.163165   slack (MET)


Startpoint: rst (input port clocked by in_clk)
Endpoint: _33_ (removal check against rising-edge clock in_clk)
Path Group: asynchronous
Path Type: min

Fanout         Cap        Slew       Delay        Time   Description
---------------------------------------------------------------------------------------------
                                  0.000000    0.000000   clock in_clk (rise edge)
                                  0.000000    0.000000   clock network delay (propagated)
                                  0.500000    0.500000 ^ input external delay
     1    0.003899    0.000002    0.000033    0.500033 ^ rst (in)
                                                         rst (net)
                      0.000078    0.000000    0.500033 ^ input1/I (gf180mcu_fd_sc_mcu7t5v0__dlyb_1)
     6    0.054618    1.583282    2.441571    2.941605 ^ input1/Z (gf180mcu_fd_sc_mcu7t5v0__dlyb_1)
                                                         net1 (net)
                      1.583282    0.000497    2.942102 ^ _33_/RN (gf180mcu_fd_sc_mcu7t5v0__dffrnq_1)
                                              2.942102   data arrival time

                                  0.000000    0.000000   clock in_clk (rise edge)
                                  0.000000    0.000000   clock source latency
     1    0.029496    0.000015    0.000626    0.000626 ^ in_clk (in)
                                                         in_clk (net)
                      0.001509    0.000000    0.000626 ^ clkbuf_0_in_clk/I (gf180mcu_fd_sc_mcu7t5v0__clkbuf_16)
     2    0.047170    0.200664    0.399360    0.399986 ^ clkbuf_0_in_clk/Z (gf180mcu_fd_sc_mcu7t5v0__clkbuf_16)
                                                         clknet_0_in_clk (net)
                      0.200664    0.000751    0.400737 ^ clkbuf_1_1__f_in_clk/I (gf180mcu_fd_sc_mcu7t5v0__clkbuf_16)
     3    0.014597    0.149290    0.398250    0.798987 ^ clkbuf_1_1__f_in_clk/Z (gf180mcu_fd_sc_mcu7t5v0__clkbuf_16)
                                                         clknet_1_1__leaf_in_clk (net)
                      0.149290    0.000096    0.799083 ^ _33_/CLK (gf180mcu_fd_sc_mcu7t5v0__dffrnq_1)
                                  0.200000    0.999083   clock uncertainty
                                  0.000000    0.999083   clock reconvergence pessimism
                                  0.773808    1.772891   library removal time
                                              1.772891   data required time
---------------------------------------------------------------------------------------------
                                              1.772891   data required time
                                             -2.942102   data arrival time
---------------------------------------------------------------------------------------------
                                              1.169211   slack (MET)


Startpoint: rst (input port clocked by in_clk)
Endpoint: _32_ (removal check against rising-edge clock in_clk)
Path Group: asynchronous
Path Type: min

Fanout         Cap        Slew       Delay        Time   Description
---------------------------------------------------------------------------------------------
                                  0.000000    0.000000   clock in_clk (rise edge)
                                  0.000000    0.000000   clock network delay (propagated)
                                  0.500000    0.500000 ^ input external delay
     1    0.003899    0.000002    0.000033    0.500033 ^ rst (in)
                                                         rst (net)
                      0.000078    0.000000    0.500033 ^ input1/I (gf180mcu_fd_sc_mcu7t5v0__dlyb_1)
     6    0.054618    1.583282    2.441571    2.941605 ^ input1/Z (gf180mcu_fd_sc_mcu7t5v0__dlyb_1)
                                                         net1 (net)
                      1.583282    0.000546    2.942151 ^ _32_/RN (gf180mcu_fd_sc_mcu7t5v0__dffrnq_1)
                                              2.942151   data arrival time

                                  0.000000    0.000000   clock in_clk (rise edge)
                                  0.000000    0.000000   clock source latency
     1    0.029496    0.000015    0.000626    0.000626 ^ in_clk (in)
                                                         in_clk (net)
                      0.001509    0.000000    0.000626 ^ clkbuf_0_in_clk/I (gf180mcu_fd_sc_mcu7t5v0__clkbuf_16)
     2    0.047170    0.200664    0.399360    0.399986 ^ clkbuf_0_in_clk/Z (gf180mcu_fd_sc_mcu7t5v0__clkbuf_16)
                                                         clknet_0_in_clk (net)
                      0.200664    0.000751    0.400737 ^ clkbuf_1_1__f_in_clk/I (gf180mcu_fd_sc_mcu7t5v0__clkbuf_16)
     3    0.014597    0.149290    0.398250    0.798987 ^ clkbuf_1_1__f_in_clk/Z (gf180mcu_fd_sc_mcu7t5v0__clkbuf_16)
                                                         clknet_1_1__leaf_in_clk (net)
                      0.149290    0.000106    0.799093 ^ _32_/CLK (gf180mcu_fd_sc_mcu7t5v0__dffrnq_1)
                                  0.200000    0.999093   clock uncertainty
                                  0.000000    0.999093   clock reconvergence pessimism
                                  0.773808    1.772901   library removal time
                                              1.772901   data required time
---------------------------------------------------------------------------------------------
                                              1.772901   data required time
                                             -2.942151   data arrival time
---------------------------------------------------------------------------------------------
                                              1.169250   slack (MET)


Startpoint: _33_ (rising edge-triggered flip-flop clocked by in_clk)
Endpoint: _33_ (rising edge-triggered flip-flop clocked by in_clk)
Path Group: in_clk
Path Type: min

Fanout         Cap        Slew       Delay        Time   Description
---------------------------------------------------------------------------------------------
                                  0.000000    0.000000   clock in_clk (rise edge)
                                  0.000000    0.000000   clock source latency
     1    0.029496    0.000015    0.000626    0.000626 ^ in_clk (in)
                                                         in_clk (net)
                      0.001509    0.000000    0.000626 ^ clkbuf_0_in_clk/I (gf180mcu_fd_sc_mcu7t5v0__clkbuf_16)
     2    0.047170    0.200664    0.399360    0.399986 ^ clkbuf_0_in_clk/Z (gf180mcu_fd_sc_mcu7t5v0__clkbuf_16)
                                                         clknet_0_in_clk (net)
                      0.200664    0.000751    0.400737 ^ clkbuf_1_1__f_in_clk/I (gf180mcu_fd_sc_mcu7t5v0__clkbuf_16)
     3    0.014597    0.149290    0.398250    0.798987 ^ clkbuf_1_1__f_in_clk/Z (gf180mcu_fd_sc_mcu7t5v0__clkbuf_16)
                                                         clknet_1_1__leaf_in_clk (net)
                      0.149290    0.000096    0.799083 ^ _33_/CLK (gf180mcu_fd_sc_mcu7t5v0__dffrnq_1)
     2    0.010522    0.281239    1.350458    2.149541 v _33_/Q (gf180mcu_fd_sc_mcu7t5v0__dffrnq_1)
                                                         net5 (net)
                      0.281239    0.000165    2.149706 v _17_/I (gf180mcu_fd_sc_mcu7t5v0__clkinv_1)
     1    0.008055    0.309719    0.262127    2.411834 ^ _17_/ZN (gf180mcu_fd_sc_mcu7t5v0__clkinv_1)
                                                         _07_ (net)
                      0.309719    0.000188    2.412021 ^ _30_/A1 (gf180mcu_fd_sc_mcu7t5v0__aoi21_1)
     1    0.004168    0.241371    0.211563    2.623585 v _30_/ZN (gf180mcu_fd_sc_mcu7t5v0__aoi21_1)
                                                         _05_ (net)
                      0.241371    0.000046    2.623631 v _33_/D (gf180mcu_fd_sc_mcu7t5v0__dffrnq_1)
                                              2.623631   data arrival time

                                  0.000000    0.000000   clock in_clk (rise edge)
                                  0.000000    0.000000   clock source latency
     1    0.029496    0.000015    0.000626    0.000626 ^ in_clk (in)
                                                         in_clk (net)
                      0.001509    0.000000    0.000626 ^ clkbuf_0_in_clk/I (gf180mcu_fd_sc_mcu7t5v0__clkbuf_16)
     2    0.047170    0.200664    0.399360    0.399986 ^ clkbuf_0_in_clk/Z (gf180mcu_fd_sc_mcu7t5v0__clkbuf_16)
                                                         clknet_0_in_clk (net)
                      0.200664    0.000751    0.400737 ^ clkbuf_1_1__f_in_clk/I (gf180mcu_fd_sc_mcu7t5v0__clkbuf_16)
     3    0.014597    0.149290    0.398250    0.798987 ^ clkbuf_1_1__f_in_clk/Z (gf180mcu_fd_sc_mcu7t5v0__clkbuf_16)
                                                         clknet_1_1__leaf_in_clk (net)
                      0.149290    0.000096    0.799083 ^ _33_/CLK (gf180mcu_fd_sc_mcu7t5v0__dffrnq_1)
                                  0.200000    0.999083   clock uncertainty
                                  0.000000    0.999083   clock reconvergence pessimism
                                  0.203391    1.202474   library hold time
                                              1.202474   data required time
---------------------------------------------------------------------------------------------
                                              1.202474   data required time
                                             -2.623631   data arrival time
---------------------------------------------------------------------------------------------
                                              1.421157   slack (MET)


Startpoint: _32_ (rising edge-triggered flip-flop clocked by in_clk)
Endpoint: _32_ (rising edge-triggered flip-flop clocked by in_clk)
Path Group: in_clk
Path Type: min

Fanout         Cap        Slew       Delay        Time   Description
---------------------------------------------------------------------------------------------
                                  0.000000    0.000000   clock in_clk (rise edge)
                                  0.000000    0.000000   clock source latency
     1    0.029496    0.000015    0.000626    0.000626 ^ in_clk (in)
                                                         in_clk (net)
                      0.001509    0.000000    0.000626 ^ clkbuf_0_in_clk/I (gf180mcu_fd_sc_mcu7t5v0__clkbuf_16)
     2    0.047170    0.200664    0.399360    0.399986 ^ clkbuf_0_in_clk/Z (gf180mcu_fd_sc_mcu7t5v0__clkbuf_16)
                                                         clknet_0_in_clk (net)
                      0.200664    0.000751    0.400737 ^ clkbuf_1_1__f_in_clk/I (gf180mcu_fd_sc_mcu7t5v0__clkbuf_16)
     3    0.014597    0.149290    0.398250    0.798987 ^ clkbuf_1_1__f_in_clk/Z (gf180mcu_fd_sc_mcu7t5v0__clkbuf_16)
                                                         clknet_1_1__leaf_in_clk (net)
                      0.149290    0.000106    0.799093 ^ _32_/CLK (gf180mcu_fd_sc_mcu7t5v0__dffrnq_1)
     2    0.009494    0.267064    1.338742    2.137834 v _32_/Q (gf180mcu_fd_sc_mcu7t5v0__dffrnq_1)
                                                         net3 (net)
                      0.267064    0.000142    2.137977 v _16_/I (gf180mcu_fd_sc_mcu7t5v0__clkinv_1)
     2    0.010806    0.378740    0.301115    2.439092 ^ _16_/ZN (gf180mcu_fd_sc_mcu7t5v0__clkinv_1)
                                                         net4 (net)
                      0.378740    0.000166    2.439258 ^ _29_/B1 (gf180mcu_fd_sc_mcu7t5v0__aoi22_1)
     1    0.003745    0.231539    0.288435    2.727692 v _29_/ZN (gf180mcu_fd_sc_mcu7t5v0__aoi22_1)
                                                         _04_ (net)
                      0.231539    0.000070    2.727762 v _32_/D (gf180mcu_fd_sc_mcu7t5v0__dffrnq_1)
                                              2.727762   data arrival time

                                  0.000000    0.000000   clock in_clk (rise edge)
                                  0.000000    0.000000   clock source latency
     1    0.029496    0.000015    0.000626    0.000626 ^ in_clk (in)
                                                         in_clk (net)
                      0.001509    0.000000    0.000626 ^ clkbuf_0_in_clk/I (gf180mcu_fd_sc_mcu7t5v0__clkbuf_16)
     2    0.047170    0.200664    0.399360    0.399986 ^ clkbuf_0_in_clk/Z (gf180mcu_fd_sc_mcu7t5v0__clkbuf_16)
                                                         clknet_0_in_clk (net)
                      0.200664    0.000751    0.400737 ^ clkbuf_1_1__f_in_clk/I (gf180mcu_fd_sc_mcu7t5v0__clkbuf_16)
     3    0.014597    0.149290    0.398250    0.798987 ^ clkbuf_1_1__f_in_clk/Z (gf180mcu_fd_sc_mcu7t5v0__clkbuf_16)
                                                         clknet_1_1__leaf_in_clk (net)
                      0.149290    0.000106    0.799093 ^ _32_/CLK (gf180mcu_fd_sc_mcu7t5v0__dffrnq_1)
                                  0.200000    0.999093   clock uncertainty
                                  0.000000    0.999093   clock reconvergence pessimism
                                  0.205839    1.204932   library hold time
                                              1.204932   data required time
---------------------------------------------------------------------------------------------
                                              1.204932   data required time
                                             -2.727762   data arrival time
---------------------------------------------------------------------------------------------
                                              1.522830   slack (MET)


Startpoint: rst (input port clocked by in_clk)
Endpoint: _31_ (removal check against rising-edge clock in_clk)
Path Group: asynchronous
Path Type: min

Fanout         Cap        Slew       Delay        Time   Description
---------------------------------------------------------------------------------------------
                                  0.000000    0.000000   clock in_clk (rise edge)
                                  0.000000    0.000000   clock network delay (propagated)
                                  0.500000    0.500000 ^ input external delay
     1    0.003899    0.000002    0.000033    0.500033 ^ rst (in)
                                                         rst (net)
                      0.000078    0.000000    0.500033 ^ input1/I (gf180mcu_fd_sc_mcu7t5v0__dlyb_1)
     6    0.054618    1.583282    2.441571    2.941605 ^ input1/Z (gf180mcu_fd_sc_mcu7t5v0__dlyb_1)
                                                         net1 (net)
                      1.583282    0.000333    2.941938 ^ _31_/SETN (gf180mcu_fd_sc_mcu7t5v0__dffsnq_1)
                                              2.941938   data arrival time

                                  0.000000    0.000000   clock in_clk (rise edge)
                                  0.000000    0.000000   clock source latency
     1    0.029496    0.000015    0.000626    0.000626 ^ in_clk (in)
                                                         in_clk (net)
                      0.001509    0.000000    0.000626 ^ clkbuf_0_in_clk/I (gf180mcu_fd_sc_mcu7t5v0__clkbuf_16)
     2    0.047170    0.200664    0.399360    0.399986 ^ clkbuf_0_in_clk/Z (gf180mcu_fd_sc_mcu7t5v0__clkbuf_16)
                                                         clknet_0_in_clk (net)
                      0.200664    0.000751    0.400737 ^ clkbuf_1_1__f_in_clk/I (gf180mcu_fd_sc_mcu7t5v0__clkbuf_16)
     3    0.014597    0.149290    0.398250    0.798987 ^ clkbuf_1_1__f_in_clk/Z (gf180mcu_fd_sc_mcu7t5v0__clkbuf_16)
                                                         clknet_1_1__leaf_in_clk (net)
                      0.149290    0.000128    0.799116 ^ _31_/CLK (gf180mcu_fd_sc_mcu7t5v0__dffsnq_1)
                                  0.200000    0.999116   clock uncertainty
                                  0.000000    0.999116   clock reconvergence pessimism
                                  0.225453    1.224569   library removal time
                                              1.224569   data required time
---------------------------------------------------------------------------------------------
                                              1.224569   data required time
                                             -2.941938   data arrival time
---------------------------------------------------------------------------------------------
                                              1.717369   slack (MET)


Startpoint: _31_ (rising edge-triggered flip-flop clocked by in_clk)
Endpoint: _31_ (rising edge-triggered flip-flop clocked by in_clk)
Path Group: in_clk
Path Type: min

Fanout         Cap        Slew       Delay        Time   Description
---------------------------------------------------------------------------------------------
                                  0.000000    0.000000   clock in_clk (rise edge)
                                  0.000000    0.000000   clock source latency
     1    0.029496    0.000015    0.000626    0.000626 ^ in_clk (in)
                                                         in_clk (net)
                      0.001509    0.000000    0.000626 ^ clkbuf_0_in_clk/I (gf180mcu_fd_sc_mcu7t5v0__clkbuf_16)
     2    0.047170    0.200664    0.399360    0.399986 ^ clkbuf_0_in_clk/Z (gf180mcu_fd_sc_mcu7t5v0__clkbuf_16)
                                                         clknet_0_in_clk (net)
                      0.200664    0.000751    0.400737 ^ clkbuf_1_1__f_in_clk/I (gf180mcu_fd_sc_mcu7t5v0__clkbuf_16)
     3    0.014597    0.149290    0.398250    0.798987 ^ clkbuf_1_1__f_in_clk/Z (gf180mcu_fd_sc_mcu7t5v0__clkbuf_16)
                                                         clknet_1_1__leaf_in_clk (net)
                      0.149290    0.000128    0.799116 ^ _31_/CLK (gf180mcu_fd_sc_mcu7t5v0__dffsnq_1)
     2    0.009470    0.292254    1.490926    2.290041 v _31_/Q (gf180mcu_fd_sc_mcu7t5v0__dffsnq_1)
                                                         net2 (net)
                      0.292254    0.000184    2.290225 v _26_/A3 (gf180mcu_fd_sc_mcu7t5v0__nand3_1)
     1    0.005017    0.459355    0.372426    2.662651 ^ _26_/ZN (gf180mcu_fd_sc_mcu7t5v0__nand3_1)
                                                         _13_ (net)
                      0.459355    0.000047    2.662698 ^ _27_/B (gf180mcu_fd_sc_mcu7t5v0__oai21_1)
     1    0.003500    0.254582    0.234433    2.897131 v _27_/ZN (gf180mcu_fd_sc_mcu7t5v0__oai21_1)
                                                         _03_ (net)
                      0.254582    0.000038    2.897169 v _31_/D (gf180mcu_fd_sc_mcu7t5v0__dffsnq_1)
                                              2.897169   data arrival time

                                  0.000000    0.000000   clock in_clk (rise edge)
                                  0.000000    0.000000   clock source latency
     1    0.029496    0.000015    0.000626    0.000626 ^ in_clk (in)
                                                         in_clk (net)
                      0.001509    0.000000    0.000626 ^ clkbuf_0_in_clk/I (gf180mcu_fd_sc_mcu7t5v0__clkbuf_16)
     2    0.047170    0.200664    0.399360    0.399986 ^ clkbuf_0_in_clk/Z (gf180mcu_fd_sc_mcu7t5v0__clkbuf_16)
                                                         clknet_0_in_clk (net)
                      0.200664    0.000751    0.400737 ^ clkbuf_1_1__f_in_clk/I (gf180mcu_fd_sc_mcu7t5v0__clkbuf_16)
     3    0.014597    0.149290    0.398250    0.798987 ^ clkbuf_1_1__f_in_clk/Z (gf180mcu_fd_sc_mcu7t5v0__clkbuf_16)
                                                         clknet_1_1__leaf_in_clk (net)
                      0.149290    0.000128    0.799116 ^ _31_/CLK (gf180mcu_fd_sc_mcu7t5v0__dffsnq_1)
                                  0.200000    0.999116   clock uncertainty
                                  0.000000    0.999116   clock reconvergence pessimism
                                  0.024470    1.023586   library hold time
                                              1.023586   data required time
---------------------------------------------------------------------------------------------
                                              1.023586   data required time
                                             -2.897169   data arrival time
---------------------------------------------------------------------------------------------
                                              1.873583   slack (MET)


Startpoint: _34_ (rising edge-triggered flip-flop clocked by in_clk)
Endpoint: _34_ (rising edge-triggered flip-flop clocked by in_clk)
Path Group: in_clk
Path Type: min

Fanout         Cap        Slew       Delay        Time   Description
---------------------------------------------------------------------------------------------
                                  0.000000    0.000000   clock in_clk (rise edge)
                                  0.000000    0.000000   clock source latency
     1    0.029496    0.000015    0.000626    0.000626 ^ in_clk (in)
                                                         in_clk (net)
                      0.001509    0.000000    0.000626 ^ clkbuf_0_in_clk/I (gf180mcu_fd_sc_mcu7t5v0__clkbuf_16)
     2    0.047170    0.200664    0.399360    0.399986 ^ clkbuf_0_in_clk/Z (gf180mcu_fd_sc_mcu7t5v0__clkbuf_16)
                                                         clknet_0_in_clk (net)
                      0.200664    0.000711    0.400697 ^ clkbuf_1_0__f_in_clk/I (gf180mcu_fd_sc_mcu7t5v0__clkbuf_16)
     4    0.018099    0.154964    0.403481    0.804179 ^ clkbuf_1_0__f_in_clk/Z (gf180mcu_fd_sc_mcu7t5v0__clkbuf_16)
                                                         clknet_1_0__leaf_in_clk (net)
                      0.154964    0.000112    0.804291 ^ _34_/CLK (gf180mcu_fd_sc_mcu7t5v0__dffrnq_1)
     6    0.034520    0.624902    1.606692    2.410983 v _34_/Q (gf180mcu_fd_sc_mcu7t5v0__dffrnq_1)
                                                         counter[0] (net)
                      0.624903    0.000751    2.411733 v _19_/B (gf180mcu_fd_sc_mcu7t5v0__aoi21_1)
     1    0.003500    0.442288    0.404704    2.816437 ^ _19_/ZN (gf180mcu_fd_sc_mcu7t5v0__aoi21_1)
                                                         _00_ (net)
                      0.442288    0.000035    2.816472 ^ _34_/D (gf180mcu_fd_sc_mcu7t5v0__dffrnq_1)
                                              2.816472   data arrival time

                                  0.000000    0.000000   clock in_clk (rise edge)
                                  0.000000    0.000000   clock source latency
     1    0.029496    0.000015    0.000626    0.000626 ^ in_clk (in)
                                                         in_clk (net)
                      0.001509    0.000000    0.000626 ^ clkbuf_0_in_clk/I (gf180mcu_fd_sc_mcu7t5v0__clkbuf_16)
     2    0.047170    0.200664    0.399360    0.399986 ^ clkbuf_0_in_clk/Z (gf180mcu_fd_sc_mcu7t5v0__clkbuf_16)
                                                         clknet_0_in_clk (net)
                      0.200664    0.000711    0.400697 ^ clkbuf_1_0__f_in_clk/I (gf180mcu_fd_sc_mcu7t5v0__clkbuf_16)
     4    0.018099    0.154964    0.403481    0.804179 ^ clkbuf_1_0__f_in_clk/Z (gf180mcu_fd_sc_mcu7t5v0__clkbuf_16)
                                                         clknet_1_0__leaf_in_clk (net)
                      0.154964    0.000112    0.804291 ^ _34_/CLK (gf180mcu_fd_sc_mcu7t5v0__dffrnq_1)
                                  0.200000    1.004291   clock uncertainty
                                  0.000000    1.004291   clock reconvergence pessimism
                                 -0.236127    0.768164   library hold time
                                              0.768164   data required time
---------------------------------------------------------------------------------------------
                                              0.768164   data required time
                                             -2.816472   data arrival time
---------------------------------------------------------------------------------------------
                                              2.048308   slack (MET)


Startpoint: _36_ (rising edge-triggered flip-flop clocked by in_clk)
Endpoint: _36_ (rising edge-triggered flip-flop clocked by in_clk)
Path Group: in_clk
Path Type: min

Fanout         Cap        Slew       Delay        Time   Description
---------------------------------------------------------------------------------------------
                                  0.000000    0.000000   clock in_clk (rise edge)
                                  0.000000    0.000000   clock source latency
     1    0.029496    0.000015    0.000626    0.000626 ^ in_clk (in)
                                                         in_clk (net)
                      0.001509    0.000000    0.000626 ^ clkbuf_0_in_clk/I (gf180mcu_fd_sc_mcu7t5v0__clkbuf_16)
     2    0.047170    0.200664    0.399360    0.399986 ^ clkbuf_0_in_clk/Z (gf180mcu_fd_sc_mcu7t5v0__clkbuf_16)
                                                         clknet_0_in_clk (net)
                      0.200664    0.000711    0.400697 ^ clkbuf_1_0__f_in_clk/I (gf180mcu_fd_sc_mcu7t5v0__clkbuf_16)
     4    0.018099    0.154964    0.403481    0.804179 ^ clkbuf_1_0__f_in_clk/Z (gf180mcu_fd_sc_mcu7t5v0__clkbuf_16)
                                                         clknet_1_0__leaf_in_clk (net)
                      0.154964    0.000150    0.804328 ^ _36_/CLK (gf180mcu_fd_sc_mcu7t5v0__dffrnq_1)
     8    0.051161    0.879543    1.770429    2.574757 v _36_/Q (gf180mcu_fd_sc_mcu7t5v0__dffrnq_1)
                                                         counter[2] (net)
                      0.879543    0.000854    2.575611 v _25_/S (gf180mcu_fd_sc_mcu7t5v0__mux2_2)
     1    0.005835    0.220186    0.765747    3.341357 v _25_/Z (gf180mcu_fd_sc_mcu7t5v0__mux2_2)
                                                         _02_ (net)
                      0.220186    0.000082    3.341440 v _36_/D (gf180mcu_fd_sc_mcu7t5v0__dffrnq_1)
                                              3.341440   data arrival time

                                  0.000000    0.000000   clock in_clk (rise edge)
                                  0.000000    0.000000   clock source latency
     1    0.029496    0.000015    0.000626    0.000626 ^ in_clk (in)
                                                         in_clk (net)
                      0.001509    0.000000    0.000626 ^ clkbuf_0_in_clk/I (gf180mcu_fd_sc_mcu7t5v0__clkbuf_16)
     2    0.047170    0.200664    0.399360    0.399986 ^ clkbuf_0_in_clk/Z (gf180mcu_fd_sc_mcu7t5v0__clkbuf_16)
                                                         clknet_0_in_clk (net)
                      0.200664    0.000711    0.400697 ^ clkbuf_1_0__f_in_clk/I (gf180mcu_fd_sc_mcu7t5v0__clkbuf_16)
     4    0.018099    0.154964    0.403481    0.804179 ^ clkbuf_1_0__f_in_clk/Z (gf180mcu_fd_sc_mcu7t5v0__clkbuf_16)
                                                         clknet_1_0__leaf_in_clk (net)
                      0.154964    0.000150    0.804328 ^ _36_/CLK (gf180mcu_fd_sc_mcu7t5v0__dffrnq_1)
                                  0.200000    1.004328   clock uncertainty
                                  0.000000    1.004328   clock reconvergence pessimism
                                  0.210001    1.214329   library hold time
                                              1.214329   data required time
---------------------------------------------------------------------------------------------
                                              1.214329   data required time
                                             -3.341440   data arrival time
---------------------------------------------------------------------------------------------
                                              2.127110   slack (MET)


Startpoint: _34_ (rising edge-triggered flip-flop clocked by in_clk)
Endpoint: _35_ (rising edge-triggered flip-flop clocked by in_clk)
Path Group: in_clk
Path Type: min

Fanout         Cap        Slew       Delay        Time   Description
---------------------------------------------------------------------------------------------
                                  0.000000    0.000000   clock in_clk (rise edge)
                                  0.000000    0.000000   clock source latency
     1    0.029496    0.000015    0.000626    0.000626 ^ in_clk (in)
                                                         in_clk (net)
                      0.001509    0.000000    0.000626 ^ clkbuf_0_in_clk/I (gf180mcu_fd_sc_mcu7t5v0__clkbuf_16)
     2    0.047170    0.200664    0.399360    0.399986 ^ clkbuf_0_in_clk/Z (gf180mcu_fd_sc_mcu7t5v0__clkbuf_16)
                                                         clknet_0_in_clk (net)
                      0.200664    0.000711    0.400697 ^ clkbuf_1_0__f_in_clk/I (gf180mcu_fd_sc_mcu7t5v0__clkbuf_16)
     4    0.018099    0.154964    0.403481    0.804179 ^ clkbuf_1_0__f_in_clk/Z (gf180mcu_fd_sc_mcu7t5v0__clkbuf_16)
                                                         clknet_1_0__leaf_in_clk (net)
                      0.154964    0.000112    0.804291 ^ _34_/CLK (gf180mcu_fd_sc_mcu7t5v0__dffrnq_1)
     6    0.034520    0.624902    1.606692    2.410983 v _34_/Q (gf180mcu_fd_sc_mcu7t5v0__dffrnq_1)
                                                         counter[0] (net)
                      0.624903    0.000830    2.411813 v _23_/A1 (gf180mcu_fd_sc_mcu7t5v0__nor2_1)
     2    0.010910    0.816753    0.627698    3.039511 ^ _23_/ZN (gf180mcu_fd_sc_mcu7t5v0__nor2_1)
                                                         _12_ (net)
                      0.816753    0.000085    3.039596 ^ _24_/A3 (gf180mcu_fd_sc_mcu7t5v0__nor3_1)
     1    0.003578    0.320369    0.373513    3.413109 v _24_/ZN (gf180mcu_fd_sc_mcu7t5v0__nor3_1)
                                                         _01_ (net)
                      0.320369    0.000036    3.413146 v _35_/D (gf180mcu_fd_sc_mcu7t5v0__dffrnq_1)
                                              3.413146   data arrival time

                                  0.000000    0.000000   clock in_clk (rise edge)
                                  0.000000    0.000000   clock source latency
     1    0.029496    0.000015    0.000626    0.000626 ^ in_clk (in)
                                                         in_clk (net)
                      0.001509    0.000000    0.000626 ^ clkbuf_0_in_clk/I (gf180mcu_fd_sc_mcu7t5v0__clkbuf_16)
     2    0.047170    0.200664    0.399360    0.399986 ^ clkbuf_0_in_clk/Z (gf180mcu_fd_sc_mcu7t5v0__clkbuf_16)
                                                         clknet_0_in_clk (net)
                      0.200664    0.000711    0.400697 ^ clkbuf_1_0__f_in_clk/I (gf180mcu_fd_sc_mcu7t5v0__clkbuf_16)
     4    0.018099    0.154964    0.403481    0.804179 ^ clkbuf_1_0__f_in_clk/Z (gf180mcu_fd_sc_mcu7t5v0__clkbuf_16)
                                                         clknet_1_0__leaf_in_clk (net)
                      0.154964    0.000038    0.804216 ^ _35_/CLK (gf180mcu_fd_sc_mcu7t5v0__dffrnq_1)
                                  0.200000    1.004216   clock uncertainty
                                  0.000000    1.004216   clock reconvergence pessimism
                                  0.186813    1.191029   library hold time
                                              1.191029   data required time
---------------------------------------------------------------------------------------------
                                              1.191029   data required time
                                             -3.413146   data arrival time
---------------------------------------------------------------------------------------------
                                              2.222116   slack (MET)


Startpoint: _32_ (rising edge-triggered flip-flop clocked by in_clk)
Endpoint: out_clk2 (output port clocked by in_clk)
Path Group: in_clk
Path Type: min

Fanout         Cap        Slew       Delay        Time   Description
---------------------------------------------------------------------------------------------
                                  0.000000    0.000000   clock in_clk (rise edge)
                                  0.000000    0.000000   clock source latency
     1    0.029496    0.000015    0.000626    0.000626 ^ in_clk (in)
                                                         in_clk (net)
                      0.001509    0.000000    0.000626 ^ clkbuf_0_in_clk/I (gf180mcu_fd_sc_mcu7t5v0__clkbuf_16)
     2    0.047170    0.200664    0.399360    0.399986 ^ clkbuf_0_in_clk/Z (gf180mcu_fd_sc_mcu7t5v0__clkbuf_16)
                                                         clknet_0_in_clk (net)
                      0.200664    0.000751    0.400737 ^ clkbuf_1_1__f_in_clk/I (gf180mcu_fd_sc_mcu7t5v0__clkbuf_16)
     3    0.014597    0.149290    0.398250    0.798987 ^ clkbuf_1_1__f_in_clk/Z (gf180mcu_fd_sc_mcu7t5v0__clkbuf_16)
                                                         clknet_1_1__leaf_in_clk (net)
                      0.149290    0.000106    0.799093 ^ _32_/CLK (gf180mcu_fd_sc_mcu7t5v0__dffrnq_1)
     2    0.009494    0.267064    1.338742    2.137834 v _32_/Q (gf180mcu_fd_sc_mcu7t5v0__dffrnq_1)
                                                         net3 (net)
                      0.267064    0.000151    2.137985 v output3/I (gf180mcu_fd_sc_mcu7t5v0__dlyb_1)
     1    0.036967    0.872992    2.366450    4.504436 v output3/Z (gf180mcu_fd_sc_mcu7t5v0__dlyb_1)
                                                         out_clk2 (net)
                      0.872992    0.000544    4.504980 v out_clk2 (out)
                                              4.504980   data arrival time

                                  0.000000    0.000000   clock in_clk (rise edge)
                                  0.000000    0.000000   clock network delay (propagated)
                                  0.200000    0.200000   clock uncertainty
                                  0.000000    0.200000   clock reconvergence pessimism
                                 -0.500000   -0.300000   output external delay
                                             -0.300000   data required time
---------------------------------------------------------------------------------------------
                                             -0.300000   data required time
                                             -4.504980   data arrival time
---------------------------------------------------------------------------------------------
                                              4.804980   slack (MET)


Startpoint: _31_ (rising edge-triggered flip-flop clocked by in_clk)
Endpoint: out_clk1 (output port clocked by in_clk)
Path Group: in_clk
Path Type: min

Fanout         Cap        Slew       Delay        Time   Description
---------------------------------------------------------------------------------------------
                                  0.000000    0.000000   clock in_clk (rise edge)
                                  0.000000    0.000000   clock source latency
     1    0.029496    0.000015    0.000626    0.000626 ^ in_clk (in)
                                                         in_clk (net)
                      0.001509    0.000000    0.000626 ^ clkbuf_0_in_clk/I (gf180mcu_fd_sc_mcu7t5v0__clkbuf_16)
     2    0.047170    0.200664    0.399360    0.399986 ^ clkbuf_0_in_clk/Z (gf180mcu_fd_sc_mcu7t5v0__clkbuf_16)
                                                         clknet_0_in_clk (net)
                      0.200664    0.000751    0.400737 ^ clkbuf_1_1__f_in_clk/I (gf180mcu_fd_sc_mcu7t5v0__clkbuf_16)
     3    0.014597    0.149290    0.398250    0.798987 ^ clkbuf_1_1__f_in_clk/Z (gf180mcu_fd_sc_mcu7t5v0__clkbuf_16)
                                                         clknet_1_1__leaf_in_clk (net)
                      0.149290    0.000128    0.799116 ^ _31_/CLK (gf180mcu_fd_sc_mcu7t5v0__dffsnq_1)
     2    0.009470    0.386803    1.485865    2.284981 ^ _31_/Q (gf180mcu_fd_sc_mcu7t5v0__dffsnq_1)
                                                         net2 (net)
                      0.386803    0.000184    2.285165 ^ output2/I (gf180mcu_fd_sc_mcu7t5v0__dlyb_1)
     1    0.037332    1.121772    2.241040    4.526206 ^ output2/Z (gf180mcu_fd_sc_mcu7t5v0__dlyb_1)
                                                         out_clk1 (net)
                      1.121772    0.000582    4.526787 ^ out_clk1 (out)
                                              4.526787   data arrival time

                                  0.000000    0.000000   clock in_clk (rise edge)
                                  0.000000    0.000000   clock network delay (propagated)
                                  0.200000    0.200000   clock uncertainty
                                  0.000000    0.200000   clock reconvergence pessimism
                                 -0.500000   -0.300000   output external delay
                                             -0.300000   data required time
---------------------------------------------------------------------------------------------
                                             -0.300000   data required time
                                             -4.526787   data arrival time
---------------------------------------------------------------------------------------------
                                              4.826787   slack (MET)


Startpoint: _33_ (rising edge-triggered flip-flop clocked by in_clk)
Endpoint: out_clk_cic (output port clocked by in_clk)
Path Group: in_clk
Path Type: min

Fanout         Cap        Slew       Delay        Time   Description
---------------------------------------------------------------------------------------------
                                  0.000000    0.000000   clock in_clk (rise edge)
                                  0.000000    0.000000   clock source latency
     1    0.029496    0.000015    0.000626    0.000626 ^ in_clk (in)
                                                         in_clk (net)
                      0.001509    0.000000    0.000626 ^ clkbuf_0_in_clk/I (gf180mcu_fd_sc_mcu7t5v0__clkbuf_16)
     2    0.047170    0.200664    0.399360    0.399986 ^ clkbuf_0_in_clk/Z (gf180mcu_fd_sc_mcu7t5v0__clkbuf_16)
                                                         clknet_0_in_clk (net)
                      0.200664    0.000751    0.400737 ^ clkbuf_1_1__f_in_clk/I (gf180mcu_fd_sc_mcu7t5v0__clkbuf_16)
     3    0.014597    0.149290    0.398250    0.798987 ^ clkbuf_1_1__f_in_clk/Z (gf180mcu_fd_sc_mcu7t5v0__clkbuf_16)
                                                         clknet_1_1__leaf_in_clk (net)
                      0.149290    0.000096    0.799083 ^ _33_/CLK (gf180mcu_fd_sc_mcu7t5v0__dffrnq_1)
     2    0.010522    0.281239    1.350458    2.149541 v _33_/Q (gf180mcu_fd_sc_mcu7t5v0__dffrnq_1)
                                                         net5 (net)
                      0.281239    0.000162    2.149703 v output5/I (gf180mcu_fd_sc_mcu7t5v0__dlyb_1)
     1    0.037818    0.887760    2.382629    4.532332 v output5/Z (gf180mcu_fd_sc_mcu7t5v0__dlyb_1)
                                                         out_clk_cic (net)
                      0.887760    0.000601    4.532933 v out_clk_cic (out)
                                              4.532933   data arrival time

                                  0.000000    0.000000   clock in_clk (rise edge)
                                  0.000000    0.000000   clock network delay (propagated)
                                  0.200000    0.200000   clock uncertainty
                                  0.000000    0.200000   clock reconvergence pessimism
                                 -0.500000   -0.300000   output external delay
                                             -0.300000   data required time
---------------------------------------------------------------------------------------------
                                             -0.300000   data required time
                                             -4.532933   data arrival time
---------------------------------------------------------------------------------------------
                                              4.832933   slack (MET)


Startpoint: _32_ (rising edge-triggered flip-flop clocked by in_clk)
Endpoint: out_clk2B (output port clocked by in_clk)
Path Group: in_clk
Path Type: min

Fanout         Cap        Slew       Delay        Time   Description
---------------------------------------------------------------------------------------------
                                  0.000000    0.000000   clock in_clk (rise edge)
                                  0.000000    0.000000   clock source latency
     1    0.029496    0.000015    0.000626    0.000626 ^ in_clk (in)
                                                         in_clk (net)
                      0.001509    0.000000    0.000626 ^ clkbuf_0_in_clk/I (gf180mcu_fd_sc_mcu7t5v0__clkbuf_16)
     2    0.047170    0.200664    0.399360    0.399986 ^ clkbuf_0_in_clk/Z (gf180mcu_fd_sc_mcu7t5v0__clkbuf_16)
                                                         clknet_0_in_clk (net)
                      0.200664    0.000751    0.400737 ^ clkbuf_1_1__f_in_clk/I (gf180mcu_fd_sc_mcu7t5v0__clkbuf_16)
     3    0.014597    0.149290    0.398250    0.798987 ^ clkbuf_1_1__f_in_clk/Z (gf180mcu_fd_sc_mcu7t5v0__clkbuf_16)
                                                         clknet_1_1__leaf_in_clk (net)
                      0.149290    0.000106    0.799093 ^ _32_/CLK (gf180mcu_fd_sc_mcu7t5v0__dffrnq_1)
     2    0.009494    0.267064    1.338742    2.137834 v _32_/Q (gf180mcu_fd_sc_mcu7t5v0__dffrnq_1)
                                                         net3 (net)
                      0.267064    0.000142    2.137977 v _16_/I (gf180mcu_fd_sc_mcu7t5v0__clkinv_1)
     2    0.010806    0.378740    0.301115    2.439092 ^ _16_/ZN (gf180mcu_fd_sc_mcu7t5v0__clkinv_1)
                                                         net4 (net)
                      0.378740    0.000077    2.439169 ^ output4/I (gf180mcu_fd_sc_mcu7t5v0__dlyb_1)
     1    0.037265    1.120054    2.238896    4.678064 ^ output4/Z (gf180mcu_fd_sc_mcu7t5v0__dlyb_1)
                                                         out_clk2B (net)
                      1.120054    0.000580    4.678644 ^ out_clk2B (out)
                                              4.678644   data arrival time

                                  0.000000    0.000000   clock in_clk (rise edge)
                                  0.000000    0.000000   clock network delay (propagated)
                                  0.200000    0.200000   clock uncertainty
                                  0.000000    0.200000   clock reconvergence pessimism
                                 -0.500000   -0.300000   output external delay
                                             -0.300000   data required time
---------------------------------------------------------------------------------------------
                                             -0.300000   data required time
                                             -4.678644   data arrival time
---------------------------------------------------------------------------------------------
                                              4.978644   slack (MET)



