
===========================================================================
 report_power
============================================================================
======================= nom_tt_025C_5v00 Corner ===================================

Group                    Internal    Switching      Leakage        Total
                            Power        Power        Power        Power (Watts)
------------------------------------------------------------------------
Sequential           6.650548e-05 0.000000e+00 1.040189e-07 6.660949e-05  51.1%
Combinational        4.321421e-05 2.037103e-05 1.255926e-07 6.371082e-05  48.9%
Clock                0.000000e+00 0.000000e+00 1.809994e-08 1.809994e-08   0.0%
Macro                0.000000e+00 0.000000e+00 0.000000e+00 0.000000e+00   0.0%
Pad                  0.000000e+00 0.000000e+00 0.000000e+00 0.000000e+00   0.0%
------------------------------------------------------------------------
Total                1.097197e-04 2.037103e-05 2.477095e-07 1.303384e-04 100.0%
                            84.2%        15.6%         0.2%
Writing metric power__internal__total: 0.00010971969459205866
Writing metric power__switching__total: 2.0371026039356366e-5
Writing metric power__leakage__total: 2.4770952222752385e-7
Writing metric power__total: 0.00013033841969445348

