Starting…
Running 'Verilator.Lint' at 'runs/RUN_2026-08-25_07-56-23/01-verilator-lint'…
Logging subprocess to [repr.filename]'runs/RUN_2026-08-25_07-56-23/01-verilator-lint/verilator-lint.log'[/repr.filename]…
Running 'Checker.LintTimingConstructs' at 'runs/RUN_2026-08-25_07-56-23/02-checker-linttimingconstructs'…
Check for Lint Timing Errors clear.
Running 'Checker.LintErrors' at 'runs/RUN_2026-08-25_07-56-23/03-checker-linterrors'…
Check for Lint errors clear.
Running 'Checker.LintWarnings' at 'runs/RUN_2026-08-25_07-56-23/04-checker-lintwarnings'…
1 Lint warnings found.
Running 'Yosys.JsonHeader' at 'runs/RUN_2026-08-25_07-56-23/05-yosys-jsonheader'…
Logging subprocess to [repr.filename]'runs/RUN_2026-08-25_07-56-23/05-yosys-jsonheader/yosys-jsonheader.log'[/repr.filename]…
Running 'Yosys.Synthesis' at 'runs/RUN_2026-08-25_07-56-23/06-yosys-synthesis'…
Logging subprocess to [repr.filename]'runs/RUN_2026-08-25_07-56-23/06-yosys-synthesis/yosys-synthesis.log'[/repr.filename]…
Parsing synthesis checks…
Running 'Checker.YosysUnmappedCells' at 'runs/RUN_2026-08-25_07-56-23/07-checker-yosysunmappedcells'…
Check for Unmapped Yosys instances clear.
Running 'Checker.YosysSynthChecks' at 'runs/RUN_2026-08-25_07-56-23/08-checker-yosyssynthchecks'…
Check for Yosys check errors clear.
Running 'Checker.NetlistAssignStatements' at 'runs/RUN_2026-08-25_07-56-23/09-checker-netlistassignstatements'…
Running 'OpenROAD.CheckSDCFiles' at 'runs/RUN_2026-08-25_07-56-23/10-openroad-checksdcfiles'…
Running 'OpenROAD.CheckMacroInstances' at 'runs/RUN_2026-08-25_07-56-23/11-openroad-checkmacroinstances'…
No macros found, skipping instance check…
Running 'OpenROAD.STAPrePNR' at 'runs/RUN_2026-08-25_07-56-23/12-openroad-staprepnr'…
Starting STA for the nom_tt_025C_5v00 timing corner…
Starting STA for the nom_ss_125C_4v50 timing corner…
Starting STA for the nom_ff_n40C_5v50 timing corner…
Skipping corner min_tt_025C_5v00 for STA (identical to nom_tt_025C_5v00 at this stage)…
Skipping corner min_ss_125C_4v50 for STA (identical to nom_ss_125C_4v50 at this stage)…
Skipping corner min_ff_n40C_5v50 for STA (identical to nom_ff_n40C_5v50 at this stage)…
Skipping corner max_tt_025C_5v00 for STA (identical to nom_tt_025C_5v00 at this stage)…
Skipping corner max_ss_125C_4v50 for STA (identical to nom_ss_125C_4v50 at this stage)…
Logging subprocess to [repr.filename]'runs/RUN_2026-08-25_07-56-23/12-openroad-staprepnr/nom_ss_125C_4v50/sta.log'[/repr.filename]…
Logging subprocess to [repr.filename]'runs/RUN_2026-08-25_07-56-23/12-openroad-staprepnr/nom_tt_025C_5v00/sta.log'[/repr.filename]…
Skipping corner max_ff_n40C_5v50 for STA (identical to nom_ff_n40C_5v50 at this stage)…
Logging subprocess to [repr.filename]'runs/RUN_2026-08-25_07-56-23/12-openroad-staprepnr/nom_ff_n40C_5v50/sta.log'[/repr.filename]…
Finished STA for the nom_ff_n40C_5v50 timing corner.
Finished STA for the nom_ss_125C_4v50 timing corner.
Finished STA for the nom_tt_025C_5v00 timing corner.
Running 'OpenROAD.Floorplan' at 'runs/RUN_2026-08-25_07-56-23/13-openroad-floorplan'…
Logging subprocess to [repr.filename]'runs/RUN_2026-08-25_07-56-23/13-openroad-floorplan/openroad-floorplan.log'[/repr.filename]…
[STA-0345] resistance scale 1e+03 does not match library scale 1e+00.
Running 'OpenROAD.DumpRCValues' at 'runs/RUN_2026-08-25_07-56-23/14-openroad-dumprcvalues'…
Logging subprocess to [repr.filename]'runs/RUN_2026-08-25_07-56-23/14-openroad-dumprcvalues/openroad-dumprcvalues.log'[/repr.filename]…
Running 'Odb.CheckMacroAntennaProperties' at 'runs/RUN_2026-08-25_07-56-23/15-odb-checkmacroantennaproperties'…
No cells provided, skipping 'Odb.CheckMacroAntennaProperties'…
Running 'Odb.SetPowerConnections' at 'runs/RUN_2026-08-25_07-56-23/16-odb-setpowerconnections'…
Logging subprocess to [repr.filename]'runs/RUN_2026-08-25_07-56-23/16-odb-setpowerconnections/odb-setpowerconnections.log'[/repr.filename]…
Running 'Odb.ManualMacroPlacement' at 'runs/RUN_2026-08-25_07-56-23/17-odb-manualmacroplacement'…
No instances found, skipping 'Odb.ManualMacroPlacement'…
Running 'OpenROAD.CutRows' at 'runs/RUN_2026-08-25_07-56-23/18-openroad-cutrows'…
Logging subprocess to [repr.filename]'runs/RUN_2026-08-25_07-56-23/18-openroad-cutrows/openroad-cutrows.log'[/repr.filename]…
[STA-0345] resistance scale 1e+03 does not match library scale 1e+00.
Running 'OpenROAD.TapEndcapInsertion' at 'runs/RUN_2026-08-25_07-56-23/19-openroad-tapendcapinsertion'…
Logging subprocess to [repr.filename]'runs/RUN_2026-08-25_07-56-23/19-openroad-tapendcapinsertion/openroad-tapendcapinsertion.log'[/repr.filename]…
[STA-0345] resistance scale 1e+03 does not match library scale 1e+00.
Running 'Odb.AddPDNObstructions' at 'runs/RUN_2026-08-25_07-56-23/20-odb-addpdnobstructions'…
'PDN_OBSTRUCTIONS' is not defined. Skipping 'Odb.AddPDNObstructions'…
Running 'OpenROAD.GeneratePDN' at 'runs/RUN_2026-08-25_07-56-23/21-openroad-generatepdn'…
'PDN_CFG' not explicitly set, setting it to /usr/local/lib/python3.12/dist-packages/librelane/scripts/openroad/common/pdn_cfg.tcl…
Logging subprocess to [repr.filename]'runs/RUN_2026-08-25_07-56-23/21-openroad-generatepdn/openroad-generatepdn.log'[/repr.filename]…
[STA-0345] resistance scale 1e+03 does not match library scale 1e+00.
Running 'Odb.RemovePDNObstructions' at 'runs/RUN_2026-08-25_07-56-23/22-odb-removepdnobstructions'…
'PDN_OBSTRUCTIONS' is not defined. Skipping 'Odb.RemovePDNObstructions'…
Running 'Odb.AddRoutingObstructions' at 'runs/RUN_2026-08-25_07-56-23/23-odb-addroutingobstructions'…
'ROUTING_OBSTRUCTIONS' is not defined. Skipping 'Odb.AddRoutingObstructions'…
Running 'OpenROAD.GlobalPlacementSkipIO' at 'runs/RUN_2026-08-25_07-56-23/24-openroad-globalplacementskipio'…
Logging subprocess to [repr.filename]'runs/RUN_2026-08-25_07-56-23/24-openroad-globalplacementskipio/openroad-globalplacementskipio.log'[/repr.filename]…
[STA-0345] resistance scale 1e+03 does not match library scale 1e+00.
[GPL-0302] Target density 0.1000 is too low for the available free area.
Running 'OpenROAD.IOPlacement' at 'runs/RUN_2026-08-25_07-56-23/25-openroad-ioplacement'…
Logging subprocess to [repr.filename]'runs/RUN_2026-08-25_07-56-23/25-openroad-ioplacement/openroad-ioplacement.log'[/repr.filename]…
[STA-0345] resistance scale 1e+03 does not match library scale 1e+00.
Running 'Odb.CustomIOPlacement' at 'runs/RUN_2026-08-25_07-56-23/26-odb-customioplacement'…
No custom I/O placement file configured, skipping 'Odb.CustomIOPlacement'…
Running 'Odb.ApplyDEFTemplate' at 'runs/RUN_2026-08-25_07-56-23/27-odb-applydeftemplate'…
No DEF template provided, skipping 'Odb.ApplyDEFTemplate'…
Running 'OpenROAD.GlobalPlacement' at 'runs/RUN_2026-08-25_07-56-23/28-openroad-globalplacement'…
Logging subprocess to [repr.filename]'runs/RUN_2026-08-25_07-56-23/28-openroad-globalplacement/openroad-globalplacement.log'[/repr.filename]…
[STA-0345] resistance scale 1e+03 does not match library scale 1e+00.
[GPL-0302] Target density 0.1000 is too low for the available free area.
Running 'Odb.WriteVerilogHeader' at 'runs/RUN_2026-08-25_07-56-23/29-odb-writeverilogheader'…
Logging subprocess to [repr.filename]'runs/RUN_2026-08-25_07-56-23/29-odb-writeverilogheader/odb-writeverilogheader.log'[/repr.filename]…
Running 'Checker.PowerGridViolations' at 'runs/RUN_2026-08-25_07-56-23/30-checker-powergridviolations'…
Check for power grid violations (as reported by OpenROAD PSM- you may ignore these if LVS passes) clear.
Running 'OpenROAD.STAMidPNR' at 'runs/RUN_2026-08-25_07-56-23/31-openroad-stamidpnr'…
Logging subprocess to [repr.filename]'runs/RUN_2026-08-25_07-56-23/31-openroad-stamidpnr/openroad-stamidpnr.log'[/repr.filename]…
[STA-0345] resistance scale 1e+03 does not match library scale 1e+00.
Running 'OpenROAD.RepairDesignPostGPL' at 'runs/RUN_2026-08-25_07-56-23/32-openroad-repairdesignpostgpl'…
Logging subprocess to [repr.filename]'runs/RUN_2026-08-25_07-56-23/32-openroad-repairdesignpostgpl/openroad-repairdesignpostgpl.log'[/repr.filename]…
[STA-1140] /foss/pdks/gf180mcuD/libs.ref/gf180mcu_fd_sc_mcu7t5v0/lib/gf180mcu_fd_sc_mcu7t5v0__ff_n40C_5v50.lib line 17, library gf180mcu_fd_sc_mcu7t5v0__ff_n40C_5v50 already exists.
[STA-1140] /foss/pdks/gf180mcuD/libs.ref/gf180mcu_fd_sc_mcu7t5v0/lib/gf180mcu_fd_sc_mcu7t5v0__tt_025C_5v00.lib line 17, library gf180mcu_fd_sc_mcu7t5v0__tt_025C_5v00 already exists.
[STA-1140] /foss/pdks/gf180mcuD/libs.ref/gf180mcu_fd_sc_mcu7t5v0/lib/gf180mcu_fd_sc_mcu7t5v0__ff_n40C_5v50.lib line 17, library gf180mcu_fd_sc_mcu7t5v0__ff_n40C_5v50 already exists.
[STA-1140] /foss/pdks/gf180mcuD/libs.ref/gf180mcu_fd_sc_mcu7t5v0/lib/gf180mcu_fd_sc_mcu7t5v0__tt_025C_5v00.lib line 17, library gf180mcu_fd_sc_mcu7t5v0__tt_025C_5v00 already exists.
[STA-1140] /foss/pdks/gf180mcuD/libs.ref/gf180mcu_fd_sc_mcu7t5v0/lib/gf180mcu_fd_sc_mcu7t5v0__ss_125C_4v50.lib line 17, library gf180mcu_fd_sc_mcu7t5v0__ss_125C_4v50 already exists.
[STA-1140] /foss/pdks/gf180mcuD/libs.ref/gf180mcu_fd_sc_mcu7t5v0/lib/gf180mcu_fd_sc_mcu7t5v0__ss_125C_4v50.lib line 17, library gf180mcu_fd_sc_mcu7t5v0__ss_125C_4v50 already exists.
[STA-0345] resistance scale 1e+03 does not match library scale 1e+00.
[RSZ-0020] found 2 floating nets.
Running 'Odb.ManualGlobalPlacement' at 'runs/RUN_2026-08-25_07-56-23/33-odb-manualglobalplacement'…
'MANUAL_GLOBAL_PLACEMENTS' not set. Skipping 'Odb.ManualGlobalPlacement'…
Running 'OpenROAD.DetailedPlacement' at 'runs/RUN_2026-08-25_07-56-23/34-openroad-detailedplacement'…
Logging subprocess to [repr.filename]'runs/RUN_2026-08-25_07-56-23/34-openroad-detailedplacement/openroad-detailedplacement.log'[/repr.filename]…
[STA-0345] resistance scale 1e+03 does not match library scale 1e+00.
Running 'OpenROAD.CTS' at 'runs/RUN_2026-08-25_07-56-23/35-openroad-cts'…
Logging subprocess to [repr.filename]'runs/RUN_2026-08-25_07-56-23/35-openroad-cts/openroad-cts.log'[/repr.filename]…
[STA-1140] /foss/pdks/gf180mcuD/libs.ref/gf180mcu_fd_sc_mcu7t5v0/lib/gf180mcu_fd_sc_mcu7t5v0__ff_n40C_5v50.lib line 17, library gf180mcu_fd_sc_mcu7t5v0__ff_n40C_5v50 already exists.
[STA-1140] /foss/pdks/gf180mcuD/libs.ref/gf180mcu_fd_sc_mcu7t5v0/lib/gf180mcu_fd_sc_mcu7t5v0__tt_025C_5v00.lib line 17, library gf180mcu_fd_sc_mcu7t5v0__tt_025C_5v00 already exists.
[STA-1140] /foss/pdks/gf180mcuD/libs.ref/gf180mcu_fd_sc_mcu7t5v0/lib/gf180mcu_fd_sc_mcu7t5v0__ff_n40C_5v50.lib line 17, library gf180mcu_fd_sc_mcu7t5v0__ff_n40C_5v50 already exists.
[STA-1140] /foss/pdks/gf180mcuD/libs.ref/gf180mcu_fd_sc_mcu7t5v0/lib/gf180mcu_fd_sc_mcu7t5v0__tt_025C_5v00.lib line 17, library gf180mcu_fd_sc_mcu7t5v0__tt_025C_5v00 already exists.
[STA-1140] /foss/pdks/gf180mcuD/libs.ref/gf180mcu_fd_sc_mcu7t5v0/lib/gf180mcu_fd_sc_mcu7t5v0__ss_125C_4v50.lib line 17, library gf180mcu_fd_sc_mcu7t5v0__ss_125C_4v50 already exists.
[STA-1140] /foss/pdks/gf180mcuD/libs.ref/gf180mcu_fd_sc_mcu7t5v0/lib/gf180mcu_fd_sc_mcu7t5v0__ss_125C_4v50.lib line 17, library gf180mcu_fd_sc_mcu7t5v0__ss_125C_4v50 already exists.
[STA-0345] resistance scale 1e+03 does not match library scale 1e+00.
[CTS-0114] Clock clk_div overlaps a previous clock.
