1 Lint warnings found.
[STA-0345] resistance scale 1e+03 does not match library scale 1e+00.
[STA-0345] resistance scale 1e+03 does not match library scale 1e+00.
[STA-0345] resistance scale 1e+03 does not match library scale 1e+00.
[STA-0345] resistance scale 1e+03 does not match library scale 1e+00.
[STA-0345] resistance scale 1e+03 does not match library scale 1e+00.
[GPL-0302] Target density 0.1000 is too low for the available free area.
[STA-0345] resistance scale 1e+03 does not match library scale 1e+00.
[STA-0345] resistance scale 1e+03 does not match library scale 1e+00.
[GPL-0302] Target density 0.1000 is too low for the available free area.
[STA-0345] resistance scale 1e+03 does not match library scale 1e+00.
[STA-1140] /foss/pdks/gf180mcuD/libs.ref/gf180mcu_fd_sc_mcu7t5v0/lib/gf180mcu_fd_sc_mcu7t5v0__ff_n40C_5v50.lib line 17, library gf180mcu_fd_sc_mcu7t5v0__ff_n40C_5v50 already exists.
[STA-1140] /foss/pdks/gf180mcuD/libs.ref/gf180mcu_fd_sc_mcu7t5v0/lib/gf180mcu_fd_sc_mcu7t5v0__tt_025C_5v00.lib line 17, library gf180mcu_fd_sc_mcu7t5v0__tt_025C_5v00 already exists.
[STA-1140] /foss/pdks/gf180mcuD/libs.ref/gf180mcu_fd_sc_mcu7t5v0/lib/gf180mcu_fd_sc_mcu7t5v0__ff_n40C_5v50.lib line 17, library gf180mcu_fd_sc_mcu7t5v0__ff_n40C_5v50 already exists.
[STA-1140] /foss/pdks/gf180mcuD/libs.ref/gf180mcu_fd_sc_mcu7t5v0/lib/gf180mcu_fd_sc_mcu7t5v0__tt_025C_5v00.lib line 17, library gf180mcu_fd_sc_mcu7t5v0__tt_025C_5v00 already exists.
[STA-1140] /foss/pdks/gf180mcuD/libs.ref/gf180mcu_fd_sc_mcu7t5v0/lib/gf180mcu_fd_sc_mcu7t5v0__ss_125C_4v50.lib line 17, library gf180mcu_fd_sc_mcu7t5v0__ss_125C_4v50 already exists.
[STA-1140] /foss/pdks/gf180mcuD/libs.ref/gf180mcu_fd_sc_mcu7t5v0/lib/gf180mcu_fd_sc_mcu7t5v0__ss_125C_4v50.lib line 17, library gf180mcu_fd_sc_mcu7t5v0__ss_125C_4v50 already exists.
[STA-0345] resistance scale 1e+03 does not match library scale 1e+00.
[RSZ-0020] found 2 floating nets.
[STA-0345] resistance scale 1e+03 does not match library scale 1e+00.
[STA-1140] /foss/pdks/gf180mcuD/libs.ref/gf180mcu_fd_sc_mcu7t5v0/lib/gf180mcu_fd_sc_mcu7t5v0__ff_n40C_5v50.lib line 17, library gf180mcu_fd_sc_mcu7t5v0__ff_n40C_5v50 already exists.
[STA-1140] /foss/pdks/gf180mcuD/libs.ref/gf180mcu_fd_sc_mcu7t5v0/lib/gf180mcu_fd_sc_mcu7t5v0__tt_025C_5v00.lib line 17, library gf180mcu_fd_sc_mcu7t5v0__tt_025C_5v00 already exists.
[STA-1140] /foss/pdks/gf180mcuD/libs.ref/gf180mcu_fd_sc_mcu7t5v0/lib/gf180mcu_fd_sc_mcu7t5v0__ff_n40C_5v50.lib line 17, library gf180mcu_fd_sc_mcu7t5v0__ff_n40C_5v50 already exists.
[STA-1140] /foss/pdks/gf180mcuD/libs.ref/gf180mcu_fd_sc_mcu7t5v0/lib/gf180mcu_fd_sc_mcu7t5v0__tt_025C_5v00.lib line 17, library gf180mcu_fd_sc_mcu7t5v0__tt_025C_5v00 already exists.
[STA-1140] /foss/pdks/gf180mcuD/libs.ref/gf180mcu_fd_sc_mcu7t5v0/lib/gf180mcu_fd_sc_mcu7t5v0__ss_125C_4v50.lib line 17, library gf180mcu_fd_sc_mcu7t5v0__ss_125C_4v50 already exists.
[STA-1140] /foss/pdks/gf180mcuD/libs.ref/gf180mcu_fd_sc_mcu7t5v0/lib/gf180mcu_fd_sc_mcu7t5v0__ss_125C_4v50.lib line 17, library gf180mcu_fd_sc_mcu7t5v0__ss_125C_4v50 already exists.
[STA-0345] resistance scale 1e+03 does not match library scale 1e+00.
