Clock: clk
Sources: clk 
Generated: no
Virtual: yes
Propagated: no
Period: 81.379997

===========================================================================
report_clock_properties
============================================================================
Clock                   Period          Waveform
----------------------------------------------------
clk                  81.379997    0.000000 40.689999

===========================================================================
report_clock_latency
============================================================================
Clock clk
rise -> rise
    min     max
0.000000 0.000000 source latency
0.000411         network latency _2085_/CLK
        6.020360 network latency _2088_/CLKN
---------------
0.000411 6.020360 latency
        6.019948 skew

rise -> fall
    min     max
0.000000 0.000000 source latency
3.944880         network latency _2198_/CLKN
        3.959836 network latency _2088_/CLKN
---------------
3.944880 3.959836 latency
        0.014956 skew

fall -> fall
    min     max
0.000000 0.000000 source latency
0.000412         network latency _2085_/CLK
        0.005397 network latency _2005_/CLK
---------------
0.000412 0.005397 latency
        0.004984 skew



===========================================================================
report_clock_min_period
============================================================================
clk period_min = 7.57 fmax = 132.12
Clock: clk_div
Sources: clk 
Generated: yes
Virtual: yes
Propagated: no
Period: 20833.279297

===========================================================================
report_clock_properties
============================================================================
Clock                   Period          Waveform
----------------------------------------------------
clk_div             20833.279297    0.00000010416.639648 (generated)

===========================================================================
report_clock_latency
============================================================================
Clock clk_div
rise -> rise
    min     max
0.000000 0.000000 source latency
0.000411         network latency _2085_/CLK
        6.020360 network latency _2088_/CLKN
---------------
0.000411 6.020360 latency
        6.019948 skew

rise -> fall
    min     max
0.000000 0.000000 source latency
3.944880         network latency _2198_/CLKN
        3.959836 network latency _2088_/CLKN
---------------
3.944880 3.959836 latency
        0.014956 skew

fall -> fall
    min     max
0.000000 0.000000 source latency
0.000000         network latency _2085_/CLK
        0.005457 network latency _2005_/CLK
---------------
0.000000 0.005457 latency
        0.005457 skew



===========================================================================
report_clock_min_period
============================================================================
clk_div period_min = 7.57 fmax = 132.12
