+ analyze_power_grid -net VDD -voltage_file /foss/designs/low-power-12b-first-order-delta-sigma-adc/src/clock/runs/RUN_2026-08-17_02-21-49/56-openroad-irdropreport/net-VDD.csv
[INFO PSM-0040] All shapes on net VDD are connected.
########## IR report #################
Net              : VDD
Corner           : nom_tt_025C_5v00
Total power      : 1.20e-03 W
Supply voltage   : 5.00e+00 V
Worstcase voltage: 5.00e+00 V
Average voltage  : 5.00e+00 V
Average IR drop  : 1.27e-04 V
Worstcase IR drop: 6.37e-04 V
Percentage drop  : 0.01 %
######################################
+ analyze_power_grid -net VSS -voltage_file /foss/designs/low-power-12b-first-order-delta-sigma-adc/src/clock/runs/RUN_2026-08-17_02-21-49/56-openroad-irdropreport/net-VSS.csv
[INFO PSM-0040] All shapes on net VSS are connected.
########## IR report #################
Net              : VSS
Corner           : nom_tt_025C_5v00
Total power      : 1.20e-03 W
Supply voltage   : 0.00e+00 V
Worstcase voltage: 4.27e-04 V
Average voltage  : 1.24e-04 V
Average IR drop  : 1.24e-04 V
Worstcase IR drop: 4.27e-04 V
Percentage drop  : 0.01 %
######################################
