Clock: in_clk
Sources: in_clk 
Generated: no
Virtual: yes
Propagated: no
Period: 13.563000

===========================================================================
report_clock_properties
============================================================================
Clock                   Period          Waveform
----------------------------------------------------
in_clk               13.563000    0.000000  6.781500

===========================================================================
report_clock_latency
============================================================================
Clock in_clk
rise -> rise
    min     max
0.000000 0.000000 source latency
0.446815         network latency _33_/CLK
        0.449724 network latency _36_/CLK
---------------
0.446815 0.449724 latency
        0.002910 skew

fall -> fall
    min     max
0.000000 0.000000 source latency
0.433772         network latency _33_/CLK
        0.436914 network latency _36_/CLK
---------------
0.433772 0.436914 latency
        0.003142 skew



===========================================================================
report_clock_min_period
============================================================================
in_clk period_min = 2.43 fmax = 410.74
