
===========================================================================
report_checks -path_delay max (Setup)
============================================================================
======================= nom_tt_025C_5v00 Corner ===================================

Startpoint: _32_ (rising edge-triggered flip-flop clocked by in_clk)
Endpoint: out_clk2B (output port clocked by in_clk)
Path Group: in_clk
Path Type: max

Fanout         Cap        Slew       Delay        Time   Description
---------------------------------------------------------------------------------------------
                                  0.000000    0.000000   clock in_clk (rise edge)
                                  0.000000    0.000000   clock source latency
     1    0.029226    0.000015    0.000620    0.000620 ^ in_clk (in)
                                                         in_clk (net)
                      0.001494    0.000000    0.000620 ^ clkbuf_0_in_clk/I (gf180mcu_fd_sc_mcu7t5v0__clkbuf_16)
     2    0.046630    0.111970    0.224288    0.224908 ^ clkbuf_0_in_clk/Z (gf180mcu_fd_sc_mcu7t5v0__clkbuf_16)
                                                         clknet_0_in_clk (net)
                      0.111971    0.000742    0.225650 ^ clkbuf_1_1__f_in_clk/I (gf180mcu_fd_sc_mcu7t5v0__clkbuf_16)
     3    0.014483    0.083329    0.221070    0.446720 ^ clkbuf_1_1__f_in_clk/Z (gf180mcu_fd_sc_mcu7t5v0__clkbuf_16)
                                                         clknet_1_1__leaf_in_clk (net)
                      0.083329    0.000105    0.446825 ^ _32_/CLK (gf180mcu_fd_sc_mcu7t5v0__dffrnq_1)
     2    0.009382    0.239331    0.922227    1.369051 ^ _32_/Q (gf180mcu_fd_sc_mcu7t5v0__dffrnq_1)
                                                         net3 (net)
                      0.239331    0.000140    1.369192 ^ _16_/I (gf180mcu_fd_sc_mcu7t5v0__clkinv_1)
     2    0.010677    0.221860    0.188939    1.558130 v _16_/ZN (gf180mcu_fd_sc_mcu7t5v0__clkinv_1)
                                                         net4 (net)
                      0.221860    0.000076    1.558206 v output4/I (gf180mcu_fd_sc_mcu7t5v0__dlyb_1)
     1    0.037265    0.496034    1.279999    2.838206 v output4/Z (gf180mcu_fd_sc_mcu7t5v0__dlyb_1)
                                                         out_clk2B (net)
                      0.496034    0.000580    2.838785 v out_clk2B (out)
                                              2.838785   data arrival time

                                 13.563000   13.563000   clock in_clk (rise edge)
                                  0.000000   13.563000   clock network delay (propagated)
                                 -0.200000   13.363000   clock uncertainty
                                  0.000000   13.363000   clock reconvergence pessimism
                                 -2.500000   10.863000   output external delay
                                             10.863000   data required time
---------------------------------------------------------------------------------------------
                                             10.863000   data required time
                                             -2.838785   data arrival time
---------------------------------------------------------------------------------------------
                                              8.024215   slack (MET)


Startpoint: _33_ (rising edge-triggered flip-flop clocked by in_clk)
Endpoint: out_clk_cic (output port clocked by in_clk)
Path Group: in_clk
Path Type: max

Fanout         Cap        Slew       Delay        Time   Description
---------------------------------------------------------------------------------------------
                                  0.000000    0.000000   clock in_clk (rise edge)
                                  0.000000    0.000000   clock source latency
     1    0.029226    0.000015    0.000620    0.000620 ^ in_clk (in)
                                                         in_clk (net)
                      0.001494    0.000000    0.000620 ^ clkbuf_0_in_clk/I (gf180mcu_fd_sc_mcu7t5v0__clkbuf_16)
     2    0.046630    0.111970    0.224288    0.224908 ^ clkbuf_0_in_clk/Z (gf180mcu_fd_sc_mcu7t5v0__clkbuf_16)
                                                         clknet_0_in_clk (net)
                      0.111971    0.000742    0.225650 ^ clkbuf_1_1__f_in_clk/I (gf180mcu_fd_sc_mcu7t5v0__clkbuf_16)
     3    0.014483    0.083329    0.221070    0.446720 ^ clkbuf_1_1__f_in_clk/Z (gf180mcu_fd_sc_mcu7t5v0__clkbuf_16)
                                                         clknet_1_1__leaf_in_clk (net)
                      0.083329    0.000095    0.446815 ^ _33_/CLK (gf180mcu_fd_sc_mcu7t5v0__dffrnq_1)
     2    0.010410    0.254435    0.932394    1.379209 ^ _33_/Q (gf180mcu_fd_sc_mcu7t5v0__dffrnq_1)
                                                         net5 (net)
                      0.254435    0.000161    1.379369 ^ output5/I (gf180mcu_fd_sc_mcu7t5v0__dlyb_1)
     1    0.037818    0.661926    1.202795    2.582165 ^ output5/Z (gf180mcu_fd_sc_mcu7t5v0__dlyb_1)
                                                         out_clk_cic (net)
                      0.661926    0.000601    2.582765 ^ out_clk_cic (out)
                                              2.582765   data arrival time

                                 13.563000   13.563000   clock in_clk (rise edge)
                                  0.000000   13.563000   clock network delay (propagated)
                                 -0.200000   13.363000   clock uncertainty
                                  0.000000   13.363000   clock reconvergence pessimism
                                 -2.500000   10.863000   output external delay
                                             10.863000   data required time
---------------------------------------------------------------------------------------------
                                             10.863000   data required time
                                             -2.582765   data arrival time
---------------------------------------------------------------------------------------------
                                              8.280234   slack (MET)


Startpoint: _32_ (rising edge-triggered flip-flop clocked by in_clk)
Endpoint: out_clk2 (output port clocked by in_clk)
Path Group: in_clk
Path Type: max

Fanout         Cap        Slew       Delay        Time   Description
---------------------------------------------------------------------------------------------
                                  0.000000    0.000000   clock in_clk (rise edge)
                                  0.000000    0.000000   clock source latency
     1    0.029226    0.000015    0.000620    0.000620 ^ in_clk (in)
                                                         in_clk (net)
                      0.001494    0.000000    0.000620 ^ clkbuf_0_in_clk/I (gf180mcu_fd_sc_mcu7t5v0__clkbuf_16)
     2    0.046630    0.111970    0.224288    0.224908 ^ clkbuf_0_in_clk/Z (gf180mcu_fd_sc_mcu7t5v0__clkbuf_16)
                                                         clknet_0_in_clk (net)
                      0.111971    0.000742    0.225650 ^ clkbuf_1_1__f_in_clk/I (gf180mcu_fd_sc_mcu7t5v0__clkbuf_16)
     3    0.014483    0.083329    0.221070    0.446720 ^ clkbuf_1_1__f_in_clk/Z (gf180mcu_fd_sc_mcu7t5v0__clkbuf_16)
                                                         clknet_1_1__leaf_in_clk (net)
                      0.083329    0.000105    0.446825 ^ _32_/CLK (gf180mcu_fd_sc_mcu7t5v0__dffrnq_1)
     2    0.009382    0.239331    0.922227    1.369051 ^ _32_/Q (gf180mcu_fd_sc_mcu7t5v0__dffrnq_1)
                                                         net3 (net)
                      0.239331    0.000149    1.369201 ^ output3/I (gf180mcu_fd_sc_mcu7t5v0__dlyb_1)
     1    0.036967    0.648437    1.193357    2.562557 ^ output3/Z (gf180mcu_fd_sc_mcu7t5v0__dlyb_1)
                                                         out_clk2 (net)
                      0.648437    0.000544    2.563102 ^ out_clk2 (out)
                                              2.563102   data arrival time

                                 13.563000   13.563000   clock in_clk (rise edge)
                                  0.000000   13.563000   clock network delay (propagated)
                                 -0.200000   13.363000   clock uncertainty
                                  0.000000   13.363000   clock reconvergence pessimism
                                 -2.500000   10.863000   output external delay
                                             10.863000   data required time
---------------------------------------------------------------------------------------------
                                             10.863000   data required time
                                             -2.563102   data arrival time
---------------------------------------------------------------------------------------------
                                              8.299898   slack (MET)


Startpoint: _31_ (rising edge-triggered flip-flop clocked by in_clk)
Endpoint: out_clk1 (output port clocked by in_clk)
Path Group: in_clk
Path Type: max

Fanout         Cap        Slew       Delay        Time   Description
---------------------------------------------------------------------------------------------
                                  0.000000    0.000000   clock in_clk (rise edge)
                                  0.000000    0.000000   clock source latency
     1    0.029226    0.000015    0.000620    0.000620 ^ in_clk (in)
                                                         in_clk (net)
                      0.001494    0.000000    0.000620 ^ clkbuf_0_in_clk/I (gf180mcu_fd_sc_mcu7t5v0__clkbuf_16)
     2    0.046630    0.111970    0.224288    0.224908 ^ clkbuf_0_in_clk/Z (gf180mcu_fd_sc_mcu7t5v0__clkbuf_16)
                                                         clknet_0_in_clk (net)
                      0.111971    0.000742    0.225650 ^ clkbuf_1_1__f_in_clk/I (gf180mcu_fd_sc_mcu7t5v0__clkbuf_16)
     3    0.014483    0.083329    0.221070    0.446720 ^ clkbuf_1_1__f_in_clk/Z (gf180mcu_fd_sc_mcu7t5v0__clkbuf_16)
                                                         clknet_1_1__leaf_in_clk (net)
                      0.083329    0.000127    0.446847 ^ _31_/CLK (gf180mcu_fd_sc_mcu7t5v0__dffsnq_1)
     2    0.009378    0.166060    0.793179    1.240027 v _31_/Q (gf180mcu_fd_sc_mcu7t5v0__dffsnq_1)
                                                         net2 (net)
                      0.166060    0.000182    1.240209 v output2/I (gf180mcu_fd_sc_mcu7t5v0__dlyb_1)
     1    0.037332    0.496704    1.260440    2.500649 v output2/Z (gf180mcu_fd_sc_mcu7t5v0__dlyb_1)
                                                         out_clk1 (net)
                      0.496704    0.000582    2.501231 v out_clk1 (out)
                                              2.501231   data arrival time

                                 13.563000   13.563000   clock in_clk (rise edge)
                                  0.000000   13.563000   clock network delay (propagated)
                                 -0.200000   13.363000   clock uncertainty
                                  0.000000   13.363000   clock reconvergence pessimism
                                 -2.500000   10.863000   output external delay
                                             10.863000   data required time
---------------------------------------------------------------------------------------------
                                             10.863000   data required time
                                             -2.501231   data arrival time
---------------------------------------------------------------------------------------------
                                              8.361769   slack (MET)


Startpoint: rst (input port clocked by in_clk)
Endpoint: _31_ (recovery check against rising-edge clock in_clk)
Path Group: asynchronous
Path Type: max

Fanout         Cap        Slew       Delay        Time   Description
---------------------------------------------------------------------------------------------
                                  0.000000    0.000000   clock in_clk (rise edge)
                                  0.000000    0.000000   clock network delay (propagated)
                                  2.000000    2.000000 ^ input external delay
     1    0.003879    0.000002    0.000033    2.000033 ^ rst (in)
                                                         rst (net)
                      0.000078    0.000000    2.000033 ^ input1/I (gf180mcu_fd_sc_mcu7t5v0__dlyb_1)
     6    0.053806    0.914069    1.313685    3.313718 ^ input1/Z (gf180mcu_fd_sc_mcu7t5v0__dlyb_1)
                                                         net1 (net)
                      0.914069    0.000329    3.314046 ^ _31_/SETN (gf180mcu_fd_sc_mcu7t5v0__dffsnq_1)
                                              3.314046   data arrival time

                                 13.563000   13.563000   clock in_clk (rise edge)
                                  0.000000   13.563000   clock source latency
     1    0.029226    0.000015    0.000620   13.563620 ^ in_clk (in)
                                                         in_clk (net)
                      0.001494    0.000000   13.563620 ^ clkbuf_0_in_clk/I (gf180mcu_fd_sc_mcu7t5v0__clkbuf_16)
     2    0.046630    0.111970    0.224287   13.787908 ^ clkbuf_0_in_clk/Z (gf180mcu_fd_sc_mcu7t5v0__clkbuf_16)
                                                         clknet_0_in_clk (net)
                      0.111971    0.000743   13.788650 ^ clkbuf_1_1__f_in_clk/I (gf180mcu_fd_sc_mcu7t5v0__clkbuf_16)
     3    0.014483    0.083329    0.221070   14.009720 ^ clkbuf_1_1__f_in_clk/Z (gf180mcu_fd_sc_mcu7t5v0__clkbuf_16)
                                                         clknet_1_1__leaf_in_clk (net)
                      0.083329    0.000127   14.009847 ^ _31_/CLK (gf180mcu_fd_sc_mcu7t5v0__dffsnq_1)
                                 -0.200000   13.809847   clock uncertainty
                                  0.000000   13.809847   clock reconvergence pessimism
                                 -0.118180   13.691667   library recovery time
                                             13.691667   data required time
---------------------------------------------------------------------------------------------
                                             13.691667   data required time
                                             -3.314046   data arrival time
---------------------------------------------------------------------------------------------
                                             10.377621   slack (MET)


Startpoint: rst (input port clocked by in_clk)
Endpoint: _32_ (recovery check against rising-edge clock in_clk)
Path Group: asynchronous
Path Type: max

Fanout         Cap        Slew       Delay        Time   Description
---------------------------------------------------------------------------------------------
                                  0.000000    0.000000   clock in_clk (rise edge)
                                  0.000000    0.000000   clock network delay (propagated)
                                  2.000000    2.000000 ^ input external delay
     1    0.003879    0.000002    0.000033    2.000033 ^ rst (in)
                                                         rst (net)
                      0.000078    0.000000    2.000033 ^ input1/I (gf180mcu_fd_sc_mcu7t5v0__dlyb_1)
     6    0.053806    0.914069    1.313685    3.313718 ^ input1/Z (gf180mcu_fd_sc_mcu7t5v0__dlyb_1)
                                                         net1 (net)
                      0.914069    0.000537    3.314255 ^ _32_/RN (gf180mcu_fd_sc_mcu7t5v0__dffrnq_1)
                                              3.314255   data arrival time

                                 13.563000   13.563000   clock in_clk (rise edge)
                                  0.000000   13.563000   clock source latency
     1    0.029226    0.000015    0.000620   13.563620 ^ in_clk (in)
                                                         in_clk (net)
                      0.001494    0.000000   13.563620 ^ clkbuf_0_in_clk/I (gf180mcu_fd_sc_mcu7t5v0__clkbuf_16)
     2    0.046630    0.111970    0.224287   13.787908 ^ clkbuf_0_in_clk/Z (gf180mcu_fd_sc_mcu7t5v0__clkbuf_16)
                                                         clknet_0_in_clk (net)
                      0.111971    0.000743   13.788650 ^ clkbuf_1_1__f_in_clk/I (gf180mcu_fd_sc_mcu7t5v0__clkbuf_16)
     3    0.014483    0.083329    0.221070   14.009720 ^ clkbuf_1_1__f_in_clk/Z (gf180mcu_fd_sc_mcu7t5v0__clkbuf_16)
                                                         clknet_1_1__leaf_in_clk (net)
                      0.083329    0.000105   14.009825 ^ _32_/CLK (gf180mcu_fd_sc_mcu7t5v0__dffrnq_1)
                                 -0.200000   13.809825   clock uncertainty
                                  0.000000   13.809825   clock reconvergence pessimism
                                  0.078615   13.888439   library recovery time
                                             13.888439   data required time
---------------------------------------------------------------------------------------------
                                             13.888439   data required time
                                             -3.314255   data arrival time
---------------------------------------------------------------------------------------------
                                             10.574184   slack (MET)


Startpoint: rst (input port clocked by in_clk)
Endpoint: _33_ (recovery check against rising-edge clock in_clk)
Path Group: asynchronous
Path Type: max

Fanout         Cap        Slew       Delay        Time   Description
---------------------------------------------------------------------------------------------
                                  0.000000    0.000000   clock in_clk (rise edge)
                                  0.000000    0.000000   clock network delay (propagated)
                                  2.000000    2.000000 ^ input external delay
     1    0.003879    0.000002    0.000033    2.000033 ^ rst (in)
                                                         rst (net)
                      0.000078    0.000000    2.000033 ^ input1/I (gf180mcu_fd_sc_mcu7t5v0__dlyb_1)
     6    0.053806    0.914069    1.313685    3.313718 ^ input1/Z (gf180mcu_fd_sc_mcu7t5v0__dlyb_1)
                                                         net1 (net)
                      0.914069    0.000489    3.314207 ^ _33_/RN (gf180mcu_fd_sc_mcu7t5v0__dffrnq_1)
                                              3.314207   data arrival time

                                 13.563000   13.563000   clock in_clk (rise edge)
                                  0.000000   13.563000   clock source latency
     1    0.029226    0.000015    0.000620   13.563620 ^ in_clk (in)
                                                         in_clk (net)
                      0.001494    0.000000   13.563620 ^ clkbuf_0_in_clk/I (gf180mcu_fd_sc_mcu7t5v0__clkbuf_16)
     2    0.046630    0.111970    0.224287   13.787908 ^ clkbuf_0_in_clk/Z (gf180mcu_fd_sc_mcu7t5v0__clkbuf_16)
                                                         clknet_0_in_clk (net)
                      0.111971    0.000743   13.788650 ^ clkbuf_1_1__f_in_clk/I (gf180mcu_fd_sc_mcu7t5v0__clkbuf_16)
     3    0.014483    0.083329    0.221070   14.009720 ^ clkbuf_1_1__f_in_clk/Z (gf180mcu_fd_sc_mcu7t5v0__clkbuf_16)
                                                         clknet_1_1__leaf_in_clk (net)
                      0.083329    0.000095   14.009815 ^ _33_/CLK (gf180mcu_fd_sc_mcu7t5v0__dffrnq_1)
                                 -0.200000   13.809815   clock uncertainty
                                  0.000000   13.809815   clock reconvergence pessimism
                                  0.078615   13.888430   library recovery time
                                             13.888430   data required time
---------------------------------------------------------------------------------------------
                                             13.888430   data required time
                                             -3.314207   data arrival time
---------------------------------------------------------------------------------------------
                                             10.574223   slack (MET)


Startpoint: rst (input port clocked by in_clk)
Endpoint: _34_ (recovery check against rising-edge clock in_clk)
Path Group: asynchronous
Path Type: max

Fanout         Cap        Slew       Delay        Time   Description
---------------------------------------------------------------------------------------------
                                  0.000000    0.000000   clock in_clk (rise edge)
                                  0.000000    0.000000   clock network delay (propagated)
                                  2.000000    2.000000 ^ input external delay
     1    0.003879    0.000002    0.000033    2.000033 ^ rst (in)
                                                         rst (net)
                      0.000078    0.000000    2.000033 ^ input1/I (gf180mcu_fd_sc_mcu7t5v0__dlyb_1)
     6    0.053806    0.914069    1.313685    3.313718 ^ input1/Z (gf180mcu_fd_sc_mcu7t5v0__dlyb_1)
                                                         net1 (net)
                      0.914069    0.000786    3.314504 ^ _34_/RN (gf180mcu_fd_sc_mcu7t5v0__dffrnq_1)
                                              3.314504   data arrival time

                                 13.563000   13.563000   clock in_clk (rise edge)
                                  0.000000   13.563000   clock source latency
     1    0.029226    0.000015    0.000620   13.563620 ^ in_clk (in)
                                                         in_clk (net)
                      0.001494    0.000000   13.563620 ^ clkbuf_0_in_clk/I (gf180mcu_fd_sc_mcu7t5v0__clkbuf_16)
     2    0.046630    0.111970    0.224287   13.787908 ^ clkbuf_0_in_clk/Z (gf180mcu_fd_sc_mcu7t5v0__clkbuf_16)
                                                         clknet_0_in_clk (net)
                      0.111971    0.000703   13.788610 ^ clkbuf_1_0__f_in_clk/I (gf180mcu_fd_sc_mcu7t5v0__clkbuf_16)
     4    0.017937    0.086542    0.223966   14.012576 ^ clkbuf_1_0__f_in_clk/Z (gf180mcu_fd_sc_mcu7t5v0__clkbuf_16)
                                                         clknet_1_0__leaf_in_clk (net)
                      0.086542    0.000111   14.012688 ^ _34_/CLK (gf180mcu_fd_sc_mcu7t5v0__dffrnq_1)
                                 -0.200000   13.812687   clock uncertainty
                                  0.000000   13.812687   clock reconvergence pessimism
                                  0.079055   13.891744   library recovery time
                                             13.891744   data required time
---------------------------------------------------------------------------------------------
                                             13.891744   data required time
                                             -3.314504   data arrival time
---------------------------------------------------------------------------------------------
                                             10.577240   slack (MET)


Startpoint: rst (input port clocked by in_clk)
Endpoint: _36_ (recovery check against rising-edge clock in_clk)
Path Group: asynchronous
Path Type: max

Fanout         Cap        Slew       Delay        Time   Description
---------------------------------------------------------------------------------------------
                                  0.000000    0.000000   clock in_clk (rise edge)
                                  0.000000    0.000000   clock network delay (propagated)
                                  2.000000    2.000000 ^ input external delay
     1    0.003879    0.000002    0.000033    2.000033 ^ rst (in)
                                                         rst (net)
                      0.000078    0.000000    2.000033 ^ input1/I (gf180mcu_fd_sc_mcu7t5v0__dlyb_1)
     6    0.053806    0.914069    1.313685    3.313718 ^ input1/Z (gf180mcu_fd_sc_mcu7t5v0__dlyb_1)
                                                         net1 (net)
                      0.914069    0.000832    3.314549 ^ _36_/RN (gf180mcu_fd_sc_mcu7t5v0__dffrnq_1)
                                              3.314549   data arrival time

                                 13.563000   13.563000   clock in_clk (rise edge)
                                  0.000000   13.563000   clock source latency
     1    0.029226    0.000015    0.000620   13.563620 ^ in_clk (in)
                                                         in_clk (net)
                      0.001494    0.000000   13.563620 ^ clkbuf_0_in_clk/I (gf180mcu_fd_sc_mcu7t5v0__clkbuf_16)
     2    0.046630    0.111970    0.224287   13.787908 ^ clkbuf_0_in_clk/Z (gf180mcu_fd_sc_mcu7t5v0__clkbuf_16)
                                                         clknet_0_in_clk (net)
                      0.111971    0.000703   13.788610 ^ clkbuf_1_0__f_in_clk/I (gf180mcu_fd_sc_mcu7t5v0__clkbuf_16)
     4    0.017937    0.086542    0.223966   14.012576 ^ clkbuf_1_0__f_in_clk/Z (gf180mcu_fd_sc_mcu7t5v0__clkbuf_16)
                                                         clknet_1_0__leaf_in_clk (net)
                      0.086542    0.000148   14.012725 ^ _36_/CLK (gf180mcu_fd_sc_mcu7t5v0__dffrnq_1)
                                 -0.200000   13.812725   clock uncertainty
                                  0.000000   13.812725   clock reconvergence pessimism
                                  0.079055   13.891781   library recovery time
                                             13.891781   data required time
---------------------------------------------------------------------------------------------
                                             13.891781   data required time
                                             -3.314549   data arrival time
---------------------------------------------------------------------------------------------
                                             10.577231   slack (MET)


Startpoint: rst (input port clocked by in_clk)
Endpoint: _35_ (recovery check against rising-edge clock in_clk)
Path Group: asynchronous
Path Type: max

Fanout         Cap        Slew       Delay        Time   Description
---------------------------------------------------------------------------------------------
                                  0.000000    0.000000   clock in_clk (rise edge)
                                  0.000000    0.000000   clock network delay (propagated)
                                  2.000000    2.000000 ^ input external delay
     1    0.003879    0.000002    0.000033    2.000033 ^ rst (in)
                                                         rst (net)
                      0.000078    0.000000    2.000033 ^ input1/I (gf180mcu_fd_sc_mcu7t5v0__dlyb_1)
     6    0.053806    0.914069    1.313685    3.313718 ^ input1/Z (gf180mcu_fd_sc_mcu7t5v0__dlyb_1)
                                                         net1 (net)
                      0.914069    0.000628    3.314346 ^ _35_/RN (gf180mcu_fd_sc_mcu7t5v0__dffrnq_1)
                                              3.314346   data arrival time

                                 13.563000   13.563000   clock in_clk (rise edge)
                                  0.000000   13.563000   clock source latency
     1    0.029226    0.000015    0.000620   13.563620 ^ in_clk (in)
                                                         in_clk (net)
                      0.001494    0.000000   13.563620 ^ clkbuf_0_in_clk/I (gf180mcu_fd_sc_mcu7t5v0__clkbuf_16)
     2    0.046630    0.111970    0.224287   13.787908 ^ clkbuf_0_in_clk/Z (gf180mcu_fd_sc_mcu7t5v0__clkbuf_16)
                                                         clknet_0_in_clk (net)
                      0.111971    0.000703   13.788610 ^ clkbuf_1_0__f_in_clk/I (gf180mcu_fd_sc_mcu7t5v0__clkbuf_16)
     4    0.017937    0.086542    0.223966   14.012576 ^ clkbuf_1_0__f_in_clk/Z (gf180mcu_fd_sc_mcu7t5v0__clkbuf_16)
                                                         clknet_1_0__leaf_in_clk (net)
                      0.086542    0.000037   14.012613 ^ _35_/CLK (gf180mcu_fd_sc_mcu7t5v0__dffrnq_1)
                                 -0.200000   13.812613   clock uncertainty
                                  0.000000   13.812613   clock reconvergence pessimism
                                  0.079055   13.891669   library recovery time
                                             13.891669   data required time
---------------------------------------------------------------------------------------------
                                             13.891669   data required time
                                             -3.314346   data arrival time
---------------------------------------------------------------------------------------------
                                             10.577324   slack (MET)


Startpoint: _36_ (rising edge-triggered flip-flop clocked by in_clk)
Endpoint: _33_ (rising edge-triggered flip-flop clocked by in_clk)
Path Group: in_clk
Path Type: max

Fanout         Cap        Slew       Delay        Time   Description
---------------------------------------------------------------------------------------------
                                  0.000000    0.000000   clock in_clk (rise edge)
                                  0.000000    0.000000   clock source latency
     1    0.029226    0.000015    0.000620    0.000620 ^ in_clk (in)
                                                         in_clk (net)
                      0.001494    0.000000    0.000620 ^ clkbuf_0_in_clk/I (gf180mcu_fd_sc_mcu7t5v0__clkbuf_16)
     2    0.046630    0.111970    0.224288    0.224908 ^ clkbuf_0_in_clk/Z (gf180mcu_fd_sc_mcu7t5v0__clkbuf_16)
                                                         clknet_0_in_clk (net)
                      0.111971    0.000703    0.225611 ^ clkbuf_1_0__f_in_clk/I (gf180mcu_fd_sc_mcu7t5v0__clkbuf_16)
     4    0.017937    0.086542    0.223965    0.449576 ^ clkbuf_1_0__f_in_clk/Z (gf180mcu_fd_sc_mcu7t5v0__clkbuf_16)
                                                         clknet_1_0__leaf_in_clk (net)
                      0.086542    0.000148    0.449724 ^ _36_/CLK (gf180mcu_fd_sc_mcu7t5v0__dffrnq_1)
     8    0.050327    0.862873    1.308935    1.758659 ^ _36_/Q (gf180mcu_fd_sc_mcu7t5v0__dffrnq_1)
                                                         counter[2] (net)
                      0.862877    0.001076    1.759736 ^ _22_/B (gf180mcu_fd_sc_mcu7t5v0__aoi21_1)
     1    0.004958    0.407580    0.275510    2.035246 v _22_/ZN (gf180mcu_fd_sc_mcu7t5v0__aoi21_1)
                                                         _11_ (net)
                      0.407580    0.000055    2.035300 v _30_/B (gf180mcu_fd_sc_mcu7t5v0__aoi21_1)
     1    0.004163    0.342164    0.299698    2.334998 ^ _30_/ZN (gf180mcu_fd_sc_mcu7t5v0__aoi21_1)
                                                         _05_ (net)
                      0.342164    0.000046    2.335044 ^ _33_/D (gf180mcu_fd_sc_mcu7t5v0__dffrnq_1)
                                              2.335044   data arrival time

                                 13.563000   13.563000   clock in_clk (rise edge)
                                  0.000000   13.563000   clock source latency
     1    0.029226    0.000015    0.000620   13.563620 ^ in_clk (in)
                                                         in_clk (net)
                      0.001494    0.000000   13.563620 ^ clkbuf_0_in_clk/I (gf180mcu_fd_sc_mcu7t5v0__clkbuf_16)
     2    0.046630    0.111970    0.224287   13.787908 ^ clkbuf_0_in_clk/Z (gf180mcu_fd_sc_mcu7t5v0__clkbuf_16)
                                                         clknet_0_in_clk (net)
                      0.111971    0.000743   13.788650 ^ clkbuf_1_1__f_in_clk/I (gf180mcu_fd_sc_mcu7t5v0__clkbuf_16)
     3    0.014483    0.083329    0.221070   14.009720 ^ clkbuf_1_1__f_in_clk/Z (gf180mcu_fd_sc_mcu7t5v0__clkbuf_16)
                                                         clknet_1_1__leaf_in_clk (net)
                      0.083329    0.000095   14.009815 ^ _33_/CLK (gf180mcu_fd_sc_mcu7t5v0__dffrnq_1)
                                 -0.200000   13.809815   clock uncertainty
                                  0.000000   13.809815   clock reconvergence pessimism
                                 -0.346407   13.463408   library setup time
                                             13.463408   data required time
---------------------------------------------------------------------------------------------
                                             13.463408   data required time
                                             -2.335044   data arrival time
---------------------------------------------------------------------------------------------
                                             11.128364   slack (MET)


Startpoint: _35_ (rising edge-triggered flip-flop clocked by in_clk)
Endpoint: _36_ (rising edge-triggered flip-flop clocked by in_clk)
Path Group: in_clk
Path Type: max

Fanout         Cap        Slew       Delay        Time   Description
---------------------------------------------------------------------------------------------
                                  0.000000    0.000000   clock in_clk (rise edge)
                                  0.000000    0.000000   clock source latency
     1    0.029226    0.000015    0.000620    0.000620 ^ in_clk (in)
                                                         in_clk (net)
                      0.001494    0.000000    0.000620 ^ clkbuf_0_in_clk/I (gf180mcu_fd_sc_mcu7t5v0__clkbuf_16)
     2    0.046630    0.111970    0.224288    0.224908 ^ clkbuf_0_in_clk/Z (gf180mcu_fd_sc_mcu7t5v0__clkbuf_16)
                                                         clknet_0_in_clk (net)
                      0.111971    0.000703    0.225611 ^ clkbuf_1_0__f_in_clk/I (gf180mcu_fd_sc_mcu7t5v0__clkbuf_16)
     4    0.017937    0.086542    0.223965    0.449576 ^ clkbuf_1_0__f_in_clk/Z (gf180mcu_fd_sc_mcu7t5v0__clkbuf_16)
                                                         clknet_1_0__leaf_in_clk (net)
                      0.086542    0.000037    0.449613 ^ _35_/CLK (gf180mcu_fd_sc_mcu7t5v0__dffrnq_1)
     8    0.043144    0.750015    1.242774    1.692387 ^ _35_/Q (gf180mcu_fd_sc_mcu7t5v0__dffrnq_1)
                                                         counter[1] (net)
                      0.750015    0.000630    1.693017 ^ _20_/A2 (gf180mcu_fd_sc_mcu7t5v0__and2_1)
     2    0.010756    0.249139    0.386783    2.079800 ^ _20_/Z (gf180mcu_fd_sc_mcu7t5v0__and2_1)
                                                         _09_ (net)
                      0.249139    0.000077    2.079877 ^ _25_/I0 (gf180mcu_fd_sc_mcu7t5v0__mux2_2)
     1    0.005830    0.124015    0.282971    2.362849 ^ _25_/Z (gf180mcu_fd_sc_mcu7t5v0__mux2_2)
                                                         _02_ (net)
                      0.124015    0.000082    2.362931 ^ _36_/D (gf180mcu_fd_sc_mcu7t5v0__dffrnq_1)
                                              2.362931   data arrival time

                                 13.563000   13.563000   clock in_clk (rise edge)
                                  0.000000   13.563000   clock source latency
     1    0.029226    0.000015    0.000620   13.563620 ^ in_clk (in)
                                                         in_clk (net)
                      0.001494    0.000000   13.563620 ^ clkbuf_0_in_clk/I (gf180mcu_fd_sc_mcu7t5v0__clkbuf_16)
     2    0.046630    0.111970    0.224287   13.787908 ^ clkbuf_0_in_clk/Z (gf180mcu_fd_sc_mcu7t5v0__clkbuf_16)
                                                         clknet_0_in_clk (net)
                      0.111971    0.000703   13.788610 ^ clkbuf_1_0__f_in_clk/I (gf180mcu_fd_sc_mcu7t5v0__clkbuf_16)
     4    0.017937    0.086542    0.223966   14.012576 ^ clkbuf_1_0__f_in_clk/Z (gf180mcu_fd_sc_mcu7t5v0__clkbuf_16)
                                                         clknet_1_0__leaf_in_clk (net)
                      0.086542    0.000148   14.012725 ^ _36_/CLK (gf180mcu_fd_sc_mcu7t5v0__dffrnq_1)
                                 -0.200000   13.812725   clock uncertainty
                                  0.000000   13.812725   clock reconvergence pessimism
                                 -0.306324   13.506401   library setup time
                                             13.506401   data required time
---------------------------------------------------------------------------------------------
                                             13.506401   data required time
                                             -2.362931   data arrival time
---------------------------------------------------------------------------------------------
                                             11.143471   slack (MET)


Startpoint: _35_ (rising edge-triggered flip-flop clocked by in_clk)
Endpoint: _35_ (rising edge-triggered flip-flop clocked by in_clk)
Path Group: in_clk
Path Type: max

Fanout         Cap        Slew       Delay        Time   Description
---------------------------------------------------------------------------------------------
                                  0.000000    0.000000   clock in_clk (rise edge)
                                  0.000000    0.000000   clock source latency
     1    0.029226    0.000015    0.000620    0.000620 ^ in_clk (in)
                                                         in_clk (net)
                      0.001494    0.000000    0.000620 ^ clkbuf_0_in_clk/I (gf180mcu_fd_sc_mcu7t5v0__clkbuf_16)
     2    0.046630    0.111970    0.224288    0.224908 ^ clkbuf_0_in_clk/Z (gf180mcu_fd_sc_mcu7t5v0__clkbuf_16)
                                                         clknet_0_in_clk (net)
                      0.111971    0.000703    0.225611 ^ clkbuf_1_0__f_in_clk/I (gf180mcu_fd_sc_mcu7t5v0__clkbuf_16)
     4    0.017937    0.086542    0.223965    0.449576 ^ clkbuf_1_0__f_in_clk/Z (gf180mcu_fd_sc_mcu7t5v0__clkbuf_16)
                                                         clknet_1_0__leaf_in_clk (net)
                      0.086542    0.000037    0.449613 ^ _35_/CLK (gf180mcu_fd_sc_mcu7t5v0__dffrnq_1)
     8    0.043144    0.750015    1.242774    1.692387 ^ _35_/Q (gf180mcu_fd_sc_mcu7t5v0__dffrnq_1)
                                                         counter[1] (net)
                      0.750015    0.000707    1.693094 ^ _23_/A2 (gf180mcu_fd_sc_mcu7t5v0__nor2_1)
     2    0.010694    0.361578    0.262412    1.955506 v _23_/ZN (gf180mcu_fd_sc_mcu7t5v0__nor2_1)
                                                         _12_ (net)
                      0.361578    0.000083    1.955589 v _24_/A3 (gf180mcu_fd_sc_mcu7t5v0__nor3_1)
     1    0.003573    0.393081    0.309435    2.265024 ^ _24_/ZN (gf180mcu_fd_sc_mcu7t5v0__nor3_1)
                                                         _01_ (net)
                      0.393081    0.000036    2.265060 ^ _35_/D (gf180mcu_fd_sc_mcu7t5v0__dffrnq_1)
                                              2.265060   data arrival time

                                 13.563000   13.563000   clock in_clk (rise edge)
                                  0.000000   13.563000   clock source latency
     1    0.029226    0.000015    0.000620   13.563620 ^ in_clk (in)
                                                         in_clk (net)
                      0.001494    0.000000   13.563620 ^ clkbuf_0_in_clk/I (gf180mcu_fd_sc_mcu7t5v0__clkbuf_16)
     2    0.046630    0.111970    0.224287   13.787908 ^ clkbuf_0_in_clk/Z (gf180mcu_fd_sc_mcu7t5v0__clkbuf_16)
                                                         clknet_0_in_clk (net)
                      0.111971    0.000703   13.788610 ^ clkbuf_1_0__f_in_clk/I (gf180mcu_fd_sc_mcu7t5v0__clkbuf_16)
     4    0.017937    0.086542    0.223966   14.012576 ^ clkbuf_1_0__f_in_clk/Z (gf180mcu_fd_sc_mcu7t5v0__clkbuf_16)
                                                         clknet_1_0__leaf_in_clk (net)
                      0.086542    0.000037   14.012613 ^ _35_/CLK (gf180mcu_fd_sc_mcu7t5v0__dffrnq_1)
                                 -0.200000   13.812613   clock uncertainty
                                  0.000000   13.812613   clock reconvergence pessimism
                                 -0.353978   13.458636   library setup time
                                             13.458636   data required time
---------------------------------------------------------------------------------------------
                                             13.458636   data required time
                                             -2.265060   data arrival time
---------------------------------------------------------------------------------------------
                                             11.193576   slack (MET)


Startpoint: _36_ (rising edge-triggered flip-flop clocked by in_clk)
Endpoint: _32_ (rising edge-triggered flip-flop clocked by in_clk)
Path Group: in_clk
Path Type: max

Fanout         Cap        Slew       Delay        Time   Description
---------------------------------------------------------------------------------------------
                                  0.000000    0.000000   clock in_clk (rise edge)
                                  0.000000    0.000000   clock source latency
     1    0.029226    0.000015    0.000620    0.000620 ^ in_clk (in)
                                                         in_clk (net)
                      0.001494    0.000000    0.000620 ^ clkbuf_0_in_clk/I (gf180mcu_fd_sc_mcu7t5v0__clkbuf_16)
     2    0.046630    0.111970    0.224288    0.224908 ^ clkbuf_0_in_clk/Z (gf180mcu_fd_sc_mcu7t5v0__clkbuf_16)
                                                         clknet_0_in_clk (net)
                      0.111971    0.000703    0.225611 ^ clkbuf_1_0__f_in_clk/I (gf180mcu_fd_sc_mcu7t5v0__clkbuf_16)
     4    0.017937    0.086542    0.223965    0.449576 ^ clkbuf_1_0__f_in_clk/Z (gf180mcu_fd_sc_mcu7t5v0__clkbuf_16)
                                                         clknet_1_0__leaf_in_clk (net)
                      0.086542    0.000148    0.449724 ^ _36_/CLK (gf180mcu_fd_sc_mcu7t5v0__dffrnq_1)
     8    0.050327    0.862873    1.308935    1.758659 ^ _36_/Q (gf180mcu_fd_sc_mcu7t5v0__dffrnq_1)
                                                         counter[2] (net)
                      0.862877    0.001017    1.759676 ^ _18_/A1 (gf180mcu_fd_sc_mcu7t5v0__and2_1)
     2    0.010758    0.251140    0.433253    2.192929 ^ _18_/Z (gf180mcu_fd_sc_mcu7t5v0__and2_1)
                                                         _08_ (net)
                      0.251140    0.000193    2.193121 ^ _29_/B2 (gf180mcu_fd_sc_mcu7t5v0__aoi22_1)
     1    0.003740    0.235392    0.177310    2.370431 v _29_/ZN (gf180mcu_fd_sc_mcu7t5v0__aoi22_1)
                                                         _04_ (net)
                      0.235392    0.000070    2.370501 v _32_/D (gf180mcu_fd_sc_mcu7t5v0__dffrnq_1)
                                              2.370501   data arrival time

                                 13.563000   13.563000   clock in_clk (rise edge)
                                  0.000000   13.563000   clock source latency
     1    0.029226    0.000015    0.000620   13.563620 ^ in_clk (in)
                                                         in_clk (net)
                      0.001494    0.000000   13.563620 ^ clkbuf_0_in_clk/I (gf180mcu_fd_sc_mcu7t5v0__clkbuf_16)
     2    0.046630    0.111970    0.224287   13.787908 ^ clkbuf_0_in_clk/Z (gf180mcu_fd_sc_mcu7t5v0__clkbuf_16)
                                                         clknet_0_in_clk (net)
                      0.111971    0.000743   13.788650 ^ clkbuf_1_1__f_in_clk/I (gf180mcu_fd_sc_mcu7t5v0__clkbuf_16)
     3    0.014483    0.083329    0.221070   14.009720 ^ clkbuf_1_1__f_in_clk/Z (gf180mcu_fd_sc_mcu7t5v0__clkbuf_16)
                                                         clknet_1_1__leaf_in_clk (net)
                      0.083329    0.000105   14.009825 ^ _32_/CLK (gf180mcu_fd_sc_mcu7t5v0__dffrnq_1)
                                 -0.200000   13.809825   clock uncertainty
                                  0.000000   13.809825   clock reconvergence pessimism
                                 -0.176960   13.632865   library setup time
                                             13.632865   data required time
---------------------------------------------------------------------------------------------
                                             13.632865   data required time
                                             -2.370501   data arrival time
---------------------------------------------------------------------------------------------
                                             11.262363   slack (MET)


Startpoint: _36_ (rising edge-triggered flip-flop clocked by in_clk)
Endpoint: _31_ (rising edge-triggered flip-flop clocked by in_clk)
Path Group: in_clk
Path Type: max

Fanout         Cap        Slew       Delay        Time   Description
---------------------------------------------------------------------------------------------
                                  0.000000    0.000000   clock in_clk (rise edge)
                                  0.000000    0.000000   clock source latency
     1    0.029226    0.000015    0.000620    0.000620 ^ in_clk (in)
                                                         in_clk (net)
                      0.001494    0.000000    0.000620 ^ clkbuf_0_in_clk/I (gf180mcu_fd_sc_mcu7t5v0__clkbuf_16)
     2    0.046630    0.111970    0.224288    0.224908 ^ clkbuf_0_in_clk/Z (gf180mcu_fd_sc_mcu7t5v0__clkbuf_16)
                                                         clknet_0_in_clk (net)
                      0.111971    0.000703    0.225611 ^ clkbuf_1_0__f_in_clk/I (gf180mcu_fd_sc_mcu7t5v0__clkbuf_16)
     4    0.017937    0.086542    0.223965    0.449576 ^ clkbuf_1_0__f_in_clk/Z (gf180mcu_fd_sc_mcu7t5v0__clkbuf_16)
                                                         clknet_1_0__leaf_in_clk (net)
                      0.086542    0.000148    0.449724 ^ _36_/CLK (gf180mcu_fd_sc_mcu7t5v0__dffrnq_1)
     8    0.050327    0.862873    1.308935    1.758659 ^ _36_/Q (gf180mcu_fd_sc_mcu7t5v0__dffrnq_1)
                                                         counter[2] (net)
                      0.862878    0.001220    1.759879 ^ _26_/A1 (gf180mcu_fd_sc_mcu7t5v0__nand3_1)
     1    0.004900    0.333231    0.207327    1.967206 v _26_/ZN (gf180mcu_fd_sc_mcu7t5v0__nand3_1)
                                                         _13_ (net)
                      0.333231    0.000046    1.967252 v _27_/B (gf180mcu_fd_sc_mcu7t5v0__oai21_1)
     1    0.003499    0.291108    0.247837    2.215089 ^ _27_/ZN (gf180mcu_fd_sc_mcu7t5v0__oai21_1)
                                                         _03_ (net)
                      0.291108    0.000038    2.215126 ^ _31_/D (gf180mcu_fd_sc_mcu7t5v0__dffsnq_1)
                                              2.215126   data arrival time

                                 13.563000   13.563000   clock in_clk (rise edge)
                                  0.000000   13.563000   clock source latency
     1    0.029226    0.000015    0.000620   13.563620 ^ in_clk (in)
                                                         in_clk (net)
                      0.001494    0.000000   13.563620 ^ clkbuf_0_in_clk/I (gf180mcu_fd_sc_mcu7t5v0__clkbuf_16)
     2    0.046630    0.111970    0.224287   13.787908 ^ clkbuf_0_in_clk/Z (gf180mcu_fd_sc_mcu7t5v0__clkbuf_16)
                                                         clknet_0_in_clk (net)
                      0.111971    0.000743   13.788650 ^ clkbuf_1_1__f_in_clk/I (gf180mcu_fd_sc_mcu7t5v0__clkbuf_16)
     3    0.014483    0.083329    0.221070   14.009720 ^ clkbuf_1_1__f_in_clk/Z (gf180mcu_fd_sc_mcu7t5v0__clkbuf_16)
                                                         clknet_1_1__leaf_in_clk (net)
                      0.083329    0.000127   14.009847 ^ _31_/CLK (gf180mcu_fd_sc_mcu7t5v0__dffsnq_1)
                                 -0.200000   13.809847   clock uncertainty
                                  0.000000   13.809847   clock reconvergence pessimism
                                 -0.262567   13.547280   library setup time
                                             13.547280   data required time
---------------------------------------------------------------------------------------------
                                             13.547280   data required time
                                             -2.215126   data arrival time
---------------------------------------------------------------------------------------------
                                             11.332154   slack (MET)


Startpoint: _36_ (rising edge-triggered flip-flop clocked by in_clk)
Endpoint: _34_ (rising edge-triggered flip-flop clocked by in_clk)
Path Group: in_clk
Path Type: max

Fanout         Cap        Slew       Delay        Time   Description
---------------------------------------------------------------------------------------------
                                  0.000000    0.000000   clock in_clk (rise edge)
                                  0.000000    0.000000   clock source latency
     1    0.029226    0.000015    0.000620    0.000620 ^ in_clk (in)
                                                         in_clk (net)
                      0.001494    0.000000    0.000620 ^ clkbuf_0_in_clk/I (gf180mcu_fd_sc_mcu7t5v0__clkbuf_16)
     2    0.046630    0.111970    0.224288    0.224908 ^ clkbuf_0_in_clk/Z (gf180mcu_fd_sc_mcu7t5v0__clkbuf_16)
                                                         clknet_0_in_clk (net)
                      0.111971    0.000703    0.225611 ^ clkbuf_1_0__f_in_clk/I (gf180mcu_fd_sc_mcu7t5v0__clkbuf_16)
     4    0.017937    0.086542    0.223965    0.449576 ^ clkbuf_1_0__f_in_clk/Z (gf180mcu_fd_sc_mcu7t5v0__clkbuf_16)
                                                         clknet_1_0__leaf_in_clk (net)
                      0.086542    0.000148    0.449724 ^ _36_/CLK (gf180mcu_fd_sc_mcu7t5v0__dffrnq_1)
     8    0.050327    0.862873    1.308935    1.758659 ^ _36_/Q (gf180mcu_fd_sc_mcu7t5v0__dffrnq_1)
                                                         counter[2] (net)
                      0.862873    0.000722    1.759381 ^ _19_/A1 (gf180mcu_fd_sc_mcu7t5v0__aoi21_1)
     1    0.003495    0.324019    0.116175    1.875557 v _19_/ZN (gf180mcu_fd_sc_mcu7t5v0__aoi21_1)
                                                         _00_ (net)
                      0.324019    0.000035    1.875592 v _34_/D (gf180mcu_fd_sc_mcu7t5v0__dffrnq_1)
                                              1.875592   data arrival time

                                 13.563000   13.563000   clock in_clk (rise edge)
                                  0.000000   13.563000   clock source latency
     1    0.029226    0.000015    0.000620   13.563620 ^ in_clk (in)
                                                         in_clk (net)
                      0.001494    0.000000   13.563620 ^ clkbuf_0_in_clk/I (gf180mcu_fd_sc_mcu7t5v0__clkbuf_16)
     2    0.046630    0.111970    0.224287   13.787908 ^ clkbuf_0_in_clk/Z (gf180mcu_fd_sc_mcu7t5v0__clkbuf_16)
                                                         clknet_0_in_clk (net)
                      0.111971    0.000703   13.788610 ^ clkbuf_1_0__f_in_clk/I (gf180mcu_fd_sc_mcu7t5v0__clkbuf_16)
     4    0.017937    0.086542    0.223966   14.012576 ^ clkbuf_1_0__f_in_clk/Z (gf180mcu_fd_sc_mcu7t5v0__clkbuf_16)
                                                         clknet_1_0__leaf_in_clk (net)
                      0.086542    0.000111   14.012688 ^ _34_/CLK (gf180mcu_fd_sc_mcu7t5v0__dffrnq_1)
                                 -0.200000   13.812687   clock uncertainty
                                  0.000000   13.812687   clock reconvergence pessimism
                                 -0.201755   13.610932   library setup time
                                             13.610932   data required time
---------------------------------------------------------------------------------------------
                                             13.610932   data required time
                                             -1.875592   data arrival time
---------------------------------------------------------------------------------------------
                                             11.735340   slack (MET)



