
===========================================================================
report_checks -unconstrained
===========================================================================
======================= max_ss_125C_4v50 Corner ===================================

Startpoint: rst_n (input port clocked by clk)
Endpoint: _79_ (recovery check against rising-edge clock clk)
Path Group: asynchronous
Path Type: max

Fanout         Cap        Slew       Delay        Time   Description
---------------------------------------------------------------------------------------------
                                  0.000000    0.000000   clock clk (rise edge)
                                  0.000000    0.000000   clock network delay (propagated)
                                 16.000000   16.000000 ^ input external delay
     1    0.006664    0.000003    0.000087   16.000088 ^ rst_n (in)
                                                         rst_n (net)
                      0.000206    0.000000   16.000088 ^ input14/I (gf180mcu_fd_sc_mcu7t5v0__dlyb_1)
    12    0.113255    3.165555    3.351763   19.351851 ^ input14/Z (gf180mcu_fd_sc_mcu7t5v0__dlyb_1)
                                                         net14 (net)
                      3.165555    0.002206   19.354057 ^ _79_/RN (gf180mcu_fd_sc_mcu7t5v0__dffrnq_1)
                                             19.354057   data arrival time

                                 81.379997   81.379997   clock clk (rise edge)
                                  0.000000   81.379997   clock source latency
     1    0.028838    0.000014    0.000497   81.380493 ^ clk (in)
                                                         clk (net)
                      0.001197    0.000000   81.380493 ^ clkbuf_0_clk/I (gf180mcu_fd_sc_mcu7t5v0__clkbuf_16)
     2    0.047603    0.201310    0.399744   81.780235 ^ clkbuf_0_clk/Z (gf180mcu_fd_sc_mcu7t5v0__clkbuf_16)
                                                         clknet_0_clk (net)
                      0.201311    0.000966   81.781204 ^ clkbuf_1_1__f_clk/I (gf180mcu_fd_sc_mcu7t5v0__clkbuf_16)
     7    0.039785    0.189249    0.432337   82.213539 ^ clkbuf_1_1__f_clk/Z (gf180mcu_fd_sc_mcu7t5v0__clkbuf_16)
                                                         clknet_1_1__leaf_clk (net)
                      0.189249    0.000306   82.213844 ^ _79_/CLK (gf180mcu_fd_sc_mcu7t5v0__dffrnq_1)
                                 -0.250000   81.963852   clock uncertainty
                                  0.000000   81.963852   clock reconvergence pessimism
                                 -0.351963   81.611893   library recovery time
                                             81.611893   data required time
---------------------------------------------------------------------------------------------
                                             81.611893   data required time
                                            -19.354057   data arrival time
---------------------------------------------------------------------------------------------
                                             62.257835   slack (MET)


Startpoint: load_en (input port clocked by clk)
Endpoint: _72_ (rising edge-triggered flip-flop clocked by clk)
Path Group: clk
Path Type: max

Fanout         Cap        Slew       Delay        Time   Description
---------------------------------------------------------------------------------------------
                                  0.000000    0.000000   clock clk (rise edge)
                                  0.000000    0.000000   clock network delay (propagated)
                                 16.000000   16.000000 ^ input external delay
     1    0.004275    0.000002    0.000039   16.000038 ^ load_en (in)
                                                         load_en (net)
                      0.000093    0.000000   16.000038 ^ input13/I (gf180mcu_fd_sc_mcu7t5v0__dlyb_1)
    23    0.143266    3.974784    3.816785   19.816824 ^ input13/Z (gf180mcu_fd_sc_mcu7t5v0__dlyb_1)
                                                         net13 (net)
                      3.974796    0.003975   19.820799 ^ _55_/A1 (gf180mcu_fd_sc_mcu7t5v0__nand2_1)
     1    0.009514    1.006648    0.438451   20.259251 v _55_/ZN (gf180mcu_fd_sc_mcu7t5v0__nand2_1)
                                                         _28_ (net)
                      1.006648    0.000226   20.259476 v _56_/B (gf180mcu_fd_sc_mcu7t5v0__oai21_1)
     1    0.011971    1.144633    0.728665   20.988142 ^ _56_/ZN (gf180mcu_fd_sc_mcu7t5v0__oai21_1)
                                                         _08_ (net)
                      1.144633    0.000361   20.988503 ^ _72_/D (gf180mcu_fd_sc_mcu7t5v0__dffrnq_1)
                                             20.988503   data arrival time

                                 81.379997   81.379997   clock clk (rise edge)
                                  0.000000   81.379997   clock source latency
     1    0.028838    0.000014    0.000497   81.380493 ^ clk (in)
                                                         clk (net)
                      0.001197    0.000000   81.380493 ^ clkbuf_0_clk/I (gf180mcu_fd_sc_mcu7t5v0__clkbuf_16)
     2    0.047603    0.201310    0.399744   81.780235 ^ clkbuf_0_clk/Z (gf180mcu_fd_sc_mcu7t5v0__clkbuf_16)
                                                         clknet_0_clk (net)
                      0.201311    0.000924   81.781158 ^ clkbuf_1_0__f_clk/I (gf180mcu_fd_sc_mcu7t5v0__clkbuf_16)
     6    0.042514    0.193351    0.435556   82.216721 ^ clkbuf_1_0__f_clk/Z (gf180mcu_fd_sc_mcu7t5v0__clkbuf_16)
                                                         clknet_1_0__leaf_clk (net)
                      0.193351    0.000220   82.216934 ^ _72_/CLK (gf180mcu_fd_sc_mcu7t5v0__dffrnq_1)
                                 -0.250000   81.966942   clock uncertainty
                                  0.000000   81.966942   clock reconvergence pessimism
                                 -0.745989   81.220947   library setup time
                                             81.220947   data required time
---------------------------------------------------------------------------------------------
                                             81.220947   data required time
                                            -20.988503   data arrival time
---------------------------------------------------------------------------------------------
                                             60.232445   slack (MET)




===========================================================================
report_checks --slack_max -0.01
============================================================================
======================= max_ss_125C_4v50 Corner ===================================

No paths found.


===========================================================================
 report_check_types -max_slew -max_cap -max_fanout -violators
============================================================================
======================= max_ss_125C_4v50 Corner ===================================



===========================================================================
report_parasitic_annotation -report_unannotated
============================================================================
Found 1 unannotated drivers.
 clkload0/ZN
Found 0 partially unannotated drivers.

===========================================================================
max slew violation count 0
max fanout violation count 0
max cap violation count 0
============================================================================

===========================================================================
check_setup -verbose -unconstrained_endpoints -multiple_clock -no_clock -no_input_delay -loops -generated_clocks
===========================================================================
