
===========================================================================
report_checks -path_delay max (Setup)
============================================================================
======================= max_ss_125C_4v50 Corner ===================================

Startpoint: load_en (input port clocked by clk)
Endpoint: _72_ (rising edge-triggered flip-flop clocked by clk)
Path Group: clk
Path Type: max

Fanout         Cap        Slew       Delay        Time   Description
---------------------------------------------------------------------------------------------
                                  0.000000    0.000000   clock clk (rise edge)
                                  0.000000    0.000000   clock network delay (propagated)
                                 16.000000   16.000000 ^ input external delay
     1    0.004275    0.000002    0.000039   16.000038 ^ load_en (in)
                                                         load_en (net)
                      0.000093    0.000000   16.000038 ^ input13/I (gf180mcu_fd_sc_mcu7t5v0__dlyb_1)
    23    0.143266    3.974784    3.816785   19.816824 ^ input13/Z (gf180mcu_fd_sc_mcu7t5v0__dlyb_1)
                                                         net13 (net)
                      3.974796    0.003975   19.820799 ^ _55_/A1 (gf180mcu_fd_sc_mcu7t5v0__nand2_1)
     1    0.009514    1.006648    0.438451   20.259251 v _55_/ZN (gf180mcu_fd_sc_mcu7t5v0__nand2_1)
                                                         _28_ (net)
                      1.006648    0.000226   20.259476 v _56_/B (gf180mcu_fd_sc_mcu7t5v0__oai21_1)
     1    0.011971    1.144633    0.728665   20.988142 ^ _56_/ZN (gf180mcu_fd_sc_mcu7t5v0__oai21_1)
                                                         _08_ (net)
                      1.144633    0.000361   20.988503 ^ _72_/D (gf180mcu_fd_sc_mcu7t5v0__dffrnq_1)
                                             20.988503   data arrival time

                                 81.379997   81.379997   clock clk (rise edge)
                                  0.000000   81.379997   clock source latency
     1    0.028838    0.000014    0.000497   81.380493 ^ clk (in)
                                                         clk (net)
                      0.001197    0.000000   81.380493 ^ clkbuf_0_clk/I (gf180mcu_fd_sc_mcu7t5v0__clkbuf_16)
     2    0.047603    0.201310    0.399744   81.780235 ^ clkbuf_0_clk/Z (gf180mcu_fd_sc_mcu7t5v0__clkbuf_16)
                                                         clknet_0_clk (net)
                      0.201311    0.000924   81.781158 ^ clkbuf_1_0__f_clk/I (gf180mcu_fd_sc_mcu7t5v0__clkbuf_16)
     6    0.042514    0.193351    0.435556   82.216721 ^ clkbuf_1_0__f_clk/Z (gf180mcu_fd_sc_mcu7t5v0__clkbuf_16)
                                                         clknet_1_0__leaf_clk (net)
                      0.193351    0.000220   82.216934 ^ _72_/CLK (gf180mcu_fd_sc_mcu7t5v0__dffrnq_1)
                                 -0.250000   81.966942   clock uncertainty
                                  0.000000   81.966942   clock reconvergence pessimism
                                 -0.745989   81.220947   library setup time
                                             81.220947   data required time
---------------------------------------------------------------------------------------------
                                             81.220947   data required time
                                            -20.988503   data arrival time
---------------------------------------------------------------------------------------------
                                             60.232445   slack (MET)


Startpoint: load_en (input port clocked by clk)
Endpoint: _70_ (rising edge-triggered flip-flop clocked by clk)
Path Group: clk
Path Type: max

Fanout         Cap        Slew       Delay        Time   Description
---------------------------------------------------------------------------------------------
                                  0.000000    0.000000   clock clk (rise edge)
                                  0.000000    0.000000   clock network delay (propagated)
                                 16.000000   16.000000 ^ input external delay
     1    0.004275    0.000002    0.000039   16.000038 ^ load_en (in)
                                                         load_en (net)
                      0.000093    0.000000   16.000038 ^ input13/I (gf180mcu_fd_sc_mcu7t5v0__dlyb_1)
    23    0.143266    3.974784    3.816785   19.816824 ^ input13/Z (gf180mcu_fd_sc_mcu7t5v0__dlyb_1)
                                                         net13 (net)
                      3.974800    0.004555   19.821379 ^ _51_/A1 (gf180mcu_fd_sc_mcu7t5v0__nand2_1)
     1    0.009487    1.005827    0.437563   20.258942 v _51_/ZN (gf180mcu_fd_sc_mcu7t5v0__nand2_1)
                                                         _26_ (net)
                      1.005827    0.000234   20.259176 v _52_/B (gf180mcu_fd_sc_mcu7t5v0__oai21_1)
     1    0.011679    1.131483    0.723320   20.982496 ^ _52_/ZN (gf180mcu_fd_sc_mcu7t5v0__oai21_1)
                                                         _06_ (net)
                      1.131483    0.000384   20.982880 ^ _70_/D (gf180mcu_fd_sc_mcu7t5v0__dffrnq_1)
                                             20.982880   data arrival time

                                 81.379997   81.379997   clock clk (rise edge)
                                  0.000000   81.379997   clock source latency
     1    0.028838    0.000014    0.000497   81.380493 ^ clk (in)
                                                         clk (net)
                      0.001197    0.000000   81.380493 ^ clkbuf_0_clk/I (gf180mcu_fd_sc_mcu7t5v0__clkbuf_16)
     2    0.047603    0.201310    0.399744   81.780235 ^ clkbuf_0_clk/Z (gf180mcu_fd_sc_mcu7t5v0__clkbuf_16)
                                                         clknet_0_clk (net)
                      0.201311    0.000966   81.781204 ^ clkbuf_1_1__f_clk/I (gf180mcu_fd_sc_mcu7t5v0__clkbuf_16)
     7    0.039785    0.189249    0.432337   82.213539 ^ clkbuf_1_1__f_clk/Z (gf180mcu_fd_sc_mcu7t5v0__clkbuf_16)
                                                         clknet_1_1__leaf_clk (net)
                      0.189249    0.000107   82.213646 ^ _70_/CLK (gf180mcu_fd_sc_mcu7t5v0__dffrnq_1)
                                 -0.250000   81.963654   clock uncertainty
                                  0.000000   81.963654   clock reconvergence pessimism
                                 -0.745624   81.218025   library setup time
                                             81.218025   data required time
---------------------------------------------------------------------------------------------
                                             81.218025   data required time
                                            -20.982880   data arrival time
---------------------------------------------------------------------------------------------
                                             60.235146   slack (MET)


Startpoint: load_en (input port clocked by clk)
Endpoint: _71_ (rising edge-triggered flip-flop clocked by clk)
Path Group: clk
Path Type: max

Fanout         Cap        Slew       Delay        Time   Description
---------------------------------------------------------------------------------------------
                                  0.000000    0.000000   clock clk (rise edge)
                                  0.000000    0.000000   clock network delay (propagated)
                                 16.000000   16.000000 ^ input external delay
     1    0.004275    0.000002    0.000039   16.000038 ^ load_en (in)
                                                         load_en (net)
                      0.000093    0.000000   16.000038 ^ input13/I (gf180mcu_fd_sc_mcu7t5v0__dlyb_1)
    23    0.143266    3.974784    3.816785   19.816824 ^ input13/Z (gf180mcu_fd_sc_mcu7t5v0__dlyb_1)
                                                         net13 (net)
                      3.974798    0.004373   19.821198 ^ _53_/A1 (gf180mcu_fd_sc_mcu7t5v0__nand2_1)
     1    0.010735    1.042908    0.477488   20.298685 v _53_/ZN (gf180mcu_fd_sc_mcu7t5v0__nand2_1)
                                                         _27_ (net)
                      1.042908    0.000288   20.298973 v _54_/B (gf180mcu_fd_sc_mcu7t5v0__oai21_1)
     1    0.007037    0.916950    0.649285   20.948259 ^ _54_/ZN (gf180mcu_fd_sc_mcu7t5v0__oai21_1)
                                                         _07_ (net)
                      0.916950    0.000174   20.948433 ^ _71_/D (gf180mcu_fd_sc_mcu7t5v0__dffrnq_1)
                                             20.948433   data arrival time

                                 81.379997   81.379997   clock clk (rise edge)
                                  0.000000   81.379997   clock source latency
     1    0.028838    0.000014    0.000497   81.380493 ^ clk (in)
                                                         clk (net)
                      0.001197    0.000000   81.380493 ^ clkbuf_0_clk/I (gf180mcu_fd_sc_mcu7t5v0__clkbuf_16)
     2    0.047603    0.201310    0.399744   81.780235 ^ clkbuf_0_clk/Z (gf180mcu_fd_sc_mcu7t5v0__clkbuf_16)
                                                         clknet_0_clk (net)
                      0.201311    0.000966   81.781204 ^ clkbuf_1_1__f_clk/I (gf180mcu_fd_sc_mcu7t5v0__clkbuf_16)
     7    0.039785    0.189249    0.432337   82.213539 ^ clkbuf_1_1__f_clk/Z (gf180mcu_fd_sc_mcu7t5v0__clkbuf_16)
                                                         clknet_1_1__leaf_clk (net)
                      0.189249    0.000099   82.213638 ^ _71_/CLK (gf180mcu_fd_sc_mcu7t5v0__dffrnq_1)
                                 -0.250000   81.963646   clock uncertainty
                                  0.000000   81.963646   clock reconvergence pessimism
                                 -0.717780   81.245865   library setup time
                                             81.245865   data required time
---------------------------------------------------------------------------------------------
                                             81.245865   data required time
                                            -20.948433   data arrival time
---------------------------------------------------------------------------------------------
                                             60.297432   slack (MET)


Startpoint: load_en (input port clocked by clk)
Endpoint: _77_ (rising edge-triggered flip-flop clocked by clk)
Path Group: clk
Path Type: max

Fanout         Cap        Slew       Delay        Time   Description
---------------------------------------------------------------------------------------------
                                  0.000000    0.000000   clock clk (rise edge)
                                  0.000000    0.000000   clock network delay (propagated)
                                 16.000000   16.000000 ^ input external delay
     1    0.004275    0.000002    0.000039   16.000038 ^ load_en (in)
                                                         load_en (net)
                      0.000093    0.000000   16.000038 ^ input13/I (gf180mcu_fd_sc_mcu7t5v0__dlyb_1)
    23    0.143266    3.974784    3.816785   19.816824 ^ input13/Z (gf180mcu_fd_sc_mcu7t5v0__dlyb_1)
                                                         net13 (net)
                      3.974801    0.004652   19.821476 ^ _65_/A1 (gf180mcu_fd_sc_mcu7t5v0__nand2_1)
     1    0.008833    0.999052    0.416730   20.238207 v _65_/ZN (gf180mcu_fd_sc_mcu7t5v0__nand2_1)
                                                         _33_ (net)
                      0.999052    0.000146   20.238352 v _66_/B (gf180mcu_fd_sc_mcu7t5v0__oai21_1)
     1    0.007664    0.945413    0.647402   20.885754 ^ _66_/ZN (gf180mcu_fd_sc_mcu7t5v0__oai21_1)
                                                         _02_ (net)
                      0.945413    0.000188   20.885942 ^ _77_/D (gf180mcu_fd_sc_mcu7t5v0__dffrnq_1)
                                             20.885942   data arrival time

                                 81.379997   81.379997   clock clk (rise edge)
                                  0.000000   81.379997   clock source latency
     1    0.028838    0.000014    0.000497   81.380493 ^ clk (in)
                                                         clk (net)
                      0.001197    0.000000   81.380493 ^ clkbuf_0_clk/I (gf180mcu_fd_sc_mcu7t5v0__clkbuf_16)
     2    0.047603    0.201310    0.399744   81.780235 ^ clkbuf_0_clk/Z (gf180mcu_fd_sc_mcu7t5v0__clkbuf_16)
                                                         clknet_0_clk (net)
                      0.201311    0.000966   81.781204 ^ clkbuf_1_1__f_clk/I (gf180mcu_fd_sc_mcu7t5v0__clkbuf_16)
     7    0.039785    0.189249    0.432337   82.213539 ^ clkbuf_1_1__f_clk/Z (gf180mcu_fd_sc_mcu7t5v0__clkbuf_16)
                                                         clknet_1_1__leaf_clk (net)
                      0.189249    0.000142   82.213684 ^ _77_/CLK (gf180mcu_fd_sc_mcu7t5v0__dffrnq_1)
                                 -0.250000   81.963684   clock uncertainty
                                  0.000000   81.963684   clock reconvergence pessimism
                                 -0.721734   81.241951   library setup time
                                             81.241951   data required time
---------------------------------------------------------------------------------------------
                                             81.241951   data required time
                                            -20.885942   data arrival time
---------------------------------------------------------------------------------------------
                                             60.356010   slack (MET)


Startpoint: _77_ (rising edge-triggered flip-flop clocked by clk)
Endpoint: serial_out (output port clocked by clk)
Path Group: clk
Path Type: max

Fanout         Cap        Slew       Delay        Time   Description
---------------------------------------------------------------------------------------------
                                  0.000000    0.000000   clock clk (rise edge)
                                  0.000000    0.000000   clock source latency
     1    0.028838    0.000014    0.000498    0.000498 ^ clk (in)
                                                         clk (net)
                      0.001197    0.000000    0.000498 ^ clkbuf_0_clk/I (gf180mcu_fd_sc_mcu7t5v0__clkbuf_16)
     2    0.047603    0.201310    0.399743    0.400241 ^ clkbuf_0_clk/Z (gf180mcu_fd_sc_mcu7t5v0__clkbuf_16)
                                                         clknet_0_clk (net)
                      0.201311    0.000964    0.401205 ^ clkbuf_1_1__f_clk/I (gf180mcu_fd_sc_mcu7t5v0__clkbuf_16)
     7    0.039785    0.189249    0.432341    0.833547 ^ clkbuf_1_1__f_clk/Z (gf180mcu_fd_sc_mcu7t5v0__clkbuf_16)
                                                         clknet_1_1__leaf_clk (net)
                      0.189249    0.000139    0.833686 ^ _77_/CLK (gf180mcu_fd_sc_mcu7t5v0__dffrnq_1)
     1    0.006072    0.344685    1.704422    2.538108 ^ _77_/Q (gf180mcu_fd_sc_mcu7t5v0__dffrnq_1)
                                                         net15 (net)
                      0.344685    0.000088    2.538196 ^ output15/I (gf180mcu_fd_sc_mcu7t5v0__dlyb_1)
     1    0.036630    1.103665    2.224360    4.762557 ^ output15/Z (gf180mcu_fd_sc_mcu7t5v0__dlyb_1)
                                                         serial_out (net)
                      1.103665    0.000519    4.763076 ^ serial_out (out)
                                              4.763076   data arrival time

                                 81.379997   81.379997   clock clk (rise edge)
                                  0.000000   81.379997   clock network delay (propagated)
                                 -0.250000   81.129997   clock uncertainty
                                  0.000000   81.129997   clock reconvergence pessimism
                                -16.000000   65.129997   output external delay
                                             65.129997   data required time
---------------------------------------------------------------------------------------------
                                             65.129997   data required time
                                             -4.763076   data arrival time
---------------------------------------------------------------------------------------------
                                             60.366924   slack (MET)


Startpoint: load_en (input port clocked by clk)
Endpoint: _68_ (rising edge-triggered flip-flop clocked by clk)
Path Group: clk
Path Type: max

Fanout         Cap        Slew       Delay        Time   Description
---------------------------------------------------------------------------------------------
                                  0.000000    0.000000   clock clk (rise edge)
                                  0.000000    0.000000   clock network delay (propagated)
                                 16.000000   16.000000 ^ input external delay
     1    0.004275    0.000002    0.000039   16.000038 ^ load_en (in)
                                                         load_en (net)
                      0.000093    0.000000   16.000038 ^ input13/I (gf180mcu_fd_sc_mcu7t5v0__dlyb_1)
    23    0.143266    3.974784    3.816785   19.816824 ^ input13/Z (gf180mcu_fd_sc_mcu7t5v0__dlyb_1)
                                                         net13 (net)
                      3.974796    0.004025   19.820850 ^ _47_/A1 (gf180mcu_fd_sc_mcu7t5v0__nand2_1)
     1    0.010593    1.038712    0.472976   20.293825 v _47_/ZN (gf180mcu_fd_sc_mcu7t5v0__nand2_1)
                                                         _24_ (net)
                      1.038712    0.000279   20.294106 v _48_/B (gf180mcu_fd_sc_mcu7t5v0__oai21_1)
     1    0.003813    0.769056    0.584807   20.878912 ^ _48_/ZN (gf180mcu_fd_sc_mcu7t5v0__oai21_1)
                                                         _04_ (net)
                      0.769056    0.000039   20.878950 ^ _68_/D (gf180mcu_fd_sc_mcu7t5v0__dffrnq_1)
                                             20.878950   data arrival time

                                 81.379997   81.379997   clock clk (rise edge)
                                  0.000000   81.379997   clock source latency
     1    0.028838    0.000014    0.000497   81.380493 ^ clk (in)
                                                         clk (net)
                      0.001197    0.000000   81.380493 ^ clkbuf_0_clk/I (gf180mcu_fd_sc_mcu7t5v0__clkbuf_16)
     2    0.047603    0.201310    0.399744   81.780235 ^ clkbuf_0_clk/Z (gf180mcu_fd_sc_mcu7t5v0__clkbuf_16)
                                                         clknet_0_clk (net)
                      0.201311    0.000924   81.781158 ^ clkbuf_1_0__f_clk/I (gf180mcu_fd_sc_mcu7t5v0__clkbuf_16)
     6    0.042514    0.193351    0.435556   82.216721 ^ clkbuf_1_0__f_clk/Z (gf180mcu_fd_sc_mcu7t5v0__clkbuf_16)
                                                         clknet_1_0__leaf_clk (net)
                      0.193352    0.000377   82.217094 ^ _68_/CLK (gf180mcu_fd_sc_mcu7t5v0__dffrnq_1)
                                 -0.250000   81.967094   clock uncertainty
                                  0.000000   81.967094   clock reconvergence pessimism
                                 -0.696160   81.270935   library setup time
                                             81.270935   data required time
---------------------------------------------------------------------------------------------
                                             81.270935   data required time
                                            -20.878950   data arrival time
---------------------------------------------------------------------------------------------
                                             60.391983   slack (MET)


Startpoint: load_en (input port clocked by clk)
Endpoint: _69_ (rising edge-triggered flip-flop clocked by clk)
Path Group: clk
Path Type: max

Fanout         Cap        Slew       Delay        Time   Description
---------------------------------------------------------------------------------------------
                                  0.000000    0.000000   clock clk (rise edge)
                                  0.000000    0.000000   clock network delay (propagated)
                                 16.000000   16.000000 ^ input external delay
     1    0.004275    0.000002    0.000039   16.000038 ^ load_en (in)
                                                         load_en (net)
                      0.000093    0.000000   16.000038 ^ input13/I (gf180mcu_fd_sc_mcu7t5v0__dlyb_1)
    23    0.143266    3.974784    3.816785   19.816824 ^ input13/Z (gf180mcu_fd_sc_mcu7t5v0__dlyb_1)
                                                         net13 (net)
                      3.974797    0.004238   19.821062 ^ _49_/A1 (gf180mcu_fd_sc_mcu7t5v0__nand2_1)
     1    0.008296    0.970432    0.399456   20.220520 v _49_/ZN (gf180mcu_fd_sc_mcu7t5v0__nand2_1)
                                                         _25_ (net)
                      0.970432    0.000185   20.220703 v _50_/B (gf180mcu_fd_sc_mcu7t5v0__oai21_1)
     1    0.004133    0.786016    0.571033   20.791737 ^ _50_/ZN (gf180mcu_fd_sc_mcu7t5v0__oai21_1)
                                                         _05_ (net)
                      0.786016    0.000044   20.791780 ^ _69_/D (gf180mcu_fd_sc_mcu7t5v0__dffrnq_1)
                                             20.791780   data arrival time

                                 81.379997   81.379997   clock clk (rise edge)
                                  0.000000   81.379997   clock source latency
     1    0.028838    0.000014    0.000497   81.380493 ^ clk (in)
                                                         clk (net)
                      0.001197    0.000000   81.380493 ^ clkbuf_0_clk/I (gf180mcu_fd_sc_mcu7t5v0__clkbuf_16)
     2    0.047603    0.201310    0.399744   81.780235 ^ clkbuf_0_clk/Z (gf180mcu_fd_sc_mcu7t5v0__clkbuf_16)
                                                         clknet_0_clk (net)
                      0.201311    0.000966   81.781204 ^ clkbuf_1_1__f_clk/I (gf180mcu_fd_sc_mcu7t5v0__clkbuf_16)
     7    0.039785    0.189249    0.432337   82.213539 ^ clkbuf_1_1__f_clk/Z (gf180mcu_fd_sc_mcu7t5v0__clkbuf_16)
                                                         clknet_1_1__leaf_clk (net)
                      0.189249    0.000476   82.214020 ^ _69_/CLK (gf180mcu_fd_sc_mcu7t5v0__dffrnq_1)
                                 -0.250000   81.964020   clock uncertainty
                                  0.000000   81.964020   clock reconvergence pessimism
                                 -0.699589   81.264435   library setup time
                                             81.264435   data required time
---------------------------------------------------------------------------------------------
                                             81.264435   data required time
                                            -20.791780   data arrival time
---------------------------------------------------------------------------------------------
                                             60.472652   slack (MET)


Startpoint: load_en (input port clocked by clk)
Endpoint: _73_ (rising edge-triggered flip-flop clocked by clk)
Path Group: clk
Path Type: max

Fanout         Cap        Slew       Delay        Time   Description
---------------------------------------------------------------------------------------------
                                  0.000000    0.000000   clock clk (rise edge)
                                  0.000000    0.000000   clock network delay (propagated)
                                 16.000000   16.000000 ^ input external delay
     1    0.004275    0.000002    0.000039   16.000038 ^ load_en (in)
                                                         load_en (net)
                      0.000093    0.000000   16.000038 ^ input13/I (gf180mcu_fd_sc_mcu7t5v0__dlyb_1)
    23    0.143266    3.974784    3.816785   19.816824 ^ input13/Z (gf180mcu_fd_sc_mcu7t5v0__dlyb_1)
                                                         net13 (net)
                      3.974784    0.002219   19.819042 ^ _57_/A1 (gf180mcu_fd_sc_mcu7t5v0__nand2_1)
     1    0.006202    0.896686    0.318611   20.137653 v _57_/ZN (gf180mcu_fd_sc_mcu7t5v0__nand2_1)
                                                         _29_ (net)
                      0.896686    0.000073   20.137726 v _58_/B (gf180mcu_fd_sc_mcu7t5v0__oai21_1)
     1    0.008247    0.971825    0.625711   20.763437 ^ _58_/ZN (gf180mcu_fd_sc_mcu7t5v0__oai21_1)
                                                         _09_ (net)
                      0.971825    0.000210   20.763647 ^ _73_/D (gf180mcu_fd_sc_mcu7t5v0__dffrnq_1)
                                             20.763647   data arrival time

                                 81.379997   81.379997   clock clk (rise edge)
                                  0.000000   81.379997   clock source latency
     1    0.028838    0.000014    0.000497   81.380493 ^ clk (in)
                                                         clk (net)
                      0.001197    0.000000   81.380493 ^ clkbuf_0_clk/I (gf180mcu_fd_sc_mcu7t5v0__clkbuf_16)
     2    0.047603    0.201310    0.399744   81.780235 ^ clkbuf_0_clk/Z (gf180mcu_fd_sc_mcu7t5v0__clkbuf_16)
                                                         clknet_0_clk (net)
                      0.201311    0.000924   81.781158 ^ clkbuf_1_0__f_clk/I (gf180mcu_fd_sc_mcu7t5v0__clkbuf_16)
     6    0.042514    0.193351    0.435556   82.216721 ^ clkbuf_1_0__f_clk/Z (gf180mcu_fd_sc_mcu7t5v0__clkbuf_16)
                                                         clknet_1_0__leaf_clk (net)
                      0.193352    0.000362   82.217079 ^ _73_/CLK (gf180mcu_fd_sc_mcu7t5v0__dffrnq_1)
                                 -0.250000   81.967079   clock uncertainty
                                  0.000000   81.967079   clock reconvergence pessimism
                                 -0.724300   81.242783   library setup time
                                             81.242783   data required time
---------------------------------------------------------------------------------------------
                                             81.242783   data required time
                                            -20.763647   data arrival time
---------------------------------------------------------------------------------------------
                                             60.479141   slack (MET)


Startpoint: load_en (input port clocked by clk)
Endpoint: _75_ (rising edge-triggered flip-flop clocked by clk)
Path Group: clk
Path Type: max

Fanout         Cap        Slew       Delay        Time   Description
---------------------------------------------------------------------------------------------
                                  0.000000    0.000000   clock clk (rise edge)
                                  0.000000    0.000000   clock network delay (propagated)
                                 16.000000   16.000000 ^ input external delay
     1    0.004275    0.000002    0.000039   16.000038 ^ load_en (in)
                                                         load_en (net)
                      0.000093    0.000000   16.000038 ^ input13/I (gf180mcu_fd_sc_mcu7t5v0__dlyb_1)
    23    0.143266    3.974784    3.816785   19.816824 ^ input13/Z (gf180mcu_fd_sc_mcu7t5v0__dlyb_1)
                                                         net13 (net)
                      3.974802    0.004757   19.821581 ^ _61_/A1 (gf180mcu_fd_sc_mcu7t5v0__nand2_1)
     1    0.006846    0.924505    0.344853   20.166435 v _61_/ZN (gf180mcu_fd_sc_mcu7t5v0__nand2_1)
                                                         _31_ (net)
                      0.924505    0.000078   20.166513 v _62_/B (gf180mcu_fd_sc_mcu7t5v0__oai21_1)
     1    0.003897    0.773535    0.552605   20.719118 ^ _62_/ZN (gf180mcu_fd_sc_mcu7t5v0__oai21_1)
                                                         _11_ (net)
                      0.773535    0.000039   20.719156 ^ _75_/D (gf180mcu_fd_sc_mcu7t5v0__dffrnq_1)
                                             20.719156   data arrival time

                                 81.379997   81.379997   clock clk (rise edge)
                                  0.000000   81.379997   clock source latency
     1    0.028838    0.000014    0.000497   81.380493 ^ clk (in)
                                                         clk (net)
                      0.001197    0.000000   81.380493 ^ clkbuf_0_clk/I (gf180mcu_fd_sc_mcu7t5v0__clkbuf_16)
     2    0.047603    0.201310    0.399744   81.780235 ^ clkbuf_0_clk/Z (gf180mcu_fd_sc_mcu7t5v0__clkbuf_16)
                                                         clknet_0_clk (net)
                      0.201311    0.000966   81.781204 ^ clkbuf_1_1__f_clk/I (gf180mcu_fd_sc_mcu7t5v0__clkbuf_16)
     7    0.039785    0.189249    0.432337   82.213539 ^ clkbuf_1_1__f_clk/Z (gf180mcu_fd_sc_mcu7t5v0__clkbuf_16)
                                                         clknet_1_1__leaf_clk (net)
                      0.189249    0.000298   82.213837 ^ _75_/CLK (gf180mcu_fd_sc_mcu7t5v0__dffrnq_1)
                                 -0.250000   81.963844   clock uncertainty
                                  0.000000   81.963844   clock reconvergence pessimism
                                 -0.697855   81.265991   library setup time
                                             81.265991   data required time
---------------------------------------------------------------------------------------------
                                             81.265991   data required time
                                            -20.719156   data arrival time
---------------------------------------------------------------------------------------------
                                             60.546833   slack (MET)


Startpoint: load_en (input port clocked by clk)
Endpoint: _79_ (rising edge-triggered flip-flop clocked by clk)
Path Group: clk
Path Type: max

Fanout         Cap        Slew       Delay        Time   Description
---------------------------------------------------------------------------------------------
                                  0.000000    0.000000   clock clk (rise edge)
                                  0.000000    0.000000   clock network delay (propagated)
                                 16.000000   16.000000 ^ input external delay
     1    0.004275    0.000002    0.000039   16.000038 ^ load_en (in)
                                                         load_en (net)
                      0.000093    0.000000   16.000038 ^ input13/I (gf180mcu_fd_sc_mcu7t5v0__dlyb_1)
    23    0.143266    3.974784    3.816785   19.816824 ^ input13/Z (gf180mcu_fd_sc_mcu7t5v0__dlyb_1)
                                                         net13 (net)
                      3.974784    0.002895   19.819719 ^ _45_/A2 (gf180mcu_fd_sc_mcu7t5v0__nand2_1)
     1    0.008619    0.901872    0.249774   20.069494 v _45_/ZN (gf180mcu_fd_sc_mcu7t5v0__nand2_1)
                                                         _23_ (net)
                      0.901872    0.000208   20.069700 v _46_/B (gf180mcu_fd_sc_mcu7t5v0__oai21_1)
     1    0.007746    0.967272    0.618105   20.687805 ^ _46_/ZN (gf180mcu_fd_sc_mcu7t5v0__oai21_1)
                                                         _03_ (net)
                      0.967272    0.000188   20.687994 ^ _79_/D (gf180mcu_fd_sc_mcu7t5v0__dffrnq_1)
                                             20.687994   data arrival time

                                 81.379997   81.379997   clock clk (rise edge)
                                  0.000000   81.379997   clock source latency
     1    0.028838    0.000014    0.000497   81.380493 ^ clk (in)
                                                         clk (net)
                      0.001197    0.000000   81.380493 ^ clkbuf_0_clk/I (gf180mcu_fd_sc_mcu7t5v0__clkbuf_16)
     2    0.047603    0.201310    0.399744   81.780235 ^ clkbuf_0_clk/Z (gf180mcu_fd_sc_mcu7t5v0__clkbuf_16)
                                                         clknet_0_clk (net)
                      0.201311    0.000966   81.781204 ^ clkbuf_1_1__f_clk/I (gf180mcu_fd_sc_mcu7t5v0__clkbuf_16)
     7    0.039785    0.189249    0.432337   82.213539 ^ clkbuf_1_1__f_clk/Z (gf180mcu_fd_sc_mcu7t5v0__clkbuf_16)
                                                         clknet_1_1__leaf_clk (net)
                      0.189249    0.000306   82.213844 ^ _79_/CLK (gf180mcu_fd_sc_mcu7t5v0__dffrnq_1)
                                 -0.250000   81.963852   clock uncertainty
                                  0.000000   81.963852   clock reconvergence pessimism
                                 -0.724771   81.239082   library setup time
                                             81.239082   data required time
---------------------------------------------------------------------------------------------
                                             81.239082   data required time
                                            -20.687994   data arrival time
---------------------------------------------------------------------------------------------
                                             60.551090   slack (MET)


Startpoint: load_en (input port clocked by clk)
Endpoint: _74_ (rising edge-triggered flip-flop clocked by clk)
Path Group: clk
Path Type: max

Fanout         Cap        Slew       Delay        Time   Description
---------------------------------------------------------------------------------------------
                                  0.000000    0.000000   clock clk (rise edge)
                                  0.000000    0.000000   clock network delay (propagated)
                                 16.000000   16.000000 ^ input external delay
     1    0.004275    0.000002    0.000039   16.000038 ^ load_en (in)
                                                         load_en (net)
                      0.000093    0.000000   16.000038 ^ input13/I (gf180mcu_fd_sc_mcu7t5v0__dlyb_1)
    23    0.143266    3.974784    3.816785   19.816824 ^ input13/Z (gf180mcu_fd_sc_mcu7t5v0__dlyb_1)
                                                         net13 (net)
                      3.974784    0.002172   19.818996 ^ _59_/A1 (gf180mcu_fd_sc_mcu7t5v0__nand2_1)
     1    0.006184    0.895898    0.317868   20.136866 v _59_/ZN (gf180mcu_fd_sc_mcu7t5v0__nand2_1)
                                                         _30_ (net)
                      0.895898    0.000066   20.136930 v _60_/B (gf180mcu_fd_sc_mcu7t5v0__oai21_1)
     1    0.004041    0.781150    0.546942   20.683872 ^ _60_/ZN (gf180mcu_fd_sc_mcu7t5v0__oai21_1)
                                                         _10_ (net)
                      0.781150    0.000044   20.683918 ^ _74_/D (gf180mcu_fd_sc_mcu7t5v0__dffrnq_1)
                                             20.683918   data arrival time

                                 81.379997   81.379997   clock clk (rise edge)
                                  0.000000   81.379997   clock source latency
     1    0.028838    0.000014    0.000497   81.380493 ^ clk (in)
                                                         clk (net)
                      0.001197    0.000000   81.380493 ^ clkbuf_0_clk/I (gf180mcu_fd_sc_mcu7t5v0__clkbuf_16)
     2    0.047603    0.201310    0.399744   81.780235 ^ clkbuf_0_clk/Z (gf180mcu_fd_sc_mcu7t5v0__clkbuf_16)
                                                         clknet_0_clk (net)
                      0.201311    0.000924   81.781158 ^ clkbuf_1_0__f_clk/I (gf180mcu_fd_sc_mcu7t5v0__clkbuf_16)
     6    0.042514    0.193351    0.435556   82.216721 ^ clkbuf_1_0__f_clk/Z (gf180mcu_fd_sc_mcu7t5v0__clkbuf_16)
                                                         clknet_1_0__leaf_clk (net)
                      0.193351    0.000199   82.216919 ^ _74_/CLK (gf180mcu_fd_sc_mcu7t5v0__dffrnq_1)
                                 -0.250000   81.966919   clock uncertainty
                                  0.000000   81.966919   clock reconvergence pessimism
                                 -0.697838   81.269081   library setup time
                                             81.269081   data required time
---------------------------------------------------------------------------------------------
                                             81.269081   data required time
                                            -20.683918   data arrival time
---------------------------------------------------------------------------------------------
                                             60.585167   slack (MET)


Startpoint: load_en (input port clocked by clk)
Endpoint: _76_ (rising edge-triggered flip-flop clocked by clk)
Path Group: clk
Path Type: max

Fanout         Cap        Slew       Delay        Time   Description
---------------------------------------------------------------------------------------------
                                  0.000000    0.000000   clock clk (rise edge)
                                  0.000000    0.000000   clock network delay (propagated)
                                 16.000000   16.000000 ^ input external delay
     1    0.004275    0.000002    0.000039   16.000038 ^ load_en (in)
                                                         load_en (net)
                      0.000093    0.000000   16.000038 ^ input13/I (gf180mcu_fd_sc_mcu7t5v0__dlyb_1)
    23    0.143266    3.974784    3.816785   19.816824 ^ input13/Z (gf180mcu_fd_sc_mcu7t5v0__dlyb_1)
                                                         net13 (net)
                      3.974802    0.004816   19.821640 ^ _63_/A1 (gf180mcu_fd_sc_mcu7t5v0__nand2_1)
     1    0.005055    0.847102    0.271832   20.093472 v _63_/ZN (gf180mcu_fd_sc_mcu7t5v0__nand2_1)
                                                         _32_ (net)
                      0.847102    0.000048   20.093521 v _64_/B (gf180mcu_fd_sc_mcu7t5v0__oai21_1)
     1    0.003951    0.776386    0.530639   20.624159 ^ _64_/ZN (gf180mcu_fd_sc_mcu7t5v0__oai21_1)
                                                         _01_ (net)
                      0.776386    0.000043   20.624201 ^ _76_/D (gf180mcu_fd_sc_mcu7t5v0__dffrnq_1)
                                             20.624201   data arrival time

                                 81.379997   81.379997   clock clk (rise edge)
                                  0.000000   81.379997   clock source latency
     1    0.028838    0.000014    0.000497   81.380493 ^ clk (in)
                                                         clk (net)
                      0.001197    0.000000   81.380493 ^ clkbuf_0_clk/I (gf180mcu_fd_sc_mcu7t5v0__clkbuf_16)
     2    0.047603    0.201310    0.399744   81.780235 ^ clkbuf_0_clk/Z (gf180mcu_fd_sc_mcu7t5v0__clkbuf_16)
                                                         clknet_0_clk (net)
                      0.201311    0.000966   81.781204 ^ clkbuf_1_1__f_clk/I (gf180mcu_fd_sc_mcu7t5v0__clkbuf_16)
     7    0.039785    0.189249    0.432337   82.213539 ^ clkbuf_1_1__f_clk/Z (gf180mcu_fd_sc_mcu7t5v0__clkbuf_16)
                                                         clknet_1_1__leaf_clk (net)
                      0.189249    0.000121   82.213661 ^ _76_/CLK (gf180mcu_fd_sc_mcu7t5v0__dffrnq_1)
                                 -0.250000   81.963661   clock uncertainty
                                  0.000000   81.963661   clock reconvergence pessimism
                                 -0.698251   81.265411   library setup time
                                             81.265411   data required time
---------------------------------------------------------------------------------------------
                                             81.265411   data required time
                                            -20.624201   data arrival time
---------------------------------------------------------------------------------------------
                                             60.641216   slack (MET)


Startpoint: load_en (input port clocked by clk)
Endpoint: _78_ (rising edge-triggered flip-flop clocked by clk)
Path Group: clk
Path Type: max

Fanout         Cap        Slew       Delay        Time   Description
---------------------------------------------------------------------------------------------
                                  0.000000    0.000000   clock clk (rise edge)
                                  0.000000    0.000000   clock network delay (propagated)
                                 16.000000   16.000000 ^ input external delay
     1    0.004275    0.000002    0.000039   16.000038 ^ load_en (in)
                                                         load_en (net)
                      0.000093    0.000000   16.000038 ^ input13/I (gf180mcu_fd_sc_mcu7t5v0__dlyb_1)
    23    0.143266    3.974784    3.816785   19.816824 ^ input13/Z (gf180mcu_fd_sc_mcu7t5v0__dlyb_1)
                                                         net13 (net)
                      3.974784    0.003725   19.820549 ^ _67_/A1 (gf180mcu_fd_sc_mcu7t5v0__and2_1)
     1    0.006082    0.371183    0.840213   20.660763 ^ _67_/Z (gf180mcu_fd_sc_mcu7t5v0__and2_1)
                                                         _00_ (net)
                      0.371183    0.000085   20.660849 ^ _78_/D (gf180mcu_fd_sc_mcu7t5v0__dffrnq_1)
                                             20.660849   data arrival time

                                 81.379997   81.379997   clock clk (rise edge)
                                  0.000000   81.379997   clock source latency
     1    0.028838    0.000014    0.000497   81.380493 ^ clk (in)
                                                         clk (net)
                      0.001197    0.000000   81.380493 ^ clkbuf_0_clk/I (gf180mcu_fd_sc_mcu7t5v0__clkbuf_16)
     2    0.047603    0.201310    0.399744   81.780235 ^ clkbuf_0_clk/Z (gf180mcu_fd_sc_mcu7t5v0__clkbuf_16)
                                                         clknet_0_clk (net)
                      0.201311    0.000924   81.781158 ^ clkbuf_1_0__f_clk/I (gf180mcu_fd_sc_mcu7t5v0__clkbuf_16)
     6    0.042514    0.193351    0.435556   82.216721 ^ clkbuf_1_0__f_clk/Z (gf180mcu_fd_sc_mcu7t5v0__clkbuf_16)
                                                         clknet_1_0__leaf_clk (net)
                      0.193352    0.000291   82.217010 ^ _78_/CLK (gf180mcu_fd_sc_mcu7t5v0__dffrnq_1)
                                 -0.250000   81.967010   clock uncertainty
                                  0.000000   81.967010   clock reconvergence pessimism
                                 -0.628235   81.338776   library setup time
                                             81.338776   data required time
---------------------------------------------------------------------------------------------
                                             81.338776   data required time
                                            -20.660849   data arrival time
---------------------------------------------------------------------------------------------
                                             60.677929   slack (MET)


Startpoint: rst_n (input port clocked by clk)
Endpoint: _79_ (recovery check against rising-edge clock clk)
Path Group: asynchronous
Path Type: max

Fanout         Cap        Slew       Delay        Time   Description
---------------------------------------------------------------------------------------------
                                  0.000000    0.000000   clock clk (rise edge)
                                  0.000000    0.000000   clock network delay (propagated)
                                 16.000000   16.000000 ^ input external delay
     1    0.006664    0.000003    0.000087   16.000088 ^ rst_n (in)
                                                         rst_n (net)
                      0.000206    0.000000   16.000088 ^ input14/I (gf180mcu_fd_sc_mcu7t5v0__dlyb_1)
    12    0.113255    3.165555    3.351763   19.351851 ^ input14/Z (gf180mcu_fd_sc_mcu7t5v0__dlyb_1)
                                                         net14 (net)
                      3.165555    0.002206   19.354057 ^ _79_/RN (gf180mcu_fd_sc_mcu7t5v0__dffrnq_1)
                                             19.354057   data arrival time

                                 81.379997   81.379997   clock clk (rise edge)
                                  0.000000   81.379997   clock source latency
     1    0.028838    0.000014    0.000497   81.380493 ^ clk (in)
                                                         clk (net)
                      0.001197    0.000000   81.380493 ^ clkbuf_0_clk/I (gf180mcu_fd_sc_mcu7t5v0__clkbuf_16)
     2    0.047603    0.201310    0.399744   81.780235 ^ clkbuf_0_clk/Z (gf180mcu_fd_sc_mcu7t5v0__clkbuf_16)
                                                         clknet_0_clk (net)
                      0.201311    0.000966   81.781204 ^ clkbuf_1_1__f_clk/I (gf180mcu_fd_sc_mcu7t5v0__clkbuf_16)
     7    0.039785    0.189249    0.432337   82.213539 ^ clkbuf_1_1__f_clk/Z (gf180mcu_fd_sc_mcu7t5v0__clkbuf_16)
                                                         clknet_1_1__leaf_clk (net)
                      0.189249    0.000306   82.213844 ^ _79_/CLK (gf180mcu_fd_sc_mcu7t5v0__dffrnq_1)
                                 -0.250000   81.963852   clock uncertainty
                                  0.000000   81.963852   clock reconvergence pessimism
                                 -0.351963   81.611893   library recovery time
                                             81.611893   data required time
---------------------------------------------------------------------------------------------
                                             81.611893   data required time
                                            -19.354057   data arrival time
---------------------------------------------------------------------------------------------
                                             62.257835   slack (MET)


Startpoint: rst_n (input port clocked by clk)
Endpoint: _76_ (recovery check against rising-edge clock clk)
Path Group: asynchronous
Path Type: max

Fanout         Cap        Slew       Delay        Time   Description
---------------------------------------------------------------------------------------------
                                  0.000000    0.000000   clock clk (rise edge)
                                  0.000000    0.000000   clock network delay (propagated)
                                 16.000000   16.000000 ^ input external delay
     1    0.006664    0.000003    0.000087   16.000088 ^ rst_n (in)
                                                         rst_n (net)
                      0.000206    0.000000   16.000088 ^ input14/I (gf180mcu_fd_sc_mcu7t5v0__dlyb_1)
    12    0.113255    3.165555    3.351763   19.351851 ^ input14/Z (gf180mcu_fd_sc_mcu7t5v0__dlyb_1)
                                                         net14 (net)
                      3.165555    0.001744   19.353596 ^ _76_/RN (gf180mcu_fd_sc_mcu7t5v0__dffrnq_1)
                                             19.353596   data arrival time

                                 81.379997   81.379997   clock clk (rise edge)
                                  0.000000   81.379997   clock source latency
     1    0.028838    0.000014    0.000497   81.380493 ^ clk (in)
                                                         clk (net)
                      0.001197    0.000000   81.380493 ^ clkbuf_0_clk/I (gf180mcu_fd_sc_mcu7t5v0__clkbuf_16)
     2    0.047603    0.201310    0.399744   81.780235 ^ clkbuf_0_clk/Z (gf180mcu_fd_sc_mcu7t5v0__clkbuf_16)
                                                         clknet_0_clk (net)
                      0.201311    0.000966   81.781204 ^ clkbuf_1_1__f_clk/I (gf180mcu_fd_sc_mcu7t5v0__clkbuf_16)
     7    0.039785    0.189249    0.432337   82.213539 ^ clkbuf_1_1__f_clk/Z (gf180mcu_fd_sc_mcu7t5v0__clkbuf_16)
                                                         clknet_1_1__leaf_clk (net)
                      0.189249    0.000121   82.213661 ^ _76_/CLK (gf180mcu_fd_sc_mcu7t5v0__dffrnq_1)
                                 -0.250000   81.963661   clock uncertainty
                                  0.000000   81.963661   clock reconvergence pessimism
                                 -0.351963   81.611702   library recovery time
                                             81.611702   data required time
---------------------------------------------------------------------------------------------
                                             81.611702   data required time
                                            -19.353596   data arrival time
---------------------------------------------------------------------------------------------
                                             62.258110   slack (MET)


Startpoint: rst_n (input port clocked by clk)
Endpoint: _70_ (recovery check against rising-edge clock clk)
Path Group: asynchronous
Path Type: max

Fanout         Cap        Slew       Delay        Time   Description
---------------------------------------------------------------------------------------------
                                  0.000000    0.000000   clock clk (rise edge)
                                  0.000000    0.000000   clock network delay (propagated)
                                 16.000000   16.000000 ^ input external delay
     1    0.006664    0.000003    0.000087   16.000088 ^ rst_n (in)
                                                         rst_n (net)
                      0.000206    0.000000   16.000088 ^ input14/I (gf180mcu_fd_sc_mcu7t5v0__dlyb_1)
    12    0.113255    3.165555    3.351763   19.351851 ^ input14/Z (gf180mcu_fd_sc_mcu7t5v0__dlyb_1)
                                                         net14 (net)
                      3.165555    0.001585   19.353436 ^ _70_/RN (gf180mcu_fd_sc_mcu7t5v0__dffrnq_1)
                                             19.353436   data arrival time

                                 81.379997   81.379997   clock clk (rise edge)
                                  0.000000   81.379997   clock source latency
     1    0.028838    0.000014    0.000497   81.380493 ^ clk (in)
                                                         clk (net)
                      0.001197    0.000000   81.380493 ^ clkbuf_0_clk/I (gf180mcu_fd_sc_mcu7t5v0__clkbuf_16)
     2    0.047603    0.201310    0.399744   81.780235 ^ clkbuf_0_clk/Z (gf180mcu_fd_sc_mcu7t5v0__clkbuf_16)
                                                         clknet_0_clk (net)
                      0.201311    0.000966   81.781204 ^ clkbuf_1_1__f_clk/I (gf180mcu_fd_sc_mcu7t5v0__clkbuf_16)
     7    0.039785    0.189249    0.432337   82.213539 ^ clkbuf_1_1__f_clk/Z (gf180mcu_fd_sc_mcu7t5v0__clkbuf_16)
                                                         clknet_1_1__leaf_clk (net)
                      0.189249    0.000107   82.213646 ^ _70_/CLK (gf180mcu_fd_sc_mcu7t5v0__dffrnq_1)
                                 -0.250000   81.963654   clock uncertainty
                                  0.000000   81.963654   clock reconvergence pessimism
                                 -0.351963   81.611687   library recovery time
                                             81.611687   data required time
---------------------------------------------------------------------------------------------
                                             81.611687   data required time
                                            -19.353436   data arrival time
---------------------------------------------------------------------------------------------
                                             62.258255   slack (MET)


Startpoint: rst_n (input port clocked by clk)
Endpoint: _71_ (recovery check against rising-edge clock clk)
Path Group: asynchronous
Path Type: max

Fanout         Cap        Slew       Delay        Time   Description
---------------------------------------------------------------------------------------------
                                  0.000000    0.000000   clock clk (rise edge)
                                  0.000000    0.000000   clock network delay (propagated)
                                 16.000000   16.000000 ^ input external delay
     1    0.006664    0.000003    0.000087   16.000088 ^ rst_n (in)
                                                         rst_n (net)
                      0.000206    0.000000   16.000088 ^ input14/I (gf180mcu_fd_sc_mcu7t5v0__dlyb_1)
    12    0.113255    3.165555    3.351763   19.351851 ^ input14/Z (gf180mcu_fd_sc_mcu7t5v0__dlyb_1)
                                                         net14 (net)
                      3.165555    0.001634   19.353485 ^ _71_/RN (gf180mcu_fd_sc_mcu7t5v0__dffrnq_1)
                                             19.353485   data arrival time

                                 81.379997   81.379997   clock clk (rise edge)
                                  0.000000   81.379997   clock source latency
     1    0.028838    0.000014    0.000497   81.380493 ^ clk (in)
                                                         clk (net)
                      0.001197    0.000000   81.380493 ^ clkbuf_0_clk/I (gf180mcu_fd_sc_mcu7t5v0__clkbuf_16)
     2    0.047603    0.201310    0.399744   81.780235 ^ clkbuf_0_clk/Z (gf180mcu_fd_sc_mcu7t5v0__clkbuf_16)
                                                         clknet_0_clk (net)
                      0.201311    0.000966   81.781204 ^ clkbuf_1_1__f_clk/I (gf180mcu_fd_sc_mcu7t5v0__clkbuf_16)
     7    0.039785    0.189249    0.432337   82.213539 ^ clkbuf_1_1__f_clk/Z (gf180mcu_fd_sc_mcu7t5v0__clkbuf_16)
                                                         clknet_1_1__leaf_clk (net)
                      0.189249    0.000099   82.213638 ^ _71_/CLK (gf180mcu_fd_sc_mcu7t5v0__dffrnq_1)
                                 -0.250000   81.963646   clock uncertainty
                                  0.000000   81.963646   clock reconvergence pessimism
                                 -0.351963   81.611687   library recovery time
                                             81.611687   data required time
---------------------------------------------------------------------------------------------
                                             81.611687   data required time
                                            -19.353485   data arrival time
---------------------------------------------------------------------------------------------
                                             62.258198   slack (MET)


Startpoint: rst_n (input port clocked by clk)
Endpoint: _75_ (recovery check against rising-edge clock clk)
Path Group: asynchronous
Path Type: max

Fanout         Cap        Slew       Delay        Time   Description
---------------------------------------------------------------------------------------------
                                  0.000000    0.000000   clock clk (rise edge)
                                  0.000000    0.000000   clock network delay (propagated)
                                 16.000000   16.000000 ^ input external delay
     1    0.006664    0.000003    0.000087   16.000088 ^ rst_n (in)
                                                         rst_n (net)
                      0.000206    0.000000   16.000088 ^ input14/I (gf180mcu_fd_sc_mcu7t5v0__dlyb_1)
    12    0.113255    3.165555    3.351763   19.351851 ^ input14/Z (gf180mcu_fd_sc_mcu7t5v0__dlyb_1)
                                                         net14 (net)
                      3.165555    0.001755   19.353605 ^ _75_/RN (gf180mcu_fd_sc_mcu7t5v0__dffrnq_1)
                                             19.353605   data arrival time

                                 81.379997   81.379997   clock clk (rise edge)
                                  0.000000   81.379997   clock source latency
     1    0.028838    0.000014    0.000497   81.380493 ^ clk (in)
                                                         clk (net)
                      0.001197    0.000000   81.380493 ^ clkbuf_0_clk/I (gf180mcu_fd_sc_mcu7t5v0__clkbuf_16)
     2    0.047603    0.201310    0.399744   81.780235 ^ clkbuf_0_clk/Z (gf180mcu_fd_sc_mcu7t5v0__clkbuf_16)
                                                         clknet_0_clk (net)
                      0.201311    0.000966   81.781204 ^ clkbuf_1_1__f_clk/I (gf180mcu_fd_sc_mcu7t5v0__clkbuf_16)
     7    0.039785    0.189249    0.432337   82.213539 ^ clkbuf_1_1__f_clk/Z (gf180mcu_fd_sc_mcu7t5v0__clkbuf_16)
                                                         clknet_1_1__leaf_clk (net)
                      0.189249    0.000298   82.213837 ^ _75_/CLK (gf180mcu_fd_sc_mcu7t5v0__dffrnq_1)
                                 -0.250000   81.963844   clock uncertainty
                                  0.000000   81.963844   clock reconvergence pessimism
                                 -0.351963   81.611885   library recovery time
                                             81.611885   data required time
---------------------------------------------------------------------------------------------
                                             81.611885   data required time
                                            -19.353605   data arrival time
---------------------------------------------------------------------------------------------
                                             62.258274   slack (MET)


Startpoint: rst_n (input port clocked by clk)
Endpoint: _77_ (recovery check against rising-edge clock clk)
Path Group: asynchronous
Path Type: max

Fanout         Cap        Slew       Delay        Time   Description
---------------------------------------------------------------------------------------------
                                  0.000000    0.000000   clock clk (rise edge)
                                  0.000000    0.000000   clock network delay (propagated)
                                 16.000000   16.000000 ^ input external delay
     1    0.006664    0.000003    0.000087   16.000088 ^ rst_n (in)
                                                         rst_n (net)
                      0.000206    0.000000   16.000088 ^ input14/I (gf180mcu_fd_sc_mcu7t5v0__dlyb_1)
    12    0.113255    3.165555    3.351763   19.351851 ^ input14/Z (gf180mcu_fd_sc_mcu7t5v0__dlyb_1)
                                                         net14 (net)
                      3.165555    0.001647   19.353497 ^ _77_/RN (gf180mcu_fd_sc_mcu7t5v0__dffrnq_1)
                                             19.353497   data arrival time

                                 81.379997   81.379997   clock clk (rise edge)
                                  0.000000   81.379997   clock source latency
     1    0.028838    0.000014    0.000497   81.380493 ^ clk (in)
                                                         clk (net)
                      0.001197    0.000000   81.380493 ^ clkbuf_0_clk/I (gf180mcu_fd_sc_mcu7t5v0__clkbuf_16)
     2    0.047603    0.201310    0.399744   81.780235 ^ clkbuf_0_clk/Z (gf180mcu_fd_sc_mcu7t5v0__clkbuf_16)
                                                         clknet_0_clk (net)
                      0.201311    0.000966   81.781204 ^ clkbuf_1_1__f_clk/I (gf180mcu_fd_sc_mcu7t5v0__clkbuf_16)
     7    0.039785    0.189249    0.432337   82.213539 ^ clkbuf_1_1__f_clk/Z (gf180mcu_fd_sc_mcu7t5v0__clkbuf_16)
                                                         clknet_1_1__leaf_clk (net)
                      0.189249    0.000142   82.213684 ^ _77_/CLK (gf180mcu_fd_sc_mcu7t5v0__dffrnq_1)
                                 -0.250000   81.963684   clock uncertainty
                                  0.000000   81.963684   clock reconvergence pessimism
                                 -0.351963   81.611725   library recovery time
                                             81.611725   data required time
---------------------------------------------------------------------------------------------
                                             81.611725   data required time
                                            -19.353497   data arrival time
---------------------------------------------------------------------------------------------
                                             62.258224   slack (MET)


Startpoint: rst_n (input port clocked by clk)
Endpoint: _69_ (recovery check against rising-edge clock clk)
Path Group: asynchronous
Path Type: max

Fanout         Cap        Slew       Delay        Time   Description
---------------------------------------------------------------------------------------------
                                  0.000000    0.000000   clock clk (rise edge)
                                  0.000000    0.000000   clock network delay (propagated)
                                 16.000000   16.000000 ^ input external delay
     1    0.006664    0.000003    0.000087   16.000088 ^ rst_n (in)
                                                         rst_n (net)
                      0.000206    0.000000   16.000088 ^ input14/I (gf180mcu_fd_sc_mcu7t5v0__dlyb_1)
    12    0.113255    3.165555    3.351763   19.351851 ^ input14/Z (gf180mcu_fd_sc_mcu7t5v0__dlyb_1)
                                                         net14 (net)
                      3.165555    0.001492   19.353342 ^ _69_/RN (gf180mcu_fd_sc_mcu7t5v0__dffrnq_1)
                                             19.353342   data arrival time

                                 81.379997   81.379997   clock clk (rise edge)
                                  0.000000   81.379997   clock source latency
     1    0.028838    0.000014    0.000497   81.380493 ^ clk (in)
                                                         clk (net)
                      0.001197    0.000000   81.380493 ^ clkbuf_0_clk/I (gf180mcu_fd_sc_mcu7t5v0__clkbuf_16)
     2    0.047603    0.201310    0.399744   81.780235 ^ clkbuf_0_clk/Z (gf180mcu_fd_sc_mcu7t5v0__clkbuf_16)
                                                         clknet_0_clk (net)
                      0.201311    0.000966   81.781204 ^ clkbuf_1_1__f_clk/I (gf180mcu_fd_sc_mcu7t5v0__clkbuf_16)
     7    0.039785    0.189249    0.432337   82.213539 ^ clkbuf_1_1__f_clk/Z (gf180mcu_fd_sc_mcu7t5v0__clkbuf_16)
                                                         clknet_1_1__leaf_clk (net)
                      0.189249    0.000476   82.214020 ^ _69_/CLK (gf180mcu_fd_sc_mcu7t5v0__dffrnq_1)
                                 -0.250000   81.964020   clock uncertainty
                                  0.000000   81.964020   clock reconvergence pessimism
                                 -0.351963   81.612061   library recovery time
                                             81.612061   data required time
---------------------------------------------------------------------------------------------
                                             81.612061   data required time
                                            -19.353342   data arrival time
---------------------------------------------------------------------------------------------
                                             62.258717   slack (MET)


Startpoint: rst_n (input port clocked by clk)
Endpoint: _74_ (recovery check against rising-edge clock clk)
Path Group: asynchronous
Path Type: max

Fanout         Cap        Slew       Delay        Time   Description
---------------------------------------------------------------------------------------------
                                  0.000000    0.000000   clock clk (rise edge)
                                  0.000000    0.000000   clock network delay (propagated)
                                 16.000000   16.000000 ^ input external delay
     1    0.006664    0.000003    0.000087   16.000088 ^ rst_n (in)
                                                         rst_n (net)
                      0.000206    0.000000   16.000088 ^ input14/I (gf180mcu_fd_sc_mcu7t5v0__dlyb_1)
    12    0.113255    3.165555    3.351763   19.351851 ^ input14/Z (gf180mcu_fd_sc_mcu7t5v0__dlyb_1)
                                                         net14 (net)
                      3.165555    0.002890   19.354740 ^ _74_/RN (gf180mcu_fd_sc_mcu7t5v0__dffrnq_1)
                                             19.354740   data arrival time

                                 81.379997   81.379997   clock clk (rise edge)
                                  0.000000   81.379997   clock source latency
     1    0.028838    0.000014    0.000497   81.380493 ^ clk (in)
                                                         clk (net)
                      0.001197    0.000000   81.380493 ^ clkbuf_0_clk/I (gf180mcu_fd_sc_mcu7t5v0__clkbuf_16)
     2    0.047603    0.201310    0.399744   81.780235 ^ clkbuf_0_clk/Z (gf180mcu_fd_sc_mcu7t5v0__clkbuf_16)
                                                         clknet_0_clk (net)
                      0.201311    0.000924   81.781158 ^ clkbuf_1_0__f_clk/I (gf180mcu_fd_sc_mcu7t5v0__clkbuf_16)
     6    0.042514    0.193351    0.435556   82.216721 ^ clkbuf_1_0__f_clk/Z (gf180mcu_fd_sc_mcu7t5v0__clkbuf_16)
                                                         clknet_1_0__leaf_clk (net)
                      0.193351    0.000199   82.216919 ^ _74_/CLK (gf180mcu_fd_sc_mcu7t5v0__dffrnq_1)
                                 -0.250000   81.966919   clock uncertainty
                                  0.000000   81.966919   clock reconvergence pessimism
                                 -0.350929   81.615990   library recovery time
                                             81.615990   data required time
---------------------------------------------------------------------------------------------
                                             81.615990   data required time
                                            -19.354740   data arrival time
---------------------------------------------------------------------------------------------
                                             62.261253   slack (MET)


Startpoint: rst_n (input port clocked by clk)
Endpoint: _78_ (recovery check against rising-edge clock clk)
Path Group: asynchronous
Path Type: max

Fanout         Cap        Slew       Delay        Time   Description
---------------------------------------------------------------------------------------------
                                  0.000000    0.000000   clock clk (rise edge)
                                  0.000000    0.000000   clock network delay (propagated)
                                 16.000000   16.000000 ^ input external delay
     1    0.006664    0.000003    0.000087   16.000088 ^ rst_n (in)
                                                         rst_n (net)
                      0.000206    0.000000   16.000088 ^ input14/I (gf180mcu_fd_sc_mcu7t5v0__dlyb_1)
    12    0.113255    3.165555    3.351763   19.351851 ^ input14/Z (gf180mcu_fd_sc_mcu7t5v0__dlyb_1)
                                                         net14 (net)
                      3.165555    0.002931   19.354782 ^ _78_/RN (gf180mcu_fd_sc_mcu7t5v0__dffrnq_1)
                                             19.354782   data arrival time

                                 81.379997   81.379997   clock clk (rise edge)
                                  0.000000   81.379997   clock source latency
     1    0.028838    0.000014    0.000497   81.380493 ^ clk (in)
                                                         clk (net)
                      0.001197    0.000000   81.380493 ^ clkbuf_0_clk/I (gf180mcu_fd_sc_mcu7t5v0__clkbuf_16)
     2    0.047603    0.201310    0.399744   81.780235 ^ clkbuf_0_clk/Z (gf180mcu_fd_sc_mcu7t5v0__clkbuf_16)
                                                         clknet_0_clk (net)
                      0.201311    0.000924   81.781158 ^ clkbuf_1_0__f_clk/I (gf180mcu_fd_sc_mcu7t5v0__clkbuf_16)
     6    0.042514    0.193351    0.435556   82.216721 ^ clkbuf_1_0__f_clk/Z (gf180mcu_fd_sc_mcu7t5v0__clkbuf_16)
                                                         clknet_1_0__leaf_clk (net)
                      0.193352    0.000291   82.217010 ^ _78_/CLK (gf180mcu_fd_sc_mcu7t5v0__dffrnq_1)
                                 -0.250000   81.967010   clock uncertainty
                                  0.000000   81.967010   clock reconvergence pessimism
                                 -0.350929   81.616081   library recovery time
                                             81.616081   data required time
---------------------------------------------------------------------------------------------
                                             81.616081   data required time
                                            -19.354782   data arrival time
---------------------------------------------------------------------------------------------
                                             62.261303   slack (MET)


Startpoint: rst_n (input port clocked by clk)
Endpoint: _73_ (recovery check against rising-edge clock clk)
Path Group: asynchronous
Path Type: max

Fanout         Cap        Slew       Delay        Time   Description
---------------------------------------------------------------------------------------------
                                  0.000000    0.000000   clock clk (rise edge)
                                  0.000000    0.000000   clock network delay (propagated)
                                 16.000000   16.000000 ^ input external delay
     1    0.006664    0.000003    0.000087   16.000088 ^ rst_n (in)
                                                         rst_n (net)
                      0.000206    0.000000   16.000088 ^ input14/I (gf180mcu_fd_sc_mcu7t5v0__dlyb_1)
    12    0.113255    3.165555    3.351763   19.351851 ^ input14/Z (gf180mcu_fd_sc_mcu7t5v0__dlyb_1)
                                                         net14 (net)
                      3.165555    0.002387   19.354239 ^ _73_/RN (gf180mcu_fd_sc_mcu7t5v0__dffrnq_1)
                                             19.354239   data arrival time

                                 81.379997   81.379997   clock clk (rise edge)
                                  0.000000   81.379997   clock source latency
     1    0.028838    0.000014    0.000497   81.380493 ^ clk (in)
                                                         clk (net)
                      0.001197    0.000000   81.380493 ^ clkbuf_0_clk/I (gf180mcu_fd_sc_mcu7t5v0__clkbuf_16)
     2    0.047603    0.201310    0.399744   81.780235 ^ clkbuf_0_clk/Z (gf180mcu_fd_sc_mcu7t5v0__clkbuf_16)
                                                         clknet_0_clk (net)
                      0.201311    0.000924   81.781158 ^ clkbuf_1_0__f_clk/I (gf180mcu_fd_sc_mcu7t5v0__clkbuf_16)
     6    0.042514    0.193351    0.435556   82.216721 ^ clkbuf_1_0__f_clk/Z (gf180mcu_fd_sc_mcu7t5v0__clkbuf_16)
                                                         clknet_1_0__leaf_clk (net)
                      0.193352    0.000362   82.217079 ^ _73_/CLK (gf180mcu_fd_sc_mcu7t5v0__dffrnq_1)
                                 -0.250000   81.967079   clock uncertainty
                                  0.000000   81.967079   clock reconvergence pessimism
                                 -0.350929   81.616150   library recovery time
                                             81.616150   data required time
---------------------------------------------------------------------------------------------
                                             81.616150   data required time
                                            -19.354239   data arrival time
---------------------------------------------------------------------------------------------
                                             62.261913   slack (MET)


Startpoint: rst_n (input port clocked by clk)
Endpoint: _68_ (recovery check against rising-edge clock clk)
Path Group: asynchronous
Path Type: max

Fanout         Cap        Slew       Delay        Time   Description
---------------------------------------------------------------------------------------------
                                  0.000000    0.000000   clock clk (rise edge)
                                  0.000000    0.000000   clock network delay (propagated)
                                 16.000000   16.000000 ^ input external delay
     1    0.006664    0.000003    0.000087   16.000088 ^ rst_n (in)
                                                         rst_n (net)
                      0.000206    0.000000   16.000088 ^ input14/I (gf180mcu_fd_sc_mcu7t5v0__dlyb_1)
    12    0.113255    3.165555    3.351763   19.351851 ^ input14/Z (gf180mcu_fd_sc_mcu7t5v0__dlyb_1)
                                                         net14 (net)
                      3.165555    0.001862   19.353712 ^ _68_/RN (gf180mcu_fd_sc_mcu7t5v0__dffrnq_1)
                                             19.353712   data arrival time

                                 81.379997   81.379997   clock clk (rise edge)
                                  0.000000   81.379997   clock source latency
     1    0.028838    0.000014    0.000497   81.380493 ^ clk (in)
                                                         clk (net)
                      0.001197    0.000000   81.380493 ^ clkbuf_0_clk/I (gf180mcu_fd_sc_mcu7t5v0__clkbuf_16)
     2    0.047603    0.201310    0.399744   81.780235 ^ clkbuf_0_clk/Z (gf180mcu_fd_sc_mcu7t5v0__clkbuf_16)
                                                         clknet_0_clk (net)
                      0.201311    0.000924   81.781158 ^ clkbuf_1_0__f_clk/I (gf180mcu_fd_sc_mcu7t5v0__clkbuf_16)
     6    0.042514    0.193351    0.435556   82.216721 ^ clkbuf_1_0__f_clk/Z (gf180mcu_fd_sc_mcu7t5v0__clkbuf_16)
                                                         clknet_1_0__leaf_clk (net)
                      0.193352    0.000377   82.217094 ^ _68_/CLK (gf180mcu_fd_sc_mcu7t5v0__dffrnq_1)
                                 -0.250000   81.967094   clock uncertainty
                                  0.000000   81.967094   clock reconvergence pessimism
                                 -0.350929   81.616165   library recovery time
                                             81.616165   data required time
---------------------------------------------------------------------------------------------
                                             81.616165   data required time
                                            -19.353712   data arrival time
---------------------------------------------------------------------------------------------
                                             62.262451   slack (MET)


Startpoint: rst_n (input port clocked by clk)
Endpoint: _72_ (recovery check against rising-edge clock clk)
Path Group: asynchronous
Path Type: max

Fanout         Cap        Slew       Delay        Time   Description
---------------------------------------------------------------------------------------------
                                  0.000000    0.000000   clock clk (rise edge)
                                  0.000000    0.000000   clock network delay (propagated)
                                 16.000000   16.000000 ^ input external delay
     1    0.006664    0.000003    0.000087   16.000088 ^ rst_n (in)
                                                         rst_n (net)
                      0.000206    0.000000   16.000088 ^ input14/I (gf180mcu_fd_sc_mcu7t5v0__dlyb_1)
    12    0.113255    3.165555    3.351763   19.351851 ^ input14/Z (gf180mcu_fd_sc_mcu7t5v0__dlyb_1)
                                                         net14 (net)
                      3.165555    0.001602   19.353453 ^ _72_/RN (gf180mcu_fd_sc_mcu7t5v0__dffrnq_1)
                                             19.353453   data arrival time

                                 81.379997   81.379997   clock clk (rise edge)
                                  0.000000   81.379997   clock source latency
     1    0.028838    0.000014    0.000497   81.380493 ^ clk (in)
                                                         clk (net)
                      0.001197    0.000000   81.380493 ^ clkbuf_0_clk/I (gf180mcu_fd_sc_mcu7t5v0__clkbuf_16)
     2    0.047603    0.201310    0.399744   81.780235 ^ clkbuf_0_clk/Z (gf180mcu_fd_sc_mcu7t5v0__clkbuf_16)
                                                         clknet_0_clk (net)
                      0.201311    0.000924   81.781158 ^ clkbuf_1_0__f_clk/I (gf180mcu_fd_sc_mcu7t5v0__clkbuf_16)
     6    0.042514    0.193351    0.435556   82.216721 ^ clkbuf_1_0__f_clk/Z (gf180mcu_fd_sc_mcu7t5v0__clkbuf_16)
                                                         clknet_1_0__leaf_clk (net)
                      0.193351    0.000220   82.216934 ^ _72_/CLK (gf180mcu_fd_sc_mcu7t5v0__dffrnq_1)
                                 -0.250000   81.966942   clock uncertainty
                                  0.000000   81.966942   clock reconvergence pessimism
                                 -0.350929   81.616013   library recovery time
                                             81.616013   data required time
---------------------------------------------------------------------------------------------
                                             81.616013   data required time
                                            -19.353453   data arrival time
---------------------------------------------------------------------------------------------
                                             62.262558   slack (MET)



