Reading timing models for corner nom_tt_025C_5v00…
Reading timing library for the 'nom_tt_025C_5v00' corner at '/foss/pdks/gf180mcuD/libs.ref/gf180mcu_fd_sc_mcu7t5v0/lib/gf180mcu_fd_sc_mcu7t5v0__tt_025C_5v00.lib'…
Reading OpenROAD database at '/foss/designs/low-power-12b-first-order-delta-sigma-adc/src/piso/runs/RUN_2026-08-25_09-54-23/42-openroad-repairantennas/1-openroad-diodeinsertion/piso_12bit.odb'…
Reading design constraints file at '/foss/designs/low-power-12b-first-order-delta-sigma-adc/src/piso/constraint.sdc'…
[WARNING STA-0345] resistance scale 1e+03 does not match library scale 1e+00.
[INFO] No information on clock propagation in input SDC file-- propagating all clocks.
[INFO ORD-0030] Using 12 thread(s).
+ detailed_route -droute_end_iter 20 -or_seed 42 -verbose 1 -output_drc /foss/designs/low-power-12b-first-order-delta-sigma-adc/src/piso/runs/RUN_2026-08-25_09-54-23/44-openroad-detailedrouting/drt-run-0/piso_12bit.drc
[INFO DRT-0149] Reading tech and libs.
[WARNING DRT-0349] LEF58_ENCLOSURE with no CUTCLASS is not supported. Skipping for layer Via1
[WARNING DRT-0349] LEF58_ENCLOSURE with no CUTCLASS is not supported. Skipping for layer Via1
[WARNING DRT-0349] LEF58_ENCLOSURE with no CUTCLASS is not supported. Skipping for layer Via2
[WARNING DRT-0349] LEF58_ENCLOSURE with no CUTCLASS is not supported. Skipping for layer Via2
[WARNING DRT-0349] LEF58_ENCLOSURE with no CUTCLASS is not supported. Skipping for layer Via3
[WARNING DRT-0349] LEF58_ENCLOSURE with no CUTCLASS is not supported. Skipping for layer Via3
[WARNING DRT-0349] LEF58_ENCLOSURE with no CUTCLASS is not supported. Skipping for layer Via4
[WARNING DRT-0349] LEF58_ENCLOSURE with no CUTCLASS is not supported. Skipping for layer Via4

Units:                2000
Number of layers:     11
Number of macros:     229
Number of vias:       60
Number of viarulegen: 16

[INFO DRT-0150] Reading design.

Design:                   piso_12bit
Die area:                 ( 0 0 ) ( 150000 150000 )
Number of track patterns: 10
Number of DEF vias:       0
Number of components:     106
Number of terminals:      18
Number of snets:          2
Number of nets:           79

[INFO DRT-0167] List of default vias:
  Layer Via2
    default via: Via2_VH
  Layer Via3
    default via: Via3_HV
  Layer Via4
    default via: Via4_VH
[INFO DRT-0162] Library cell analysis.
[INFO DRT-0163] Instance analysis.
[INFO DRT-0164] Number of unique instances = 29.
[INFO DRT-0168] Init region query.
[INFO DRT-0024]   Complete Poly2.
[INFO DRT-0024]   Complete CON.
[INFO DRT-0024]   Complete Metal1.
[INFO DRT-0024]   Complete Via1.
[INFO DRT-0024]   Complete Metal2.
[INFO DRT-0024]   Complete Via2.
[INFO DRT-0024]   Complete Metal3.
[INFO DRT-0024]   Complete Via3.
[INFO DRT-0024]   Complete Metal4.
[INFO DRT-0024]   Complete Via4.
[INFO DRT-0024]   Complete Metal5.
[INFO DRT-0033] Poly2 shape region query size = 0.
[INFO DRT-0033] CON shape region query size = 0.
[INFO DRT-0033] Metal1 shape region query size = 1936.
[INFO DRT-0033] Via1 shape region query size = 36.
[INFO DRT-0033] Metal2 shape region query size = 26.
[INFO DRT-0033] Via2 shape region query size = 36.
[INFO DRT-0033] Metal3 shape region query size = 38.
[INFO DRT-0033] Via3 shape region query size = 36.
[INFO DRT-0033] Metal4 shape region query size = 18.
[INFO DRT-0033] Via4 shape region query size = 18.
[INFO DRT-0033] Metal5 shape region query size = 6.
[INFO DRT-0165] Start pin access.
[INFO DRT-0078]   Complete 167 pins.
[INFO DRT-0081]   Complete 26 unique inst patterns.
[INFO DRT-0084]   Complete 32 groups.
#scanned instances     = 106
#unique  instances     = 30
#stdCellGenAp          = 468
#stdCellValidPlanarAp  = 0
#stdCellValidViaAp     = 421
#stdCellPinNoAp        = 0
#stdCellPinCnt         = 187
#instTermValidViaApCnt = 0
#macroGenAp            = 0
#macroValidPlanarAp    = 0
#macroValidViaAp       = 0
#macroNoAp             = 0
[INFO DRT-0166] Complete pin access.
[INFO DRT-0267] cpu time = 00:00:04, elapsed time = 00:00:01, memory = 130.79 (MB), peak = 129.94 (MB)

[INFO DRT-0157] Number of guides:     452

[INFO DRT-0169] Post process guides.
[INFO DRT-0176] GCELLGRID X 0 DO 8 STEP 16800 ;
[INFO DRT-0177] GCELLGRID Y 0 DO 8 STEP 16800 ;
[INFO DRT-0028]   Complete Poly2.
[INFO DRT-0028]   Complete CON.
[INFO DRT-0028]   Complete Metal1.
[INFO DRT-0028]   Complete Via1.
[INFO DRT-0028]   Complete Metal2.
[INFO DRT-0028]   Complete Via2.
[INFO DRT-0028]   Complete Metal3.
[INFO DRT-0028]   Complete Via3.
[INFO DRT-0028]   Complete Metal4.
[INFO DRT-0028]   Complete Via4.
[INFO DRT-0028]   Complete Metal5.
[INFO DRT-0178] Init guide query.
[INFO DRT-0035]   Complete Poly2 (guide).
[INFO DRT-0035]   Complete CON (guide).
[INFO DRT-0035]   Complete Metal1 (guide).
[INFO DRT-0035]   Complete Via1 (guide).
[INFO DRT-0035]   Complete Metal2 (guide).
[INFO DRT-0035]   Complete Via2 (guide).
[INFO DRT-0035]   Complete Metal3 (guide).
[INFO DRT-0035]   Complete Via3 (guide).
[INFO DRT-0035]   Complete Metal4 (guide).
[INFO DRT-0035]   Complete Via4 (guide).
[INFO DRT-0035]   Complete Metal5 (guide).
[INFO DRT-0036] Poly2 guide region query size = 0.
[INFO DRT-0036] CON guide region query size = 0.
[INFO DRT-0036] Metal1 guide region query size = 165.
[INFO DRT-0036] Via1 guide region query size = 0.
[INFO DRT-0036] Metal2 guide region query size = 141.
[INFO DRT-0036] Via2 guide region query size = 0.
[INFO DRT-0036] Metal3 guide region query size = 68.
[INFO DRT-0036] Via3 guide region query size = 0.
[INFO DRT-0036] Metal4 guide region query size = 0.
[INFO DRT-0036] Via4 guide region query size = 0.
[INFO DRT-0036] Metal5 guide region query size = 0.
[INFO DRT-0179] Init gr pin query.
[INFO DRT-0267] cpu time = 00:00:00, elapsed time = 00:00:00, memory = 130.95 (MB), peak = 130.07 (MB)
[INFO DRT-0245] skipped writing guide updates to database.
[INFO DRT-0185] Post process initialize RPin region query.
[INFO DRT-0181] Start track assignment.
[INFO DRT-0184] Done with 141 vertical wires in 1 frboxes and 233 horizontal wires in 1 frboxes.
[INFO DRT-0186] Done with 31 vertical wires in 1 frboxes and 22 horizontal wires in 1 frboxes.
[INFO DRT-0182] Complete track assignment.
[INFO DRT-0267] cpu time = 00:00:00, elapsed time = 00:00:00, memory = 131.85 (MB), peak = 131.04 (MB)
[INFO DRT-0187] Start routing data preparation.
[INFO DRT-0267] cpu time = 00:00:00, elapsed time = 00:00:00, memory = 132.02 (MB), peak = 131.16 (MB)
[INFO DRT-0194] Start detail routing.
[INFO DRT-0195] Start 0th optimization iteration.
    Completing 20% with 0 violations.
    elapsed time = 00:00:00, memory = 135.68 (MB).
    Completing 50% with 7 violations.
    elapsed time = 00:00:00, memory = 136.76 (MB).
    Completing 70% with 7 violations.
    elapsed time = 00:00:00, memory = 138.26 (MB).
    Completing 100% with 7 violations.
    elapsed time = 00:00:00, memory = 138.26 (MB).
[INFO DRT-0199]   Number of violations = 7.
Viol/Layer      Metal2
Metal Spacing        3
Short                4
[INFO DRT-0267] cpu time = 00:00:01, elapsed time = 00:00:00, memory = 409.93 (MB), peak = 450.96 (MB)
Total wire length = 2058 um.
Total wire length on LAYER Metal1 = 0 um.
Total wire length on LAYER Metal2 = 1138 um.
Total wire length on LAYER Metal3 = 906 um.
Total wire length on LAYER Metal4 = 13 um.
Total wire length on LAYER Metal5 = 0 um.
Total number of vias = 326.
Up-via summary (total 326):

--------------
  Poly2      0
 Metal1    189
 Metal2    135
 Metal3      2
 Metal4      0
--------------
       326


[INFO DRT-0195] Start 1st optimization iteration.
    Completing 20% with 7 violations.
    elapsed time = 00:00:00, memory = 409.93 (MB).
    Completing 50% with 1 violations.
    elapsed time = 00:00:00, memory = 409.93 (MB).
    Completing 70% with 1 violations.
    elapsed time = 00:00:00, memory = 409.93 (MB).
    Completing 100% with 1 violations.
    elapsed time = 00:00:00, memory = 409.93 (MB).
[INFO DRT-0199]   Number of violations = 1.
Viol/Layer      Metal2
Short                1
[INFO DRT-0267] cpu time = 00:00:01, elapsed time = 00:00:00, memory = 452.60 (MB), peak = 451.60 (MB)
Total wire length = 2054 um.
Total wire length on LAYER Metal1 = 0 um.
Total wire length on LAYER Metal2 = 1140 um.
Total wire length on LAYER Metal3 = 897 um.
Total wire length on LAYER Metal4 = 15 um.
Total wire length on LAYER Metal5 = 0 um.
Total number of vias = 327.
Up-via summary (total 327):

--------------
  Poly2      0
 Metal1    189
 Metal2    134
 Metal3      4
 Metal4      0
--------------
       327


[INFO DRT-0195] Start 2nd optimization iteration.
    Completing 20% with 1 violations.
    elapsed time = 00:00:00, memory = 452.60 (MB).
    Completing 50% with 1 violations.
    elapsed time = 00:00:00, memory = 452.60 (MB).
    Completing 70% with 1 violations.
    elapsed time = 00:00:00, memory = 452.60 (MB).
    Completing 100% with 1 violations.
    elapsed time = 00:00:00, memory = 458.46 (MB).
[INFO DRT-0199]   Number of violations = 1.
Viol/Layer      Metal2
Short                1
[INFO DRT-0267] cpu time = 00:00:00, elapsed time = 00:00:00, memory = 458.46 (MB), peak = 457.48 (MB)
Total wire length = 2054 um.
Total wire length on LAYER Metal1 = 0 um.
Total wire length on LAYER Metal2 = 1140 um.
Total wire length on LAYER Metal3 = 897 um.
Total wire length on LAYER Metal4 = 15 um.
Total wire length on LAYER Metal5 = 0 um.
Total number of vias = 327.
Up-via summary (total 327):

--------------
  Poly2      0
 Metal1    189
 Metal2    134
 Metal3      4
 Metal4      0
--------------
       327


[INFO DRT-0195] Start 3rd guides tiles iteration.
    Completing 50% with 1 violations.
    elapsed time = 00:00:00, memory = 459.25 (MB).
    Completing 100% with 0 violations.
    elapsed time = 00:00:00, memory = 459.25 (MB).
[INFO DRT-0199]   Number of violations = 0.
[INFO DRT-0267] cpu time = 00:00:00, elapsed time = 00:00:00, memory = 422.67 (MB), peak = 458.23 (MB)
Total wire length = 2058 um.
Total wire length on LAYER Metal1 = 0 um.
Total wire length on LAYER Metal2 = 1145 um.
Total wire length on LAYER Metal3 = 898 um.
Total wire length on LAYER Metal4 = 13 um.
Total wire length on LAYER Metal5 = 0 um.
Total number of vias = 325.
Up-via summary (total 325):

--------------
  Poly2      0
 Metal1    189
 Metal2    134
 Metal3      2
 Metal4      0
--------------
       325


[INFO DRT-0198] Complete detail routing.
Total wire length = 2058 um.
Total wire length on LAYER Metal1 = 0 um.
Total wire length on LAYER Metal2 = 1145 um.
Total wire length on LAYER Metal3 = 898 um.
Total wire length on LAYER Metal4 = 13 um.
Total wire length on LAYER Metal5 = 0 um.
Total number of vias = 325.
Up-via summary (total 325):

--------------
  Poly2      0
 Metal1    189
 Metal2    134
 Metal3      2
 Metal4      0
--------------
       325


[INFO DRT-0267] cpu time = 00:00:03, elapsed time = 00:00:01, memory = 422.79 (MB), peak = 458.23 (MB)

[INFO DRT-0180] Post processing.
+ check_antennas 
[INFO ANT-0002] Found 0 net violations.
[INFO ANT-0001] Found 0 pin violations.
Setting global connections for newly added cells…
[INFO] Setting global connections...
[INFO ODB-0403] 0 connections made, 0 conflicts skipped.
Updating metrics…
Cell type report:                       Count       Area
  Endcap cell                              22      96.59
  Tap cell                                 19      83.42
  Clock buffer                              3     329.28
  Timing Repair Buffer                     15     526.85
  Inverter                                 11      96.59
  Clock inverter                            1      13.17
  Sequential cell                          12     895.64
  Multi-Input combinational cell           23     331.48
  Total                                   106    2373.01
Writing OpenROAD database to '/foss/designs/low-power-12b-first-order-delta-sigma-adc/src/piso/runs/RUN_2026-08-25_09-54-23/44-openroad-detailedrouting/piso_12bit.odb'…
Writing netlist to '/foss/designs/low-power-12b-first-order-delta-sigma-adc/src/piso/runs/RUN_2026-08-25_09-54-23/44-openroad-detailedrouting/piso_12bit.nl.v'…
Writing powered netlist to '/foss/designs/low-power-12b-first-order-delta-sigma-adc/src/piso/runs/RUN_2026-08-25_09-54-23/44-openroad-detailedrouting/piso_12bit.pnl.v'…
Writing layout to '/foss/designs/low-power-12b-first-order-delta-sigma-adc/src/piso/runs/RUN_2026-08-25_09-54-23/44-openroad-detailedrouting/piso_12bit.def'…
Writing timing constraints to '/foss/designs/low-power-12b-first-order-delta-sigma-adc/src/piso/runs/RUN_2026-08-25_09-54-23/44-openroad-detailedrouting/piso_12bit.sdc'…
