Clock: clk_div
Sources: clk 
Generated: yes
Virtual: yes
Propagated: no
Period: 0.000000

===========================================================================
report_clock_properties
============================================================================
Clock                   Period          Waveform
----------------------------------------------------

===========================================================================
report_clock_latency
============================================================================
Clock clk_div
rise -> rise
    min     max
0.000000 0.000000 source latency
0.640940         network latency _2078_/CLK
        0.652282 network latency _2124_/CLK
---------------
0.640940 0.652282 latency
        0.011342 skew

fall -> fall
    min     max
0.000000 0.000000 source latency
0.649237         network latency _2078_/CLK
        0.661375 network latency _2124_/CLK
---------------
0.649237 0.661375 latency
        0.012138 skew



===========================================================================
report_clock_min_period
============================================================================
clk_div period_min = 0.00 fmax = inf
