+ define_corners nom_tt_025C_5v00
Reading timing models for corner nom_tt_025C_5v00…
Reading cell library for the 'nom_tt_025C_5v00' corner at '/foss/pdks/gf180mcuD/libs.ref/gf180mcu_fd_sc_mcu7t5v0/lib/gf180mcu_fd_sc_mcu7t5v0__tt_025C_5v00.lib'…
Reading top-level netlist at '/foss/designs/low-power-12b-first-order-delta-sigma-adc/src/filter_decimation/runs/RUN_2026-08-17_02-11-52/52-openroad-fillinsertion/cic_filter.nl.v'…
Linking design 'cic_filter' from netlist…
Reading design constraints file at 'constraint.sdc'…
Warning: constraint.sdc line 5, resistance scale 1e+03 does not match library scale 1e+00.
Warning: constraint.sdc line 33, clock 'clk' not found.
Warning: constraint.sdc line 40, clock arg 'clk' clock not found.
Warning: constraint.sdc line 41, clock arg 'clk' clock not found.
[INFO] No information on clock propagation in input SDC file-- propagating all clocks.
Reading top-level design parasitics for the 'nom_tt_025C_5v00' corner at '/foss/designs/low-power-12b-first-order-delta-sigma-adc/src/filter_decimation/runs/RUN_2026-08-17_02-11-52/54-openroad-rcx/nom/cic_filter.nom.spef'…
%OL_CREATE_REPORT min.rpt

===========================================================================
report_checks -path_delay min (Hold)
============================================================================
======================= nom_tt_025C_5v00 Corner ===================================

Warning: no master clock found for generated clock clk_div.
No paths found.

%OL_END_REPORT
%OL_CREATE_REPORT max.rpt

===========================================================================
report_checks -path_delay max (Setup)
============================================================================
======================= nom_tt_025C_5v00 Corner ===================================

No paths found.

%OL_END_REPORT
%OL_CREATE_REPORT checks.rpt

===========================================================================
report_checks -unconstrained
===========================================================================
======================= nom_tt_025C_5v00 Corner ===================================

Startpoint: in_cic (input port)
Endpoint: _2144_ (rising edge-triggered flip-flop)
Path Group: unconstrained
Path Type: max

Fanout         Cap        Slew       Delay        Time   Description
---------------------------------------------------------------------------------------------
                                 10.000000   10.000000 ^ input external delay
     1    0.003939    0.000000    0.000000   10.000000 ^ in_cic (in)
                                                         in_cic (net)
                      0.000075    0.000031   10.000031 ^ input1/I (gf180mcu_fd_sc_mcu7t5v0__dlyb_1)
     4    0.024354    0.453226    1.043154   11.043185 ^ input1/Z (gf180mcu_fd_sc_mcu7t5v0__dlyb_1)
                                                         net1 (net)
                      0.453226    0.000406   11.043591 ^ _1519_/A4 (gf180mcu_fd_sc_mcu7t5v0__and4_1)
     5    0.032682    0.616092    0.779041   11.822632 ^ _1519_/Z (gf180mcu_fd_sc_mcu7t5v0__and4_1)
                                                         _0908_ (net)
                      0.616096    0.000946   11.823578 ^ _1526_/A4 (gf180mcu_fd_sc_mcu7t5v0__nand4_1)
     2    0.016648    0.665435    0.377704   12.201283 v _1526_/ZN (gf180mcu_fd_sc_mcu7t5v0__nand4_1)
                                                         _0912_ (net)
                      0.665435    0.000306   12.201589 v _1530_/A3 (gf180mcu_fd_sc_mcu7t5v0__nor3_1)
     8    0.048226    2.246594    1.412466   13.614055 ^ _1530_/ZN (gf180mcu_fd_sc_mcu7t5v0__nor3_1)
                                                         _0914_ (net)
                      2.246594    0.001747   13.615801 ^ _1551_/A2 (gf180mcu_fd_sc_mcu7t5v0__and4_1)
     6    0.049281    0.883260    1.117516   14.733317 ^ _1551_/Z (gf180mcu_fd_sc_mcu7t5v0__and4_1)
                                                         _0927_ (net)
                      0.883284    0.002560   14.735877 ^ _1561_/A3 (gf180mcu_fd_sc_mcu7t5v0__and4_1)
     5    0.035263    0.654393    0.836744   15.572621 ^ _1561_/Z (gf180mcu_fd_sc_mcu7t5v0__and4_1)
                                                         _0933_ (net)
                      0.654398    0.000947   15.573567 ^ _1566_/A3 (gf180mcu_fd_sc_mcu7t5v0__nand3_1)
     3    0.023021    0.608438    0.383917   15.957484 v _1566_/ZN (gf180mcu_fd_sc_mcu7t5v0__nand3_1)
                                                         _0936_ (net)
                      0.608438    0.000460   15.957945 v _1574_/A1 (gf180mcu_fd_sc_mcu7t5v0__or3_1)
     1    0.005104    0.228969    0.710726   16.668671 v _1574_/Z (gf180mcu_fd_sc_mcu7t5v0__or3_1)
                                                         _0941_ (net)
                      0.228969    0.000052   16.668722 v _1575_/A2 (gf180mcu_fd_sc_mcu7t5v0__nand2_1)
     1    0.003454    0.175241    0.164016   16.832739 ^ _1575_/ZN (gf180mcu_fd_sc_mcu7t5v0__nand2_1)
                                                         _0078_ (net)
                      0.175241    0.000034   16.832771 ^ _2144_/D (gf180mcu_fd_sc_mcu7t5v0__dffrnq_1)
                                             16.832771   data arrival time
---------------------------------------------------------------------------------------------
(Path is unconstrained)




===========================================================================
report_checks --slack_max -0.01
============================================================================
======================= nom_tt_025C_5v00 Corner ===================================

No paths found.


===========================================================================
 report_check_types -max_slew -max_cap -max_fanout -violators
============================================================================
======================= nom_tt_025C_5v00 Corner ===================================



===========================================================================
report_parasitic_annotation -report_unannotated
============================================================================
Found 7 unannotated drivers.
 clkload0/ZN
 clkload1/ZN
 clkload2/Z
 clkload3/ZN
 clkload4/ZN
 clkload5/Z
 clkload6/ZN
Found 0 partially unannotated drivers.

===========================================================================
max slew violation count 0
%OL_METRIC_I design__max_slew_violation__count__corner:nom_tt_025C_5v00 0
max fanout violation count 0
%OL_METRIC_I design__max_fanout_violation__count__corner:nom_tt_025C_5v00 0
max cap violation count 0
%OL_METRIC_I design__max_cap_violation__count__corner:nom_tt_025C_5v00 0
============================================================================

===========================================================================
check_setup -verbose -unconstrained_endpoints -multiple_clock -no_clock -no_input_delay -loops -generated_clocks
===========================================================================
Warning: no master clock found for generated clock clk_div.
Warning: There are 220 unclocked register/latch pins.
  _2070_/CLK
  _2071_/CLK
  _2072_/CLK
  _2073_/CLK
  _2074_/CLK
  _2075_/CLK
  _2076_/CLK
  _2077_/CLK
  _2078_/CLK
  _2079_/CLK
  _2080_/CLK
  _2081_/CLK
  _2082_/CLK
  _2083_/CLK
  _2084_/CLK
  _2085_/CLK
  _2086_/CLK
  _2087_/CLK
  _2088_/CLK
  _2089_/CLK
  _2090_/CLK
  _2091_/CLK
  _2092_/CLK
  _2093_/CLK
  _2094_/CLK
  _2095_/CLK
  _2096_/CLK
  _2097_/CLK
  _2098_/CLK
  _2099_/CLK
  _2100_/CLK
  _2101_/CLK
  _2102_/CLK
  _2103_/CLK
  _2104_/CLK
  _2105_/CLK
  _2106_/CLK
  _2107_/CLK
  _2108_/CLK
  _2109_/CLK
  _2110_/CLK
  _2111_/CLK
  _2112_/CLK
  _2113_/CLK
  _2114_/CLK
  _2115_/CLK
  _2116_/CLK
  _2117_/CLK
  _2118_/CLK
  _2119_/CLK
  _2120_/CLK
  _2121_/CLK
  _2122_/CLK
  _2123_/CLK
  _2124_/CLK
  _2125_/CLK
  _2126_/CLK
  _2127_/CLK
  _2128_/CLK
  _2129_/CLK
  _2130_/CLK
  _2131_/CLK
  _2132_/CLK
  _2133_/CLK
  _2134_/CLK
  _2135_/CLK
  _2136_/CLK
  _2137_/CLK
  _2138_/CLK
  _2139_/CLK
  _2140_/CLK
  _2141_/CLK
  _2142_/CLK
  _2143_/CLK
  _2144_/CLK
  _2145_/CLK
  _2146_/CLK
  _2147_/CLK
  _2148_/CLK
  _2149_/CLK
  _2150_/CLK
  _2151_/CLK
  _2152_/CLK
  _2153_/CLKN
  _2154_/CLKN
  _2155_/CLKN
  _2156_/CLKN
  _2157_/CLKN
  _2158_/CLKN
  _2159_/CLKN
  _2160_/CLKN
  _2161_/CLKN
  _2162_/CLKN
  _2163_/CLKN
  _2164_/CLKN
  _2165_/CLKN
  _2166_/CLKN
  _2167_/CLKN
  _2168_/CLKN
  _2169_/CLKN
  _2170_/CLKN
  _2171_/CLKN
  _2172_/CLKN
  _2173_/CLKN
  _2174_/CLKN
  _2175_/CLKN
  _2176_/CLKN
  _2177_/CLKN
  _2178_/CLKN
  _2179_/CLKN
  _2180_/CLKN
  _2181_/CLKN
  _2182_/CLKN
  _2183_/CLKN
  _2184_/CLKN
  _2185_/CLKN
  _2186_/CLKN
  _2187_/CLKN
  _2188_/CLKN
  _2189_/CLKN
  _2190_/CLKN
  _2191_/CLKN
  _2192_/CLKN
  _2193_/CLKN
  _2194_/CLKN
  _2195_/CLKN
  _2196_/CLKN
  _2197_/CLKN
  _2198_/CLKN
  _2199_/CLKN
  _2200_/CLKN
  _2201_/CLKN
  _2202_/CLKN
  _2203_/CLKN
  _2204_/CLKN
  _2205_/CLKN
  _2206_/CLKN
  _2207_/CLKN
  _2208_/CLKN
  _2209_/CLKN
  _2210_/CLKN
  _2211_/CLKN
  _2212_/CLKN
  _2213_/CLKN
  _2214_/CLKN
  _2215_/CLKN
  _2216_/CLKN
  _2217_/CLKN
  _2218_/CLKN
  _2219_/CLKN
  _2220_/CLKN
  _2221_/CLKN
  _2222_/CLKN
  _2223_/CLKN
  _2224_/CLKN
  _2225_/CLKN
  _2226_/CLKN
  _2227_/CLKN
  _2228_/CLKN
  _2229_/CLKN
  _2230_/CLKN
  _2231_/CLKN
  _2232_/CLKN
  _2233_/CLKN
  _2234_/CLKN
  _2235_/CLKN
  _2236_/CLKN
  _2237_/CLKN
  _2238_/CLKN
  _2239_/CLKN
  _2240_/CLKN
  _2241_/CLKN
  _2242_/CLKN
  _2243_/CLKN
  _2244_/CLKN
  _2245_/CLKN
  _2246_/CLKN
  _2247_/CLKN
  _2248_/CLKN
  _2249_/CLKN
  _2250_/CLKN
  _2251_/CLKN
  _2252_/CLKN
  _2253_/CLKN
  _2254_/CLKN
  _2255_/CLKN
  _2256_/CLKN
  _2257_/CLKN
  _2258_/CLKN
  _2259_/CLKN
  _2260_/CLKN
  _2261_/CLKN
  _2262_/CLKN
  _2263_/CLKN
  _2264_/CLKN
  _2265_/CLKN
  _2266_/CLKN
  _2267_/CLKN
  _2268_/CLKN
  _2269_/CLKN
  _2270_/CLKN
  _2271_/CLKN
  _2272_/CLKN
  _2273_/CLKN
  _2274_/CLKN
  _2275_/CLKN
  _2276_/CLKN
  _2277_/CLKN
  _2278_/CLKN
  _2279_/CLKN
  _2280_/CLKN
  _2281_/CLKN
  _2282_/CLKN
  _2283_/CLKN
  _2284_/CLKN
  _2285_/CLKN
  _2286_/CLKN
  _2287_/CLKN
  _2288_/CLKN
  _2289_/CLKN
Warning: There are 232 unconstrained endpoints.
  out_cic[0]
  out_cic[10]
  out_cic[11]
  out_cic[1]
  out_cic[2]
  out_cic[3]
  out_cic[4]
  out_cic[5]
  out_cic[6]
  out_cic[7]
  out_cic[8]
  out_cic[9]
  _2070_/D
  _2071_/D
  _2072_/D
  _2073_/D
  _2074_/D
  _2075_/D
  _2076_/D
  _2077_/D
  _2078_/D
  _2079_/D
  _2080_/D
  _2081_/D
  _2082_/D
  _2083_/D
  _2084_/D
  _2085_/D
  _2086_/D
  _2087_/D
  _2088_/D
  _2089_/D
  _2090_/D
  _2091_/D
  _2092_/D
  _2093_/D
  _2094_/D
  _2095_/D
  _2096_/D
  _2097_/D
  _2098_/D
  _2099_/D
  _2100_/D
  _2101_/D
  _2102_/D
  _2103_/D
  _2104_/D
  _2105_/D
  _2106_/D
  _2107_/D
  _2108_/D
  _2109_/D
  _2110_/D
  _2111_/D
  _2112_/D
  _2113_/D
  _2114_/D
  _2115_/D
  _2116_/D
  _2117_/D
  _2118_/D
  _2119_/D
  _2120_/D
  _2121_/D
  _2122_/D
  _2123_/D
  _2124_/D
  _2125_/D
  _2126_/D
  _2127_/D
  _2128_/D
  _2129_/D
  _2130_/D
  _2131_/D
  _2132_/D
  _2133_/D
  _2134_/D
  _2135_/D
  _2136_/D
  _2137_/D
  _2138_/D
  _2139_/D
  _2140_/D
  _2141_/D
  _2142_/D
  _2143_/D
  _2144_/D
  _2145_/D
  _2146_/D
  _2147_/D
  _2148_/D
  _2149_/D
  _2150_/D
  _2151_/D
  _2152_/D
  _2153_/D
  _2154_/D
  _2155_/D
  _2156_/D
  _2157_/D
  _2158_/D
  _2159_/D
  _2160_/D
  _2161_/D
  _2162_/D
  _2163_/D
  _2164_/D
  _2165_/D
  _2166_/D
  _2167_/D
  _2168_/D
  _2169_/D
  _2170_/D
  _2171_/D
  _2172_/D
  _2173_/D
  _2174_/D
  _2175_/D
  _2176_/D
  _2177_/D
  _2178_/D
  _2179_/D
  _2180_/D
  _2181_/D
  _2182_/D
  _2183_/D
  _2184_/D
  _2185_/D
  _2186_/D
  _2187_/D
  _2188_/D
  _2189_/D
  _2190_/D
  _2191_/D
  _2192_/D
  _2193_/D
  _2194_/D
  _2195_/D
  _2196_/D
  _2197_/D
  _2198_/D
  _2199_/D
  _2200_/D
  _2201_/D
  _2202_/D
  _2203_/D
  _2204_/D
  _2205_/D
  _2206_/D
  _2207_/D
  _2208_/D
  _2209_/D
  _2210_/D
  _2211_/D
  _2212_/D
  _2213_/D
  _2214_/D
  _2215_/D
  _2216_/D
  _2217_/D
  _2218_/D
  _2219_/D
  _2220_/D
  _2221_/D
  _2222_/D
  _2223_/D
  _2224_/D
  _2225_/D
  _2226_/D
  _2227_/D
  _2228_/D
  _2229_/D
  _2230_/D
  _2231_/D
  _2232_/D
  _2233_/D
  _2234_/D
  _2235_/D
  _2236_/D
  _2237_/D
  _2238_/D
  _2239_/D
  _2240_/D
  _2241_/D
  _2242_/D
  _2243_/D
  _2244_/D
  _2245_/D
  _2246_/D
  _2247_/D
  _2248_/D
  _2249_/D
  _2250_/D
  _2251_/D
  _2252_/D
  _2253_/D
  _2254_/D
  _2255_/D
  _2256_/D
  _2257_/D
  _2258_/D
  _2259_/D
  _2260_/D
  _2261_/D
  _2262_/D
  _2263_/D
  _2264_/D
  _2265_/D
  _2266_/D
  _2267_/D
  _2268_/D
  _2269_/D
  _2270_/D
  _2271_/D
  _2272_/D
  _2273_/D
  _2274_/D
  _2275_/D
  _2276_/D
  _2277_/D
  _2278_/D
  _2279_/D
  _2280_/D
  _2281_/D
  _2282_/D
  _2283_/D
  _2284_/D
  _2285_/D
  _2286_/D
  _2287_/D
  _2288_/D
  _2289_/D
Warning: There is 1 generated clock that is not connected to a clock source.
  clk_div
%OL_END_REPORT
%OL_CREATE_REPORT power.rpt

===========================================================================
 report_power
============================================================================
======================= nom_tt_025C_5v00 Corner ===================================

Group                    Internal    Switching      Leakage        Total
                            Power        Power        Power        Power (Watts)
------------------------------------------------------------------------
Sequential           4.458092e-05 0.000000e+00 1.040448e-07 4.468497e-05   1.0%
Combinational        1.265196e-03 2.986297e-03 1.326063e-07 4.251625e-03  99.0%
Clock                0.000000e+00 0.000000e+00 3.488070e-07 3.488070e-07   0.0%
Macro                0.000000e+00 0.000000e+00 0.000000e+00 0.000000e+00   0.0%
Pad                  0.000000e+00 0.000000e+00 0.000000e+00 0.000000e+00   0.0%
------------------------------------------------------------------------
Total                1.309777e-03 2.986297e-03 5.854582e-07 4.296659e-03 100.0%
                            30.5%        69.5%         0.0%
%OL_METRIC_F power__internal__total 0.0013097765622660518
%OL_METRIC_F power__switching__total 0.00298629654571414
%OL_METRIC_F power__leakage__total 5.854581672792847e-7
%OL_METRIC_F power__total 0.004296658560633659

%OL_END_REPORT
%OL_CREATE_REPORT skew.min.rpt

===========================================================================
Clock Skew (Hold)
============================================================================
%OL_METRIC_F clock__skew__worst_hold__corner:nom_tt_025C_5v00 0.0
======================= nom_tt_025C_5v00 Corner ===================================

Clock clk_div
No launch/capture paths found.

%OL_END_REPORT
%OL_CREATE_REPORT skew.max.rpt

===========================================================================
Clock Skew (Setup)
============================================================================
%OL_METRIC_F clock__skew__worst_setup__corner:nom_tt_025C_5v00 0.0
======================= nom_tt_025C_5v00 Corner ===================================

Clock clk_div
No launch/capture paths found.

%OL_END_REPORT
%OL_CREATE_REPORT ws.min.rpt

===========================================================================
Worst Slack (Hold)
============================================================================
%OL_METRIC_F timing__hold__ws__corner:nom_tt_025C_5v00 1.0000000433293989e+39
nom_tt_025C_5v00: 1.0000000433293989e+39
%OL_END_REPORT
%OL_CREATE_REPORT ws.max.rpt

===========================================================================
Worst Slack (Setup)
============================================================================
%OL_METRIC_F timing__setup__ws__corner:nom_tt_025C_5v00 1.0000000433293989e+39
nom_tt_025C_5v00: 1.0000000433293989e+39
%OL_END_REPORT
%OL_CREATE_REPORT tns.min.rpt

===========================================================================
Total Negative Slack (Hold)
============================================================================
%OL_METRIC_F timing__hold__tns__corner:nom_tt_025C_5v00 0.0
nom_tt_025C_5v00: 0.0
%OL_END_REPORT
%OL_CREATE_REPORT tns.max.rpt

===========================================================================
Total Negative Slack (Setup)
============================================================================
%OL_METRIC_F timing__setup__tns__corner:nom_tt_025C_5v00 0.0
nom_tt_025C_5v00: 0.0
%OL_END_REPORT
%OL_CREATE_REPORT wns.min.rpt

===========================================================================
Worst Negative Slack (Hold)
============================================================================
%OL_METRIC_F timing__hold__wns__corner:nom_tt_025C_5v00 0
nom_tt_025C_5v00: 0
%OL_END_REPORT
%OL_CREATE_REPORT wns.max.rpt

===========================================================================
Worst Negative Slack (Setup)
============================================================================
%OL_METRIC_F timing__setup__wns__corner:nom_tt_025C_5v00 0.0
nom_tt_025C_5v00: 0.0
%OL_END_REPORT
%OL_CREATE_REPORT violator_list.rpt

===========================================================================
Violator List
============================================================================
%OL_METRIC_I timing__hold_vio__count__corner:nom_tt_025C_5v00 0
%OL_METRIC_F timing__hold_r2r__ws__corner:nom_tt_025C_5v00 inf
%OL_METRIC_I timing__hold_r2r_vio__count__corner:nom_tt_025C_5v00 0
%OL_METRIC_I timing__setup_vio__count__corner:nom_tt_025C_5v00 0
%OL_METRIC_F timing__setup_r2r__ws__corner:nom_tt_025C_5v00 inf
%OL_METRIC_I timing__setup_r2r_vio__count__corner:nom_tt_025C_5v00 0
%OL_END_REPORT
%OL_CREATE_REPORT unpropagated.rpt
%OL_END_REPORT
%OL_CREATE_REPORT clock.rpt
Clock: clk_div
Sources: clk 
Generated: yes
Virtual: yes
Propagated: no
Period: 0.000000

===========================================================================
report_clock_properties
============================================================================
Clock                   Period          Waveform
----------------------------------------------------

===========================================================================
report_clock_latency
============================================================================
Clock clk_div
rise -> rise
    min     max
0.000000 0.000000 source latency
0.640940         network latency _2078_/CLK
        0.652282 network latency _2124_/CLK
---------------
0.640940 0.652282 latency
        0.011342 skew

fall -> fall
    min     max
0.000000 0.000000 source latency
0.649237         network latency _2078_/CLK
        0.661375 network latency _2124_/CLK
---------------
0.649237 0.661375 latency
        0.012138 skew



===========================================================================
report_clock_min_period
============================================================================
clk_div period_min = 0.00 fmax = inf
%OL_END_REPORT
Writing SDF files for all corners…
Removing Clock latencies before writing libs…
Writing timing models for all corners…
Writing timing models for the nom_tt_025C_5v00 corner to /foss/designs/low-power-12b-first-order-delta-sigma-adc/src/filter_decimation/runs/RUN_2026-08-17_02-11-52/55-openroad-stapostpnr/nom_tt_025C_5v00/cic_filter__nom_tt_025C_5v00.lib…
Warning: no master clock found for generated clock clk_div.
