
===========================================================================
report_checks -path_delay min (Hold)
============================================================================
======================= min_tt_025C_5v00 Corner ===================================

Startpoint: _74_ (rising edge-triggered flip-flop clocked by clk)
Endpoint: _75_ (rising edge-triggered flip-flop clocked by clk)
Path Group: clk
Path Type: min

Fanout         Cap        Slew       Delay        Time   Description
---------------------------------------------------------------------------------------------
                                  0.000000    0.000000   clock clk (rise edge)
                                  0.000000    0.000000   clock source latency
     1    0.027515    0.000014    0.000399    0.000399 ^ clk (in)
                                                         clk (net)
                      0.000955    0.000000    0.000399 ^ clkbuf_0_clk/I (gf180mcu_fd_sc_mcu7t5v0__clkbuf_16)
     2    0.046666    0.111991    0.224179    0.224578 ^ clkbuf_0_clk/Z (gf180mcu_fd_sc_mcu7t5v0__clkbuf_16)
                                                         clknet_0_clk (net)
                      0.111992    0.000860    0.225439 ^ clkbuf_1_0__f_clk/I (gf180mcu_fd_sc_mcu7t5v0__clkbuf_16)
     6    0.038444    0.105129    0.239207    0.464646 ^ clkbuf_1_0__f_clk/Z (gf180mcu_fd_sc_mcu7t5v0__clkbuf_16)
                                                         clknet_1_0__leaf_clk (net)
                      0.105129    0.000175    0.464821 ^ _74_/CLK (gf180mcu_fd_sc_mcu7t5v0__dffrnq_1)
     1    0.005158    0.115578    0.688552    1.153373 v _74_/Q (gf180mcu_fd_sc_mcu7t5v0__dffrnq_1)
                                                         shift_reg[8] (net)
                      0.115578    0.000055    1.153428 v _42_/I (gf180mcu_fd_sc_mcu7t5v0__clkinv_1)
     1    0.005712    0.141786    0.114585    1.268013 ^ _42_/ZN (gf180mcu_fd_sc_mcu7t5v0__clkinv_1)
                                                         _20_ (net)
                      0.141786    0.000059    1.268072 ^ _62_/A2 (gf180mcu_fd_sc_mcu7t5v0__oai21_1)
     1    0.003685    0.135541    0.127880    1.395952 v _62_/ZN (gf180mcu_fd_sc_mcu7t5v0__oai21_1)
                                                         _11_ (net)
                      0.135541    0.000036    1.395989 v _75_/D (gf180mcu_fd_sc_mcu7t5v0__dffrnq_1)
                                              1.395989   data arrival time

                                  0.000000    0.000000   clock clk (rise edge)
                                  0.000000    0.000000   clock source latency
     1    0.027515    0.000014    0.000399    0.000399 ^ clk (in)
                                                         clk (net)
                      0.000955    0.000000    0.000399 ^ clkbuf_0_clk/I (gf180mcu_fd_sc_mcu7t5v0__clkbuf_16)
     2    0.046666    0.111991    0.224179    0.224578 ^ clkbuf_0_clk/Z (gf180mcu_fd_sc_mcu7t5v0__clkbuf_16)
                                                         clknet_0_clk (net)
                      0.111993    0.000889    0.225467 ^ clkbuf_1_1__f_clk/I (gf180mcu_fd_sc_mcu7t5v0__clkbuf_16)
     7    0.036131    0.103135    0.237681    0.463148 ^ clkbuf_1_1__f_clk/Z (gf180mcu_fd_sc_mcu7t5v0__clkbuf_16)
                                                         clknet_1_1__leaf_clk (net)
                      0.103135    0.000244    0.463392 ^ _75_/CLK (gf180mcu_fd_sc_mcu7t5v0__dffrnq_1)
                                  0.250000    0.713392   clock uncertainty
                                  0.000000    0.713392   clock reconvergence pessimism
                                  0.129574    0.842966   library hold time
                                              0.842966   data required time
---------------------------------------------------------------------------------------------
                                              0.842966   data required time
                                             -1.395989   data arrival time
---------------------------------------------------------------------------------------------
                                              0.553023   slack (MET)


Startpoint: _75_ (rising edge-triggered flip-flop clocked by clk)
Endpoint: _76_ (rising edge-triggered flip-flop clocked by clk)
Path Group: clk
Path Type: min

Fanout         Cap        Slew       Delay        Time   Description
---------------------------------------------------------------------------------------------
                                  0.000000    0.000000   clock clk (rise edge)
                                  0.000000    0.000000   clock source latency
     1    0.027515    0.000014    0.000399    0.000399 ^ clk (in)
                                                         clk (net)
                      0.000955    0.000000    0.000399 ^ clkbuf_0_clk/I (gf180mcu_fd_sc_mcu7t5v0__clkbuf_16)
     2    0.046666    0.111991    0.224179    0.224578 ^ clkbuf_0_clk/Z (gf180mcu_fd_sc_mcu7t5v0__clkbuf_16)
                                                         clknet_0_clk (net)
                      0.111993    0.000889    0.225467 ^ clkbuf_1_1__f_clk/I (gf180mcu_fd_sc_mcu7t5v0__clkbuf_16)
     7    0.036131    0.103135    0.237681    0.463148 ^ clkbuf_1_1__f_clk/Z (gf180mcu_fd_sc_mcu7t5v0__clkbuf_16)
                                                         clknet_1_1__leaf_clk (net)
                      0.103135    0.000244    0.463392 ^ _75_/CLK (gf180mcu_fd_sc_mcu7t5v0__dffrnq_1)
     1    0.006858    0.130266    0.701853    1.165245 v _75_/Q (gf180mcu_fd_sc_mcu7t5v0__dffrnq_1)
                                                         shift_reg[9] (net)
                      0.130266    0.000144    1.165389 v _43_/I (gf180mcu_fd_sc_mcu7t5v0__clkinv_1)
     1    0.007422    0.166492    0.134678    1.300067 ^ _43_/ZN (gf180mcu_fd_sc_mcu7t5v0__clkinv_1)
                                                         _21_ (net)
                      0.166492    0.000158    1.300225 ^ _64_/A2 (gf180mcu_fd_sc_mcu7t5v0__oai21_1)
     1    0.003803    0.133435    0.132367    1.432593 v _64_/ZN (gf180mcu_fd_sc_mcu7t5v0__oai21_1)
                                                         _01_ (net)
                      0.133435    0.000039    1.432632 v _76_/D (gf180mcu_fd_sc_mcu7t5v0__dffrnq_1)
                                              1.432632   data arrival time

                                  0.000000    0.000000   clock clk (rise edge)
                                  0.000000    0.000000   clock source latency
     1    0.027515    0.000014    0.000399    0.000399 ^ clk (in)
                                                         clk (net)
                      0.000955    0.000000    0.000399 ^ clkbuf_0_clk/I (gf180mcu_fd_sc_mcu7t5v0__clkbuf_16)
     2    0.046666    0.111991    0.224179    0.224578 ^ clkbuf_0_clk/Z (gf180mcu_fd_sc_mcu7t5v0__clkbuf_16)
                                                         clknet_0_clk (net)
                      0.111993    0.000889    0.225467 ^ clkbuf_1_1__f_clk/I (gf180mcu_fd_sc_mcu7t5v0__clkbuf_16)
     7    0.036131    0.103135    0.237681    0.463148 ^ clkbuf_1_1__f_clk/Z (gf180mcu_fd_sc_mcu7t5v0__clkbuf_16)
                                                         clknet_1_1__leaf_clk (net)
                      0.103135    0.000101    0.463248 ^ _76_/CLK (gf180mcu_fd_sc_mcu7t5v0__dffrnq_1)
                                  0.250000    0.713248   clock uncertainty
                                  0.000000    0.713248   clock reconvergence pessimism
                                  0.130017    0.843266   library hold time
                                              0.843266   data required time
---------------------------------------------------------------------------------------------
                                              0.843266   data required time
                                             -1.432632   data arrival time
---------------------------------------------------------------------------------------------
                                              0.589366   slack (MET)


Startpoint: _73_ (rising edge-triggered flip-flop clocked by clk)
Endpoint: _74_ (rising edge-triggered flip-flop clocked by clk)
Path Group: clk
Path Type: min

Fanout         Cap        Slew       Delay        Time   Description
---------------------------------------------------------------------------------------------
                                  0.000000    0.000000   clock clk (rise edge)
                                  0.000000    0.000000   clock source latency
     1    0.027515    0.000014    0.000399    0.000399 ^ clk (in)
                                                         clk (net)
                      0.000955    0.000000    0.000399 ^ clkbuf_0_clk/I (gf180mcu_fd_sc_mcu7t5v0__clkbuf_16)
     2    0.046666    0.111991    0.224179    0.224578 ^ clkbuf_0_clk/Z (gf180mcu_fd_sc_mcu7t5v0__clkbuf_16)
                                                         clknet_0_clk (net)
                      0.111992    0.000860    0.225439 ^ clkbuf_1_0__f_clk/I (gf180mcu_fd_sc_mcu7t5v0__clkbuf_16)
     6    0.038444    0.105129    0.239207    0.464646 ^ clkbuf_1_0__f_clk/Z (gf180mcu_fd_sc_mcu7t5v0__clkbuf_16)
                                                         clknet_1_0__leaf_clk (net)
                      0.105129    0.000319    0.464965 ^ _73_/CLK (gf180mcu_fd_sc_mcu7t5v0__dffrnq_1)
     1    0.008430    0.144888    0.714898    1.179863 v _73_/Q (gf180mcu_fd_sc_mcu7t5v0__dffrnq_1)
                                                         shift_reg[7] (net)
                      0.144888    0.000195    1.180058 v _41_/I (gf180mcu_fd_sc_mcu7t5v0__clkinv_1)
     1    0.005959    0.147506    0.124905    1.304964 ^ _41_/ZN (gf180mcu_fd_sc_mcu7t5v0__clkinv_1)
                                                         _19_ (net)
                      0.147506    0.000066    1.305030 ^ _60_/A2 (gf180mcu_fd_sc_mcu7t5v0__oai21_1)
     1    0.003808    0.135870    0.129824    1.434854 v _60_/ZN (gf180mcu_fd_sc_mcu7t5v0__oai21_1)
                                                         _10_ (net)
                      0.135870    0.000039    1.434894 v _74_/D (gf180mcu_fd_sc_mcu7t5v0__dffrnq_1)
                                              1.434894   data arrival time

                                  0.000000    0.000000   clock clk (rise edge)
                                  0.000000    0.000000   clock source latency
     1    0.027515    0.000014    0.000399    0.000399 ^ clk (in)
                                                         clk (net)
                      0.000955    0.000000    0.000399 ^ clkbuf_0_clk/I (gf180mcu_fd_sc_mcu7t5v0__clkbuf_16)
     2    0.046666    0.111991    0.224179    0.224578 ^ clkbuf_0_clk/Z (gf180mcu_fd_sc_mcu7t5v0__clkbuf_16)
                                                         clknet_0_clk (net)
                      0.111992    0.000860    0.225439 ^ clkbuf_1_0__f_clk/I (gf180mcu_fd_sc_mcu7t5v0__clkbuf_16)
     6    0.038444    0.105129    0.239207    0.464646 ^ clkbuf_1_0__f_clk/Z (gf180mcu_fd_sc_mcu7t5v0__clkbuf_16)
                                                         clknet_1_0__leaf_clk (net)
                      0.105129    0.000175    0.464821 ^ _74_/CLK (gf180mcu_fd_sc_mcu7t5v0__dffrnq_1)
                                  0.250000    0.714821   clock uncertainty
                                  0.000000    0.714821   clock reconvergence pessimism
                                  0.129863    0.844684   library hold time
                                              0.844684   data required time
---------------------------------------------------------------------------------------------
                                              0.844684   data required time
                                             -1.434894   data arrival time
---------------------------------------------------------------------------------------------
                                              0.590210   slack (MET)


Startpoint: _78_ (rising edge-triggered flip-flop clocked by clk)
Endpoint: _79_ (rising edge-triggered flip-flop clocked by clk)
Path Group: clk
Path Type: min

Fanout         Cap        Slew       Delay        Time   Description
---------------------------------------------------------------------------------------------
                                  0.000000    0.000000   clock clk (rise edge)
                                  0.000000    0.000000   clock source latency
     1    0.027515    0.000014    0.000399    0.000399 ^ clk (in)
                                                         clk (net)
                      0.000955    0.000000    0.000399 ^ clkbuf_0_clk/I (gf180mcu_fd_sc_mcu7t5v0__clkbuf_16)
     2    0.046666    0.111991    0.224179    0.224578 ^ clkbuf_0_clk/Z (gf180mcu_fd_sc_mcu7t5v0__clkbuf_16)
                                                         clknet_0_clk (net)
                      0.111992    0.000860    0.225439 ^ clkbuf_1_0__f_clk/I (gf180mcu_fd_sc_mcu7t5v0__clkbuf_16)
     6    0.038444    0.105129    0.239207    0.464646 ^ clkbuf_1_0__f_clk/Z (gf180mcu_fd_sc_mcu7t5v0__clkbuf_16)
                                                         clknet_1_0__leaf_clk (net)
                      0.105129    0.000252    0.464898 ^ _78_/CLK (gf180mcu_fd_sc_mcu7t5v0__dffrnq_1)
     1    0.006044    0.123222    0.695707    1.160604 v _78_/Q (gf180mcu_fd_sc_mcu7t5v0__dffrnq_1)
                                                         shift_reg[0] (net)
                      0.123222    0.000075    1.160679 v _34_/I (gf180mcu_fd_sc_mcu7t5v0__clkinv_1)
     1    0.007864    0.172484    0.136911    1.297590 ^ _34_/ZN (gf180mcu_fd_sc_mcu7t5v0__clkinv_1)
                                                         _12_ (net)
                      0.172484    0.000174    1.297765 ^ _46_/A1 (gf180mcu_fd_sc_mcu7t5v0__oai21_1)
     1    0.006662    0.162730    0.139171    1.436935 v _46_/ZN (gf180mcu_fd_sc_mcu7t5v0__oai21_1)
                                                         _03_ (net)
                      0.162730    0.000150    1.437085 v _79_/D (gf180mcu_fd_sc_mcu7t5v0__dffrnq_1)
                                              1.437085   data arrival time

                                  0.000000    0.000000   clock clk (rise edge)
                                  0.000000    0.000000   clock source latency
     1    0.027515    0.000014    0.000399    0.000399 ^ clk (in)
                                                         clk (net)
                      0.000955    0.000000    0.000399 ^ clkbuf_0_clk/I (gf180mcu_fd_sc_mcu7t5v0__clkbuf_16)
     2    0.046666    0.111991    0.224179    0.224578 ^ clkbuf_0_clk/Z (gf180mcu_fd_sc_mcu7t5v0__clkbuf_16)
                                                         clknet_0_clk (net)
                      0.111993    0.000889    0.225467 ^ clkbuf_1_1__f_clk/I (gf180mcu_fd_sc_mcu7t5v0__clkbuf_16)
     7    0.036131    0.103135    0.237681    0.463148 ^ clkbuf_1_1__f_clk/Z (gf180mcu_fd_sc_mcu7t5v0__clkbuf_16)
                                                         clknet_1_1__leaf_clk (net)
                      0.103135    0.000258    0.463406 ^ _79_/CLK (gf180mcu_fd_sc_mcu7t5v0__dffrnq_1)
                                  0.250000    0.713406   clock uncertainty
                                  0.000000    0.713406   clock reconvergence pessimism
                                  0.123958    0.837364   library hold time
                                              0.837364   data required time
---------------------------------------------------------------------------------------------
                                              0.837364   data required time
                                             -1.437085   data arrival time
---------------------------------------------------------------------------------------------
                                              0.599721   slack (MET)


Startpoint: _68_ (rising edge-triggered flip-flop clocked by clk)
Endpoint: _69_ (rising edge-triggered flip-flop clocked by clk)
Path Group: clk
Path Type: min

Fanout         Cap        Slew       Delay        Time   Description
---------------------------------------------------------------------------------------------
                                  0.000000    0.000000   clock clk (rise edge)
                                  0.000000    0.000000   clock source latency
     1    0.027515    0.000014    0.000399    0.000399 ^ clk (in)
                                                         clk (net)
                      0.000955    0.000000    0.000399 ^ clkbuf_0_clk/I (gf180mcu_fd_sc_mcu7t5v0__clkbuf_16)
     2    0.046666    0.111991    0.224179    0.224578 ^ clkbuf_0_clk/Z (gf180mcu_fd_sc_mcu7t5v0__clkbuf_16)
                                                         clknet_0_clk (net)
                      0.111992    0.000860    0.225439 ^ clkbuf_1_0__f_clk/I (gf180mcu_fd_sc_mcu7t5v0__clkbuf_16)
     6    0.038444    0.105129    0.239207    0.464646 ^ clkbuf_1_0__f_clk/Z (gf180mcu_fd_sc_mcu7t5v0__clkbuf_16)
                                                         clknet_1_0__leaf_clk (net)
                      0.105129    0.000325    0.464971 ^ _68_/CLK (gf180mcu_fd_sc_mcu7t5v0__dffrnq_1)
     1    0.009330    0.152306    0.720975    1.185946 v _68_/Q (gf180mcu_fd_sc_mcu7t5v0__dffrnq_1)
                                                         shift_reg[2] (net)
                      0.152306    0.000156    1.186102 v _36_/I (gf180mcu_fd_sc_mcu7t5v0__clkinv_1)
     1    0.007187    0.165496    0.138420    1.324522 ^ _36_/ZN (gf180mcu_fd_sc_mcu7t5v0__clkinv_1)
                                                         _14_ (net)
                      0.165496    0.000093    1.324615 ^ _50_/A2 (gf180mcu_fd_sc_mcu7t5v0__oai21_1)
     1    0.003905    0.141316    0.133170    1.457785 v _50_/ZN (gf180mcu_fd_sc_mcu7t5v0__oai21_1)
                                                         _05_ (net)
                      0.141316    0.000040    1.457825 v _69_/D (gf180mcu_fd_sc_mcu7t5v0__dffrnq_1)
                                              1.457825   data arrival time

                                  0.000000    0.000000   clock clk (rise edge)
                                  0.000000    0.000000   clock source latency
     1    0.027515    0.000014    0.000399    0.000399 ^ clk (in)
                                                         clk (net)
                      0.000955    0.000000    0.000399 ^ clkbuf_0_clk/I (gf180mcu_fd_sc_mcu7t5v0__clkbuf_16)
     2    0.046666    0.111991    0.224179    0.224578 ^ clkbuf_0_clk/Z (gf180mcu_fd_sc_mcu7t5v0__clkbuf_16)
                                                         clknet_0_clk (net)
                      0.111993    0.000889    0.225467 ^ clkbuf_1_1__f_clk/I (gf180mcu_fd_sc_mcu7t5v0__clkbuf_16)
     7    0.036131    0.103135    0.237681    0.463148 ^ clkbuf_1_1__f_clk/Z (gf180mcu_fd_sc_mcu7t5v0__clkbuf_16)
                                                         clknet_1_1__leaf_clk (net)
                      0.103135    0.000388    0.463535 ^ _69_/CLK (gf180mcu_fd_sc_mcu7t5v0__dffrnq_1)
                                  0.250000    0.713535   clock uncertainty
                                  0.000000    0.713535   clock reconvergence pessimism
                                  0.128358    0.841893   library hold time
                                              0.841893   data required time
---------------------------------------------------------------------------------------------
                                              0.841893   data required time
                                             -1.457825   data arrival time
---------------------------------------------------------------------------------------------
                                              0.615932   slack (MET)


Startpoint: _79_ (rising edge-triggered flip-flop clocked by clk)
Endpoint: _68_ (rising edge-triggered flip-flop clocked by clk)
Path Group: clk
Path Type: min

Fanout         Cap        Slew       Delay        Time   Description
---------------------------------------------------------------------------------------------
                                  0.000000    0.000000   clock clk (rise edge)
                                  0.000000    0.000000   clock source latency
     1    0.027515    0.000014    0.000399    0.000399 ^ clk (in)
                                                         clk (net)
                      0.000955    0.000000    0.000399 ^ clkbuf_0_clk/I (gf180mcu_fd_sc_mcu7t5v0__clkbuf_16)
     2    0.046666    0.111991    0.224179    0.224578 ^ clkbuf_0_clk/Z (gf180mcu_fd_sc_mcu7t5v0__clkbuf_16)
                                                         clknet_0_clk (net)
                      0.111993    0.000889    0.225467 ^ clkbuf_1_1__f_clk/I (gf180mcu_fd_sc_mcu7t5v0__clkbuf_16)
     7    0.036131    0.103135    0.237681    0.463148 ^ clkbuf_1_1__f_clk/Z (gf180mcu_fd_sc_mcu7t5v0__clkbuf_16)
                                                         clknet_1_1__leaf_clk (net)
                      0.103135    0.000258    0.463406 ^ _79_/CLK (gf180mcu_fd_sc_mcu7t5v0__dffrnq_1)
     1    0.007488    0.135826    0.706969    1.170375 v _79_/Q (gf180mcu_fd_sc_mcu7t5v0__dffrnq_1)
                                                         shift_reg[1] (net)
                      0.135826    0.000105    1.170480 v _35_/I (gf180mcu_fd_sc_mcu7t5v0__clkinv_1)
     1    0.009608    0.199822    0.156469    1.326949 ^ _35_/ZN (gf180mcu_fd_sc_mcu7t5v0__clkinv_1)
                                                         _13_ (net)
                      0.199822    0.000235    1.327184 ^ _48_/A2 (gf180mcu_fd_sc_mcu7t5v0__oai21_1)
     1    0.003637    0.143604    0.135328    1.462512 v _48_/ZN (gf180mcu_fd_sc_mcu7t5v0__oai21_1)
                                                         _04_ (net)
                      0.143604    0.000036    1.462547 v _68_/D (gf180mcu_fd_sc_mcu7t5v0__dffrnq_1)
                                              1.462547   data arrival time

                                  0.000000    0.000000   clock clk (rise edge)
                                  0.000000    0.000000   clock source latency
     1    0.027515    0.000014    0.000399    0.000399 ^ clk (in)
                                                         clk (net)
                      0.000955    0.000000    0.000399 ^ clkbuf_0_clk/I (gf180mcu_fd_sc_mcu7t5v0__clkbuf_16)
     2    0.046666    0.111991    0.224179    0.224578 ^ clkbuf_0_clk/Z (gf180mcu_fd_sc_mcu7t5v0__clkbuf_16)
                                                         clknet_0_clk (net)
                      0.111992    0.000860    0.225439 ^ clkbuf_1_0__f_clk/I (gf180mcu_fd_sc_mcu7t5v0__clkbuf_16)
     6    0.038444    0.105129    0.239207    0.464646 ^ clkbuf_1_0__f_clk/Z (gf180mcu_fd_sc_mcu7t5v0__clkbuf_16)
                                                         clknet_1_0__leaf_clk (net)
                      0.105129    0.000325    0.464971 ^ _68_/CLK (gf180mcu_fd_sc_mcu7t5v0__dffrnq_1)
                                  0.250000    0.714971   clock uncertainty
                                  0.000000    0.714971   clock reconvergence pessimism
                                  0.128228    0.843198   library hold time
                                              0.843198   data required time
---------------------------------------------------------------------------------------------
                                              0.843198   data required time
                                             -1.462547   data arrival time
---------------------------------------------------------------------------------------------
                                              0.619349   slack (MET)


Startpoint: _70_ (rising edge-triggered flip-flop clocked by clk)
Endpoint: _71_ (rising edge-triggered flip-flop clocked by clk)
Path Group: clk
Path Type: min

Fanout         Cap        Slew       Delay        Time   Description
---------------------------------------------------------------------------------------------
                                  0.000000    0.000000   clock clk (rise edge)
                                  0.000000    0.000000   clock source latency
     1    0.027515    0.000014    0.000399    0.000399 ^ clk (in)
                                                         clk (net)
                      0.000955    0.000000    0.000399 ^ clkbuf_0_clk/I (gf180mcu_fd_sc_mcu7t5v0__clkbuf_16)
     2    0.046666    0.111991    0.224179    0.224578 ^ clkbuf_0_clk/Z (gf180mcu_fd_sc_mcu7t5v0__clkbuf_16)
                                                         clknet_0_clk (net)
                      0.111993    0.000889    0.225467 ^ clkbuf_1_1__f_clk/I (gf180mcu_fd_sc_mcu7t5v0__clkbuf_16)
     7    0.036131    0.103135    0.237681    0.463148 ^ clkbuf_1_1__f_clk/Z (gf180mcu_fd_sc_mcu7t5v0__clkbuf_16)
                                                         clknet_1_1__leaf_clk (net)
                      0.103135    0.000092    0.463240 ^ _70_/CLK (gf180mcu_fd_sc_mcu7t5v0__dffrnq_1)
     1    0.010058    0.158288    0.725434    1.188674 v _70_/Q (gf180mcu_fd_sc_mcu7t5v0__dffrnq_1)
                                                         shift_reg[4] (net)
                      0.158288    0.000255    1.188928 v _38_/I (gf180mcu_fd_sc_mcu7t5v0__clkinv_1)
     1    0.007988    0.177649    0.147670    1.336598 ^ _38_/ZN (gf180mcu_fd_sc_mcu7t5v0__clkinv_1)
                                                         _16_ (net)
                      0.177649    0.000111    1.336710 ^ _54_/A2 (gf180mcu_fd_sc_mcu7t5v0__oai21_1)
     1    0.006319    0.174830    0.156925    1.493635 v _54_/ZN (gf180mcu_fd_sc_mcu7t5v0__oai21_1)
                                                         _07_ (net)
                      0.174830    0.000143    1.493778 v _71_/D (gf180mcu_fd_sc_mcu7t5v0__dffrnq_1)
                                              1.493778   data arrival time

                                  0.000000    0.000000   clock clk (rise edge)
                                  0.000000    0.000000   clock source latency
     1    0.027515    0.000014    0.000399    0.000399 ^ clk (in)
                                                         clk (net)
                      0.000955    0.000000    0.000399 ^ clkbuf_0_clk/I (gf180mcu_fd_sc_mcu7t5v0__clkbuf_16)
     2    0.046666    0.111991    0.224179    0.224578 ^ clkbuf_0_clk/Z (gf180mcu_fd_sc_mcu7t5v0__clkbuf_16)
                                                         clknet_0_clk (net)
                      0.111993    0.000889    0.225467 ^ clkbuf_1_1__f_clk/I (gf180mcu_fd_sc_mcu7t5v0__clkbuf_16)
     7    0.036131    0.103135    0.237681    0.463148 ^ clkbuf_1_1__f_clk/Z (gf180mcu_fd_sc_mcu7t5v0__clkbuf_16)
                                                         clknet_1_1__leaf_clk (net)
                      0.103135    0.000086    0.463233 ^ _71_/CLK (gf180mcu_fd_sc_mcu7t5v0__dffrnq_1)
                                  0.250000    0.713233   clock uncertainty
                                  0.000000    0.713233   clock reconvergence pessimism
                                  0.121481    0.834714   library hold time
                                              0.834714   data required time
---------------------------------------------------------------------------------------------
                                              0.834714   data required time
                                             -1.493778   data arrival time
---------------------------------------------------------------------------------------------
                                              0.659063   slack (MET)


Startpoint: _76_ (rising edge-triggered flip-flop clocked by clk)
Endpoint: _77_ (rising edge-triggered flip-flop clocked by clk)
Path Group: clk
Path Type: min

Fanout         Cap        Slew       Delay        Time   Description
---------------------------------------------------------------------------------------------
                                  0.000000    0.000000   clock clk (rise edge)
                                  0.000000    0.000000   clock source latency
     1    0.027515    0.000014    0.000399    0.000399 ^ clk (in)
                                                         clk (net)
                      0.000955    0.000000    0.000399 ^ clkbuf_0_clk/I (gf180mcu_fd_sc_mcu7t5v0__clkbuf_16)
     2    0.046666    0.111991    0.224179    0.224578 ^ clkbuf_0_clk/Z (gf180mcu_fd_sc_mcu7t5v0__clkbuf_16)
                                                         clknet_0_clk (net)
                      0.111993    0.000889    0.225467 ^ clkbuf_1_1__f_clk/I (gf180mcu_fd_sc_mcu7t5v0__clkbuf_16)
     7    0.036131    0.103135    0.237681    0.463148 ^ clkbuf_1_1__f_clk/Z (gf180mcu_fd_sc_mcu7t5v0__clkbuf_16)
                                                         clknet_1_1__leaf_clk (net)
                      0.103135    0.000101    0.463248 ^ _76_/CLK (gf180mcu_fd_sc_mcu7t5v0__dffrnq_1)
     1    0.006382    0.126150    0.698019    1.161268 v _76_/Q (gf180mcu_fd_sc_mcu7t5v0__dffrnq_1)
                                                         shift_reg[10] (net)
                      0.126150    0.000131    1.161398 v _44_/I (gf180mcu_fd_sc_mcu7t5v0__clkinv_1)
     1    0.011007    0.221800    0.166736    1.328134 ^ _44_/ZN (gf180mcu_fd_sc_mcu7t5v0__clkinv_1)
                                                         _22_ (net)
                      0.221800    0.000285    1.328419 ^ _66_/A2 (gf180mcu_fd_sc_mcu7t5v0__oai21_1)
     1    0.006636    0.170633    0.166840    1.495259 v _66_/ZN (gf180mcu_fd_sc_mcu7t5v0__oai21_1)
                                                         _02_ (net)
                      0.170633    0.000150    1.495409 v _77_/D (gf180mcu_fd_sc_mcu7t5v0__dffrnq_1)
                                              1.495409   data arrival time

                                  0.000000    0.000000   clock clk (rise edge)
                                  0.000000    0.000000   clock source latency
     1    0.027515    0.000014    0.000399    0.000399 ^ clk (in)
                                                         clk (net)
                      0.000955    0.000000    0.000399 ^ clkbuf_0_clk/I (gf180mcu_fd_sc_mcu7t5v0__clkbuf_16)
     2    0.046666    0.111991    0.224179    0.224578 ^ clkbuf_0_clk/Z (gf180mcu_fd_sc_mcu7t5v0__clkbuf_16)
                                                         clknet_0_clk (net)
                      0.111993    0.000889    0.225467 ^ clkbuf_1_1__f_clk/I (gf180mcu_fd_sc_mcu7t5v0__clkbuf_16)
     7    0.036131    0.103135    0.237681    0.463148 ^ clkbuf_1_1__f_clk/Z (gf180mcu_fd_sc_mcu7t5v0__clkbuf_16)
                                                         clknet_1_1__leaf_clk (net)
                      0.103135    0.000125    0.463272 ^ _77_/CLK (gf180mcu_fd_sc_mcu7t5v0__dffrnq_1)
                                  0.250000    0.713272   clock uncertainty
                                  0.000000    0.713272   clock reconvergence pessimism
                                  0.122340    0.835613   library hold time
                                              0.835613   data required time
---------------------------------------------------------------------------------------------
                                              0.835613   data required time
                                             -1.495409   data arrival time
---------------------------------------------------------------------------------------------
                                              0.659796   slack (MET)


Startpoint: _72_ (rising edge-triggered flip-flop clocked by clk)
Endpoint: _73_ (rising edge-triggered flip-flop clocked by clk)
Path Group: clk
Path Type: min

Fanout         Cap        Slew       Delay        Time   Description
---------------------------------------------------------------------------------------------
                                  0.000000    0.000000   clock clk (rise edge)
                                  0.000000    0.000000   clock source latency
     1    0.027515    0.000014    0.000399    0.000399 ^ clk (in)
                                                         clk (net)
                      0.000955    0.000000    0.000399 ^ clkbuf_0_clk/I (gf180mcu_fd_sc_mcu7t5v0__clkbuf_16)
     2    0.046666    0.111991    0.224179    0.224578 ^ clkbuf_0_clk/Z (gf180mcu_fd_sc_mcu7t5v0__clkbuf_16)
                                                         clknet_0_clk (net)
                      0.111992    0.000860    0.225439 ^ clkbuf_1_0__f_clk/I (gf180mcu_fd_sc_mcu7t5v0__clkbuf_16)
     6    0.038444    0.105129    0.239207    0.464646 ^ clkbuf_1_0__f_clk/Z (gf180mcu_fd_sc_mcu7t5v0__clkbuf_16)
                                                         clknet_1_0__leaf_clk (net)
                      0.105129    0.000177    0.464823 ^ _72_/CLK (gf180mcu_fd_sc_mcu7t5v0__dffrnq_1)
     1    0.011279    0.168358    0.734053    1.198876 v _72_/Q (gf180mcu_fd_sc_mcu7t5v0__dffrnq_1)
                                                         shift_reg[6] (net)
                      0.168358    0.000309    1.199185 v _40_/I (gf180mcu_fd_sc_mcu7t5v0__clkinv_1)
     1    0.007079    0.167307    0.141515    1.340700 ^ _40_/ZN (gf180mcu_fd_sc_mcu7t5v0__clkinv_1)
                                                         _18_ (net)
                      0.167307    0.000147    1.340847 ^ _58_/A2 (gf180mcu_fd_sc_mcu7t5v0__oai21_1)
     1    0.007155    0.166511    0.162802    1.503649 v _58_/ZN (gf180mcu_fd_sc_mcu7t5v0__oai21_1)
                                                         _09_ (net)
                      0.166511    0.000167    1.503815 v _73_/D (gf180mcu_fd_sc_mcu7t5v0__dffrnq_1)
                                              1.503815   data arrival time

                                  0.000000    0.000000   clock clk (rise edge)
                                  0.000000    0.000000   clock source latency
     1    0.027515    0.000014    0.000399    0.000399 ^ clk (in)
                                                         clk (net)
                      0.000955    0.000000    0.000399 ^ clkbuf_0_clk/I (gf180mcu_fd_sc_mcu7t5v0__clkbuf_16)
     2    0.046666    0.111991    0.224179    0.224578 ^ clkbuf_0_clk/Z (gf180mcu_fd_sc_mcu7t5v0__clkbuf_16)
                                                         clknet_0_clk (net)
                      0.111992    0.000860    0.225439 ^ clkbuf_1_0__f_clk/I (gf180mcu_fd_sc_mcu7t5v0__clkbuf_16)
     6    0.038444    0.105129    0.239207    0.464646 ^ clkbuf_1_0__f_clk/Z (gf180mcu_fd_sc_mcu7t5v0__clkbuf_16)
                                                         clknet_1_0__leaf_clk (net)
                      0.105129    0.000319    0.464965 ^ _73_/CLK (gf180mcu_fd_sc_mcu7t5v0__dffrnq_1)
                                  0.250000    0.714965   clock uncertainty
                                  0.000000    0.714965   clock reconvergence pessimism
                                  0.123546    0.838511   library hold time
                                              0.838511   data required time
---------------------------------------------------------------------------------------------
                                              0.838511   data required time
                                             -1.503815   data arrival time
---------------------------------------------------------------------------------------------
                                              0.665304   slack (MET)


Startpoint: _71_ (rising edge-triggered flip-flop clocked by clk)
Endpoint: _72_ (rising edge-triggered flip-flop clocked by clk)
Path Group: clk
Path Type: min

Fanout         Cap        Slew       Delay        Time   Description
---------------------------------------------------------------------------------------------
                                  0.000000    0.000000   clock clk (rise edge)
                                  0.000000    0.000000   clock source latency
     1    0.027515    0.000014    0.000399    0.000399 ^ clk (in)
                                                         clk (net)
                      0.000955    0.000000    0.000399 ^ clkbuf_0_clk/I (gf180mcu_fd_sc_mcu7t5v0__clkbuf_16)
     2    0.046666    0.111991    0.224179    0.224578 ^ clkbuf_0_clk/Z (gf180mcu_fd_sc_mcu7t5v0__clkbuf_16)
                                                         clknet_0_clk (net)
                      0.111993    0.000889    0.225467 ^ clkbuf_1_1__f_clk/I (gf180mcu_fd_sc_mcu7t5v0__clkbuf_16)
     7    0.036131    0.103135    0.237681    0.463148 ^ clkbuf_1_1__f_clk/Z (gf180mcu_fd_sc_mcu7t5v0__clkbuf_16)
                                                         clknet_1_1__leaf_clk (net)
                      0.103135    0.000086    0.463233 ^ _71_/CLK (gf180mcu_fd_sc_mcu7t5v0__dffrnq_1)
     1    0.009504    0.153727    0.721709    1.184943 v _71_/Q (gf180mcu_fd_sc_mcu7t5v0__dffrnq_1)
                                                         shift_reg[5] (net)
                      0.153727    0.000236    1.185179 v _39_/I (gf180mcu_fd_sc_mcu7t5v0__clkinv_1)
     1    0.012787    0.251362    0.190645    1.375824 ^ _39_/ZN (gf180mcu_fd_sc_mcu7t5v0__clkinv_1)
                                                         _17_ (net)
                      0.251362    0.000370    1.376194 ^ _56_/A2 (gf180mcu_fd_sc_mcu7t5v0__oai21_1)
     1    0.010021    0.201870    0.203550    1.579744 v _56_/ZN (gf180mcu_fd_sc_mcu7t5v0__oai21_1)
                                                         _08_ (net)
                      0.201870    0.000264    1.580008 v _72_/D (gf180mcu_fd_sc_mcu7t5v0__dffrnq_1)
                                              1.580008   data arrival time

                                  0.000000    0.000000   clock clk (rise edge)
                                  0.000000    0.000000   clock source latency
     1    0.027515    0.000014    0.000399    0.000399 ^ clk (in)
                                                         clk (net)
                      0.000955    0.000000    0.000399 ^ clkbuf_0_clk/I (gf180mcu_fd_sc_mcu7t5v0__clkbuf_16)
     2    0.046666    0.111991    0.224179    0.224578 ^ clkbuf_0_clk/Z (gf180mcu_fd_sc_mcu7t5v0__clkbuf_16)
                                                         clknet_0_clk (net)
                      0.111992    0.000860    0.225439 ^ clkbuf_1_0__f_clk/I (gf180mcu_fd_sc_mcu7t5v0__clkbuf_16)
     6    0.038444    0.105129    0.239207    0.464646 ^ clkbuf_1_0__f_clk/Z (gf180mcu_fd_sc_mcu7t5v0__clkbuf_16)
                                                         clknet_1_0__leaf_clk (net)
                      0.105129    0.000177    0.464823 ^ _72_/CLK (gf180mcu_fd_sc_mcu7t5v0__dffrnq_1)
                                  0.250000    0.714823   clock uncertainty
                                  0.000000    0.714823   clock reconvergence pessimism
                                  0.116323    0.831145   library hold time
                                              0.831145   data required time
---------------------------------------------------------------------------------------------
                                              0.831145   data required time
                                             -1.580008   data arrival time
---------------------------------------------------------------------------------------------
                                              0.748863   slack (MET)


Startpoint: _69_ (rising edge-triggered flip-flop clocked by clk)
Endpoint: _70_ (rising edge-triggered flip-flop clocked by clk)
Path Group: clk
Path Type: min

Fanout         Cap        Slew       Delay        Time   Description
---------------------------------------------------------------------------------------------
                                  0.000000    0.000000   clock clk (rise edge)
                                  0.000000    0.000000   clock source latency
     1    0.027515    0.000014    0.000399    0.000399 ^ clk (in)
                                                         clk (net)
                      0.000955    0.000000    0.000399 ^ clkbuf_0_clk/I (gf180mcu_fd_sc_mcu7t5v0__clkbuf_16)
     2    0.046666    0.111991    0.224179    0.224578 ^ clkbuf_0_clk/Z (gf180mcu_fd_sc_mcu7t5v0__clkbuf_16)
                                                         clknet_0_clk (net)
                      0.111993    0.000889    0.225467 ^ clkbuf_1_1__f_clk/I (gf180mcu_fd_sc_mcu7t5v0__clkbuf_16)
     7    0.036131    0.103135    0.237681    0.463148 ^ clkbuf_1_1__f_clk/Z (gf180mcu_fd_sc_mcu7t5v0__clkbuf_16)
                                                         clknet_1_1__leaf_clk (net)
                      0.103135    0.000388    0.463535 ^ _69_/CLK (gf180mcu_fd_sc_mcu7t5v0__dffrnq_1)
     1    0.010608    0.162819    0.729123    1.192659 v _69_/Q (gf180mcu_fd_sc_mcu7t5v0__dffrnq_1)
                                                         shift_reg[3] (net)
                      0.162819    0.000280    1.192938 v _37_/I (gf180mcu_fd_sc_mcu7t5v0__clkinv_1)
     1    0.012634    0.250239    0.191805    1.384743 ^ _37_/ZN (gf180mcu_fd_sc_mcu7t5v0__clkinv_1)
                                                         _15_ (net)
                      0.250239    0.000372    1.385116 ^ _52_/A2 (gf180mcu_fd_sc_mcu7t5v0__oai21_1)
     1    0.009897    0.200573    0.202160    1.587276 v _52_/ZN (gf180mcu_fd_sc_mcu7t5v0__oai21_1)
                                                         _06_ (net)
                      0.200573    0.000284    1.587560 v _70_/D (gf180mcu_fd_sc_mcu7t5v0__dffrnq_1)
                                              1.587560   data arrival time

                                  0.000000    0.000000   clock clk (rise edge)
                                  0.000000    0.000000   clock source latency
     1    0.027515    0.000014    0.000399    0.000399 ^ clk (in)
                                                         clk (net)
                      0.000955    0.000000    0.000399 ^ clkbuf_0_clk/I (gf180mcu_fd_sc_mcu7t5v0__clkbuf_16)
     2    0.046666    0.111991    0.224179    0.224578 ^ clkbuf_0_clk/Z (gf180mcu_fd_sc_mcu7t5v0__clkbuf_16)
                                                         clknet_0_clk (net)
                      0.111993    0.000889    0.225467 ^ clkbuf_1_1__f_clk/I (gf180mcu_fd_sc_mcu7t5v0__clkbuf_16)
     7    0.036131    0.103135    0.237681    0.463148 ^ clkbuf_1_1__f_clk/Z (gf180mcu_fd_sc_mcu7t5v0__clkbuf_16)
                                                         clknet_1_1__leaf_clk (net)
                      0.103135    0.000092    0.463240 ^ _70_/CLK (gf180mcu_fd_sc_mcu7t5v0__dffrnq_1)
                                  0.250000    0.713240   clock uncertainty
                                  0.000000    0.713240   clock reconvergence pessimism
                                  0.116211    0.829450   library hold time
                                              0.829450   data required time
---------------------------------------------------------------------------------------------
                                              0.829450   data required time
                                             -1.587560   data arrival time
---------------------------------------------------------------------------------------------
                                              0.758110   slack (MET)


Startpoint: data_in[0] (input port clocked by clk)
Endpoint: _78_ (rising edge-triggered flip-flop clocked by clk)
Path Group: clk
Path Type: min

Fanout         Cap        Slew       Delay        Time   Description
---------------------------------------------------------------------------------------------
                                  0.000000    0.000000   clock clk (rise edge)
                                  0.000000    0.000000   clock network delay (propagated)
                                  1.000000    1.000000 v input external delay
     1    0.004161    0.000002    0.000035    1.000035 v data_in[0] (in)
                                                         data_in[0] (net)
                      0.000083    0.000000    1.000035 v input1/I (gf180mcu_fd_sc_mcu7t5v0__dlyb_1)
     1    0.005270    0.209368    0.944908    1.944943 v input1/Z (gf180mcu_fd_sc_mcu7t5v0__dlyb_1)
                                                         net1 (net)
                      0.209368    0.000111    1.945054 v _67_/A2 (gf180mcu_fd_sc_mcu7t5v0__and2_1)
     1    0.005478    0.125841    0.297646    2.242701 v _67_/Z (gf180mcu_fd_sc_mcu7t5v0__and2_1)
                                                         _00_ (net)
                      0.125841    0.000069    2.242769 v _78_/D (gf180mcu_fd_sc_mcu7t5v0__dffrnq_1)
                                              2.242769   data arrival time

                                  0.000000    0.000000   clock clk (rise edge)
                                  0.000000    0.000000   clock source latency
     1    0.027515    0.000014    0.000399    0.000399 ^ clk (in)
                                                         clk (net)
                      0.000955    0.000000    0.000399 ^ clkbuf_0_clk/I (gf180mcu_fd_sc_mcu7t5v0__clkbuf_16)
     2    0.046666    0.111991    0.224179    0.224578 ^ clkbuf_0_clk/Z (gf180mcu_fd_sc_mcu7t5v0__clkbuf_16)
                                                         clknet_0_clk (net)
                      0.111992    0.000860    0.225439 ^ clkbuf_1_0__f_clk/I (gf180mcu_fd_sc_mcu7t5v0__clkbuf_16)
     6    0.038444    0.105129    0.239207    0.464646 ^ clkbuf_1_0__f_clk/Z (gf180mcu_fd_sc_mcu7t5v0__clkbuf_16)
                                                         clknet_1_0__leaf_clk (net)
                      0.105129    0.000252    0.464898 ^ _78_/CLK (gf180mcu_fd_sc_mcu7t5v0__dffrnq_1)
                                  0.250000    0.714898   clock uncertainty
                                  0.000000    0.714898   clock reconvergence pessimism
                                  0.131984    0.846881   library hold time
                                              0.846881   data required time
---------------------------------------------------------------------------------------------
                                              0.846881   data required time
                                             -2.242769   data arrival time
---------------------------------------------------------------------------------------------
                                              1.395888   slack (MET)


Startpoint: rst_n (input port clocked by clk)
Endpoint: _72_ (removal check against rising-edge clock clk)
Path Group: asynchronous
Path Type: min

Fanout         Cap        Slew       Delay        Time   Description
---------------------------------------------------------------------------------------------
                                  0.000000    0.000000   clock clk (rise edge)
                                  0.000000    0.000000   clock network delay (propagated)
                                  1.000000    1.000000 ^ input external delay
     1    0.006055    0.000003    0.000068    1.000068 ^ rst_n (in)
                                                         rst_n (net)
                      0.000162    0.000000    1.000068 ^ input14/I (gf180mcu_fd_sc_mcu7t5v0__dlyb_1)
    12    0.106257    1.751901    1.798206    2.798274 ^ input14/Z (gf180mcu_fd_sc_mcu7t5v0__dlyb_1)
                                                         net14 (net)
                      1.751901    0.001388    2.799662 ^ _72_/RN (gf180mcu_fd_sc_mcu7t5v0__dffrnq_1)
                                              2.799662   data arrival time

                                  0.000000    0.000000   clock clk (rise edge)
                                  0.000000    0.000000   clock source latency
     1    0.027515    0.000014    0.000399    0.000399 ^ clk (in)
                                                         clk (net)
                      0.000955    0.000000    0.000399 ^ clkbuf_0_clk/I (gf180mcu_fd_sc_mcu7t5v0__clkbuf_16)
     2    0.046666    0.111991    0.224179    0.224578 ^ clkbuf_0_clk/Z (gf180mcu_fd_sc_mcu7t5v0__clkbuf_16)
                                                         clknet_0_clk (net)
                      0.111992    0.000860    0.225439 ^ clkbuf_1_0__f_clk/I (gf180mcu_fd_sc_mcu7t5v0__clkbuf_16)
     6    0.038444    0.105129    0.239207    0.464646 ^ clkbuf_1_0__f_clk/Z (gf180mcu_fd_sc_mcu7t5v0__clkbuf_16)
                                                         clknet_1_0__leaf_clk (net)
                      0.105129    0.000177    0.464823 ^ _72_/CLK (gf180mcu_fd_sc_mcu7t5v0__dffrnq_1)
                                  0.250000    0.714823   clock uncertainty
                                  0.000000    0.714823   clock reconvergence pessimism
                                  0.447308    1.162130   library removal time
                                              1.162130   data required time
---------------------------------------------------------------------------------------------
                                              1.162130   data required time
                                             -2.799662   data arrival time
---------------------------------------------------------------------------------------------
                                              1.637532   slack (MET)


Startpoint: rst_n (input port clocked by clk)
Endpoint: _68_ (removal check against rising-edge clock clk)
Path Group: asynchronous
Path Type: min

Fanout         Cap        Slew       Delay        Time   Description
---------------------------------------------------------------------------------------------
                                  0.000000    0.000000   clock clk (rise edge)
                                  0.000000    0.000000   clock network delay (propagated)
                                  1.000000    1.000000 ^ input external delay
     1    0.006055    0.000003    0.000068    1.000068 ^ rst_n (in)
                                                         rst_n (net)
                      0.000162    0.000000    1.000068 ^ input14/I (gf180mcu_fd_sc_mcu7t5v0__dlyb_1)
    12    0.106257    1.751901    1.798206    2.798274 ^ input14/Z (gf180mcu_fd_sc_mcu7t5v0__dlyb_1)
                                                         net14 (net)
                      1.751901    0.001597    2.799872 ^ _68_/RN (gf180mcu_fd_sc_mcu7t5v0__dffrnq_1)
                                              2.799872   data arrival time

                                  0.000000    0.000000   clock clk (rise edge)
                                  0.000000    0.000000   clock source latency
     1    0.027515    0.000014    0.000399    0.000399 ^ clk (in)
                                                         clk (net)
                      0.000955    0.000000    0.000399 ^ clkbuf_0_clk/I (gf180mcu_fd_sc_mcu7t5v0__clkbuf_16)
     2    0.046666    0.111991    0.224179    0.224578 ^ clkbuf_0_clk/Z (gf180mcu_fd_sc_mcu7t5v0__clkbuf_16)
                                                         clknet_0_clk (net)
                      0.111992    0.000860    0.225439 ^ clkbuf_1_0__f_clk/I (gf180mcu_fd_sc_mcu7t5v0__clkbuf_16)
     6    0.038444    0.105129    0.239207    0.464646 ^ clkbuf_1_0__f_clk/Z (gf180mcu_fd_sc_mcu7t5v0__clkbuf_16)
                                                         clknet_1_0__leaf_clk (net)
                      0.105129    0.000325    0.464971 ^ _68_/CLK (gf180mcu_fd_sc_mcu7t5v0__dffrnq_1)
                                  0.250000    0.714971   clock uncertainty
                                  0.000000    0.714971   clock reconvergence pessimism
                                  0.447308    1.162279   library removal time
                                              1.162279   data required time
---------------------------------------------------------------------------------------------
                                              1.162279   data required time
                                             -2.799872   data arrival time
---------------------------------------------------------------------------------------------
                                              1.637593   slack (MET)


Startpoint: rst_n (input port clocked by clk)
Endpoint: _73_ (removal check against rising-edge clock clk)
Path Group: asynchronous
Path Type: min

Fanout         Cap        Slew       Delay        Time   Description
---------------------------------------------------------------------------------------------
                                  0.000000    0.000000   clock clk (rise edge)
                                  0.000000    0.000000   clock network delay (propagated)
                                  1.000000    1.000000 ^ input external delay
     1    0.006055    0.000003    0.000068    1.000068 ^ rst_n (in)
                                                         rst_n (net)
                      0.000162    0.000000    1.000068 ^ input14/I (gf180mcu_fd_sc_mcu7t5v0__dlyb_1)
    12    0.106257    1.751901    1.798206    2.798274 ^ input14/Z (gf180mcu_fd_sc_mcu7t5v0__dlyb_1)
                                                         net14 (net)
                      1.751908    0.002033    2.800308 ^ _73_/RN (gf180mcu_fd_sc_mcu7t5v0__dffrnq_1)
                                              2.800308   data arrival time

                                  0.000000    0.000000   clock clk (rise edge)
                                  0.000000    0.000000   clock source latency
     1    0.027515    0.000014    0.000399    0.000399 ^ clk (in)
                                                         clk (net)
                      0.000955    0.000000    0.000399 ^ clkbuf_0_clk/I (gf180mcu_fd_sc_mcu7t5v0__clkbuf_16)
     2    0.046666    0.111991    0.224179    0.224578 ^ clkbuf_0_clk/Z (gf180mcu_fd_sc_mcu7t5v0__clkbuf_16)
                                                         clknet_0_clk (net)
                      0.111992    0.000860    0.225439 ^ clkbuf_1_0__f_clk/I (gf180mcu_fd_sc_mcu7t5v0__clkbuf_16)
     6    0.038444    0.105129    0.239207    0.464646 ^ clkbuf_1_0__f_clk/Z (gf180mcu_fd_sc_mcu7t5v0__clkbuf_16)
                                                         clknet_1_0__leaf_clk (net)
                      0.105129    0.000319    0.464965 ^ _73_/CLK (gf180mcu_fd_sc_mcu7t5v0__dffrnq_1)
                                  0.250000    0.714965   clock uncertainty
                                  0.000000    0.714965   clock reconvergence pessimism
                                  0.447308    1.162273   library removal time
                                              1.162273   data required time
---------------------------------------------------------------------------------------------
                                              1.162273   data required time
                                             -2.800308   data arrival time
---------------------------------------------------------------------------------------------
                                              1.638035   slack (MET)


Startpoint: rst_n (input port clocked by clk)
Endpoint: _78_ (removal check against rising-edge clock clk)
Path Group: asynchronous
Path Type: min

Fanout         Cap        Slew       Delay        Time   Description
---------------------------------------------------------------------------------------------
                                  0.000000    0.000000   clock clk (rise edge)
                                  0.000000    0.000000   clock network delay (propagated)
                                  1.000000    1.000000 ^ input external delay
     1    0.006055    0.000003    0.000068    1.000068 ^ rst_n (in)
                                                         rst_n (net)
                      0.000162    0.000000    1.000068 ^ input14/I (gf180mcu_fd_sc_mcu7t5v0__dlyb_1)
    12    0.106257    1.751901    1.798206    2.798274 ^ input14/Z (gf180mcu_fd_sc_mcu7t5v0__dlyb_1)
                                                         net14 (net)
                      1.751912    0.002484    2.800759 ^ _78_/RN (gf180mcu_fd_sc_mcu7t5v0__dffrnq_1)
                                              2.800759   data arrival time

                                  0.000000    0.000000   clock clk (rise edge)
                                  0.000000    0.000000   clock source latency
     1    0.027515    0.000014    0.000399    0.000399 ^ clk (in)
                                                         clk (net)
                      0.000955    0.000000    0.000399 ^ clkbuf_0_clk/I (gf180mcu_fd_sc_mcu7t5v0__clkbuf_16)
     2    0.046666    0.111991    0.224179    0.224578 ^ clkbuf_0_clk/Z (gf180mcu_fd_sc_mcu7t5v0__clkbuf_16)
                                                         clknet_0_clk (net)
                      0.111992    0.000860    0.225439 ^ clkbuf_1_0__f_clk/I (gf180mcu_fd_sc_mcu7t5v0__clkbuf_16)
     6    0.038444    0.105129    0.239207    0.464646 ^ clkbuf_1_0__f_clk/Z (gf180mcu_fd_sc_mcu7t5v0__clkbuf_16)
                                                         clknet_1_0__leaf_clk (net)
                      0.105129    0.000252    0.464898 ^ _78_/CLK (gf180mcu_fd_sc_mcu7t5v0__dffrnq_1)
                                  0.250000    0.714898   clock uncertainty
                                  0.000000    0.714898   clock reconvergence pessimism
                                  0.447308    1.162206   library removal time
                                              1.162206   data required time
---------------------------------------------------------------------------------------------
                                              1.162206   data required time
                                             -2.800759   data arrival time
---------------------------------------------------------------------------------------------
                                              1.638553   slack (MET)


Startpoint: rst_n (input port clocked by clk)
Endpoint: _74_ (removal check against rising-edge clock clk)
Path Group: asynchronous
Path Type: min

Fanout         Cap        Slew       Delay        Time   Description
---------------------------------------------------------------------------------------------
                                  0.000000    0.000000   clock clk (rise edge)
                                  0.000000    0.000000   clock network delay (propagated)
                                  1.000000    1.000000 ^ input external delay
     1    0.006055    0.000003    0.000068    1.000068 ^ rst_n (in)
                                                         rst_n (net)
                      0.000162    0.000000    1.000068 ^ input14/I (gf180mcu_fd_sc_mcu7t5v0__dlyb_1)
    12    0.106257    1.751901    1.798206    2.798274 ^ input14/Z (gf180mcu_fd_sc_mcu7t5v0__dlyb_1)
                                                         net14 (net)
                      1.751911    0.002455    2.800730 ^ _74_/RN (gf180mcu_fd_sc_mcu7t5v0__dffrnq_1)
                                              2.800730   data arrival time

                                  0.000000    0.000000   clock clk (rise edge)
                                  0.000000    0.000000   clock source latency
     1    0.027515    0.000014    0.000399    0.000399 ^ clk (in)
                                                         clk (net)
                      0.000955    0.000000    0.000399 ^ clkbuf_0_clk/I (gf180mcu_fd_sc_mcu7t5v0__clkbuf_16)
     2    0.046666    0.111991    0.224179    0.224578 ^ clkbuf_0_clk/Z (gf180mcu_fd_sc_mcu7t5v0__clkbuf_16)
                                                         clknet_0_clk (net)
                      0.111992    0.000860    0.225439 ^ clkbuf_1_0__f_clk/I (gf180mcu_fd_sc_mcu7t5v0__clkbuf_16)
     6    0.038444    0.105129    0.239207    0.464646 ^ clkbuf_1_0__f_clk/Z (gf180mcu_fd_sc_mcu7t5v0__clkbuf_16)
                                                         clknet_1_0__leaf_clk (net)
                      0.105129    0.000175    0.464821 ^ _74_/CLK (gf180mcu_fd_sc_mcu7t5v0__dffrnq_1)
                                  0.250000    0.714821   clock uncertainty
                                  0.000000    0.714821   clock reconvergence pessimism
                                  0.447308    1.162129   library removal time
                                              1.162129   data required time
---------------------------------------------------------------------------------------------
                                              1.162129   data required time
                                             -2.800730   data arrival time
---------------------------------------------------------------------------------------------
                                              1.638600   slack (MET)


Startpoint: rst_n (input port clocked by clk)
Endpoint: _69_ (removal check against rising-edge clock clk)
Path Group: asynchronous
Path Type: min

Fanout         Cap        Slew       Delay        Time   Description
---------------------------------------------------------------------------------------------
                                  0.000000    0.000000   clock clk (rise edge)
                                  0.000000    0.000000   clock network delay (propagated)
                                  1.000000    1.000000 ^ input external delay
     1    0.006055    0.000003    0.000068    1.000068 ^ rst_n (in)
                                                         rst_n (net)
                      0.000162    0.000000    1.000068 ^ input14/I (gf180mcu_fd_sc_mcu7t5v0__dlyb_1)
    12    0.106257    1.751901    1.798206    2.798274 ^ input14/Z (gf180mcu_fd_sc_mcu7t5v0__dlyb_1)
                                                         net14 (net)
                      1.751901    0.001299    2.799574 ^ _69_/RN (gf180mcu_fd_sc_mcu7t5v0__dffrnq_1)
                                              2.799574   data arrival time

                                  0.000000    0.000000   clock clk (rise edge)
                                  0.000000    0.000000   clock source latency
     1    0.027515    0.000014    0.000399    0.000399 ^ clk (in)
                                                         clk (net)
                      0.000955    0.000000    0.000399 ^ clkbuf_0_clk/I (gf180mcu_fd_sc_mcu7t5v0__clkbuf_16)
     2    0.046666    0.111991    0.224179    0.224578 ^ clkbuf_0_clk/Z (gf180mcu_fd_sc_mcu7t5v0__clkbuf_16)
                                                         clknet_0_clk (net)
                      0.111993    0.000889    0.225467 ^ clkbuf_1_1__f_clk/I (gf180mcu_fd_sc_mcu7t5v0__clkbuf_16)
     7    0.036131    0.103135    0.237681    0.463148 ^ clkbuf_1_1__f_clk/Z (gf180mcu_fd_sc_mcu7t5v0__clkbuf_16)
                                                         clknet_1_1__leaf_clk (net)
                      0.103135    0.000388    0.463535 ^ _69_/CLK (gf180mcu_fd_sc_mcu7t5v0__dffrnq_1)
                                  0.250000    0.713535   clock uncertainty
                                  0.000000    0.713535   clock reconvergence pessimism
                                  0.446802    1.160337   library removal time
                                              1.160337   data required time
---------------------------------------------------------------------------------------------
                                              1.160337   data required time
                                             -2.799574   data arrival time
---------------------------------------------------------------------------------------------
                                              1.639236   slack (MET)


Startpoint: rst_n (input port clocked by clk)
Endpoint: _75_ (removal check against rising-edge clock clk)
Path Group: asynchronous
Path Type: min

Fanout         Cap        Slew       Delay        Time   Description
---------------------------------------------------------------------------------------------
                                  0.000000    0.000000   clock clk (rise edge)
                                  0.000000    0.000000   clock network delay (propagated)
                                  1.000000    1.000000 ^ input external delay
     1    0.006055    0.000003    0.000068    1.000068 ^ rst_n (in)
                                                         rst_n (net)
                      0.000162    0.000000    1.000068 ^ input14/I (gf180mcu_fd_sc_mcu7t5v0__dlyb_1)
    12    0.106257    1.751901    1.798206    2.798274 ^ input14/Z (gf180mcu_fd_sc_mcu7t5v0__dlyb_1)
                                                         net14 (net)
                      1.751901    0.001514    2.799788 ^ _75_/RN (gf180mcu_fd_sc_mcu7t5v0__dffrnq_1)
                                              2.799788   data arrival time

                                  0.000000    0.000000   clock clk (rise edge)
                                  0.000000    0.000000   clock source latency
     1    0.027515    0.000014    0.000399    0.000399 ^ clk (in)
                                                         clk (net)
                      0.000955    0.000000    0.000399 ^ clkbuf_0_clk/I (gf180mcu_fd_sc_mcu7t5v0__clkbuf_16)
     2    0.046666    0.111991    0.224179    0.224578 ^ clkbuf_0_clk/Z (gf180mcu_fd_sc_mcu7t5v0__clkbuf_16)
                                                         clknet_0_clk (net)
                      0.111993    0.000889    0.225467 ^ clkbuf_1_1__f_clk/I (gf180mcu_fd_sc_mcu7t5v0__clkbuf_16)
     7    0.036131    0.103135    0.237681    0.463148 ^ clkbuf_1_1__f_clk/Z (gf180mcu_fd_sc_mcu7t5v0__clkbuf_16)
                                                         clknet_1_1__leaf_clk (net)
                      0.103135    0.000244    0.463392 ^ _75_/CLK (gf180mcu_fd_sc_mcu7t5v0__dffrnq_1)
                                  0.250000    0.713392   clock uncertainty
                                  0.000000    0.713392   clock reconvergence pessimism
                                  0.446802    1.160194   library removal time
                                              1.160194   data required time
---------------------------------------------------------------------------------------------
                                              1.160194   data required time
                                             -2.799788   data arrival time
---------------------------------------------------------------------------------------------
                                              1.639594   slack (MET)


Startpoint: rst_n (input port clocked by clk)
Endpoint: _77_ (removal check against rising-edge clock clk)
Path Group: asynchronous
Path Type: min

Fanout         Cap        Slew       Delay        Time   Description
---------------------------------------------------------------------------------------------
                                  0.000000    0.000000   clock clk (rise edge)
                                  0.000000    0.000000   clock network delay (propagated)
                                  1.000000    1.000000 ^ input external delay
     1    0.006055    0.000003    0.000068    1.000068 ^ rst_n (in)
                                                         rst_n (net)
                      0.000162    0.000000    1.000068 ^ input14/I (gf180mcu_fd_sc_mcu7t5v0__dlyb_1)
    12    0.106257    1.751901    1.798206    2.798274 ^ input14/Z (gf180mcu_fd_sc_mcu7t5v0__dlyb_1)
                                                         net14 (net)
                      1.751901    0.001419    2.799694 ^ _77_/RN (gf180mcu_fd_sc_mcu7t5v0__dffrnq_1)
                                              2.799694   data arrival time

                                  0.000000    0.000000   clock clk (rise edge)
                                  0.000000    0.000000   clock source latency
     1    0.027515    0.000014    0.000399    0.000399 ^ clk (in)
                                                         clk (net)
                      0.000955    0.000000    0.000399 ^ clkbuf_0_clk/I (gf180mcu_fd_sc_mcu7t5v0__clkbuf_16)
     2    0.046666    0.111991    0.224179    0.224578 ^ clkbuf_0_clk/Z (gf180mcu_fd_sc_mcu7t5v0__clkbuf_16)
                                                         clknet_0_clk (net)
                      0.111993    0.000889    0.225467 ^ clkbuf_1_1__f_clk/I (gf180mcu_fd_sc_mcu7t5v0__clkbuf_16)
     7    0.036131    0.103135    0.237681    0.463148 ^ clkbuf_1_1__f_clk/Z (gf180mcu_fd_sc_mcu7t5v0__clkbuf_16)
                                                         clknet_1_1__leaf_clk (net)
                      0.103135    0.000125    0.463272 ^ _77_/CLK (gf180mcu_fd_sc_mcu7t5v0__dffrnq_1)
                                  0.250000    0.713272   clock uncertainty
                                  0.000000    0.713272   clock reconvergence pessimism
                                  0.446802    1.160074   library removal time
                                              1.160074   data required time
---------------------------------------------------------------------------------------------
                                              1.160074   data required time
                                             -2.799694   data arrival time
---------------------------------------------------------------------------------------------
                                              1.639619   slack (MET)


Startpoint: rst_n (input port clocked by clk)
Endpoint: _70_ (removal check against rising-edge clock clk)
Path Group: asynchronous
Path Type: min

Fanout         Cap        Slew       Delay        Time   Description
---------------------------------------------------------------------------------------------
                                  0.000000    0.000000   clock clk (rise edge)
                                  0.000000    0.000000   clock network delay (propagated)
                                  1.000000    1.000000 ^ input external delay
     1    0.006055    0.000003    0.000068    1.000068 ^ rst_n (in)
                                                         rst_n (net)
                      0.000162    0.000000    1.000068 ^ input14/I (gf180mcu_fd_sc_mcu7t5v0__dlyb_1)
    12    0.106257    1.751901    1.798206    2.798274 ^ input14/Z (gf180mcu_fd_sc_mcu7t5v0__dlyb_1)
                                                         net14 (net)
                      1.751901    0.001395    2.799670 ^ _70_/RN (gf180mcu_fd_sc_mcu7t5v0__dffrnq_1)
                                              2.799670   data arrival time

                                  0.000000    0.000000   clock clk (rise edge)
                                  0.000000    0.000000   clock source latency
     1    0.027515    0.000014    0.000399    0.000399 ^ clk (in)
                                                         clk (net)
                      0.000955    0.000000    0.000399 ^ clkbuf_0_clk/I (gf180mcu_fd_sc_mcu7t5v0__clkbuf_16)
     2    0.046666    0.111991    0.224179    0.224578 ^ clkbuf_0_clk/Z (gf180mcu_fd_sc_mcu7t5v0__clkbuf_16)
                                                         clknet_0_clk (net)
                      0.111993    0.000889    0.225467 ^ clkbuf_1_1__f_clk/I (gf180mcu_fd_sc_mcu7t5v0__clkbuf_16)
     7    0.036131    0.103135    0.237681    0.463148 ^ clkbuf_1_1__f_clk/Z (gf180mcu_fd_sc_mcu7t5v0__clkbuf_16)
                                                         clknet_1_1__leaf_clk (net)
                      0.103135    0.000092    0.463240 ^ _70_/CLK (gf180mcu_fd_sc_mcu7t5v0__dffrnq_1)
                                  0.250000    0.713240   clock uncertainty
                                  0.000000    0.713240   clock reconvergence pessimism
                                  0.446802    1.160042   library removal time
                                              1.160042   data required time
---------------------------------------------------------------------------------------------
                                              1.160042   data required time
                                             -2.799670   data arrival time
---------------------------------------------------------------------------------------------
                                              1.639628   slack (MET)


Startpoint: rst_n (input port clocked by clk)
Endpoint: _71_ (removal check against rising-edge clock clk)
Path Group: asynchronous
Path Type: min

Fanout         Cap        Slew       Delay        Time   Description
---------------------------------------------------------------------------------------------
                                  0.000000    0.000000   clock clk (rise edge)
                                  0.000000    0.000000   clock network delay (propagated)
                                  1.000000    1.000000 ^ input external delay
     1    0.006055    0.000003    0.000068    1.000068 ^ rst_n (in)
                                                         rst_n (net)
                      0.000162    0.000000    1.000068 ^ input14/I (gf180mcu_fd_sc_mcu7t5v0__dlyb_1)
    12    0.106257    1.751901    1.798206    2.798274 ^ input14/Z (gf180mcu_fd_sc_mcu7t5v0__dlyb_1)
                                                         net14 (net)
                      1.751901    0.001430    2.799704 ^ _71_/RN (gf180mcu_fd_sc_mcu7t5v0__dffrnq_1)
                                              2.799704   data arrival time

                                  0.000000    0.000000   clock clk (rise edge)
                                  0.000000    0.000000   clock source latency
     1    0.027515    0.000014    0.000399    0.000399 ^ clk (in)
                                                         clk (net)
                      0.000955    0.000000    0.000399 ^ clkbuf_0_clk/I (gf180mcu_fd_sc_mcu7t5v0__clkbuf_16)
     2    0.046666    0.111991    0.224179    0.224578 ^ clkbuf_0_clk/Z (gf180mcu_fd_sc_mcu7t5v0__clkbuf_16)
                                                         clknet_0_clk (net)
                      0.111993    0.000889    0.225467 ^ clkbuf_1_1__f_clk/I (gf180mcu_fd_sc_mcu7t5v0__clkbuf_16)
     7    0.036131    0.103135    0.237681    0.463148 ^ clkbuf_1_1__f_clk/Z (gf180mcu_fd_sc_mcu7t5v0__clkbuf_16)
                                                         clknet_1_1__leaf_clk (net)
                      0.103135    0.000086    0.463233 ^ _71_/CLK (gf180mcu_fd_sc_mcu7t5v0__dffrnq_1)
                                  0.250000    0.713233   clock uncertainty
                                  0.000000    0.713233   clock reconvergence pessimism
                                  0.446802    1.160035   library removal time
                                              1.160035   data required time
---------------------------------------------------------------------------------------------
                                              1.160035   data required time
                                             -2.799704   data arrival time
---------------------------------------------------------------------------------------------
                                              1.639669   slack (MET)


Startpoint: rst_n (input port clocked by clk)
Endpoint: _76_ (removal check against rising-edge clock clk)
Path Group: asynchronous
Path Type: min

Fanout         Cap        Slew       Delay        Time   Description
---------------------------------------------------------------------------------------------
                                  0.000000    0.000000   clock clk (rise edge)
                                  0.000000    0.000000   clock network delay (propagated)
                                  1.000000    1.000000 ^ input external delay
     1    0.006055    0.000003    0.000068    1.000068 ^ rst_n (in)
                                                         rst_n (net)
                      0.000162    0.000000    1.000068 ^ input14/I (gf180mcu_fd_sc_mcu7t5v0__dlyb_1)
    12    0.106257    1.751901    1.798206    2.798274 ^ input14/Z (gf180mcu_fd_sc_mcu7t5v0__dlyb_1)
                                                         net14 (net)
                      1.751901    0.001505    2.799779 ^ _76_/RN (gf180mcu_fd_sc_mcu7t5v0__dffrnq_1)
                                              2.799779   data arrival time

                                  0.000000    0.000000   clock clk (rise edge)
                                  0.000000    0.000000   clock source latency
     1    0.027515    0.000014    0.000399    0.000399 ^ clk (in)
                                                         clk (net)
                      0.000955    0.000000    0.000399 ^ clkbuf_0_clk/I (gf180mcu_fd_sc_mcu7t5v0__clkbuf_16)
     2    0.046666    0.111991    0.224179    0.224578 ^ clkbuf_0_clk/Z (gf180mcu_fd_sc_mcu7t5v0__clkbuf_16)
                                                         clknet_0_clk (net)
                      0.111993    0.000889    0.225467 ^ clkbuf_1_1__f_clk/I (gf180mcu_fd_sc_mcu7t5v0__clkbuf_16)
     7    0.036131    0.103135    0.237681    0.463148 ^ clkbuf_1_1__f_clk/Z (gf180mcu_fd_sc_mcu7t5v0__clkbuf_16)
                                                         clknet_1_1__leaf_clk (net)
                      0.103135    0.000101    0.463248 ^ _76_/CLK (gf180mcu_fd_sc_mcu7t5v0__dffrnq_1)
                                  0.250000    0.713248   clock uncertainty
                                  0.000000    0.713248   clock reconvergence pessimism
                                  0.446802    1.160050   library removal time
                                              1.160050   data required time
---------------------------------------------------------------------------------------------
                                              1.160050   data required time
                                             -2.799779   data arrival time
---------------------------------------------------------------------------------------------
                                              1.639729   slack (MET)


Startpoint: rst_n (input port clocked by clk)
Endpoint: _79_ (removal check against rising-edge clock clk)
Path Group: asynchronous
Path Type: min

Fanout         Cap        Slew       Delay        Time   Description
---------------------------------------------------------------------------------------------
                                  0.000000    0.000000   clock clk (rise edge)
                                  0.000000    0.000000   clock network delay (propagated)
                                  1.000000    1.000000 ^ input external delay
     1    0.006055    0.000003    0.000068    1.000068 ^ rst_n (in)
                                                         rst_n (net)
                      0.000162    0.000000    1.000068 ^ input14/I (gf180mcu_fd_sc_mcu7t5v0__dlyb_1)
    12    0.106257    1.751901    1.798206    2.798274 ^ input14/Z (gf180mcu_fd_sc_mcu7t5v0__dlyb_1)
                                                         net14 (net)
                      1.751907    0.001886    2.800161 ^ _79_/RN (gf180mcu_fd_sc_mcu7t5v0__dffrnq_1)
                                              2.800161   data arrival time

                                  0.000000    0.000000   clock clk (rise edge)
                                  0.000000    0.000000   clock source latency
     1    0.027515    0.000014    0.000399    0.000399 ^ clk (in)
                                                         clk (net)
                      0.000955    0.000000    0.000399 ^ clkbuf_0_clk/I (gf180mcu_fd_sc_mcu7t5v0__clkbuf_16)
     2    0.046666    0.111991    0.224179    0.224578 ^ clkbuf_0_clk/Z (gf180mcu_fd_sc_mcu7t5v0__clkbuf_16)
                                                         clknet_0_clk (net)
                      0.111993    0.000889    0.225467 ^ clkbuf_1_1__f_clk/I (gf180mcu_fd_sc_mcu7t5v0__clkbuf_16)
     7    0.036131    0.103135    0.237681    0.463148 ^ clkbuf_1_1__f_clk/Z (gf180mcu_fd_sc_mcu7t5v0__clkbuf_16)
                                                         clknet_1_1__leaf_clk (net)
                      0.103135    0.000258    0.463406 ^ _79_/CLK (gf180mcu_fd_sc_mcu7t5v0__dffrnq_1)
                                  0.250000    0.713406   clock uncertainty
                                  0.000000    0.713406   clock reconvergence pessimism
                                  0.446802    1.160208   library removal time
                                              1.160208   data required time
---------------------------------------------------------------------------------------------
                                              1.160208   data required time
                                             -2.800161   data arrival time
---------------------------------------------------------------------------------------------
                                              1.639953   slack (MET)


Startpoint: _77_ (rising edge-triggered flip-flop clocked by clk)
Endpoint: serial_out (output port clocked by clk)
Path Group: clk
Path Type: min

Fanout         Cap        Slew       Delay        Time   Description
---------------------------------------------------------------------------------------------
                                  0.000000    0.000000   clock clk (rise edge)
                                  0.000000    0.000000   clock source latency
     1    0.027515    0.000014    0.000399    0.000399 ^ clk (in)
                                                         clk (net)
                      0.000955    0.000000    0.000399 ^ clkbuf_0_clk/I (gf180mcu_fd_sc_mcu7t5v0__clkbuf_16)
     2    0.046666    0.111991    0.224179    0.224578 ^ clkbuf_0_clk/Z (gf180mcu_fd_sc_mcu7t5v0__clkbuf_16)
                                                         clknet_0_clk (net)
                      0.111993    0.000889    0.225467 ^ clkbuf_1_1__f_clk/I (gf180mcu_fd_sc_mcu7t5v0__clkbuf_16)
     7    0.036131    0.103135    0.237681    0.463148 ^ clkbuf_1_1__f_clk/Z (gf180mcu_fd_sc_mcu7t5v0__clkbuf_16)
                                                         clknet_1_1__leaf_clk (net)
                      0.103135    0.000125    0.463272 ^ _77_/CLK (gf180mcu_fd_sc_mcu7t5v0__dffrnq_1)
     1    0.005385    0.117546    0.689987    1.153260 v _77_/Q (gf180mcu_fd_sc_mcu7t5v0__dffrnq_1)
                                                         net15 (net)
                      0.117546    0.000070    1.153329 v output15/I (gf180mcu_fd_sc_mcu7t5v0__dlyb_1)
     1    0.036403    0.488461    1.238510    2.391839 v output15/Z (gf180mcu_fd_sc_mcu7t5v0__dlyb_1)
                                                         serial_out (net)
                      0.488461    0.000465    2.392304 v serial_out (out)
                                              2.392304   data arrival time

                                  0.000000    0.000000   clock clk (rise edge)
                                  0.000000    0.000000   clock network delay (propagated)
                                  0.250000    0.250000   clock uncertainty
                                  0.000000    0.250000   clock reconvergence pessimism
                                 -1.000000   -0.750000   output external delay
                                             -0.750000   data required time
---------------------------------------------------------------------------------------------
                                             -0.750000   data required time
                                             -2.392304   data arrival time
---------------------------------------------------------------------------------------------
                                              3.142304   slack (MET)



