Clock: clk_div
Sources: clk 
Generated: yes
Virtual: yes
Propagated: no
Period: 0.000000

===========================================================================
report_clock_properties
============================================================================
Clock                   Period          Waveform
----------------------------------------------------

===========================================================================
report_clock_latency
============================================================================
Clock clk_div
rise -> rise
    min     max
0.000000 0.000000 source latency
0.606233         network latency _2087_/CLK
        0.614236 network latency _2144_/CLK
---------------
0.606233 0.614236 latency
        0.008002 skew

fall -> fall
    min     max
0.000000 0.000000 source latency
0.610957         network latency _2087_/CLK
        0.619613 network latency _2144_/CLK
---------------
0.610957 0.619613 latency
        0.008656 skew



===========================================================================
report_clock_min_period
============================================================================
clk_div period_min = 0.00 fmax = inf
