
===========================================================================
 report_power
============================================================================
======================= nom_tt_025C_5v00 Corner ===================================

Group                    Internal    Switching      Leakage        Total
                            Power        Power        Power        Power (Watts)
------------------------------------------------------------------------
Sequential           4.503411e-05 0.000000e+00 1.040448e-07 4.513816e-05   1.2%
Combinational        1.151895e-03 2.582117e-03 1.315682e-07 3.734144e-03  98.8%
Clock                0.000000e+00 0.000000e+00 2.484875e-08 2.484875e-08   0.0%
Macro                0.000000e+00 0.000000e+00 0.000000e+00 0.000000e+00   0.0%
Pad                  0.000000e+00 0.000000e+00 0.000000e+00 0.000000e+00   0.0%
------------------------------------------------------------------------
Total                1.196929e-03 2.582117e-03 2.604598e-07 3.779307e-03 100.0%
                            31.7%        68.3%         0.0%
Writing metric power__internal__total: 0.0011969291372224689
Writing metric power__switching__total: 0.0025821172166615725
Writing metric power__leakage__total: 2.604597852950974e-7
Writing metric power__total: 0.003779306774958968

