Reading timing models for corner nom_tt_025C_5v00…
Reading timing library for the 'nom_tt_025C_5v00' corner at '/foss/pdks/gf180mcuD/libs.ref/gf180mcu_fd_sc_mcu7t5v0/lib/gf180mcu_fd_sc_mcu7t5v0__tt_025C_5v00.lib'…
Reading OpenROAD database at '/foss/designs/low-power-12b-first-order-delta-sigma-adc/src/filter_decimation/runs/RUN_2026-08-25_07-59-21/32-openroad-repairdesignpostgpl/cic_filter.odb'…
Reading design constraints file at 'constraint.sdc'…
[WARNING STA-0345] resistance scale 1e+03 does not match library scale 1e+00.
[INFO] No information on clock propagation in input SDC file-- propagating all clocks.
+ detailed_placement -max_displacement  500 100 
Placement Analysis
---------------------------------
total displacement          0.0 u
average displacement        0.0 u
max displacement            0.0 u
original HPWL           25261.4 u
legalized HPWL          25767.7 u
delta HPWL                    2 %

[INFO DPL-0020] Mirrored 318 instances
[INFO DPL-0021] HPWL before           25767.7 u
[INFO DPL-0022] HPWL after            25261.4 u
[INFO DPL-0023] HPWL delta               -2.0 %
Setting global connections for newly added cells…
[INFO] Setting global connections...
[INFO ODB-0403] 0 connections made, 0 conflicts skipped.
Updating metrics…
Cell type report:                       Count       Area
  Endcap cell                             110     482.94
  Tap cell                                315    1382.98
  Timing Repair Buffer                     21    1123.94
  Inverter                                113     992.23
  Sequential cell                         220   16424.49
  Multi-Input combinational cell          890   17107.19
  Total                                  1669   37513.77
Writing OpenROAD database to '/foss/designs/low-power-12b-first-order-delta-sigma-adc/src/filter_decimation/runs/RUN_2026-08-25_07-59-21/34-openroad-detailedplacement/cic_filter.odb'…
Writing netlist to '/foss/designs/low-power-12b-first-order-delta-sigma-adc/src/filter_decimation/runs/RUN_2026-08-25_07-59-21/34-openroad-detailedplacement/cic_filter.nl.v'…
Writing powered netlist to '/foss/designs/low-power-12b-first-order-delta-sigma-adc/src/filter_decimation/runs/RUN_2026-08-25_07-59-21/34-openroad-detailedplacement/cic_filter.pnl.v'…
Writing layout to '/foss/designs/low-power-12b-first-order-delta-sigma-adc/src/filter_decimation/runs/RUN_2026-08-25_07-59-21/34-openroad-detailedplacement/cic_filter.def'…
Writing timing constraints to '/foss/designs/low-power-12b-first-order-delta-sigma-adc/src/filter_decimation/runs/RUN_2026-08-25_07-59-21/34-openroad-detailedplacement/cic_filter.sdc'…
