Clock: clk
Sources: clk 
Generated: no
Virtual: yes
Propagated: no
Period: 81.379997

===========================================================================
report_clock_properties
============================================================================
Clock                   Period          Waveform
----------------------------------------------------
clk                  81.379997    0.000000 40.689999

===========================================================================
report_clock_latency
============================================================================
Clock clk
rise -> rise
    min     max
0.000000 0.000000 source latency
0.464499         network latency _71_/CLK
        0.466346 network latency _68_/CLK
---------------
0.464499 0.466346 latency
        0.001847 skew

fall -> fall
    min     max
0.000000 0.000000 source latency
0.452925         network latency _71_/CLK
        0.454921 network latency _68_/CLK
---------------
0.452925 0.454921 latency
        0.001997 skew



===========================================================================
report_clock_min_period
============================================================================
clk period_min = 2.15 fmax = 466.15
