
===========================================================================
report_checks -path_delay max (Setup)
============================================================================
======================= nom_tt_025C_5v00 Corner ===================================

Startpoint: load_en (input port clocked by clk)
Endpoint: _70_ (rising edge-triggered flip-flop clocked by clk)
Path Group: clk
Path Type: max

Fanout         Cap        Slew       Delay        Time   Description
---------------------------------------------------------------------------------------------
                                  0.000000    0.000000   clock clk (rise edge)
                                  0.000000    0.000000   clock network delay (propagated)
                                 16.000000   16.000000 ^ input external delay
     1    0.004140    0.000002    0.000037   16.000038 ^ load_en (in)
                                                         load_en (net)
                      0.000086    0.000000   16.000038 ^ input13/I (gf180mcu_fd_sc_mcu7t5v0__dlyb_1)
    23    0.137067    2.248398    2.083132   18.083170 ^ input13/Z (gf180mcu_fd_sc_mcu7t5v0__dlyb_1)
                                                         net13 (net)
                      2.248423    0.004215   18.087385 ^ _51_/A1 (gf180mcu_fd_sc_mcu7t5v0__nand2_1)
     1    0.008818    0.570043    0.218163   18.305548 v _51_/ZN (gf180mcu_fd_sc_mcu7t5v0__nand2_1)
                                                         _26_ (net)
                      0.570043    0.000210   18.305758 v _52_/B (gf180mcu_fd_sc_mcu7t5v0__oai21_1)
     1    0.010722    0.608362    0.395154   18.700912 ^ _52_/ZN (gf180mcu_fd_sc_mcu7t5v0__oai21_1)
                                                         _06_ (net)
                      0.608362    0.000330   18.701242 ^ _70_/D (gf180mcu_fd_sc_mcu7t5v0__dffrnq_1)
                                             18.701242   data arrival time

                                 81.379997   81.379997   clock clk (rise edge)
                                  0.000000   81.379997   clock source latency
     1    0.027987    0.000014    0.000448   81.380447 ^ clk (in)
                                                         clk (net)
                      0.001068    0.000000   81.380447 ^ clkbuf_0_clk/I (gf180mcu_fd_sc_mcu7t5v0__clkbuf_16)
     2    0.046845    0.112143    0.224304   81.604752 ^ clkbuf_0_clk/Z (gf180mcu_fd_sc_mcu7t5v0__clkbuf_16)
                                                         clknet_0_clk (net)
                      0.112145    0.000924   81.605675 ^ clkbuf_1_1__f_clk/I (gf180mcu_fd_sc_mcu7t5v0__clkbuf_16)
     7    0.037678    0.104470    0.238735   81.844406 ^ clkbuf_1_1__f_clk/Z (gf180mcu_fd_sc_mcu7t5v0__clkbuf_16)
                                                         clknet_1_1__leaf_clk (net)
                      0.104470    0.000092   81.844498 ^ _70_/CLK (gf180mcu_fd_sc_mcu7t5v0__dffrnq_1)
                                 -0.250000   81.594505   clock uncertainty
                                  0.000000   81.594505   clock reconvergence pessimism
                                 -0.384178   81.210327   library setup time
                                             81.210327   data required time
---------------------------------------------------------------------------------------------
                                             81.210327   data required time
                                            -18.701242   data arrival time
---------------------------------------------------------------------------------------------
                                             62.509083   slack (MET)


Startpoint: load_en (input port clocked by clk)
Endpoint: _72_ (rising edge-triggered flip-flop clocked by clk)
Path Group: clk
Path Type: max

Fanout         Cap        Slew       Delay        Time   Description
---------------------------------------------------------------------------------------------
                                  0.000000    0.000000   clock clk (rise edge)
                                  0.000000    0.000000   clock network delay (propagated)
                                 16.000000   16.000000 ^ input external delay
     1    0.004140    0.000002    0.000037   16.000038 ^ load_en (in)
                                                         load_en (net)
                      0.000086    0.000000   16.000038 ^ input13/I (gf180mcu_fd_sc_mcu7t5v0__dlyb_1)
    23    0.137067    2.248398    2.083132   18.083170 ^ input13/Z (gf180mcu_fd_sc_mcu7t5v0__dlyb_1)
                                                         net13 (net)
                      2.248417    0.003716   18.086885 ^ _55_/A1 (gf180mcu_fd_sc_mcu7t5v0__nand2_1)
     1    0.008783    0.569467    0.217550   18.304436 v _55_/ZN (gf180mcu_fd_sc_mcu7t5v0__nand2_1)
                                                         _28_ (net)
                      0.569467    0.000201   18.304636 v _56_/B (gf180mcu_fd_sc_mcu7t5v0__oai21_1)
     1    0.010895    0.612562    0.396730   18.701366 ^ _56_/ZN (gf180mcu_fd_sc_mcu7t5v0__oai21_1)
                                                         _08_ (net)
                      0.612562    0.000309   18.701675 ^ _72_/D (gf180mcu_fd_sc_mcu7t5v0__dffrnq_1)
                                             18.701675   data arrival time

                                 81.379997   81.379997   clock clk (rise edge)
                                  0.000000   81.379997   clock source latency
     1    0.027987    0.000014    0.000448   81.380447 ^ clk (in)
                                                         clk (net)
                      0.001068    0.000000   81.380447 ^ clkbuf_0_clk/I (gf180mcu_fd_sc_mcu7t5v0__clkbuf_16)
     2    0.046845    0.112143    0.224304   81.604752 ^ clkbuf_0_clk/Z (gf180mcu_fd_sc_mcu7t5v0__clkbuf_16)
                                                         clknet_0_clk (net)
                      0.112145    0.000888   81.605637 ^ clkbuf_1_0__f_clk/I (gf180mcu_fd_sc_mcu7t5v0__clkbuf_16)
     6    0.040136    0.106587    0.240362   81.846001 ^ clkbuf_1_0__f_clk/Z (gf180mcu_fd_sc_mcu7t5v0__clkbuf_16)
                                                         clknet_1_0__leaf_clk (net)
                      0.106587    0.000192   81.846191 ^ _72_/CLK (gf180mcu_fd_sc_mcu7t5v0__dffrnq_1)
                                 -0.250000   81.596191   clock uncertainty
                                  0.000000   81.596191   clock reconvergence pessimism
                                 -0.384383   81.211815   library setup time
                                             81.211815   data required time
---------------------------------------------------------------------------------------------
                                             81.211815   data required time
                                            -18.701675   data arrival time
---------------------------------------------------------------------------------------------
                                             62.510136   slack (MET)


Startpoint: load_en (input port clocked by clk)
Endpoint: _71_ (rising edge-triggered flip-flop clocked by clk)
Path Group: clk
Path Type: max

Fanout         Cap        Slew       Delay        Time   Description
---------------------------------------------------------------------------------------------
                                  0.000000    0.000000   clock clk (rise edge)
                                  0.000000    0.000000   clock network delay (propagated)
                                 16.000000   16.000000 ^ input external delay
     1    0.004140    0.000002    0.000037   16.000038 ^ load_en (in)
                                                         load_en (net)
                      0.000086    0.000000   16.000038 ^ input13/I (gf180mcu_fd_sc_mcu7t5v0__dlyb_1)
    23    0.137067    2.248398    2.083132   18.083170 ^ input13/Z (gf180mcu_fd_sc_mcu7t5v0__dlyb_1)
                                                         net13 (net)
                      2.248421    0.004050   18.087219 ^ _53_/A1 (gf180mcu_fd_sc_mcu7t5v0__nand2_1)
     1    0.009924    0.588639    0.238076   18.325296 v _53_/ZN (gf180mcu_fd_sc_mcu7t5v0__nand2_1)
                                                         _27_ (net)
                      0.588639    0.000254   18.325550 v _54_/B (gf180mcu_fd_sc_mcu7t5v0__oai21_1)
     1    0.006641    0.506802    0.356785   18.682335 ^ _54_/ZN (gf180mcu_fd_sc_mcu7t5v0__oai21_1)
                                                         _07_ (net)
                      0.506802    0.000156   18.682491 ^ _71_/D (gf180mcu_fd_sc_mcu7t5v0__dffrnq_1)
                                             18.682491   data arrival time

                                 81.379997   81.379997   clock clk (rise edge)
                                  0.000000   81.379997   clock source latency
     1    0.027987    0.000014    0.000448   81.380447 ^ clk (in)
                                                         clk (net)
                      0.001068    0.000000   81.380447 ^ clkbuf_0_clk/I (gf180mcu_fd_sc_mcu7t5v0__clkbuf_16)
     2    0.046845    0.112143    0.224304   81.604752 ^ clkbuf_0_clk/Z (gf180mcu_fd_sc_mcu7t5v0__clkbuf_16)
                                                         clknet_0_clk (net)
                      0.112145    0.000924   81.605675 ^ clkbuf_1_1__f_clk/I (gf180mcu_fd_sc_mcu7t5v0__clkbuf_16)
     7    0.037678    0.104470    0.238735   81.844406 ^ clkbuf_1_1__f_clk/Z (gf180mcu_fd_sc_mcu7t5v0__clkbuf_16)
                                                         clknet_1_1__leaf_clk (net)
                      0.104470    0.000085   81.844490 ^ _71_/CLK (gf180mcu_fd_sc_mcu7t5v0__dffrnq_1)
                                 -0.250000   81.594498   clock uncertainty
                                  0.000000   81.594498   clock reconvergence pessimism
                                 -0.368652   81.225845   library setup time
                                             81.225845   data required time
---------------------------------------------------------------------------------------------
                                             81.225845   data required time
                                            -18.682491   data arrival time
---------------------------------------------------------------------------------------------
                                             62.543350   slack (MET)


Startpoint: load_en (input port clocked by clk)
Endpoint: _77_ (rising edge-triggered flip-flop clocked by clk)
Path Group: clk
Path Type: max

Fanout         Cap        Slew       Delay        Time   Description
---------------------------------------------------------------------------------------------
                                  0.000000    0.000000   clock clk (rise edge)
                                  0.000000    0.000000   clock network delay (propagated)
                                 16.000000   16.000000 ^ input external delay
     1    0.004140    0.000002    0.000037   16.000038 ^ load_en (in)
                                                         load_en (net)
                      0.000086    0.000000   16.000038 ^ input13/I (gf180mcu_fd_sc_mcu7t5v0__dlyb_1)
    23    0.137067    2.248398    2.083132   18.083170 ^ input13/Z (gf180mcu_fd_sc_mcu7t5v0__dlyb_1)
                                                         net13 (net)
                      2.248424    0.004329   18.087498 ^ _65_/A1 (gf180mcu_fd_sc_mcu7t5v0__nand2_1)
     1    0.008290    0.561163    0.208685   18.296183 v _65_/ZN (gf180mcu_fd_sc_mcu7t5v0__nand2_1)
                                                         _33_ (net)
                      0.561163    0.000128   18.296310 v _66_/B (gf180mcu_fd_sc_mcu7t5v0__oai21_1)
     1    0.007103    0.517953    0.353438   18.649750 ^ _66_/ZN (gf180mcu_fd_sc_mcu7t5v0__oai21_1)
                                                         _02_ (net)
                      0.517953    0.000167   18.649916 ^ _77_/D (gf180mcu_fd_sc_mcu7t5v0__dffrnq_1)
                                             18.649916   data arrival time

                                 81.379997   81.379997   clock clk (rise edge)
                                  0.000000   81.379997   clock source latency
     1    0.027987    0.000014    0.000448   81.380447 ^ clk (in)
                                                         clk (net)
                      0.001068    0.000000   81.380447 ^ clkbuf_0_clk/I (gf180mcu_fd_sc_mcu7t5v0__clkbuf_16)
     2    0.046845    0.112143    0.224304   81.604752 ^ clkbuf_0_clk/Z (gf180mcu_fd_sc_mcu7t5v0__clkbuf_16)
                                                         clknet_0_clk (net)
                      0.112145    0.000924   81.605675 ^ clkbuf_1_1__f_clk/I (gf180mcu_fd_sc_mcu7t5v0__clkbuf_16)
     7    0.037678    0.104470    0.238735   81.844406 ^ clkbuf_1_1__f_clk/Z (gf180mcu_fd_sc_mcu7t5v0__clkbuf_16)
                                                         clknet_1_1__leaf_clk (net)
                      0.104470    0.000128   81.844536 ^ _77_/CLK (gf180mcu_fd_sc_mcu7t5v0__dffrnq_1)
                                 -0.250000   81.594536   clock uncertainty
                                  0.000000   81.594536   clock reconvergence pessimism
                                 -0.370356   81.224182   library setup time
                                             81.224182   data required time
---------------------------------------------------------------------------------------------
                                             81.224182   data required time
                                            -18.649916   data arrival time
---------------------------------------------------------------------------------------------
                                             62.574268   slack (MET)


Startpoint: load_en (input port clocked by clk)
Endpoint: _68_ (rising edge-triggered flip-flop clocked by clk)
Path Group: clk
Path Type: max

Fanout         Cap        Slew       Delay        Time   Description
---------------------------------------------------------------------------------------------
                                  0.000000    0.000000   clock clk (rise edge)
                                  0.000000    0.000000   clock network delay (propagated)
                                 16.000000   16.000000 ^ input external delay
     1    0.004140    0.000002    0.000037   16.000038 ^ load_en (in)
                                                         load_en (net)
                      0.000086    0.000000   16.000038 ^ input13/I (gf180mcu_fd_sc_mcu7t5v0__dlyb_1)
    23    0.137067    2.248398    2.083132   18.083170 ^ input13/Z (gf180mcu_fd_sc_mcu7t5v0__dlyb_1)
                                                         net13 (net)
                      2.248418    0.003757   18.086926 ^ _47_/A1 (gf180mcu_fd_sc_mcu7t5v0__nand2_1)
     1    0.009791    0.586401    0.235682   18.322607 v _47_/ZN (gf180mcu_fd_sc_mcu7t5v0__nand2_1)
                                                         _24_ (net)
                      0.586401    0.000247   18.322855 v _48_/B (gf180mcu_fd_sc_mcu7t5v0__oai21_1)
     1    0.003715    0.433589    0.323267   18.646122 ^ _48_/ZN (gf180mcu_fd_sc_mcu7t5v0__oai21_1)
                                                         _04_ (net)
                      0.433589    0.000037   18.646158 ^ _68_/D (gf180mcu_fd_sc_mcu7t5v0__dffrnq_1)
                                             18.646158   data arrival time

                                 81.379997   81.379997   clock clk (rise edge)
                                  0.000000   81.379997   clock source latency
     1    0.027987    0.000014    0.000448   81.380447 ^ clk (in)
                                                         clk (net)
                      0.001068    0.000000   81.380447 ^ clkbuf_0_clk/I (gf180mcu_fd_sc_mcu7t5v0__clkbuf_16)
     2    0.046845    0.112143    0.224304   81.604752 ^ clkbuf_0_clk/Z (gf180mcu_fd_sc_mcu7t5v0__clkbuf_16)
                                                         clknet_0_clk (net)
                      0.112145    0.000888   81.605637 ^ clkbuf_1_0__f_clk/I (gf180mcu_fd_sc_mcu7t5v0__clkbuf_16)
     6    0.040136    0.106587    0.240362   81.846001 ^ clkbuf_1_0__f_clk/Z (gf180mcu_fd_sc_mcu7t5v0__clkbuf_16)
                                                         clknet_1_0__leaf_clk (net)
                      0.106588    0.000341   81.846336 ^ _68_/CLK (gf180mcu_fd_sc_mcu7t5v0__dffrnq_1)
                                 -0.250000   81.596344   clock uncertainty
                                  0.000000   81.596344   clock reconvergence pessimism
                                 -0.357116   81.239227   library setup time
                                             81.239227   data required time
---------------------------------------------------------------------------------------------
                                             81.239227   data required time
                                            -18.646158   data arrival time
---------------------------------------------------------------------------------------------
                                             62.593060   slack (MET)


Startpoint: _77_ (rising edge-triggered flip-flop clocked by clk)
Endpoint: serial_out (output port clocked by clk)
Path Group: clk
Path Type: max

Fanout         Cap        Slew       Delay        Time   Description
---------------------------------------------------------------------------------------------
                                  0.000000    0.000000   clock clk (rise edge)
                                  0.000000    0.000000   clock source latency
     1    0.027987    0.000014    0.000445    0.000445 ^ clk (in)
                                                         clk (net)
                      0.001068    0.000000    0.000445 ^ clkbuf_0_clk/I (gf180mcu_fd_sc_mcu7t5v0__clkbuf_16)
     2    0.046845    0.112143    0.224307    0.224752 ^ clkbuf_0_clk/Z (gf180mcu_fd_sc_mcu7t5v0__clkbuf_16)
                                                         clknet_0_clk (net)
                      0.112145    0.000921    0.225672 ^ clkbuf_1_1__f_clk/I (gf180mcu_fd_sc_mcu7t5v0__clkbuf_16)
     7    0.037678    0.104470    0.238737    0.464409 ^ clkbuf_1_1__f_clk/Z (gf180mcu_fd_sc_mcu7t5v0__clkbuf_16)
                                                         clknet_1_1__leaf_clk (net)
                      0.104470    0.000131    0.464540 ^ _77_/CLK (gf180mcu_fd_sc_mcu7t5v0__dffrnq_1)
     1    0.005685    0.184635    0.887002    1.351543 ^ _77_/Q (gf180mcu_fd_sc_mcu7t5v0__dffrnq_1)
                                                         net15 (net)
                      0.184635    0.000078    1.351621 ^ output15/I (gf180mcu_fd_sc_mcu7t5v0__dlyb_1)
     1    0.036509    0.640920    1.183228    2.534849 ^ output15/Z (gf180mcu_fd_sc_mcu7t5v0__dlyb_1)
                                                         serial_out (net)
                      0.640920    0.000492    2.535341 ^ serial_out (out)
                                              2.535341   data arrival time

                                 81.379997   81.379997   clock clk (rise edge)
                                  0.000000   81.379997   clock network delay (propagated)
                                 -0.250000   81.129997   clock uncertainty
                                  0.000000   81.129997   clock reconvergence pessimism
                                -16.000000   65.129997   output external delay
                                             65.129997   data required time
---------------------------------------------------------------------------------------------
                                             65.129997   data required time
                                             -2.535341   data arrival time
---------------------------------------------------------------------------------------------
                                             62.594654   slack (MET)


Startpoint: load_en (input port clocked by clk)
Endpoint: _69_ (rising edge-triggered flip-flop clocked by clk)
Path Group: clk
Path Type: max

Fanout         Cap        Slew       Delay        Time   Description
---------------------------------------------------------------------------------------------
                                  0.000000    0.000000   clock clk (rise edge)
                                  0.000000    0.000000   clock network delay (propagated)
                                 16.000000   16.000000 ^ input external delay
     1    0.004140    0.000002    0.000037   16.000038 ^ load_en (in)
                                                         load_en (net)
                      0.000086    0.000000   16.000038 ^ input13/I (gf180mcu_fd_sc_mcu7t5v0__dlyb_1)
    23    0.137067    2.248398    2.083132   18.083170 ^ input13/Z (gf180mcu_fd_sc_mcu7t5v0__dlyb_1)
                                                         net13 (net)
                      2.248420    0.003954   18.087124 ^ _49_/A1 (gf180mcu_fd_sc_mcu7t5v0__nand2_1)
     1    0.007718    0.551539    0.198376   18.285500 v _49_/ZN (gf180mcu_fd_sc_mcu7t5v0__nand2_1)
                                                         _25_ (net)
                      0.551539    0.000167   18.285667 v _50_/B (gf180mcu_fd_sc_mcu7t5v0__oai21_1)
     1    0.004003    0.441926    0.316511   18.602179 ^ _50_/ZN (gf180mcu_fd_sc_mcu7t5v0__oai21_1)
                                                         _05_ (net)
                      0.441926    0.000043   18.602221 ^ _69_/D (gf180mcu_fd_sc_mcu7t5v0__dffrnq_1)
                                             18.602221   data arrival time

                                 81.379997   81.379997   clock clk (rise edge)
                                  0.000000   81.379997   clock source latency
     1    0.027987    0.000014    0.000448   81.380447 ^ clk (in)
                                                         clk (net)
                      0.001068    0.000000   81.380447 ^ clkbuf_0_clk/I (gf180mcu_fd_sc_mcu7t5v0__clkbuf_16)
     2    0.046845    0.112143    0.224304   81.604752 ^ clkbuf_0_clk/Z (gf180mcu_fd_sc_mcu7t5v0__clkbuf_16)
                                                         clknet_0_clk (net)
                      0.112145    0.000924   81.605675 ^ clkbuf_1_1__f_clk/I (gf180mcu_fd_sc_mcu7t5v0__clkbuf_16)
     7    0.037678    0.104470    0.238735   81.844406 ^ clkbuf_1_1__f_clk/Z (gf180mcu_fd_sc_mcu7t5v0__clkbuf_16)
                                                         clknet_1_1__leaf_clk (net)
                      0.104470    0.000426   81.844833 ^ _69_/CLK (gf180mcu_fd_sc_mcu7t5v0__dffrnq_1)
                                 -0.250000   81.594833   clock uncertainty
                                  0.000000   81.594833   clock reconvergence pessimism
                                 -0.358733   81.236107   library setup time
                                             81.236107   data required time
---------------------------------------------------------------------------------------------
                                             81.236107   data required time
                                            -18.602221   data arrival time
---------------------------------------------------------------------------------------------
                                             62.633881   slack (MET)


Startpoint: load_en (input port clocked by clk)
Endpoint: _73_ (rising edge-triggered flip-flop clocked by clk)
Path Group: clk
Path Type: max

Fanout         Cap        Slew       Delay        Time   Description
---------------------------------------------------------------------------------------------
                                  0.000000    0.000000   clock clk (rise edge)
                                  0.000000    0.000000   clock network delay (propagated)
                                 16.000000   16.000000 ^ input external delay
     1    0.004140    0.000002    0.000037   16.000038 ^ load_en (in)
                                                         load_en (net)
                      0.000086    0.000000   16.000038 ^ input13/I (gf180mcu_fd_sc_mcu7t5v0__dlyb_1)
    23    0.137067    2.248398    2.083132   18.083170 ^ input13/Z (gf180mcu_fd_sc_mcu7t5v0__dlyb_1)
                                                         net13 (net)
                      2.248398    0.002089   18.085258 ^ _57_/A1 (gf180mcu_fd_sc_mcu7t5v0__nand2_1)
     1    0.005946    0.513092    0.158360   18.243618 v _57_/ZN (gf180mcu_fd_sc_mcu7t5v0__nand2_1)
                                                         _29_ (net)
                      0.513092    0.000068   18.243687 v _58_/B (gf180mcu_fd_sc_mcu7t5v0__oai21_1)
     1    0.007652    0.531229    0.344611   18.588297 ^ _58_/ZN (gf180mcu_fd_sc_mcu7t5v0__oai21_1)
                                                         _09_ (net)
                      0.531229    0.000187   18.588484 ^ _73_/D (gf180mcu_fd_sc_mcu7t5v0__dffrnq_1)
                                             18.588484   data arrival time

                                 81.379997   81.379997   clock clk (rise edge)
                                  0.000000   81.379997   clock source latency
     1    0.027987    0.000014    0.000448   81.380447 ^ clk (in)
                                                         clk (net)
                      0.001068    0.000000   81.380447 ^ clkbuf_0_clk/I (gf180mcu_fd_sc_mcu7t5v0__clkbuf_16)
     2    0.046845    0.112143    0.224304   81.604752 ^ clkbuf_0_clk/Z (gf180mcu_fd_sc_mcu7t5v0__clkbuf_16)
                                                         clknet_0_clk (net)
                      0.112145    0.000888   81.605637 ^ clkbuf_1_0__f_clk/I (gf180mcu_fd_sc_mcu7t5v0__clkbuf_16)
     6    0.040136    0.106587    0.240362   81.846001 ^ clkbuf_1_0__f_clk/Z (gf180mcu_fd_sc_mcu7t5v0__clkbuf_16)
                                                         clknet_1_0__leaf_clk (net)
                      0.106588    0.000334   81.846336 ^ _73_/CLK (gf180mcu_fd_sc_mcu7t5v0__dffrnq_1)
                                 -0.250000   81.596336   clock uncertainty
                                  0.000000   81.596336   clock reconvergence pessimism
                                 -0.371992   81.224342   library setup time
                                             81.224342   data required time
---------------------------------------------------------------------------------------------
                                             81.224342   data required time
                                            -18.588484   data arrival time
---------------------------------------------------------------------------------------------
                                             62.635864   slack (MET)


Startpoint: load_en (input port clocked by clk)
Endpoint: _75_ (rising edge-triggered flip-flop clocked by clk)
Path Group: clk
Path Type: max

Fanout         Cap        Slew       Delay        Time   Description
---------------------------------------------------------------------------------------------
                                  0.000000    0.000000   clock clk (rise edge)
                                  0.000000    0.000000   clock network delay (propagated)
                                 16.000000   16.000000 ^ input external delay
     1    0.004140    0.000002    0.000037   16.000038 ^ load_en (in)
                                                         load_en (net)
                      0.000086    0.000000   16.000038 ^ input13/I (gf180mcu_fd_sc_mcu7t5v0__dlyb_1)
    23    0.137067    2.248398    2.083132   18.083170 ^ input13/Z (gf180mcu_fd_sc_mcu7t5v0__dlyb_1)
                                                         net13 (net)
                      2.248425    0.004423   18.087593 ^ _61_/A1 (gf180mcu_fd_sc_mcu7t5v0__nand2_1)
     1    0.006461    0.526052    0.170189   18.257782 v _61_/ZN (gf180mcu_fd_sc_mcu7t5v0__nand2_1)
                                                         _31_ (net)
                      0.526052    0.000071   18.257853 v _62_/B (gf180mcu_fd_sc_mcu7t5v0__oai21_1)
     1    0.003778    0.435415    0.306537   18.564390 ^ _62_/ZN (gf180mcu_fd_sc_mcu7t5v0__oai21_1)
                                                         _11_ (net)
                      0.435415    0.000037   18.564426 ^ _75_/D (gf180mcu_fd_sc_mcu7t5v0__dffrnq_1)
                                             18.564426   data arrival time

                                 81.379997   81.379997   clock clk (rise edge)
                                  0.000000   81.379997   clock source latency
     1    0.027987    0.000014    0.000448   81.380447 ^ clk (in)
                                                         clk (net)
                      0.001068    0.000000   81.380447 ^ clkbuf_0_clk/I (gf180mcu_fd_sc_mcu7t5v0__clkbuf_16)
     2    0.046845    0.112143    0.224304   81.604752 ^ clkbuf_0_clk/Z (gf180mcu_fd_sc_mcu7t5v0__clkbuf_16)
                                                         clknet_0_clk (net)
                      0.112145    0.000924   81.605675 ^ clkbuf_1_1__f_clk/I (gf180mcu_fd_sc_mcu7t5v0__clkbuf_16)
     7    0.037678    0.104470    0.238735   81.844406 ^ clkbuf_1_1__f_clk/Z (gf180mcu_fd_sc_mcu7t5v0__clkbuf_16)
                                                         clknet_1_1__leaf_clk (net)
                      0.104470    0.000263   81.844673 ^ _75_/CLK (gf180mcu_fd_sc_mcu7t5v0__dffrnq_1)
                                 -0.250000   81.594673   clock uncertainty
                                  0.000000   81.594673   clock reconvergence pessimism
                                 -0.357738   81.236938   library setup time
                                             81.236938   data required time
---------------------------------------------------------------------------------------------
                                             81.236938   data required time
                                            -18.564426   data arrival time
---------------------------------------------------------------------------------------------
                                             62.672508   slack (MET)


Startpoint: load_en (input port clocked by clk)
Endpoint: _79_ (rising edge-triggered flip-flop clocked by clk)
Path Group: clk
Path Type: max

Fanout         Cap        Slew       Delay        Time   Description
---------------------------------------------------------------------------------------------
                                  0.000000    0.000000   clock clk (rise edge)
                                  0.000000    0.000000   clock network delay (propagated)
                                 16.000000   16.000000 ^ input external delay
     1    0.004140    0.000002    0.000037   16.000038 ^ load_en (in)
                                                         load_en (net)
                      0.000086    0.000000   16.000038 ^ input13/I (gf180mcu_fd_sc_mcu7t5v0__dlyb_1)
    23    0.137067    2.248398    2.083132   18.083170 ^ input13/Z (gf180mcu_fd_sc_mcu7t5v0__dlyb_1)
                                                         net13 (net)
                      2.248408    0.002727   18.085896 ^ _45_/A2 (gf180mcu_fd_sc_mcu7t5v0__nand2_1)
     1    0.008081    0.521313    0.117506   18.203402 v _45_/ZN (gf180mcu_fd_sc_mcu7t5v0__nand2_1)
                                                         _23_ (net)
                      0.521313    0.000188   18.203590 v _46_/B (gf180mcu_fd_sc_mcu7t5v0__oai21_1)
     1    0.007157    0.539933    0.341879   18.545469 ^ _46_/ZN (gf180mcu_fd_sc_mcu7t5v0__oai21_1)
                                                         _03_ (net)
                      0.539933    0.000167   18.545637 ^ _79_/D (gf180mcu_fd_sc_mcu7t5v0__dffrnq_1)
                                             18.545637   data arrival time

                                 81.379997   81.379997   clock clk (rise edge)
                                  0.000000   81.379997   clock source latency
     1    0.027987    0.000014    0.000448   81.380447 ^ clk (in)
                                                         clk (net)
                      0.001068    0.000000   81.380447 ^ clkbuf_0_clk/I (gf180mcu_fd_sc_mcu7t5v0__clkbuf_16)
     2    0.046845    0.112143    0.224304   81.604752 ^ clkbuf_0_clk/Z (gf180mcu_fd_sc_mcu7t5v0__clkbuf_16)
                                                         clknet_0_clk (net)
                      0.112145    0.000924   81.605675 ^ clkbuf_1_1__f_clk/I (gf180mcu_fd_sc_mcu7t5v0__clkbuf_16)
     7    0.037678    0.104470    0.238735   81.844406 ^ clkbuf_1_1__f_clk/Z (gf180mcu_fd_sc_mcu7t5v0__clkbuf_16)
                                                         clknet_1_1__leaf_clk (net)
                      0.104470    0.000277   81.844681 ^ _79_/CLK (gf180mcu_fd_sc_mcu7t5v0__dffrnq_1)
                                 -0.250000   81.594688   clock uncertainty
                                  0.000000   81.594688   clock reconvergence pessimism
                                 -0.373717   81.220970   library setup time
                                             81.220970   data required time
---------------------------------------------------------------------------------------------
                                             81.220970   data required time
                                            -18.545637   data arrival time
---------------------------------------------------------------------------------------------
                                             62.675335   slack (MET)


Startpoint: load_en (input port clocked by clk)
Endpoint: _74_ (rising edge-triggered flip-flop clocked by clk)
Path Group: clk
Path Type: max

Fanout         Cap        Slew       Delay        Time   Description
---------------------------------------------------------------------------------------------
                                  0.000000    0.000000   clock clk (rise edge)
                                  0.000000    0.000000   clock network delay (propagated)
                                 16.000000   16.000000 ^ input external delay
     1    0.004140    0.000002    0.000037   16.000038 ^ load_en (in)
                                                         load_en (net)
                      0.000086    0.000000   16.000038 ^ input13/I (gf180mcu_fd_sc_mcu7t5v0__dlyb_1)
    23    0.137067    2.248398    2.083132   18.083170 ^ input13/Z (gf180mcu_fd_sc_mcu7t5v0__dlyb_1)
                                                         net13 (net)
                      2.248398    0.002052   18.085220 ^ _59_/A1 (gf180mcu_fd_sc_mcu7t5v0__nand2_1)
     1    0.005898    0.511868    0.157243   18.242464 v _59_/ZN (gf180mcu_fd_sc_mcu7t5v0__nand2_1)
                                                         _30_ (net)
                      0.511868    0.000062   18.242527 v _60_/B (gf180mcu_fd_sc_mcu7t5v0__oai21_1)
     1    0.003911    0.439283    0.303944   18.546471 ^ _60_/ZN (gf180mcu_fd_sc_mcu7t5v0__oai21_1)
                                                         _10_ (net)
                      0.439283    0.000041   18.546511 ^ _74_/D (gf180mcu_fd_sc_mcu7t5v0__dffrnq_1)
                                             18.546511   data arrival time

                                 81.379997   81.379997   clock clk (rise edge)
                                  0.000000   81.379997   clock source latency
     1    0.027987    0.000014    0.000448   81.380447 ^ clk (in)
                                                         clk (net)
                      0.001068    0.000000   81.380447 ^ clkbuf_0_clk/I (gf180mcu_fd_sc_mcu7t5v0__clkbuf_16)
     2    0.046845    0.112143    0.224304   81.604752 ^ clkbuf_0_clk/Z (gf180mcu_fd_sc_mcu7t5v0__clkbuf_16)
                                                         clknet_0_clk (net)
                      0.112145    0.000888   81.605637 ^ clkbuf_1_0__f_clk/I (gf180mcu_fd_sc_mcu7t5v0__clkbuf_16)
     6    0.040136    0.106587    0.240362   81.846001 ^ clkbuf_1_0__f_clk/Z (gf180mcu_fd_sc_mcu7t5v0__clkbuf_16)
                                                         clknet_1_0__leaf_clk (net)
                      0.106587    0.000185   81.846184 ^ _74_/CLK (gf180mcu_fd_sc_mcu7t5v0__dffrnq_1)
                                 -0.250000   81.596184   clock uncertainty
                                  0.000000   81.596184   clock reconvergence pessimism
                                 -0.357984   81.238197   library setup time
                                             81.238197   data required time
---------------------------------------------------------------------------------------------
                                             81.238197   data required time
                                            -18.546511   data arrival time
---------------------------------------------------------------------------------------------
                                             62.691692   slack (MET)


Startpoint: load_en (input port clocked by clk)
Endpoint: _76_ (rising edge-triggered flip-flop clocked by clk)
Path Group: clk
Path Type: max

Fanout         Cap        Slew       Delay        Time   Description
---------------------------------------------------------------------------------------------
                                  0.000000    0.000000   clock clk (rise edge)
                                  0.000000    0.000000   clock network delay (propagated)
                                 16.000000   16.000000 ^ input external delay
     1    0.004140    0.000002    0.000037   16.000038 ^ load_en (in)
                                                         load_en (net)
                      0.000086    0.000000   16.000038 ^ input13/I (gf180mcu_fd_sc_mcu7t5v0__dlyb_1)
    23    0.137067    2.248398    2.083132   18.083170 ^ input13/Z (gf180mcu_fd_sc_mcu7t5v0__dlyb_1)
                                                         net13 (net)
                      2.248426    0.004476   18.087646 ^ _63_/A1 (gf180mcu_fd_sc_mcu7t5v0__nand2_1)
     1    0.004929    0.487482    0.134973   18.222618 v _63_/ZN (gf180mcu_fd_sc_mcu7t5v0__nand2_1)
                                                         _32_ (net)
                      0.487482    0.000046   18.222664 v _64_/B (gf180mcu_fd_sc_mcu7t5v0__oai21_1)
     1    0.003866    0.437979    0.296362   18.519028 ^ _64_/ZN (gf180mcu_fd_sc_mcu7t5v0__oai21_1)
                                                         _01_ (net)
                      0.437979    0.000041   18.519068 ^ _76_/D (gf180mcu_fd_sc_mcu7t5v0__dffrnq_1)
                                             18.519068   data arrival time

                                 81.379997   81.379997   clock clk (rise edge)
                                  0.000000   81.379997   clock source latency
     1    0.027987    0.000014    0.000448   81.380447 ^ clk (in)
                                                         clk (net)
                      0.001068    0.000000   81.380447 ^ clkbuf_0_clk/I (gf180mcu_fd_sc_mcu7t5v0__clkbuf_16)
     2    0.046845    0.112143    0.224304   81.604752 ^ clkbuf_0_clk/Z (gf180mcu_fd_sc_mcu7t5v0__clkbuf_16)
                                                         clknet_0_clk (net)
                      0.112145    0.000924   81.605675 ^ clkbuf_1_1__f_clk/I (gf180mcu_fd_sc_mcu7t5v0__clkbuf_16)
     7    0.037678    0.104470    0.238735   81.844406 ^ clkbuf_1_1__f_clk/Z (gf180mcu_fd_sc_mcu7t5v0__clkbuf_16)
                                                         clknet_1_1__leaf_clk (net)
                      0.104470    0.000107   81.844513 ^ _76_/CLK (gf180mcu_fd_sc_mcu7t5v0__dffrnq_1)
                                 -0.250000   81.594513   clock uncertainty
                                  0.000000   81.594513   clock reconvergence pessimism
                                 -0.358130   81.236389   library setup time
                                             81.236389   data required time
---------------------------------------------------------------------------------------------
                                             81.236389   data required time
                                            -18.519068   data arrival time
---------------------------------------------------------------------------------------------
                                             62.717319   slack (MET)


Startpoint: load_en (input port clocked by clk)
Endpoint: _78_ (rising edge-triggered flip-flop clocked by clk)
Path Group: clk
Path Type: max

Fanout         Cap        Slew       Delay        Time   Description
---------------------------------------------------------------------------------------------
                                  0.000000    0.000000   clock clk (rise edge)
                                  0.000000    0.000000   clock network delay (propagated)
                                 16.000000   16.000000 ^ input external delay
     1    0.004140    0.000002    0.000037   16.000038 ^ load_en (in)
                                                         load_en (net)
                      0.000086    0.000000   16.000038 ^ input13/I (gf180mcu_fd_sc_mcu7t5v0__dlyb_1)
    23    0.137067    2.248398    2.083132   18.083170 ^ input13/Z (gf180mcu_fd_sc_mcu7t5v0__dlyb_1)
                                                         net13 (net)
                      2.248415    0.003475   18.086643 ^ _67_/A1 (gf180mcu_fd_sc_mcu7t5v0__and2_1)
     1    0.005742    0.204937    0.444087   18.530731 ^ _67_/Z (gf180mcu_fd_sc_mcu7t5v0__and2_1)
                                                         _00_ (net)
                      0.204937    0.000076   18.530807 ^ _78_/D (gf180mcu_fd_sc_mcu7t5v0__dffrnq_1)
                                             18.530807   data arrival time

                                 81.379997   81.379997   clock clk (rise edge)
                                  0.000000   81.379997   clock source latency
     1    0.027987    0.000014    0.000448   81.380447 ^ clk (in)
                                                         clk (net)
                      0.001068    0.000000   81.380447 ^ clkbuf_0_clk/I (gf180mcu_fd_sc_mcu7t5v0__clkbuf_16)
     2    0.046845    0.112143    0.224304   81.604752 ^ clkbuf_0_clk/Z (gf180mcu_fd_sc_mcu7t5v0__clkbuf_16)
                                                         clknet_0_clk (net)
                      0.112145    0.000888   81.605637 ^ clkbuf_1_0__f_clk/I (gf180mcu_fd_sc_mcu7t5v0__clkbuf_16)
     6    0.040136    0.106587    0.240362   81.846001 ^ clkbuf_1_0__f_clk/Z (gf180mcu_fd_sc_mcu7t5v0__clkbuf_16)
                                                         clknet_1_0__leaf_clk (net)
                      0.106588    0.000270   81.846268 ^ _78_/CLK (gf180mcu_fd_sc_mcu7t5v0__dffrnq_1)
                                 -0.250000   81.596275   clock uncertainty
                                  0.000000   81.596275   clock reconvergence pessimism
                                 -0.317137   81.279137   library setup time
                                             81.279137   data required time
---------------------------------------------------------------------------------------------
                                             81.279137   data required time
                                            -18.530807   data arrival time
---------------------------------------------------------------------------------------------
                                             62.748329   slack (MET)


Startpoint: rst_n (input port clocked by clk)
Endpoint: _79_ (recovery check against rising-edge clock clk)
Path Group: asynchronous
Path Type: max

Fanout         Cap        Slew       Delay        Time   Description
---------------------------------------------------------------------------------------------
                                  0.000000    0.000000   clock clk (rise edge)
                                  0.000000    0.000000   clock network delay (propagated)
                                 16.000000   16.000000 ^ input external delay
     1    0.006323    0.000003    0.000076   16.000076 ^ rst_n (in)
                                                         rst_n (net)
                      0.000183    0.000000   16.000076 ^ input14/I (gf180mcu_fd_sc_mcu7t5v0__dlyb_1)
    12    0.108533    1.788694    1.819306   17.819382 ^ input14/Z (gf180mcu_fd_sc_mcu7t5v0__dlyb_1)
                                                         net14 (net)
                      1.788701    0.002020   17.821402 ^ _79_/RN (gf180mcu_fd_sc_mcu7t5v0__dffrnq_1)
                                             17.821402   data arrival time

                                 81.379997   81.379997   clock clk (rise edge)
                                  0.000000   81.379997   clock source latency
     1    0.027987    0.000014    0.000448   81.380447 ^ clk (in)
                                                         clk (net)
                      0.001068    0.000000   81.380447 ^ clkbuf_0_clk/I (gf180mcu_fd_sc_mcu7t5v0__clkbuf_16)
     2    0.046845    0.112143    0.224304   81.604752 ^ clkbuf_0_clk/Z (gf180mcu_fd_sc_mcu7t5v0__clkbuf_16)
                                                         clknet_0_clk (net)
                      0.112145    0.000924   81.605675 ^ clkbuf_1_1__f_clk/I (gf180mcu_fd_sc_mcu7t5v0__clkbuf_16)
     7    0.037678    0.104470    0.238735   81.844406 ^ clkbuf_1_1__f_clk/Z (gf180mcu_fd_sc_mcu7t5v0__clkbuf_16)
                                                         clknet_1_1__leaf_clk (net)
                      0.104470    0.000277   81.844681 ^ _79_/CLK (gf180mcu_fd_sc_mcu7t5v0__dffrnq_1)
                                 -0.250000   81.594688   clock uncertainty
                                  0.000000   81.594688   clock reconvergence pessimism
                                 -0.235657   81.359032   library recovery time
                                             81.359032   data required time
---------------------------------------------------------------------------------------------
                                             81.359032   data required time
                                            -17.821402   data arrival time
---------------------------------------------------------------------------------------------
                                             63.537628   slack (MET)


Startpoint: rst_n (input port clocked by clk)
Endpoint: _76_ (recovery check against rising-edge clock clk)
Path Group: asynchronous
Path Type: max

Fanout         Cap        Slew       Delay        Time   Description
---------------------------------------------------------------------------------------------
                                  0.000000    0.000000   clock clk (rise edge)
                                  0.000000    0.000000   clock network delay (propagated)
                                 16.000000   16.000000 ^ input external delay
     1    0.006323    0.000003    0.000076   16.000076 ^ rst_n (in)
                                                         rst_n (net)
                      0.000183    0.000000   16.000076 ^ input14/I (gf180mcu_fd_sc_mcu7t5v0__dlyb_1)
    12    0.108533    1.788694    1.819306   17.819382 ^ input14/Z (gf180mcu_fd_sc_mcu7t5v0__dlyb_1)
                                                         net14 (net)
                      1.788694    0.001604   17.820986 ^ _76_/RN (gf180mcu_fd_sc_mcu7t5v0__dffrnq_1)
                                             17.820986   data arrival time

                                 81.379997   81.379997   clock clk (rise edge)
                                  0.000000   81.379997   clock source latency
     1    0.027987    0.000014    0.000448   81.380447 ^ clk (in)
                                                         clk (net)
                      0.001068    0.000000   81.380447 ^ clkbuf_0_clk/I (gf180mcu_fd_sc_mcu7t5v0__clkbuf_16)
     2    0.046845    0.112143    0.224304   81.604752 ^ clkbuf_0_clk/Z (gf180mcu_fd_sc_mcu7t5v0__clkbuf_16)
                                                         clknet_0_clk (net)
                      0.112145    0.000924   81.605675 ^ clkbuf_1_1__f_clk/I (gf180mcu_fd_sc_mcu7t5v0__clkbuf_16)
     7    0.037678    0.104470    0.238735   81.844406 ^ clkbuf_1_1__f_clk/Z (gf180mcu_fd_sc_mcu7t5v0__clkbuf_16)
                                                         clknet_1_1__leaf_clk (net)
                      0.104470    0.000107   81.844513 ^ _76_/CLK (gf180mcu_fd_sc_mcu7t5v0__dffrnq_1)
                                 -0.250000   81.594513   clock uncertainty
                                  0.000000   81.594513   clock reconvergence pessimism
                                 -0.235655   81.358864   library recovery time
                                             81.358864   data required time
---------------------------------------------------------------------------------------------
                                             81.358864   data required time
                                            -17.820986   data arrival time
---------------------------------------------------------------------------------------------
                                             63.537876   slack (MET)


Startpoint: rst_n (input port clocked by clk)
Endpoint: _70_ (recovery check against rising-edge clock clk)
Path Group: asynchronous
Path Type: max

Fanout         Cap        Slew       Delay        Time   Description
---------------------------------------------------------------------------------------------
                                  0.000000    0.000000   clock clk (rise edge)
                                  0.000000    0.000000   clock network delay (propagated)
                                 16.000000   16.000000 ^ input external delay
     1    0.006323    0.000003    0.000076   16.000076 ^ rst_n (in)
                                                         rst_n (net)
                      0.000183    0.000000   16.000076 ^ input14/I (gf180mcu_fd_sc_mcu7t5v0__dlyb_1)
    12    0.108533    1.788694    1.819306   17.819382 ^ input14/Z (gf180mcu_fd_sc_mcu7t5v0__dlyb_1)
                                                         net14 (net)
                      1.788694    0.001473   17.820854 ^ _70_/RN (gf180mcu_fd_sc_mcu7t5v0__dffrnq_1)
                                             17.820854   data arrival time

                                 81.379997   81.379997   clock clk (rise edge)
                                  0.000000   81.379997   clock source latency
     1    0.027987    0.000014    0.000448   81.380447 ^ clk (in)
                                                         clk (net)
                      0.001068    0.000000   81.380447 ^ clkbuf_0_clk/I (gf180mcu_fd_sc_mcu7t5v0__clkbuf_16)
     2    0.046845    0.112143    0.224304   81.604752 ^ clkbuf_0_clk/Z (gf180mcu_fd_sc_mcu7t5v0__clkbuf_16)
                                                         clknet_0_clk (net)
                      0.112145    0.000924   81.605675 ^ clkbuf_1_1__f_clk/I (gf180mcu_fd_sc_mcu7t5v0__clkbuf_16)
     7    0.037678    0.104470    0.238735   81.844406 ^ clkbuf_1_1__f_clk/Z (gf180mcu_fd_sc_mcu7t5v0__clkbuf_16)
                                                         clknet_1_1__leaf_clk (net)
                      0.104470    0.000092   81.844498 ^ _70_/CLK (gf180mcu_fd_sc_mcu7t5v0__dffrnq_1)
                                 -0.250000   81.594505   clock uncertainty
                                  0.000000   81.594505   clock reconvergence pessimism
                                 -0.235655   81.358849   library recovery time
                                             81.358849   data required time
---------------------------------------------------------------------------------------------
                                             81.358849   data required time
                                            -17.820854   data arrival time
---------------------------------------------------------------------------------------------
                                             63.537998   slack (MET)


Startpoint: rst_n (input port clocked by clk)
Endpoint: _71_ (recovery check against rising-edge clock clk)
Path Group: asynchronous
Path Type: max

Fanout         Cap        Slew       Delay        Time   Description
---------------------------------------------------------------------------------------------
                                  0.000000    0.000000   clock clk (rise edge)
                                  0.000000    0.000000   clock network delay (propagated)
                                 16.000000   16.000000 ^ input external delay
     1    0.006323    0.000003    0.000076   16.000076 ^ rst_n (in)
                                                         rst_n (net)
                      0.000183    0.000000   16.000076 ^ input14/I (gf180mcu_fd_sc_mcu7t5v0__dlyb_1)
    12    0.108533    1.788694    1.819306   17.819382 ^ input14/Z (gf180mcu_fd_sc_mcu7t5v0__dlyb_1)
                                                         net14 (net)
                      1.788694    0.001513   17.820896 ^ _71_/RN (gf180mcu_fd_sc_mcu7t5v0__dffrnq_1)
                                             17.820896   data arrival time

                                 81.379997   81.379997   clock clk (rise edge)
                                  0.000000   81.379997   clock source latency
     1    0.027987    0.000014    0.000448   81.380447 ^ clk (in)
                                                         clk (net)
                      0.001068    0.000000   81.380447 ^ clkbuf_0_clk/I (gf180mcu_fd_sc_mcu7t5v0__clkbuf_16)
     2    0.046845    0.112143    0.224304   81.604752 ^ clkbuf_0_clk/Z (gf180mcu_fd_sc_mcu7t5v0__clkbuf_16)
                                                         clknet_0_clk (net)
                      0.112145    0.000924   81.605675 ^ clkbuf_1_1__f_clk/I (gf180mcu_fd_sc_mcu7t5v0__clkbuf_16)
     7    0.037678    0.104470    0.238735   81.844406 ^ clkbuf_1_1__f_clk/Z (gf180mcu_fd_sc_mcu7t5v0__clkbuf_16)
                                                         clknet_1_1__leaf_clk (net)
                      0.104470    0.000085   81.844490 ^ _71_/CLK (gf180mcu_fd_sc_mcu7t5v0__dffrnq_1)
                                 -0.250000   81.594498   clock uncertainty
                                  0.000000   81.594498   clock reconvergence pessimism
                                 -0.235655   81.358841   library recovery time
                                             81.358841   data required time
---------------------------------------------------------------------------------------------
                                             81.358841   data required time
                                            -17.820896   data arrival time
---------------------------------------------------------------------------------------------
                                             63.537949   slack (MET)


Startpoint: rst_n (input port clocked by clk)
Endpoint: _75_ (recovery check against rising-edge clock clk)
Path Group: asynchronous
Path Type: max

Fanout         Cap        Slew       Delay        Time   Description
---------------------------------------------------------------------------------------------
                                  0.000000    0.000000   clock clk (rise edge)
                                  0.000000    0.000000   clock network delay (propagated)
                                 16.000000   16.000000 ^ input external delay
     1    0.006323    0.000003    0.000076   16.000076 ^ rst_n (in)
                                                         rst_n (net)
                      0.000183    0.000000   16.000076 ^ input14/I (gf180mcu_fd_sc_mcu7t5v0__dlyb_1)
    12    0.108533    1.788694    1.819306   17.819382 ^ input14/Z (gf180mcu_fd_sc_mcu7t5v0__dlyb_1)
                                                         net14 (net)
                      1.788694    0.001615   17.820997 ^ _75_/RN (gf180mcu_fd_sc_mcu7t5v0__dffrnq_1)
                                             17.820997   data arrival time

                                 81.379997   81.379997   clock clk (rise edge)
                                  0.000000   81.379997   clock source latency
     1    0.027987    0.000014    0.000448   81.380447 ^ clk (in)
                                                         clk (net)
                      0.001068    0.000000   81.380447 ^ clkbuf_0_clk/I (gf180mcu_fd_sc_mcu7t5v0__clkbuf_16)
     2    0.046845    0.112143    0.224304   81.604752 ^ clkbuf_0_clk/Z (gf180mcu_fd_sc_mcu7t5v0__clkbuf_16)
                                                         clknet_0_clk (net)
                      0.112145    0.000924   81.605675 ^ clkbuf_1_1__f_clk/I (gf180mcu_fd_sc_mcu7t5v0__clkbuf_16)
     7    0.037678    0.104470    0.238735   81.844406 ^ clkbuf_1_1__f_clk/Z (gf180mcu_fd_sc_mcu7t5v0__clkbuf_16)
                                                         clknet_1_1__leaf_clk (net)
                      0.104470    0.000263   81.844673 ^ _75_/CLK (gf180mcu_fd_sc_mcu7t5v0__dffrnq_1)
                                 -0.250000   81.594673   clock uncertainty
                                  0.000000   81.594673   clock reconvergence pessimism
                                 -0.235655   81.359024   library recovery time
                                             81.359024   data required time
---------------------------------------------------------------------------------------------
                                             81.359024   data required time
                                            -17.820997   data arrival time
---------------------------------------------------------------------------------------------
                                             63.538025   slack (MET)


Startpoint: rst_n (input port clocked by clk)
Endpoint: _77_ (recovery check against rising-edge clock clk)
Path Group: asynchronous
Path Type: max

Fanout         Cap        Slew       Delay        Time   Description
---------------------------------------------------------------------------------------------
                                  0.000000    0.000000   clock clk (rise edge)
                                  0.000000    0.000000   clock network delay (propagated)
                                 16.000000   16.000000 ^ input external delay
     1    0.006323    0.000003    0.000076   16.000076 ^ rst_n (in)
                                                         rst_n (net)
                      0.000183    0.000000   16.000076 ^ input14/I (gf180mcu_fd_sc_mcu7t5v0__dlyb_1)
    12    0.108533    1.788694    1.819306   17.819382 ^ input14/Z (gf180mcu_fd_sc_mcu7t5v0__dlyb_1)
                                                         net14 (net)
                      1.788694    0.001513   17.820896 ^ _77_/RN (gf180mcu_fd_sc_mcu7t5v0__dffrnq_1)
                                             17.820896   data arrival time

                                 81.379997   81.379997   clock clk (rise edge)
                                  0.000000   81.379997   clock source latency
     1    0.027987    0.000014    0.000448   81.380447 ^ clk (in)
                                                         clk (net)
                      0.001068    0.000000   81.380447 ^ clkbuf_0_clk/I (gf180mcu_fd_sc_mcu7t5v0__clkbuf_16)
     2    0.046845    0.112143    0.224304   81.604752 ^ clkbuf_0_clk/Z (gf180mcu_fd_sc_mcu7t5v0__clkbuf_16)
                                                         clknet_0_clk (net)
                      0.112145    0.000924   81.605675 ^ clkbuf_1_1__f_clk/I (gf180mcu_fd_sc_mcu7t5v0__clkbuf_16)
     7    0.037678    0.104470    0.238735   81.844406 ^ clkbuf_1_1__f_clk/Z (gf180mcu_fd_sc_mcu7t5v0__clkbuf_16)
                                                         clknet_1_1__leaf_clk (net)
                      0.104470    0.000128   81.844536 ^ _77_/CLK (gf180mcu_fd_sc_mcu7t5v0__dffrnq_1)
                                 -0.250000   81.594536   clock uncertainty
                                  0.000000   81.594536   clock reconvergence pessimism
                                 -0.235655   81.358887   library recovery time
                                             81.358887   data required time
---------------------------------------------------------------------------------------------
                                             81.358887   data required time
                                            -17.820896   data arrival time
---------------------------------------------------------------------------------------------
                                             63.537991   slack (MET)


Startpoint: rst_n (input port clocked by clk)
Endpoint: _69_ (recovery check against rising-edge clock clk)
Path Group: asynchronous
Path Type: max

Fanout         Cap        Slew       Delay        Time   Description
---------------------------------------------------------------------------------------------
                                  0.000000    0.000000   clock clk (rise edge)
                                  0.000000    0.000000   clock network delay (propagated)
                                 16.000000   16.000000 ^ input external delay
     1    0.006323    0.000003    0.000076   16.000076 ^ rst_n (in)
                                                         rst_n (net)
                      0.000183    0.000000   16.000076 ^ input14/I (gf180mcu_fd_sc_mcu7t5v0__dlyb_1)
    12    0.108533    1.788694    1.819306   17.819382 ^ input14/Z (gf180mcu_fd_sc_mcu7t5v0__dlyb_1)
                                                         net14 (net)
                      1.788694    0.001378   17.820761 ^ _69_/RN (gf180mcu_fd_sc_mcu7t5v0__dffrnq_1)
                                             17.820761   data arrival time

                                 81.379997   81.379997   clock clk (rise edge)
                                  0.000000   81.379997   clock source latency
     1    0.027987    0.000014    0.000448   81.380447 ^ clk (in)
                                                         clk (net)
                      0.001068    0.000000   81.380447 ^ clkbuf_0_clk/I (gf180mcu_fd_sc_mcu7t5v0__clkbuf_16)
     2    0.046845    0.112143    0.224304   81.604752 ^ clkbuf_0_clk/Z (gf180mcu_fd_sc_mcu7t5v0__clkbuf_16)
                                                         clknet_0_clk (net)
                      0.112145    0.000924   81.605675 ^ clkbuf_1_1__f_clk/I (gf180mcu_fd_sc_mcu7t5v0__clkbuf_16)
     7    0.037678    0.104470    0.238735   81.844406 ^ clkbuf_1_1__f_clk/Z (gf180mcu_fd_sc_mcu7t5v0__clkbuf_16)
                                                         clknet_1_1__leaf_clk (net)
                      0.104470    0.000426   81.844833 ^ _69_/CLK (gf180mcu_fd_sc_mcu7t5v0__dffrnq_1)
                                 -0.250000   81.594833   clock uncertainty
                                  0.000000   81.594833   clock reconvergence pessimism
                                 -0.235654   81.359184   library recovery time
                                             81.359184   data required time
---------------------------------------------------------------------------------------------
                                             81.359184   data required time
                                            -17.820761   data arrival time
---------------------------------------------------------------------------------------------
                                             63.538425   slack (MET)


Startpoint: rst_n (input port clocked by clk)
Endpoint: _74_ (recovery check against rising-edge clock clk)
Path Group: asynchronous
Path Type: max

Fanout         Cap        Slew       Delay        Time   Description
---------------------------------------------------------------------------------------------
                                  0.000000    0.000000   clock clk (rise edge)
                                  0.000000    0.000000   clock network delay (propagated)
                                 16.000000   16.000000 ^ input external delay
     1    0.006323    0.000003    0.000076   16.000076 ^ rst_n (in)
                                                         rst_n (net)
                      0.000183    0.000000   16.000076 ^ input14/I (gf180mcu_fd_sc_mcu7t5v0__dlyb_1)
    12    0.108533    1.788694    1.819306   17.819382 ^ input14/Z (gf180mcu_fd_sc_mcu7t5v0__dlyb_1)
                                                         net14 (net)
                      1.788706    0.002638   17.822020 ^ _74_/RN (gf180mcu_fd_sc_mcu7t5v0__dffrnq_1)
                                             17.822020   data arrival time

                                 81.379997   81.379997   clock clk (rise edge)
                                  0.000000   81.379997   clock source latency
     1    0.027987    0.000014    0.000448   81.380447 ^ clk (in)
                                                         clk (net)
                      0.001068    0.000000   81.380447 ^ clkbuf_0_clk/I (gf180mcu_fd_sc_mcu7t5v0__clkbuf_16)
     2    0.046845    0.112143    0.224304   81.604752 ^ clkbuf_0_clk/Z (gf180mcu_fd_sc_mcu7t5v0__clkbuf_16)
                                                         clknet_0_clk (net)
                      0.112145    0.000888   81.605637 ^ clkbuf_1_0__f_clk/I (gf180mcu_fd_sc_mcu7t5v0__clkbuf_16)
     6    0.040136    0.106587    0.240362   81.846001 ^ clkbuf_1_0__f_clk/Z (gf180mcu_fd_sc_mcu7t5v0__clkbuf_16)
                                                         clknet_1_0__leaf_clk (net)
                      0.106587    0.000185   81.846184 ^ _74_/CLK (gf180mcu_fd_sc_mcu7t5v0__dffrnq_1)
                                 -0.250000   81.596184   clock uncertainty
                                  0.000000   81.596184   clock reconvergence pessimism
                                 -0.235250   81.360931   library recovery time
                                             81.360931   data required time
---------------------------------------------------------------------------------------------
                                             81.360931   data required time
                                            -17.822020   data arrival time
---------------------------------------------------------------------------------------------
                                             63.538914   slack (MET)


Startpoint: rst_n (input port clocked by clk)
Endpoint: _78_ (recovery check against rising-edge clock clk)
Path Group: asynchronous
Path Type: max

Fanout         Cap        Slew       Delay        Time   Description
---------------------------------------------------------------------------------------------
                                  0.000000    0.000000   clock clk (rise edge)
                                  0.000000    0.000000   clock network delay (propagated)
                                 16.000000   16.000000 ^ input external delay
     1    0.006323    0.000003    0.000076   16.000076 ^ rst_n (in)
                                                         rst_n (net)
                      0.000183    0.000000   16.000076 ^ input14/I (gf180mcu_fd_sc_mcu7t5v0__dlyb_1)
    12    0.108533    1.788694    1.819306   17.819382 ^ input14/Z (gf180mcu_fd_sc_mcu7t5v0__dlyb_1)
                                                         net14 (net)
                      1.788706    0.002673   17.822056 ^ _78_/RN (gf180mcu_fd_sc_mcu7t5v0__dffrnq_1)
                                             17.822056   data arrival time

                                 81.379997   81.379997   clock clk (rise edge)
                                  0.000000   81.379997   clock source latency
     1    0.027987    0.000014    0.000448   81.380447 ^ clk (in)
                                                         clk (net)
                      0.001068    0.000000   81.380447 ^ clkbuf_0_clk/I (gf180mcu_fd_sc_mcu7t5v0__clkbuf_16)
     2    0.046845    0.112143    0.224304   81.604752 ^ clkbuf_0_clk/Z (gf180mcu_fd_sc_mcu7t5v0__clkbuf_16)
                                                         clknet_0_clk (net)
                      0.112145    0.000888   81.605637 ^ clkbuf_1_0__f_clk/I (gf180mcu_fd_sc_mcu7t5v0__clkbuf_16)
     6    0.040136    0.106587    0.240362   81.846001 ^ clkbuf_1_0__f_clk/Z (gf180mcu_fd_sc_mcu7t5v0__clkbuf_16)
                                                         clknet_1_0__leaf_clk (net)
                      0.106588    0.000270   81.846268 ^ _78_/CLK (gf180mcu_fd_sc_mcu7t5v0__dffrnq_1)
                                 -0.250000   81.596275   clock uncertainty
                                  0.000000   81.596275   clock reconvergence pessimism
                                 -0.235250   81.361015   library recovery time
                                             81.361015   data required time
---------------------------------------------------------------------------------------------
                                             81.361015   data required time
                                            -17.822056   data arrival time
---------------------------------------------------------------------------------------------
                                             63.538963   slack (MET)


Startpoint: rst_n (input port clocked by clk)
Endpoint: _73_ (recovery check against rising-edge clock clk)
Path Group: asynchronous
Path Type: max

Fanout         Cap        Slew       Delay        Time   Description
---------------------------------------------------------------------------------------------
                                  0.000000    0.000000   clock clk (rise edge)
                                  0.000000    0.000000   clock network delay (propagated)
                                 16.000000   16.000000 ^ input external delay
     1    0.006323    0.000003    0.000076   16.000076 ^ rst_n (in)
                                                         rst_n (net)
                      0.000183    0.000000   16.000076 ^ input14/I (gf180mcu_fd_sc_mcu7t5v0__dlyb_1)
    12    0.108533    1.788694    1.819306   17.819382 ^ input14/Z (gf180mcu_fd_sc_mcu7t5v0__dlyb_1)
                                                         net14 (net)
                      1.788702    0.002181   17.821564 ^ _73_/RN (gf180mcu_fd_sc_mcu7t5v0__dffrnq_1)
                                             17.821564   data arrival time

                                 81.379997   81.379997   clock clk (rise edge)
                                  0.000000   81.379997   clock source latency
     1    0.027987    0.000014    0.000448   81.380447 ^ clk (in)
                                                         clk (net)
                      0.001068    0.000000   81.380447 ^ clkbuf_0_clk/I (gf180mcu_fd_sc_mcu7t5v0__clkbuf_16)
     2    0.046845    0.112143    0.224304   81.604752 ^ clkbuf_0_clk/Z (gf180mcu_fd_sc_mcu7t5v0__clkbuf_16)
                                                         clknet_0_clk (net)
                      0.112145    0.000888   81.605637 ^ clkbuf_1_0__f_clk/I (gf180mcu_fd_sc_mcu7t5v0__clkbuf_16)
     6    0.040136    0.106587    0.240362   81.846001 ^ clkbuf_1_0__f_clk/Z (gf180mcu_fd_sc_mcu7t5v0__clkbuf_16)
                                                         clknet_1_0__leaf_clk (net)
                      0.106588    0.000334   81.846336 ^ _73_/CLK (gf180mcu_fd_sc_mcu7t5v0__dffrnq_1)
                                 -0.250000   81.596336   clock uncertainty
                                  0.000000   81.596336   clock reconvergence pessimism
                                 -0.235249   81.361092   library recovery time
                                             81.361092   data required time
---------------------------------------------------------------------------------------------
                                             81.361092   data required time
                                            -17.821564   data arrival time
---------------------------------------------------------------------------------------------
                                             63.539524   slack (MET)


Startpoint: rst_n (input port clocked by clk)
Endpoint: _68_ (recovery check against rising-edge clock clk)
Path Group: asynchronous
Path Type: max

Fanout         Cap        Slew       Delay        Time   Description
---------------------------------------------------------------------------------------------
                                  0.000000    0.000000   clock clk (rise edge)
                                  0.000000    0.000000   clock network delay (propagated)
                                 16.000000   16.000000 ^ input external delay
     1    0.006323    0.000003    0.000076   16.000076 ^ rst_n (in)
                                                         rst_n (net)
                      0.000183    0.000000   16.000076 ^ input14/I (gf180mcu_fd_sc_mcu7t5v0__dlyb_1)
    12    0.108533    1.788694    1.819306   17.819382 ^ input14/Z (gf180mcu_fd_sc_mcu7t5v0__dlyb_1)
                                                         net14 (net)
                      1.788694    0.001707   17.821089 ^ _68_/RN (gf180mcu_fd_sc_mcu7t5v0__dffrnq_1)
                                             17.821089   data arrival time

                                 81.379997   81.379997   clock clk (rise edge)
                                  0.000000   81.379997   clock source latency
     1    0.027987    0.000014    0.000448   81.380447 ^ clk (in)
                                                         clk (net)
                      0.001068    0.000000   81.380447 ^ clkbuf_0_clk/I (gf180mcu_fd_sc_mcu7t5v0__clkbuf_16)
     2    0.046845    0.112143    0.224304   81.604752 ^ clkbuf_0_clk/Z (gf180mcu_fd_sc_mcu7t5v0__clkbuf_16)
                                                         clknet_0_clk (net)
                      0.112145    0.000888   81.605637 ^ clkbuf_1_0__f_clk/I (gf180mcu_fd_sc_mcu7t5v0__clkbuf_16)
     6    0.040136    0.106587    0.240362   81.846001 ^ clkbuf_1_0__f_clk/Z (gf180mcu_fd_sc_mcu7t5v0__clkbuf_16)
                                                         clknet_1_0__leaf_clk (net)
                      0.106588    0.000341   81.846336 ^ _68_/CLK (gf180mcu_fd_sc_mcu7t5v0__dffrnq_1)
                                 -0.250000   81.596344   clock uncertainty
                                  0.000000   81.596344   clock reconvergence pessimism
                                 -0.235245   81.361099   library recovery time
                                             81.361099   data required time
---------------------------------------------------------------------------------------------
                                             81.361099   data required time
                                            -17.821089   data arrival time
---------------------------------------------------------------------------------------------
                                             63.540009   slack (MET)


Startpoint: rst_n (input port clocked by clk)
Endpoint: _72_ (recovery check against rising-edge clock clk)
Path Group: asynchronous
Path Type: max

Fanout         Cap        Slew       Delay        Time   Description
---------------------------------------------------------------------------------------------
                                  0.000000    0.000000   clock clk (rise edge)
                                  0.000000    0.000000   clock network delay (propagated)
                                 16.000000   16.000000 ^ input external delay
     1    0.006323    0.000003    0.000076   16.000076 ^ rst_n (in)
                                                         rst_n (net)
                      0.000183    0.000000   16.000076 ^ input14/I (gf180mcu_fd_sc_mcu7t5v0__dlyb_1)
    12    0.108533    1.788694    1.819306   17.819382 ^ input14/Z (gf180mcu_fd_sc_mcu7t5v0__dlyb_1)
                                                         net14 (net)
                      1.788694    0.001476   17.820858 ^ _72_/RN (gf180mcu_fd_sc_mcu7t5v0__dffrnq_1)
                                             17.820858   data arrival time

                                 81.379997   81.379997   clock clk (rise edge)
                                  0.000000   81.379997   clock source latency
     1    0.027987    0.000014    0.000448   81.380447 ^ clk (in)
                                                         clk (net)
                      0.001068    0.000000   81.380447 ^ clkbuf_0_clk/I (gf180mcu_fd_sc_mcu7t5v0__clkbuf_16)
     2    0.046845    0.112143    0.224304   81.604752 ^ clkbuf_0_clk/Z (gf180mcu_fd_sc_mcu7t5v0__clkbuf_16)
                                                         clknet_0_clk (net)
                      0.112145    0.000888   81.605637 ^ clkbuf_1_0__f_clk/I (gf180mcu_fd_sc_mcu7t5v0__clkbuf_16)
     6    0.040136    0.106587    0.240362   81.846001 ^ clkbuf_1_0__f_clk/Z (gf180mcu_fd_sc_mcu7t5v0__clkbuf_16)
                                                         clknet_1_0__leaf_clk (net)
                      0.106587    0.000192   81.846191 ^ _72_/CLK (gf180mcu_fd_sc_mcu7t5v0__dffrnq_1)
                                 -0.250000   81.596191   clock uncertainty
                                  0.000000   81.596191   clock reconvergence pessimism
                                 -0.235246   81.360947   library recovery time
                                             81.360947   data required time
---------------------------------------------------------------------------------------------
                                             81.360947   data required time
                                            -17.820858   data arrival time
---------------------------------------------------------------------------------------------
                                             63.540089   slack (MET)



