Clock: in_clk
Sources: in_clk 
Generated: no
Virtual: yes
Propagated: no
Period: 13.563000

===========================================================================
report_clock_properties
============================================================================
Clock                   Period          Waveform
----------------------------------------------------
in_clk               13.563000    0.000000  6.781500

===========================================================================
report_clock_latency
============================================================================
Clock in_clk
rise -> rise
    min     max
0.000000 0.000000 source latency
0.450019         network latency _32_/CLK
        0.454412 network latency _35_/CLK
---------------
0.450019 0.454412 latency
        0.004393 skew

fall -> fall
    min     max
0.000000 0.000000 source latency
0.437340         network latency _32_/CLK
        0.442073 network latency _35_/CLK
---------------
0.437340 0.442073 latency
        0.004733 skew



===========================================================================
report_clock_min_period
============================================================================
in_clk period_min = 2.46 fmax = 407.25
