
===========================================================================
report_checks -path_delay max (Setup)
============================================================================
======================= nom_tt_025C_5v00 Corner ===================================

Startpoint: _32_ (rising edge-triggered flip-flop clocked by in_clk)
Endpoint: out_clk2B (output port clocked by in_clk)
Path Group: in_clk
Path Type: max

Fanout         Cap        Slew       Delay        Time   Description
---------------------------------------------------------------------------------------------
                                  0.000000    0.000000   clock in_clk (rise edge)
                                  0.000000    0.000000   clock source latency
     1    0.029520    0.000015    0.000676    0.000676 ^ in_clk (in)
                                                         in_clk (net)
                      0.001631    0.000000    0.000676 ^ clkbuf_0_in_clk/I (gf180mcu_fd_sc_mcu7t5v0__clkbuf_16)
     2    0.049304    0.114245    0.225939    0.226615 ^ clkbuf_0_in_clk/Z (gf180mcu_fd_sc_mcu7t5v0__clkbuf_16)
                                                         clknet_0_in_clk (net)
                      0.114249    0.001184    0.227799 ^ clkbuf_1_1__f_in_clk/I (gf180mcu_fd_sc_mcu7t5v0__clkbuf_16)
     3    0.015126    0.083931    0.222064    0.449863 ^ clkbuf_1_1__f_in_clk/Z (gf180mcu_fd_sc_mcu7t5v0__clkbuf_16)
                                                         clknet_1_1__leaf_in_clk (net)
                      0.083931    0.000156    0.450019 ^ _32_/CLK (gf180mcu_fd_sc_mcu7t5v0__dffrnq_1)
     2    0.008614    0.228079    0.914780    1.364799 ^ _32_/Q (gf180mcu_fd_sc_mcu7t5v0__dffrnq_1)
                                                         net3 (net)
                      0.228079    0.000073    1.364871 ^ _16_/I (gf180mcu_fd_sc_mcu7t5v0__clkinv_1)
     2    0.010624    0.219107    0.186198    1.551069 v _16_/ZN (gf180mcu_fd_sc_mcu7t5v0__clkinv_1)
                                                         net4 (net)
                      0.219107    0.000091    1.551160 v output4/I (gf180mcu_fd_sc_mcu7t5v0__dlyb_1)
     1    0.037054    0.494283    1.277578    2.828738 v output4/Z (gf180mcu_fd_sc_mcu7t5v0__dlyb_1)
                                                         out_clk2B (net)
                      0.494283    0.000622    2.829360 v out_clk2B (out)
                                              2.829360   data arrival time

                                 13.563000   13.563000   clock in_clk (rise edge)
                                  0.000000   13.563000   clock network delay (propagated)
                                 -0.200000   13.363000   clock uncertainty
                                  0.000000   13.363000   clock reconvergence pessimism
                                 -2.500000   10.863000   output external delay
                                             10.863000   data required time
---------------------------------------------------------------------------------------------
                                             10.863000   data required time
                                             -2.829360   data arrival time
---------------------------------------------------------------------------------------------
                                              8.033640   slack (MET)


Startpoint: _33_ (rising edge-triggered flip-flop clocked by in_clk)
Endpoint: out_clk_cic (output port clocked by in_clk)
Path Group: in_clk
Path Type: max

Fanout         Cap        Slew       Delay        Time   Description
---------------------------------------------------------------------------------------------
                                  0.000000    0.000000   clock in_clk (rise edge)
                                  0.000000    0.000000   clock source latency
     1    0.029520    0.000015    0.000676    0.000676 ^ in_clk (in)
                                                         in_clk (net)
                      0.001631    0.000000    0.000676 ^ clkbuf_0_in_clk/I (gf180mcu_fd_sc_mcu7t5v0__clkbuf_16)
     2    0.049304    0.114245    0.225939    0.226615 ^ clkbuf_0_in_clk/Z (gf180mcu_fd_sc_mcu7t5v0__clkbuf_16)
                                                         clknet_0_in_clk (net)
                      0.114249    0.001184    0.227799 ^ clkbuf_1_1__f_in_clk/I (gf180mcu_fd_sc_mcu7t5v0__clkbuf_16)
     3    0.015126    0.083931    0.222064    0.449863 ^ clkbuf_1_1__f_in_clk/Z (gf180mcu_fd_sc_mcu7t5v0__clkbuf_16)
                                                         clknet_1_1__leaf_in_clk (net)
                      0.083931    0.000172    0.450035 ^ _33_/CLK (gf180mcu_fd_sc_mcu7t5v0__dffrnq_1)
     2    0.009286    0.237946    0.921424    1.371459 ^ _33_/Q (gf180mcu_fd_sc_mcu7t5v0__dffrnq_1)
                                                         net5 (net)
                      0.237946    0.000129    1.371587 ^ output5/I (gf180mcu_fd_sc_mcu7t5v0__dlyb_1)
     1    0.036586    0.642289    1.189450    2.561037 ^ output5/Z (gf180mcu_fd_sc_mcu7t5v0__dlyb_1)
                                                         out_clk_cic (net)
                      0.642293    0.000880    2.561918 ^ out_clk_cic (out)
                                              2.561918   data arrival time

                                 13.563000   13.563000   clock in_clk (rise edge)
                                  0.000000   13.563000   clock network delay (propagated)
                                 -0.200000   13.363000   clock uncertainty
                                  0.000000   13.363000   clock reconvergence pessimism
                                 -2.500000   10.863000   output external delay
                                             10.863000   data required time
---------------------------------------------------------------------------------------------
                                             10.863000   data required time
                                             -2.561918   data arrival time
---------------------------------------------------------------------------------------------
                                              8.301082   slack (MET)


Startpoint: _32_ (rising edge-triggered flip-flop clocked by in_clk)
Endpoint: out_clk2 (output port clocked by in_clk)
Path Group: in_clk
Path Type: max

Fanout         Cap        Slew       Delay        Time   Description
---------------------------------------------------------------------------------------------
                                  0.000000    0.000000   clock in_clk (rise edge)
                                  0.000000    0.000000   clock source latency
     1    0.029520    0.000015    0.000676    0.000676 ^ in_clk (in)
                                                         in_clk (net)
                      0.001631    0.000000    0.000676 ^ clkbuf_0_in_clk/I (gf180mcu_fd_sc_mcu7t5v0__clkbuf_16)
     2    0.049304    0.114245    0.225939    0.226615 ^ clkbuf_0_in_clk/Z (gf180mcu_fd_sc_mcu7t5v0__clkbuf_16)
                                                         clknet_0_in_clk (net)
                      0.114249    0.001184    0.227799 ^ clkbuf_1_1__f_in_clk/I (gf180mcu_fd_sc_mcu7t5v0__clkbuf_16)
     3    0.015126    0.083931    0.222064    0.449863 ^ clkbuf_1_1__f_in_clk/Z (gf180mcu_fd_sc_mcu7t5v0__clkbuf_16)
                                                         clknet_1_1__leaf_in_clk (net)
                      0.083931    0.000156    0.450019 ^ _32_/CLK (gf180mcu_fd_sc_mcu7t5v0__dffrnq_1)
     2    0.008614    0.228079    0.914780    1.364799 ^ _32_/Q (gf180mcu_fd_sc_mcu7t5v0__dffrnq_1)
                                                         net3 (net)
                      0.228079    0.000105    1.364904 ^ output3/I (gf180mcu_fd_sc_mcu7t5v0__dlyb_1)
     1    0.036421    0.639690    1.186883    2.551787 ^ output3/Z (gf180mcu_fd_sc_mcu7t5v0__dlyb_1)
                                                         out_clk2 (net)
                      0.639694    0.000849    2.552636 ^ out_clk2 (out)
                                              2.552636   data arrival time

                                 13.563000   13.563000   clock in_clk (rise edge)
                                  0.000000   13.563000   clock network delay (propagated)
                                 -0.200000   13.363000   clock uncertainty
                                  0.000000   13.363000   clock reconvergence pessimism
                                 -2.500000   10.863000   output external delay
                                             10.863000   data required time
---------------------------------------------------------------------------------------------
                                             10.863000   data required time
                                             -2.552636   data arrival time
---------------------------------------------------------------------------------------------
                                              8.310364   slack (MET)


Startpoint: _31_ (rising edge-triggered flip-flop clocked by in_clk)
Endpoint: out_clk1 (output port clocked by in_clk)
Path Group: in_clk
Path Type: max

Fanout         Cap        Slew       Delay        Time   Description
---------------------------------------------------------------------------------------------
                                  0.000000    0.000000   clock in_clk (rise edge)
                                  0.000000    0.000000   clock source latency
     1    0.029520    0.000015    0.000676    0.000676 ^ in_clk (in)
                                                         in_clk (net)
                      0.001631    0.000000    0.000676 ^ clkbuf_0_in_clk/I (gf180mcu_fd_sc_mcu7t5v0__clkbuf_16)
     2    0.049304    0.114245    0.225939    0.226615 ^ clkbuf_0_in_clk/Z (gf180mcu_fd_sc_mcu7t5v0__clkbuf_16)
                                                         clknet_0_in_clk (net)
                      0.114249    0.001184    0.227799 ^ clkbuf_1_1__f_in_clk/I (gf180mcu_fd_sc_mcu7t5v0__clkbuf_16)
     3    0.015126    0.083931    0.222064    0.449863 ^ clkbuf_1_1__f_in_clk/Z (gf180mcu_fd_sc_mcu7t5v0__clkbuf_16)
                                                         clknet_1_1__leaf_in_clk (net)
                      0.083931    0.000196    0.450059 ^ _31_/CLK (gf180mcu_fd_sc_mcu7t5v0__dffsnq_1)
     2    0.009610    0.167975    0.794909    1.244968 v _31_/Q (gf180mcu_fd_sc_mcu7t5v0__dffsnq_1)
                                                         net2 (net)
                      0.167975    0.000205    1.245173 v output2/I (gf180mcu_fd_sc_mcu7t5v0__dlyb_1)
     1    0.036945    0.493485    1.258522    2.503695 v output2/Z (gf180mcu_fd_sc_mcu7t5v0__dlyb_1)
                                                         out_clk1 (net)
                      0.493485    0.000613    2.504308 v out_clk1 (out)
                                              2.504308   data arrival time

                                 13.563000   13.563000   clock in_clk (rise edge)
                                  0.000000   13.563000   clock network delay (propagated)
                                 -0.200000   13.363000   clock uncertainty
                                  0.000000   13.363000   clock reconvergence pessimism
                                 -2.500000   10.863000   output external delay
                                             10.863000   data required time
---------------------------------------------------------------------------------------------
                                             10.863000   data required time
                                             -2.504308   data arrival time
---------------------------------------------------------------------------------------------
                                              8.358692   slack (MET)


Startpoint: rst (input port clocked by in_clk)
Endpoint: _31_ (recovery check against rising-edge clock in_clk)
Path Group: asynchronous
Path Type: max

Fanout         Cap        Slew       Delay        Time   Description
---------------------------------------------------------------------------------------------
                                  0.000000    0.000000   clock in_clk (rise edge)
                                  0.000000    0.000000   clock network delay (propagated)
                                  2.000000    2.000000 ^ input external delay
     1    0.003960    0.000002    0.000052    2.000052 ^ rst (in)
                                                         rst (net)
                      0.000124    0.000000    2.000052 ^ input1/I (gf180mcu_fd_sc_mcu7t5v0__dlyb_1)
     6    0.053757    0.913215    1.313081    3.313133 ^ input1/Z (gf180mcu_fd_sc_mcu7t5v0__dlyb_1)
                                                         net1 (net)
                      0.913215    0.000786    3.313919 ^ _31_/SETN (gf180mcu_fd_sc_mcu7t5v0__dffsnq_1)
                                              3.313919   data arrival time

                                 13.563000   13.563000   clock in_clk (rise edge)
                                  0.000000   13.563000   clock source latency
     1    0.029520    0.000015    0.000676   13.563676 ^ in_clk (in)
                                                         in_clk (net)
                      0.001631    0.000000   13.563676 ^ clkbuf_0_in_clk/I (gf180mcu_fd_sc_mcu7t5v0__clkbuf_16)
     2    0.049304    0.114245    0.225939   13.789616 ^ clkbuf_0_in_clk/Z (gf180mcu_fd_sc_mcu7t5v0__clkbuf_16)
                                                         clknet_0_in_clk (net)
                      0.114249    0.001184   13.790799 ^ clkbuf_1_1__f_in_clk/I (gf180mcu_fd_sc_mcu7t5v0__clkbuf_16)
     3    0.015126    0.083931    0.222063   14.012862 ^ clkbuf_1_1__f_in_clk/Z (gf180mcu_fd_sc_mcu7t5v0__clkbuf_16)
                                                         clknet_1_1__leaf_in_clk (net)
                      0.083931    0.000196   14.013059 ^ _31_/CLK (gf180mcu_fd_sc_mcu7t5v0__dffsnq_1)
                                 -0.200000   13.813059   clock uncertainty
                                  0.000000   13.813059   clock reconvergence pessimism
                                 -0.117844   13.695215   library recovery time
                                             13.695215   data required time
---------------------------------------------------------------------------------------------
                                             13.695215   data required time
                                             -3.313919   data arrival time
---------------------------------------------------------------------------------------------
                                             10.381296   slack (MET)


Startpoint: rst (input port clocked by in_clk)
Endpoint: _32_ (recovery check against rising-edge clock in_clk)
Path Group: asynchronous
Path Type: max

Fanout         Cap        Slew       Delay        Time   Description
---------------------------------------------------------------------------------------------
                                  0.000000    0.000000   clock in_clk (rise edge)
                                  0.000000    0.000000   clock network delay (propagated)
                                  2.000000    2.000000 ^ input external delay
     1    0.003960    0.000002    0.000052    2.000052 ^ rst (in)
                                                         rst (net)
                      0.000124    0.000000    2.000052 ^ input1/I (gf180mcu_fd_sc_mcu7t5v0__dlyb_1)
     6    0.053757    0.913215    1.313081    3.313133 ^ input1/Z (gf180mcu_fd_sc_mcu7t5v0__dlyb_1)
                                                         net1 (net)
                      0.913215    0.000779    3.313912 ^ _32_/RN (gf180mcu_fd_sc_mcu7t5v0__dffrnq_1)
                                              3.313912   data arrival time

                                 13.563000   13.563000   clock in_clk (rise edge)
                                  0.000000   13.563000   clock source latency
     1    0.029520    0.000015    0.000676   13.563676 ^ in_clk (in)
                                                         in_clk (net)
                      0.001631    0.000000   13.563676 ^ clkbuf_0_in_clk/I (gf180mcu_fd_sc_mcu7t5v0__clkbuf_16)
     2    0.049304    0.114245    0.225939   13.789616 ^ clkbuf_0_in_clk/Z (gf180mcu_fd_sc_mcu7t5v0__clkbuf_16)
                                                         clknet_0_in_clk (net)
                      0.114249    0.001184   13.790799 ^ clkbuf_1_1__f_in_clk/I (gf180mcu_fd_sc_mcu7t5v0__clkbuf_16)
     3    0.015126    0.083931    0.222063   14.012862 ^ clkbuf_1_1__f_in_clk/Z (gf180mcu_fd_sc_mcu7t5v0__clkbuf_16)
                                                         clknet_1_1__leaf_in_clk (net)
                      0.083931    0.000156   14.013019 ^ _32_/CLK (gf180mcu_fd_sc_mcu7t5v0__dffrnq_1)
                                 -0.200000   13.813019   clock uncertainty
                                  0.000000   13.813019   clock reconvergence pessimism
                                  0.078941   13.891960   library recovery time
                                             13.891960   data required time
---------------------------------------------------------------------------------------------
                                             13.891960   data required time
                                             -3.313912   data arrival time
---------------------------------------------------------------------------------------------
                                             10.578048   slack (MET)


Startpoint: rst (input port clocked by in_clk)
Endpoint: _33_ (recovery check against rising-edge clock in_clk)
Path Group: asynchronous
Path Type: max

Fanout         Cap        Slew       Delay        Time   Description
---------------------------------------------------------------------------------------------
                                  0.000000    0.000000   clock in_clk (rise edge)
                                  0.000000    0.000000   clock network delay (propagated)
                                  2.000000    2.000000 ^ input external delay
     1    0.003960    0.000002    0.000052    2.000052 ^ rst (in)
                                                         rst (net)
                      0.000124    0.000000    2.000052 ^ input1/I (gf180mcu_fd_sc_mcu7t5v0__dlyb_1)
     6    0.053757    0.913215    1.313081    3.313133 ^ input1/Z (gf180mcu_fd_sc_mcu7t5v0__dlyb_1)
                                                         net1 (net)
                      0.913215    0.000738    3.313871 ^ _33_/RN (gf180mcu_fd_sc_mcu7t5v0__dffrnq_1)
                                              3.313871   data arrival time

                                 13.563000   13.563000   clock in_clk (rise edge)
                                  0.000000   13.563000   clock source latency
     1    0.029520    0.000015    0.000676   13.563676 ^ in_clk (in)
                                                         in_clk (net)
                      0.001631    0.000000   13.563676 ^ clkbuf_0_in_clk/I (gf180mcu_fd_sc_mcu7t5v0__clkbuf_16)
     2    0.049304    0.114245    0.225939   13.789616 ^ clkbuf_0_in_clk/Z (gf180mcu_fd_sc_mcu7t5v0__clkbuf_16)
                                                         clknet_0_in_clk (net)
                      0.114249    0.001184   13.790799 ^ clkbuf_1_1__f_in_clk/I (gf180mcu_fd_sc_mcu7t5v0__clkbuf_16)
     3    0.015126    0.083931    0.222063   14.012862 ^ clkbuf_1_1__f_in_clk/Z (gf180mcu_fd_sc_mcu7t5v0__clkbuf_16)
                                                         clknet_1_1__leaf_in_clk (net)
                      0.083931    0.000172   14.013035 ^ _33_/CLK (gf180mcu_fd_sc_mcu7t5v0__dffrnq_1)
                                 -0.200000   13.813035   clock uncertainty
                                  0.000000   13.813035   clock reconvergence pessimism
                                  0.078941   13.891976   library recovery time
                                             13.891976   data required time
---------------------------------------------------------------------------------------------
                                             13.891976   data required time
                                             -3.313871   data arrival time
---------------------------------------------------------------------------------------------
                                             10.578105   slack (MET)


Startpoint: rst (input port clocked by in_clk)
Endpoint: _34_ (recovery check against rising-edge clock in_clk)
Path Group: asynchronous
Path Type: max

Fanout         Cap        Slew       Delay        Time   Description
---------------------------------------------------------------------------------------------
                                  0.000000    0.000000   clock in_clk (rise edge)
                                  0.000000    0.000000   clock network delay (propagated)
                                  2.000000    2.000000 ^ input external delay
     1    0.003960    0.000002    0.000052    2.000052 ^ rst (in)
                                                         rst (net)
                      0.000124    0.000000    2.000052 ^ input1/I (gf180mcu_fd_sc_mcu7t5v0__dlyb_1)
     6    0.053757    0.913215    1.313081    3.313133 ^ input1/Z (gf180mcu_fd_sc_mcu7t5v0__dlyb_1)
                                                         net1 (net)
                      0.913218    0.000957    3.314090 ^ _34_/RN (gf180mcu_fd_sc_mcu7t5v0__dffrnq_1)
                                              3.314090   data arrival time

                                 13.563000   13.563000   clock in_clk (rise edge)
                                  0.000000   13.563000   clock source latency
     1    0.029520    0.000015    0.000676   13.563676 ^ in_clk (in)
                                                         in_clk (net)
                      0.001631    0.000000   13.563676 ^ clkbuf_0_in_clk/I (gf180mcu_fd_sc_mcu7t5v0__clkbuf_16)
     2    0.049304    0.114245    0.225939   13.789616 ^ clkbuf_0_in_clk/Z (gf180mcu_fd_sc_mcu7t5v0__clkbuf_16)
                                                         clknet_0_in_clk (net)
                      0.114249    0.001196   13.790812 ^ clkbuf_1_0__f_in_clk/I (gf180mcu_fd_sc_mcu7t5v0__clkbuf_16)
     4    0.020226    0.088648    0.226321   14.017133 ^ clkbuf_1_0__f_in_clk/Z (gf180mcu_fd_sc_mcu7t5v0__clkbuf_16)
                                                         clknet_1_0__leaf_in_clk (net)
                      0.088648    0.000205   14.017338 ^ _34_/CLK (gf180mcu_fd_sc_mcu7t5v0__dffrnq_1)
                                 -0.200000   13.817338   clock uncertainty
                                  0.000000   13.817338   clock reconvergence pessimism
                                  0.079587   13.896925   library recovery time
                                             13.896925   data required time
---------------------------------------------------------------------------------------------
                                             13.896925   data required time
                                             -3.314090   data arrival time
---------------------------------------------------------------------------------------------
                                             10.582834   slack (MET)


Startpoint: rst (input port clocked by in_clk)
Endpoint: _36_ (recovery check against rising-edge clock in_clk)
Path Group: asynchronous
Path Type: max

Fanout         Cap        Slew       Delay        Time   Description
---------------------------------------------------------------------------------------------
                                  0.000000    0.000000   clock in_clk (rise edge)
                                  0.000000    0.000000   clock network delay (propagated)
                                  2.000000    2.000000 ^ input external delay
     1    0.003960    0.000002    0.000052    2.000052 ^ rst (in)
                                                         rst (net)
                      0.000124    0.000000    2.000052 ^ input1/I (gf180mcu_fd_sc_mcu7t5v0__dlyb_1)
     6    0.053757    0.913215    1.313081    3.313133 ^ input1/Z (gf180mcu_fd_sc_mcu7t5v0__dlyb_1)
                                                         net1 (net)
                      0.913218    0.000935    3.314068 ^ _36_/RN (gf180mcu_fd_sc_mcu7t5v0__dffrnq_1)
                                              3.314068   data arrival time

                                 13.563000   13.563000   clock in_clk (rise edge)
                                  0.000000   13.563000   clock source latency
     1    0.029520    0.000015    0.000676   13.563676 ^ in_clk (in)
                                                         in_clk (net)
                      0.001631    0.000000   13.563676 ^ clkbuf_0_in_clk/I (gf180mcu_fd_sc_mcu7t5v0__clkbuf_16)
     2    0.049304    0.114245    0.225939   13.789616 ^ clkbuf_0_in_clk/Z (gf180mcu_fd_sc_mcu7t5v0__clkbuf_16)
                                                         clknet_0_in_clk (net)
                      0.114249    0.001196   13.790812 ^ clkbuf_1_0__f_in_clk/I (gf180mcu_fd_sc_mcu7t5v0__clkbuf_16)
     4    0.020226    0.088648    0.226321   14.017133 ^ clkbuf_1_0__f_in_clk/Z (gf180mcu_fd_sc_mcu7t5v0__clkbuf_16)
                                                         clknet_1_0__leaf_in_clk (net)
                      0.088648    0.000266   14.017398 ^ _36_/CLK (gf180mcu_fd_sc_mcu7t5v0__dffrnq_1)
                                 -0.200000   13.817398   clock uncertainty
                                  0.000000   13.817398   clock reconvergence pessimism
                                  0.079587   13.896985   library recovery time
                                             13.896985   data required time
---------------------------------------------------------------------------------------------
                                             13.896985   data required time
                                             -3.314068   data arrival time
---------------------------------------------------------------------------------------------
                                             10.582917   slack (MET)


Startpoint: rst (input port clocked by in_clk)
Endpoint: _35_ (recovery check against rising-edge clock in_clk)
Path Group: asynchronous
Path Type: max

Fanout         Cap        Slew       Delay        Time   Description
---------------------------------------------------------------------------------------------
                                  0.000000    0.000000   clock in_clk (rise edge)
                                  0.000000    0.000000   clock network delay (propagated)
                                  2.000000    2.000000 ^ input external delay
     1    0.003960    0.000002    0.000052    2.000052 ^ rst (in)
                                                         rst (net)
                      0.000124    0.000000    2.000052 ^ input1/I (gf180mcu_fd_sc_mcu7t5v0__dlyb_1)
     6    0.053757    0.913215    1.313081    3.313133 ^ input1/Z (gf180mcu_fd_sc_mcu7t5v0__dlyb_1)
                                                         net1 (net)
                      0.913215    0.000821    3.313954 ^ _35_/RN (gf180mcu_fd_sc_mcu7t5v0__dffrnq_1)
                                              3.313954   data arrival time

                                 13.563000   13.563000   clock in_clk (rise edge)
                                  0.000000   13.563000   clock source latency
     1    0.029520    0.000015    0.000676   13.563676 ^ in_clk (in)
                                                         in_clk (net)
                      0.001631    0.000000   13.563676 ^ clkbuf_0_in_clk/I (gf180mcu_fd_sc_mcu7t5v0__clkbuf_16)
     2    0.049304    0.114245    0.225939   13.789616 ^ clkbuf_0_in_clk/Z (gf180mcu_fd_sc_mcu7t5v0__clkbuf_16)
                                                         clknet_0_in_clk (net)
                      0.114249    0.001196   13.790812 ^ clkbuf_1_0__f_in_clk/I (gf180mcu_fd_sc_mcu7t5v0__clkbuf_16)
     4    0.020226    0.088648    0.226321   14.017133 ^ clkbuf_1_0__f_in_clk/Z (gf180mcu_fd_sc_mcu7t5v0__clkbuf_16)
                                                         clknet_1_0__leaf_in_clk (net)
                      0.088648    0.000279   14.017411 ^ _35_/CLK (gf180mcu_fd_sc_mcu7t5v0__dffrnq_1)
                                 -0.200000   13.817411   clock uncertainty
                                  0.000000   13.817411   clock reconvergence pessimism
                                  0.079588   13.896999   library recovery time
                                             13.896999   data required time
---------------------------------------------------------------------------------------------
                                             13.896999   data required time
                                             -3.313954   data arrival time
---------------------------------------------------------------------------------------------
                                             10.583046   slack (MET)


Startpoint: _36_ (rising edge-triggered flip-flop clocked by in_clk)
Endpoint: _33_ (rising edge-triggered flip-flop clocked by in_clk)
Path Group: in_clk
Path Type: max

Fanout         Cap        Slew       Delay        Time   Description
---------------------------------------------------------------------------------------------
                                  0.000000    0.000000   clock in_clk (rise edge)
                                  0.000000    0.000000   clock source latency
     1    0.029520    0.000015    0.000676    0.000676 ^ in_clk (in)
                                                         in_clk (net)
                      0.001631    0.000000    0.000676 ^ clkbuf_0_in_clk/I (gf180mcu_fd_sc_mcu7t5v0__clkbuf_16)
     2    0.049304    0.114245    0.225939    0.226615 ^ clkbuf_0_in_clk/Z (gf180mcu_fd_sc_mcu7t5v0__clkbuf_16)
                                                         clknet_0_in_clk (net)
                      0.114249    0.001196    0.227811 ^ clkbuf_1_0__f_in_clk/I (gf180mcu_fd_sc_mcu7t5v0__clkbuf_16)
     4    0.020226    0.088648    0.226321    0.454133 ^ clkbuf_1_0__f_in_clk/Z (gf180mcu_fd_sc_mcu7t5v0__clkbuf_16)
                                                         clknet_1_0__leaf_in_clk (net)
                      0.088648    0.000266    0.454399 ^ _36_/CLK (gf180mcu_fd_sc_mcu7t5v0__dffrnq_1)
     8    0.049867    0.855587    1.304996    1.759395 ^ _36_/Q (gf180mcu_fd_sc_mcu7t5v0__dffrnq_1)
                                                         counter[2] (net)
                      0.855591    0.001132    1.760527 ^ _22_/B (gf180mcu_fd_sc_mcu7t5v0__aoi21_1)
     1    0.005133    0.407709    0.277171    2.037698 v _22_/ZN (gf180mcu_fd_sc_mcu7t5v0__aoi21_1)
                                                         _11_ (net)
                      0.407709    0.000061    2.037759 v _30_/B (gf180mcu_fd_sc_mcu7t5v0__aoi21_1)
     1    0.005190    0.367423    0.317324    2.355083 ^ _30_/ZN (gf180mcu_fd_sc_mcu7t5v0__aoi21_1)
                                                         _05_ (net)
                      0.367423    0.000114    2.355197 ^ _33_/D (gf180mcu_fd_sc_mcu7t5v0__dffrnq_1)
                                              2.355197   data arrival time

                                 13.563000   13.563000   clock in_clk (rise edge)
                                  0.000000   13.563000   clock source latency
     1    0.029520    0.000015    0.000676   13.563676 ^ in_clk (in)
                                                         in_clk (net)
                      0.001631    0.000000   13.563676 ^ clkbuf_0_in_clk/I (gf180mcu_fd_sc_mcu7t5v0__clkbuf_16)
     2    0.049304    0.114245    0.225939   13.789616 ^ clkbuf_0_in_clk/Z (gf180mcu_fd_sc_mcu7t5v0__clkbuf_16)
                                                         clknet_0_in_clk (net)
                      0.114249    0.001184   13.790799 ^ clkbuf_1_1__f_in_clk/I (gf180mcu_fd_sc_mcu7t5v0__clkbuf_16)
     3    0.015126    0.083931    0.222063   14.012862 ^ clkbuf_1_1__f_in_clk/Z (gf180mcu_fd_sc_mcu7t5v0__clkbuf_16)
                                                         clknet_1_1__leaf_in_clk (net)
                      0.083931    0.000172   14.013035 ^ _33_/CLK (gf180mcu_fd_sc_mcu7t5v0__dffrnq_1)
                                 -0.200000   13.813035   clock uncertainty
                                  0.000000   13.813035   clock reconvergence pessimism
                                 -0.350317   13.462718   library setup time
                                             13.462718   data required time
---------------------------------------------------------------------------------------------
                                             13.462718   data required time
                                             -2.355197   data arrival time
---------------------------------------------------------------------------------------------
                                             11.107521   slack (MET)


Startpoint: _35_ (rising edge-triggered flip-flop clocked by in_clk)
Endpoint: _36_ (rising edge-triggered flip-flop clocked by in_clk)
Path Group: in_clk
Path Type: max

Fanout         Cap        Slew       Delay        Time   Description
---------------------------------------------------------------------------------------------
                                  0.000000    0.000000   clock in_clk (rise edge)
                                  0.000000    0.000000   clock source latency
     1    0.029520    0.000015    0.000676    0.000676 ^ in_clk (in)
                                                         in_clk (net)
                      0.001631    0.000000    0.000676 ^ clkbuf_0_in_clk/I (gf180mcu_fd_sc_mcu7t5v0__clkbuf_16)
     2    0.049304    0.114245    0.225939    0.226615 ^ clkbuf_0_in_clk/Z (gf180mcu_fd_sc_mcu7t5v0__clkbuf_16)
                                                         clknet_0_in_clk (net)
                      0.114249    0.001196    0.227811 ^ clkbuf_1_0__f_in_clk/I (gf180mcu_fd_sc_mcu7t5v0__clkbuf_16)
     4    0.020226    0.088648    0.226321    0.454133 ^ clkbuf_1_0__f_in_clk/Z (gf180mcu_fd_sc_mcu7t5v0__clkbuf_16)
                                                         clknet_1_0__leaf_in_clk (net)
                      0.088648    0.000279    0.454412 ^ _35_/CLK (gf180mcu_fd_sc_mcu7t5v0__dffrnq_1)
     8    0.041050    0.717145    1.223868    1.678280 ^ _35_/Q (gf180mcu_fd_sc_mcu7t5v0__dffrnq_1)
                                                         counter[1] (net)
                      0.717145    0.000486    1.678765 ^ _20_/A2 (gf180mcu_fd_sc_mcu7t5v0__and2_1)
     2    0.011216    0.255177    0.389687    2.068453 ^ _20_/Z (gf180mcu_fd_sc_mcu7t5v0__and2_1)
                                                         _09_ (net)
                      0.255177    0.000217    2.068670 ^ _25_/I0 (gf180mcu_fd_sc_mcu7t5v0__mux2_2)
     1    0.006069    0.125485    0.284705    2.353375 ^ _25_/Z (gf180mcu_fd_sc_mcu7t5v0__mux2_2)
                                                         _02_ (net)
                      0.125485    0.000130    2.353505 ^ _36_/D (gf180mcu_fd_sc_mcu7t5v0__dffrnq_1)
                                              2.353505   data arrival time

                                 13.563000   13.563000   clock in_clk (rise edge)
                                  0.000000   13.563000   clock source latency
     1    0.029520    0.000015    0.000676   13.563676 ^ in_clk (in)
                                                         in_clk (net)
                      0.001631    0.000000   13.563676 ^ clkbuf_0_in_clk/I (gf180mcu_fd_sc_mcu7t5v0__clkbuf_16)
     2    0.049304    0.114245    0.225939   13.789616 ^ clkbuf_0_in_clk/Z (gf180mcu_fd_sc_mcu7t5v0__clkbuf_16)
                                                         clknet_0_in_clk (net)
                      0.114249    0.001196   13.790812 ^ clkbuf_1_0__f_in_clk/I (gf180mcu_fd_sc_mcu7t5v0__clkbuf_16)
     4    0.020226    0.088648    0.226321   14.017133 ^ clkbuf_1_0__f_in_clk/Z (gf180mcu_fd_sc_mcu7t5v0__clkbuf_16)
                                                         clknet_1_0__leaf_in_clk (net)
                      0.088648    0.000266   14.017398 ^ _36_/CLK (gf180mcu_fd_sc_mcu7t5v0__dffrnq_1)
                                 -0.200000   13.817398   clock uncertainty
                                  0.000000   13.817398   clock reconvergence pessimism
                                 -0.306121   13.511277   library setup time
                                             13.511277   data required time
---------------------------------------------------------------------------------------------
                                             13.511277   data required time
                                             -2.353505   data arrival time
---------------------------------------------------------------------------------------------
                                             11.157772   slack (MET)


Startpoint: _35_ (rising edge-triggered flip-flop clocked by in_clk)
Endpoint: _35_ (rising edge-triggered flip-flop clocked by in_clk)
Path Group: in_clk
Path Type: max

Fanout         Cap        Slew       Delay        Time   Description
---------------------------------------------------------------------------------------------
                                  0.000000    0.000000   clock in_clk (rise edge)
                                  0.000000    0.000000   clock source latency
     1    0.029520    0.000015    0.000676    0.000676 ^ in_clk (in)
                                                         in_clk (net)
                      0.001631    0.000000    0.000676 ^ clkbuf_0_in_clk/I (gf180mcu_fd_sc_mcu7t5v0__clkbuf_16)
     2    0.049304    0.114245    0.225939    0.226615 ^ clkbuf_0_in_clk/Z (gf180mcu_fd_sc_mcu7t5v0__clkbuf_16)
                                                         clknet_0_in_clk (net)
                      0.114249    0.001196    0.227811 ^ clkbuf_1_0__f_in_clk/I (gf180mcu_fd_sc_mcu7t5v0__clkbuf_16)
     4    0.020226    0.088648    0.226321    0.454133 ^ clkbuf_1_0__f_in_clk/Z (gf180mcu_fd_sc_mcu7t5v0__clkbuf_16)
                                                         clknet_1_0__leaf_in_clk (net)
                      0.088648    0.000279    0.454412 ^ _35_/CLK (gf180mcu_fd_sc_mcu7t5v0__dffrnq_1)
     8    0.041050    0.717145    1.223868    1.678280 ^ _35_/Q (gf180mcu_fd_sc_mcu7t5v0__dffrnq_1)
                                                         counter[1] (net)
                      0.717145    0.000554    1.678833 ^ _23_/A2 (gf180mcu_fd_sc_mcu7t5v0__nor2_1)
     2    0.010414    0.350033    0.256825    1.935659 v _23_/ZN (gf180mcu_fd_sc_mcu7t5v0__nor2_1)
                                                         _12_ (net)
                      0.350033    0.000093    1.935752 v _24_/A3 (gf180mcu_fd_sc_mcu7t5v0__nor3_1)
     1    0.003422    0.386297    0.304065    2.239817 ^ _24_/ZN (gf180mcu_fd_sc_mcu7t5v0__nor3_1)
                                                         _01_ (net)
                      0.386297    0.000034    2.239850 ^ _35_/D (gf180mcu_fd_sc_mcu7t5v0__dffrnq_1)
                                              2.239850   data arrival time

                                 13.563000   13.563000   clock in_clk (rise edge)
                                  0.000000   13.563000   clock source latency
     1    0.029520    0.000015    0.000676   13.563676 ^ in_clk (in)
                                                         in_clk (net)
                      0.001631    0.000000   13.563676 ^ clkbuf_0_in_clk/I (gf180mcu_fd_sc_mcu7t5v0__clkbuf_16)
     2    0.049304    0.114245    0.225939   13.789616 ^ clkbuf_0_in_clk/Z (gf180mcu_fd_sc_mcu7t5v0__clkbuf_16)
                                                         clknet_0_in_clk (net)
                      0.114249    0.001196   13.790812 ^ clkbuf_1_0__f_in_clk/I (gf180mcu_fd_sc_mcu7t5v0__clkbuf_16)
     4    0.020226    0.088648    0.226321   14.017133 ^ clkbuf_1_0__f_in_clk/Z (gf180mcu_fd_sc_mcu7t5v0__clkbuf_16)
                                                         clknet_1_0__leaf_in_clk (net)
                      0.088648    0.000279   14.017411 ^ _35_/CLK (gf180mcu_fd_sc_mcu7t5v0__dffrnq_1)
                                 -0.200000   13.817411   clock uncertainty
                                  0.000000   13.817411   clock reconvergence pessimism
                                 -0.352595   13.464817   library setup time
                                             13.464817   data required time
---------------------------------------------------------------------------------------------
                                             13.464817   data required time
                                             -2.239850   data arrival time
---------------------------------------------------------------------------------------------
                                             11.224967   slack (MET)


Startpoint: _36_ (rising edge-triggered flip-flop clocked by in_clk)
Endpoint: _32_ (rising edge-triggered flip-flop clocked by in_clk)
Path Group: in_clk
Path Type: max

Fanout         Cap        Slew       Delay        Time   Description
---------------------------------------------------------------------------------------------
                                  0.000000    0.000000   clock in_clk (rise edge)
                                  0.000000    0.000000   clock source latency
     1    0.029520    0.000015    0.000676    0.000676 ^ in_clk (in)
                                                         in_clk (net)
                      0.001631    0.000000    0.000676 ^ clkbuf_0_in_clk/I (gf180mcu_fd_sc_mcu7t5v0__clkbuf_16)
     2    0.049304    0.114245    0.225939    0.226615 ^ clkbuf_0_in_clk/Z (gf180mcu_fd_sc_mcu7t5v0__clkbuf_16)
                                                         clknet_0_in_clk (net)
                      0.114249    0.001196    0.227811 ^ clkbuf_1_0__f_in_clk/I (gf180mcu_fd_sc_mcu7t5v0__clkbuf_16)
     4    0.020226    0.088648    0.226321    0.454133 ^ clkbuf_1_0__f_in_clk/Z (gf180mcu_fd_sc_mcu7t5v0__clkbuf_16)
                                                         clknet_1_0__leaf_in_clk (net)
                      0.088648    0.000266    0.454399 ^ _36_/CLK (gf180mcu_fd_sc_mcu7t5v0__dffrnq_1)
     8    0.049867    0.855587    1.304996    1.759395 ^ _36_/Q (gf180mcu_fd_sc_mcu7t5v0__dffrnq_1)
                                                         counter[2] (net)
                      0.855591    0.001084    1.760478 ^ _18_/A1 (gf180mcu_fd_sc_mcu7t5v0__and2_1)
     2    0.011081    0.255779    0.435733    2.196212 ^ _18_/Z (gf180mcu_fd_sc_mcu7t5v0__and2_1)
                                                         _08_ (net)
                      0.255779    0.000100    2.196312 ^ _29_/B2 (gf180mcu_fd_sc_mcu7t5v0__aoi22_1)
     1    0.004442    0.245290    0.184535    2.380847 v _29_/ZN (gf180mcu_fd_sc_mcu7t5v0__aoi22_1)
                                                         _04_ (net)
                      0.245290    0.000089    2.380936 v _32_/D (gf180mcu_fd_sc_mcu7t5v0__dffrnq_1)
                                              2.380936   data arrival time

                                 13.563000   13.563000   clock in_clk (rise edge)
                                  0.000000   13.563000   clock source latency
     1    0.029520    0.000015    0.000676   13.563676 ^ in_clk (in)
                                                         in_clk (net)
                      0.001631    0.000000   13.563676 ^ clkbuf_0_in_clk/I (gf180mcu_fd_sc_mcu7t5v0__clkbuf_16)
     2    0.049304    0.114245    0.225939   13.789616 ^ clkbuf_0_in_clk/Z (gf180mcu_fd_sc_mcu7t5v0__clkbuf_16)
                                                         clknet_0_in_clk (net)
                      0.114249    0.001184   13.790799 ^ clkbuf_1_1__f_in_clk/I (gf180mcu_fd_sc_mcu7t5v0__clkbuf_16)
     3    0.015126    0.083931    0.222063   14.012862 ^ clkbuf_1_1__f_in_clk/Z (gf180mcu_fd_sc_mcu7t5v0__clkbuf_16)
                                                         clknet_1_1__leaf_in_clk (net)
                      0.083931    0.000156   14.013019 ^ _32_/CLK (gf180mcu_fd_sc_mcu7t5v0__dffrnq_1)
                                 -0.200000   13.813019   clock uncertainty
                                  0.000000   13.813019   clock reconvergence pessimism
                                 -0.179687   13.633331   library setup time
                                             13.633331   data required time
---------------------------------------------------------------------------------------------
                                             13.633331   data required time
                                             -2.380936   data arrival time
---------------------------------------------------------------------------------------------
                                             11.252395   slack (MET)


Startpoint: _36_ (rising edge-triggered flip-flop clocked by in_clk)
Endpoint: _31_ (rising edge-triggered flip-flop clocked by in_clk)
Path Group: in_clk
Path Type: max

Fanout         Cap        Slew       Delay        Time   Description
---------------------------------------------------------------------------------------------
                                  0.000000    0.000000   clock in_clk (rise edge)
                                  0.000000    0.000000   clock source latency
     1    0.029520    0.000015    0.000676    0.000676 ^ in_clk (in)
                                                         in_clk (net)
                      0.001631    0.000000    0.000676 ^ clkbuf_0_in_clk/I (gf180mcu_fd_sc_mcu7t5v0__clkbuf_16)
     2    0.049304    0.114245    0.225939    0.226615 ^ clkbuf_0_in_clk/Z (gf180mcu_fd_sc_mcu7t5v0__clkbuf_16)
                                                         clknet_0_in_clk (net)
                      0.114249    0.001196    0.227811 ^ clkbuf_1_0__f_in_clk/I (gf180mcu_fd_sc_mcu7t5v0__clkbuf_16)
     4    0.020226    0.088648    0.226321    0.454133 ^ clkbuf_1_0__f_in_clk/Z (gf180mcu_fd_sc_mcu7t5v0__clkbuf_16)
                                                         clknet_1_0__leaf_in_clk (net)
                      0.088648    0.000266    0.454399 ^ _36_/CLK (gf180mcu_fd_sc_mcu7t5v0__dffrnq_1)
     8    0.049867    0.855587    1.304996    1.759395 ^ _36_/Q (gf180mcu_fd_sc_mcu7t5v0__dffrnq_1)
                                                         counter[2] (net)
                      0.855592    0.001223    1.760617 ^ _26_/A1 (gf180mcu_fd_sc_mcu7t5v0__nand3_1)
     1    0.006095    0.350692    0.228490    1.989108 v _26_/ZN (gf180mcu_fd_sc_mcu7t5v0__nand3_1)
                                                         _13_ (net)
                      0.350692    0.000125    1.989233 v _27_/B (gf180mcu_fd_sc_mcu7t5v0__oai21_1)
     1    0.004101    0.306467    0.259138    2.248370 ^ _27_/ZN (gf180mcu_fd_sc_mcu7t5v0__oai21_1)
                                                         _03_ (net)
                      0.306467    0.000050    2.248421 ^ _31_/D (gf180mcu_fd_sc_mcu7t5v0__dffsnq_1)
                                              2.248421   data arrival time

                                 13.563000   13.563000   clock in_clk (rise edge)
                                  0.000000   13.563000   clock source latency
     1    0.029520    0.000015    0.000676   13.563676 ^ in_clk (in)
                                                         in_clk (net)
                      0.001631    0.000000   13.563676 ^ clkbuf_0_in_clk/I (gf180mcu_fd_sc_mcu7t5v0__clkbuf_16)
     2    0.049304    0.114245    0.225939   13.789616 ^ clkbuf_0_in_clk/Z (gf180mcu_fd_sc_mcu7t5v0__clkbuf_16)
                                                         clknet_0_in_clk (net)
                      0.114249    0.001184   13.790799 ^ clkbuf_1_1__f_in_clk/I (gf180mcu_fd_sc_mcu7t5v0__clkbuf_16)
     3    0.015126    0.083931    0.222063   14.012862 ^ clkbuf_1_1__f_in_clk/Z (gf180mcu_fd_sc_mcu7t5v0__clkbuf_16)
                                                         clknet_1_1__leaf_in_clk (net)
                      0.083931    0.000196   14.013059 ^ _31_/CLK (gf180mcu_fd_sc_mcu7t5v0__dffsnq_1)
                                 -0.200000   13.813059   clock uncertainty
                                  0.000000   13.813059   clock reconvergence pessimism
                                 -0.264708   13.548351   library setup time
                                             13.548351   data required time
---------------------------------------------------------------------------------------------
                                             13.548351   data required time
                                             -2.248421   data arrival time
---------------------------------------------------------------------------------------------
                                             11.299931   slack (MET)


Startpoint: _36_ (rising edge-triggered flip-flop clocked by in_clk)
Endpoint: _34_ (rising edge-triggered flip-flop clocked by in_clk)
Path Group: in_clk
Path Type: max

Fanout         Cap        Slew       Delay        Time   Description
---------------------------------------------------------------------------------------------
                                  0.000000    0.000000   clock in_clk (rise edge)
                                  0.000000    0.000000   clock source latency
     1    0.029520    0.000015    0.000676    0.000676 ^ in_clk (in)
                                                         in_clk (net)
                      0.001631    0.000000    0.000676 ^ clkbuf_0_in_clk/I (gf180mcu_fd_sc_mcu7t5v0__clkbuf_16)
     2    0.049304    0.114245    0.225939    0.226615 ^ clkbuf_0_in_clk/Z (gf180mcu_fd_sc_mcu7t5v0__clkbuf_16)
                                                         clknet_0_in_clk (net)
                      0.114249    0.001196    0.227811 ^ clkbuf_1_0__f_in_clk/I (gf180mcu_fd_sc_mcu7t5v0__clkbuf_16)
     4    0.020226    0.088648    0.226321    0.454133 ^ clkbuf_1_0__f_in_clk/Z (gf180mcu_fd_sc_mcu7t5v0__clkbuf_16)
                                                         clknet_1_0__leaf_in_clk (net)
                      0.088648    0.000266    0.454399 ^ _36_/CLK (gf180mcu_fd_sc_mcu7t5v0__dffrnq_1)
     8    0.049867    0.855587    1.304996    1.759395 ^ _36_/Q (gf180mcu_fd_sc_mcu7t5v0__dffrnq_1)
                                                         counter[2] (net)
                      0.855590    0.001002    1.760397 ^ _19_/A1 (gf180mcu_fd_sc_mcu7t5v0__aoi21_1)
     1    0.003421    0.315194    0.115077    1.875474 v _19_/ZN (gf180mcu_fd_sc_mcu7t5v0__aoi21_1)
                                                         _00_ (net)
                      0.315194    0.000034    1.875508 v _34_/D (gf180mcu_fd_sc_mcu7t5v0__dffrnq_1)
                                              1.875508   data arrival time

                                 13.563000   13.563000   clock in_clk (rise edge)
                                  0.000000   13.563000   clock source latency
     1    0.029520    0.000015    0.000676   13.563676 ^ in_clk (in)
                                                         in_clk (net)
                      0.001631    0.000000   13.563676 ^ clkbuf_0_in_clk/I (gf180mcu_fd_sc_mcu7t5v0__clkbuf_16)
     2    0.049304    0.114245    0.225939   13.789616 ^ clkbuf_0_in_clk/Z (gf180mcu_fd_sc_mcu7t5v0__clkbuf_16)
                                                         clknet_0_in_clk (net)
                      0.114249    0.001196   13.790812 ^ clkbuf_1_0__f_in_clk/I (gf180mcu_fd_sc_mcu7t5v0__clkbuf_16)
     4    0.020226    0.088648    0.226321   14.017133 ^ clkbuf_1_0__f_in_clk/Z (gf180mcu_fd_sc_mcu7t5v0__clkbuf_16)
                                                         clknet_1_0__leaf_in_clk (net)
                      0.088648    0.000205   14.017338 ^ _34_/CLK (gf180mcu_fd_sc_mcu7t5v0__dffrnq_1)
                                 -0.200000   13.817338   clock uncertainty
                                  0.000000   13.817338   clock reconvergence pessimism
                                 -0.198792   13.618546   library setup time
                                             13.618546   data required time
---------------------------------------------------------------------------------------------
                                             13.618546   data required time
                                             -1.875508   data arrival time
---------------------------------------------------------------------------------------------
                                             11.743037   slack (MET)



