Clock: clk_div
Sources: clk 
Generated: yes
Virtual: yes
Propagated: no
Period: 0.000000

===========================================================================
report_clock_properties
============================================================================
Clock                   Period          Waveform
----------------------------------------------------

===========================================================================
report_clock_latency
============================================================================
Clock clk_div
rise -> rise
    min     max
0.000000 0.000000 source latency
1.152391         network latency _2078_/CLK
        1.172583 network latency _2124_/CLK
---------------
1.152391 1.172583 latency
        0.020193 skew

fall -> fall
    min     max
0.000000 0.000000 source latency
1.169077         network latency _2078_/CLK
        1.190674 network latency _2124_/CLK
---------------
1.169077 1.190674 latency
        0.021597 skew



===========================================================================
report_clock_min_period
============================================================================
clk_div period_min = 0.00 fmax = inf
