Clock: clk_div
Sources: clk 
Generated: yes
Virtual: yes
Propagated: no
Period: 0.000000

===========================================================================
report_clock_properties
============================================================================
Clock                   Period          Waveform
----------------------------------------------------

===========================================================================
report_clock_latency
============================================================================
Clock clk_div
rise -> rise
    min     max
0.000000 0.000000 source latency
1.091353         network latency _2112_/CLK
        1.114526 network latency _2148_/CLK
---------------
1.091353 1.114526 latency
        0.023173 skew

fall -> fall
    min     max
0.000000 0.000000 source latency
1.101420         network latency _2112_/CLK
        1.126166 network latency _2148_/CLK
---------------
1.101420 1.126166 latency
        0.024745 skew



===========================================================================
report_clock_min_period
============================================================================
clk_div period_min = 0.00 fmax = inf
