Reading timing models for corner nom_tt_025C_5v00…
Reading timing library for the 'nom_tt_025C_5v00' corner at '/foss/pdks/gf180mcuD/libs.ref/gf180mcu_fd_sc_mcu7t5v0/lib/gf180mcu_fd_sc_mcu7t5v0__tt_025C_5v00.lib'…
Reading OpenROAD database at '/foss/designs/low-power-12b-first-order-delta-sigma-adc/src/filter_decimation/runs/RUN_2026-08-25_07-59-21/25-openroad-ioplacement/cic_filter.odb'…
Reading design constraints file at 'constraint.sdc'…
[WARNING STA-0345] resistance scale 1e+03 does not match library scale 1e+00.
[INFO] No information on clock propagation in input SDC file-- propagating all clocks.
[INFO] Setting signal min routing layer to: Metal2 and clock min routing layer to Metal2. 
[INFO] Setting signal max routing layer to: Metal5 and clock max routing layer to Metal5. 
+ global_placement -density 0.1 -routability_driven -pad_right 0 -pad_left 0 -init_wirelength_coef 0.25
[INFO GPL-0001] ---- Initialize GPL Main Data Structures
[INFO GPL-0002] DBU: 2000
[INFO GPL-0003] SiteSize: (  0.560  3.920 ) um
[INFO GPL-0004] CoreBBox: (  6.720 15.680 ) ( 243.040 231.280 ) um
[INFO GPL-0036] Movable instances area:      34519.520 um^2
[INFO GPL-0037] Total instances area:        35902.496 um^2
[INFO GPL-0035] Pin density area adjust:      2924.233 um^2
[INFO GPL-0032] ---- Initialize Region: Top-level
[INFO GPL-0006] Number of instances:              1538
[INFO GPL-0007] Movable instances:                1223
[INFO GPL-0008] Fixed instances:                   315
[INFO GPL-0009] Dummy instances:                     0
[INFO GPL-0010] Number of nets:                   1226
[INFO GPL-0011] Number of pins:                   4342
[INFO GPL-0012] Die BBox:  (  0.000  0.000 ) ( 250.000 250.000 ) um
[INFO GPL-0013] Core BBox: (  6.720 15.680 ) ( 243.040 231.280 ) um
[INFO GPL-0016] Core area:                   50950.592 um^2
[INFO GPL-0014] Region name: top-level.
[INFO GPL-0015] Region area:                 50950.592 um^2
[INFO GPL-0017] Fixed instances area:         1382.976 um^2
[INFO GPL-0018] Movable instances area:      37443.753 um^2
[INFO GPL-0019] Utilization:                    75.541 %
[INFO GPL-0020] Standard cells area:         37443.753 um^2
[INFO GPL-0021] Large instances area:            0.000 um^2
[INFO GPL-0005] ---- Execute Conjugate Gradient Initial Placement.
[INFO GPL-0051] Source of initial instance position counters:
	Odb location = 1223	Core center = 0	Region center = 0
[InitialPlace]  Iter: 1 conjugate gradient residual: 0.00190597 HPWL: 67169862
[InitialPlace]  Iter: 2 conjugate gradient residual: 0.00099962 HPWL: 48821947
[InitialPlace]  Iter: 3 conjugate gradient residual: 0.00060293 HPWL: 43756516
[InitialPlace]  Iter: 4 conjugate gradient residual: 0.00007956 HPWL: 42380256
[InitialPlace]  Iter: 5 conjugate gradient residual: 0.00007160 HPWL: 41978451
[InitialPlace]  Iter: 6 conjugate gradient residual: 0.00003959 HPWL: 41729483
[InitialPlace]  Iter: 7 conjugate gradient residual: 0.00001404 HPWL: 41595845
[InitialPlace]  Iter: 8 conjugate gradient residual: 0.00000441 HPWL: 41507351
[INFO GPL-0033] ---- Initialize Nesterov Region: Top-level
[WARNING GPL-0302] Target density 0.1000 is too low for the available free area.
Automatically adjusting to uniform density 0.7600.
[INFO GPL-0023] Placement target density:       0.7600
[INFO GPL-0024] Movable insts average area:     30.616 um^2
[INFO GPL-0025] Ideal bin area:                 40.285 um^2
[INFO GPL-0026] Ideal bin count:                  1264
[INFO GPL-0027] Total bin area:              50950.592 um^2
[INFO GPL-0028] Bin count (X, Y):          32 ,     32
[INFO GPL-0029] Bin size (W * H):       7.385 *  6.737 um
[INFO GPL-0030] Number of bins:                   1024
[INFO GPL-0007] ---- Execute Nesterov Global Placement.
[INFO GPL-0031] HPWL: Half-Perimeter Wirelength
Iteration | Overflow |     HPWL (um) |  HPWL(%) |   Penalty | Group
---------------------------------------------------------------
        0 |   0.9415 |  5.848635e+03 |   +0.00% |  6.57e-16 |      
       10 |   0.9232 |  6.481409e+03 |  +10.82% |  1.07e-15 |      
       20 |   0.9119 |  6.650543e+03 |   +2.61% |  1.74e-15 |      
       30 |   0.9080 |  6.761543e+03 |   +1.67% |  2.84e-15 |      
       40 |   0.9038 |  6.821749e+03 |   +0.89% |  4.62e-15 |      
       50 |   0.9025 |  6.874727e+03 |   +0.78% |  7.53e-15 |      
       60 |   0.9018 |  6.894539e+03 |   +0.29% |  1.23e-14 |      
       70 |   0.9019 |  6.880342e+03 |   -0.21% |  2.00e-14 |      
       80 |   0.9022 |  6.858035e+03 |   -0.32% |  3.26e-14 |      
       90 |   0.9013 |  6.850034e+03 |   -0.12% |  5.30e-14 |      
      100 |   0.8994 |  6.865840e+03 |   +0.23% |  8.64e-14 |      
      110 |   0.8978 |  6.907866e+03 |   +0.61% |  1.41e-13 |      
      120 |   0.8938 |  6.976337e+03 |   +0.99% |  2.29e-13 |      
      130 |   0.8855 |  7.074490e+03 |   +1.41% |  3.73e-13 |      
      140 |   0.8745 |  7.216010e+03 |   +2.00% |  6.08e-13 |      
      150 |   0.8573 |  7.419556e+03 |   +2.82% |  9.90e-13 |      
      160 |   0.8300 |  7.700359e+03 |   +3.78% |  1.61e-12 |      
      170 |   0.7989 |  8.055539e+03 |   +4.61% |  2.63e-12 |      
      180 |   0.7695 |  8.481149e+03 |   +5.28% |  4.28e-12 |      
      190 |   0.7366 |  8.986201e+03 |   +5.96% |  6.97e-12 |      
      200 |   0.7052 |  9.535317e+03 |   +6.11% |  1.14e-11 |      
      210 |   0.6689 |  1.008674e+04 |   +5.78% |  1.85e-11 |      
      220 |   0.6272 |  1.058958e+04 |   +4.99% |  3.01e-11 |      
      230 |   0.5966 |  1.106549e+04 |   +4.49% |  4.90e-11 |      
[INFO GPL-0038] Routability snapshot saved at iter = 231
      230 |   0.5966 |  1.106549e+04 |          |           |      
      240 |   0.5575 |  1.147753e+04 |   +3.72% |  7.99e-11 |      
      250 |   0.5194 |  1.186979e+04 |   +3.42% |  1.30e-10 |      
      260 |   0.4879 |  1.236784e+04 |   +4.20% |  2.12e-10 |      
      270 |   0.4552 |  1.277736e+04 |   +3.31% |  3.45e-10 |      
      280 |   0.4244 |  1.314659e+04 |   +2.89% |  5.62e-10 |      
      290 |   0.3918 |  1.341409e+04 |   +2.03% |  9.16e-10 |      
      300 |   0.3640 |  1.374422e+04 |   +2.46% |  1.49e-09 |      
      310 |   0.3317 |  1.411345e+04 |   +2.69% |  2.33e-09 |      
      320 |   0.3093 |  1.434020e+04 |   +1.61% |  3.44e-09 |      
[INFO GPL-0040] Routability iteration: 1
[INFO GPL-0041] Total routing overflow: 0.0000
[INFO GPL-0042] Number of overflowed tiles: 0 (0.00%)
[INFO GPL-0043] Average top 0.5% routing congestion: 0.6952
[INFO GPL-0044] Average top 1.0% routing congestion: 0.6671
[INFO GPL-0045] Average top 2.0% routing congestion: 0.6360
[INFO GPL-0046] Average top 5.0% routing congestion: 0.5928
[INFO GPL-0047] Routability iteration weighted routing congestion: 0.6812
[INFO GPL-0050] Weighted routing congestion is lower than target routing congestion(1.0100), end routability optimization.
[INFO GPL-0090] Routability finished. Target routing congestion achieved succesfully.
Iteration | Overflow |     HPWL (um) |  HPWL(%) |   Penalty | Group
---------------------------------------------------------------
      330 |   0.2856 |  1.467915e+04 |   +2.36% |  5.06e-09 |      
      340 |   0.2593 |  1.503454e+04 |   +2.42% |  7.46e-09 |      
      350 |   0.2341 |  1.537566e+04 |   +2.27% |  1.10e-08 |      
      360 |   0.2091 |  1.572415e+04 |   +2.27% |  1.62e-08 |      
      370 |   0.1839 |  1.608950e+04 |   +2.32% |  2.38e-08 |      
      380 |   0.1594 |  1.645609e+04 |   +2.28% |  3.51e-08 |      
      390 |   0.1381 |  1.684785e+04 |   +2.38% |  5.17e-08 |      
      400 |   0.1171 |  1.722633e+04 |   +2.25% |  7.62e-08 |      
      410 |   0.1003 |  1.757438e+04 |   +2.02% |  1.12e-07 |      
      411 |   0.0986 |  1.760020e+04 |          |  1.21e-07 |      
---------------------------------------------------------------
[INFO GPL-1001] Global placement finished at iteration 411
[INFO GPL-1003] Routability mode iteration count: 93
[INFO GPL-1005] Routability final weighted congestion: 0.6275
[INFO GPL-1002] Placed Cell Area            37443.7532
[INFO GPL-1003] Available Free Area         49567.6160
[INFO GPL-1004] Minimum Feasible Density        0.7600 (cell_area / free_area)
[INFO GPL-1006]   Suggested Target Densities:
[INFO GPL-1007]     - For 90% usage of free space: 0.8393
[INFO GPL-1008]     - For 80% usage of free space: 0.9443
[INFO GPL-1011] Original area (um^2): 37443.75
[INFO GPL-1012] Total routability artificial inflation: 0.00 (+0.00%)
[INFO GPL-1014] Final placement area: 37443.75 (+0.00%)
Setting global connections for newly added cells…
[INFO] Setting global connections...
[INFO ODB-0403] 0 connections made, 0 conflicts skipped.
Updating metrics…
Cell type report:                       Count       Area
  Endcap cell                             110     482.94
  Tap cell                                315    1382.98
  Inverter                                113     992.23
  Sequential cell                         220   16420.10
  Multi-Input combinational cell          890   17107.19
  Total                                  1648   36385.44
Writing OpenROAD database to '/foss/designs/low-power-12b-first-order-delta-sigma-adc/src/filter_decimation/runs/RUN_2026-08-25_07-59-21/28-openroad-globalplacement/cic_filter.odb'…
Writing netlist to '/foss/designs/low-power-12b-first-order-delta-sigma-adc/src/filter_decimation/runs/RUN_2026-08-25_07-59-21/28-openroad-globalplacement/cic_filter.nl.v'…
Writing powered netlist to '/foss/designs/low-power-12b-first-order-delta-sigma-adc/src/filter_decimation/runs/RUN_2026-08-25_07-59-21/28-openroad-globalplacement/cic_filter.pnl.v'…
Writing layout to '/foss/designs/low-power-12b-first-order-delta-sigma-adc/src/filter_decimation/runs/RUN_2026-08-25_07-59-21/28-openroad-globalplacement/cic_filter.def'…
Writing timing constraints to '/foss/designs/low-power-12b-first-order-delta-sigma-adc/src/filter_decimation/runs/RUN_2026-08-25_07-59-21/28-openroad-globalplacement/cic_filter.sdc'…
