Clock: clk_div
Sources: clk 
Generated: yes
Virtual: yes
Propagated: no
Period: 0.000000

===========================================================================
report_clock_properties
============================================================================
Clock                   Period          Waveform
----------------------------------------------------

===========================================================================
report_clock_latency
============================================================================
Clock clk_div
rise -> rise
    min     max
0.000000 0.000000 source latency
0.594446         network latency _2087_/CLK
        0.601165 network latency _2113_/CLK
---------------
0.594446 0.601165 latency
        0.006719 skew

fall -> fall
    min     max
0.000000 0.000000 source latency
0.598337         network latency _2087_/CLK
        0.605684 network latency _2113_/CLK
---------------
0.598337 0.605684 latency
        0.007348 skew



===========================================================================
report_clock_min_period
============================================================================
clk_div period_min = 0.00 fmax = inf
