Clock: in_clk
Sources: in_clk 
Generated: no
Virtual: yes
Propagated: no
Period: 13.563000

===========================================================================
report_clock_properties
============================================================================
Clock                   Period          Waveform
----------------------------------------------------
in_clk               13.563000    0.000000  6.781500

===========================================================================
report_clock_latency
============================================================================
Clock in_clk
rise -> rise
    min     max
0.000000 0.000000 source latency
0.288787         network latency _33_/CLK
        0.290703 network latency _36_/CLK
---------------
0.288787 0.290703 latency
        0.001916 skew

fall -> fall
    min     max
0.000000 0.000000 source latency
0.280503         network latency _33_/CLK
        0.282531 network latency _36_/CLK
---------------
0.280503 0.282531 latency
        0.002028 skew



===========================================================================
report_clock_min_period
============================================================================
in_clk period_min = 1.61 fmax = 619.67
