90. Printing statistics.

=== cic_filter ===

        +----------Local Count, excluding submodules.
        | 
      800 wires
     1240 wire bits
       13 public wires
      223 public wire bits
        4 ports
       15 port bits
     1141 cells
      238   $_ANDNOT_
       39   $_AND_
      137   $_DFF_NN0_
       83   $_DFF_PN0_
       39   $_NAND_
      117   $_NOR_
        1   $_NOT_
       49   $_ORNOT_
      174   $_OR_
       73   $_XNOR_
      191   $_XOR_

   Area for cell type $_ANDNOT_ is unknown!
   Area for cell type $_AND_ is unknown!
   Area for cell type $_DFF_NN0_ is unknown!
   Area for cell type $_DFF_PN0_ is unknown!
   Area for cell type $_NAND_ is unknown!
   Area for cell type $_NOR_ is unknown!
   Area for cell type $_NOT_ is unknown!
   Area for cell type $_ORNOT_ is unknown!
   Area for cell type $_OR_ is unknown!
   Area for cell type $_XNOR_ is unknown!
   Area for cell type $_XOR_ is unknown!

