
===========================================================================
 report_power
============================================================================
======================= nom_ss_125C_4v50 Corner ===================================

Group                    Internal    Switching      Leakage        Total
                            Power        Power        Power        Power (Watts)
------------------------------------------------------------------------
Sequential           2.265485e-04 0.000000e+00 7.591208e-09 2.265561e-04 100.0%
Combinational        0.000000e+00 0.000000e+00 9.647101e-09 9.647101e-09   0.0%
Clock                0.000000e+00 0.000000e+00 0.000000e+00 0.000000e+00   0.0%
Macro                0.000000e+00 0.000000e+00 0.000000e+00 0.000000e+00   0.0%
Pad                  0.000000e+00 0.000000e+00 0.000000e+00 0.000000e+00   0.0%
------------------------------------------------------------------------
Total                2.265485e-04 0.000000e+00 1.723831e-08 2.265657e-04 100.0%
                           100.0%         0.0%         0.0%

