+ define_corners nom_ss_125C_4v50
Reading timing models for corner nom_ss_125C_4v50…
Reading cell library for the 'nom_ss_125C_4v50' corner at '/foss/pdks/gf180mcuD/libs.ref/gf180mcu_fd_sc_mcu7t5v0/lib/gf180mcu_fd_sc_mcu7t5v0__ss_125C_4v50.lib'…
Reading top-level netlist at '/foss/designs/low-power-12b-first-order-delta-sigma-adc/src/clock/runs/RUN_2026-08-17_02-21-49/06-yosys-synthesis/andig_clock.nl.v'…
Linking design 'andig_clock' from netlist…
Reading design constraints file at '/foss/designs/low-power-12b-first-order-delta-sigma-adc/src/clock/constraint.sdc'…
Warning: constraint.sdc line 8, resistance scale 1e+03 does not match library scale 1e+00.
[INFO] No information on clock propagation in input SDC file-- unpropagating all clocks.
%OL_CREATE_REPORT min.rpt

===========================================================================
report_checks -path_delay min (Hold)
============================================================================
======================= nom_ss_125C_4v50 Corner ===================================

Startpoint: rst (input port clocked by in_clk)
Endpoint: _32_ (removal check against rising-edge clock in_clk)
Path Group: asynchronous
Path Type: min

Fanout         Cap        Slew       Delay        Time   Description
---------------------------------------------------------------------------------------------
                      0.150000    0.000000    0.000000   clock in_clk (rise edge)
                                  0.000000    0.000000   clock network delay (ideal)
                                  0.500000    0.500000 ^ input external delay
     6    0.043602    0.000022    0.000022    0.500022 ^ rst (in)
                                                         rst (net)
                      0.000022    0.000000    0.500022 ^ _32_/RN (gf180mcu_fd_sc_mcu7t5v0__dffrnq_1)
                                              0.500022   data arrival time

                      0.150000    0.000000    0.000000   clock in_clk (rise edge)
                                  0.000000    0.000000   clock network delay (ideal)
                                  0.200000    0.200000   clock uncertainty
                                  0.000000    0.200000   clock reconvergence pessimism
                                              0.200000 ^ _32_/CLK (gf180mcu_fd_sc_mcu7t5v0__dffrnq_1)
                                  0.613475    0.813475   library removal time
                                              0.813475   data required time
---------------------------------------------------------------------------------------------
                                              0.813475   data required time
                                             -0.500022   data arrival time
---------------------------------------------------------------------------------------------
                                             -0.313453   slack (VIOLATED)


Startpoint: rst (input port clocked by in_clk)
Endpoint: _33_ (removal check against rising-edge clock in_clk)
Path Group: asynchronous
Path Type: min

Fanout         Cap        Slew       Delay        Time   Description
---------------------------------------------------------------------------------------------
                      0.150000    0.000000    0.000000   clock in_clk (rise edge)
                                  0.000000    0.000000   clock network delay (ideal)
                                  0.500000    0.500000 ^ input external delay
     6    0.043602    0.000022    0.000022    0.500022 ^ rst (in)
                                                         rst (net)
                      0.000022    0.000000    0.500022 ^ _33_/RN (gf180mcu_fd_sc_mcu7t5v0__dffrnq_1)
                                              0.500022   data arrival time

                      0.150000    0.000000    0.000000   clock in_clk (rise edge)
                                  0.000000    0.000000   clock network delay (ideal)
                                  0.200000    0.200000   clock uncertainty
                                  0.000000    0.200000   clock reconvergence pessimism
                                              0.200000 ^ _33_/CLK (gf180mcu_fd_sc_mcu7t5v0__dffrnq_1)
                                  0.613475    0.813475   library removal time
                                              0.813475   data required time
---------------------------------------------------------------------------------------------
                                              0.813475   data required time
                                             -0.500022   data arrival time
---------------------------------------------------------------------------------------------
                                             -0.313453   slack (VIOLATED)


Startpoint: rst (input port clocked by in_clk)
Endpoint: _34_ (removal check against rising-edge clock in_clk)
Path Group: asynchronous
Path Type: min

Fanout         Cap        Slew       Delay        Time   Description
---------------------------------------------------------------------------------------------
                      0.150000    0.000000    0.000000   clock in_clk (rise edge)
                                  0.000000    0.000000   clock network delay (ideal)
                                  0.500000    0.500000 ^ input external delay
     6    0.043602    0.000022    0.000022    0.500022 ^ rst (in)
                                                         rst (net)
                      0.000022    0.000000    0.500022 ^ _34_/RN (gf180mcu_fd_sc_mcu7t5v0__dffrnq_1)
                                              0.500022   data arrival time

                      0.150000    0.000000    0.000000   clock in_clk (rise edge)
                                  0.000000    0.000000   clock network delay (ideal)
                                  0.200000    0.200000   clock uncertainty
                                  0.000000    0.200000   clock reconvergence pessimism
                                              0.200000 ^ _34_/CLK (gf180mcu_fd_sc_mcu7t5v0__dffrnq_1)
                                  0.613475    0.813475   library removal time
                                              0.813475   data required time
---------------------------------------------------------------------------------------------
                                              0.813475   data required time
                                             -0.500022   data arrival time
---------------------------------------------------------------------------------------------
                                             -0.313453   slack (VIOLATED)


Startpoint: rst (input port clocked by in_clk)
Endpoint: _35_ (removal check against rising-edge clock in_clk)
Path Group: asynchronous
Path Type: min

Fanout         Cap        Slew       Delay        Time   Description
---------------------------------------------------------------------------------------------
                      0.150000    0.000000    0.000000   clock in_clk (rise edge)
                                  0.000000    0.000000   clock network delay (ideal)
                                  0.500000    0.500000 ^ input external delay
     6    0.043602    0.000022    0.000022    0.500022 ^ rst (in)
                                                         rst (net)
                      0.000022    0.000000    0.500022 ^ _35_/RN (gf180mcu_fd_sc_mcu7t5v0__dffrnq_1)
                                              0.500022   data arrival time

                      0.150000    0.000000    0.000000   clock in_clk (rise edge)
                                  0.000000    0.000000   clock network delay (ideal)
                                  0.200000    0.200000   clock uncertainty
                                  0.000000    0.200000   clock reconvergence pessimism
                                              0.200000 ^ _35_/CLK (gf180mcu_fd_sc_mcu7t5v0__dffrnq_1)
                                  0.613475    0.813475   library removal time
                                              0.813475   data required time
---------------------------------------------------------------------------------------------
                                              0.813475   data required time
                                             -0.500022   data arrival time
---------------------------------------------------------------------------------------------
                                             -0.313453   slack (VIOLATED)


Startpoint: rst (input port clocked by in_clk)
Endpoint: _36_ (removal check against rising-edge clock in_clk)
Path Group: asynchronous
Path Type: min

Fanout         Cap        Slew       Delay        Time   Description
---------------------------------------------------------------------------------------------
                      0.150000    0.000000    0.000000   clock in_clk (rise edge)
                                  0.000000    0.000000   clock network delay (ideal)
                                  0.500000    0.500000 ^ input external delay
     6    0.043602    0.000022    0.000022    0.500022 ^ rst (in)
                                                         rst (net)
                      0.000022    0.000000    0.500022 ^ _36_/RN (gf180mcu_fd_sc_mcu7t5v0__dffrnq_1)
                                              0.500022   data arrival time

                      0.150000    0.000000    0.000000   clock in_clk (rise edge)
                                  0.000000    0.000000   clock network delay (ideal)
                                  0.200000    0.200000   clock uncertainty
                                  0.000000    0.200000   clock reconvergence pessimism
                                              0.200000 ^ _36_/CLK (gf180mcu_fd_sc_mcu7t5v0__dffrnq_1)
                                  0.613475    0.813475   library removal time
                                              0.813475   data required time
---------------------------------------------------------------------------------------------
                                              0.813475   data required time
                                             -0.500022   data arrival time
---------------------------------------------------------------------------------------------
                                             -0.313453   slack (VIOLATED)


Startpoint: rst (input port clocked by in_clk)
Endpoint: _31_ (removal check against rising-edge clock in_clk)
Path Group: asynchronous
Path Type: min

Fanout         Cap        Slew       Delay        Time   Description
---------------------------------------------------------------------------------------------
                      0.150000    0.000000    0.000000   clock in_clk (rise edge)
                                  0.000000    0.000000   clock network delay (ideal)
                                  0.500000    0.500000 ^ input external delay
     6    0.043602    0.000022    0.000022    0.500022 ^ rst (in)
                                                         rst (net)
                      0.000022    0.000000    0.500022 ^ _31_/SETN (gf180mcu_fd_sc_mcu7t5v0__dffsnq_1)
                                              0.500022   data arrival time

                      0.150000    0.000000    0.000000   clock in_clk (rise edge)
                                  0.000000    0.000000   clock network delay (ideal)
                                  0.200000    0.200000   clock uncertainty
                                  0.000000    0.200000   clock reconvergence pessimism
                                              0.200000 ^ _31_/CLK (gf180mcu_fd_sc_mcu7t5v0__dffsnq_1)
                                  0.479675    0.679675   library removal time
                                              0.679675   data required time
---------------------------------------------------------------------------------------------
                                              0.679675   data required time
                                             -0.500022   data arrival time
---------------------------------------------------------------------------------------------
                                             -0.179653   slack (VIOLATED)


Startpoint: _34_ (rising edge-triggered flip-flop clocked by in_clk)
Endpoint: _32_ (rising edge-triggered flip-flop clocked by in_clk)
Path Group: in_clk
Path Type: min

Fanout         Cap        Slew       Delay        Time   Description
---------------------------------------------------------------------------------------------
                      0.150000    0.000000    0.000000   clock in_clk (rise edge)
                                  0.000000    0.000000   clock network delay (ideal)
                      0.150000    0.000000    0.000000 ^ _34_/CLK (gf180mcu_fd_sc_mcu7t5v0__dffrnq_1)
     6    0.025673    0.512679    1.516312    1.516312 v _34_/Q (gf180mcu_fd_sc_mcu7t5v0__dffrnq_1)
                                                         counter[0] (net)
                      0.512679    0.000000    1.516312 v _21_/A1 (gf180mcu_fd_sc_mcu7t5v0__nand2_1)
     1    0.005093    0.322078    0.316380    1.832691 ^ _21_/ZN (gf180mcu_fd_sc_mcu7t5v0__nand2_1)
                                                         _10_ (net)
                      0.322078    0.000000    1.832691 ^ _29_/A1 (gf180mcu_fd_sc_mcu7t5v0__aoi22_1)
     1    0.003014    0.210829    0.193435    2.026127 v _29_/ZN (gf180mcu_fd_sc_mcu7t5v0__aoi22_1)
                                                         _04_ (net)
                      0.210829    0.000000    2.026127 v _32_/D (gf180mcu_fd_sc_mcu7t5v0__dffrnq_1)
                                              2.026127   data arrival time

                      0.150000    0.000000    0.000000   clock in_clk (rise edge)
                                  0.000000    0.000000   clock network delay (ideal)
                                  0.200000    0.200000   clock uncertainty
                                  0.000000    0.200000   clock reconvergence pessimism
                                              0.200000 ^ _32_/CLK (gf180mcu_fd_sc_mcu7t5v0__dffrnq_1)
                                  0.211493    0.411493   library hold time
                                              0.411493   data required time
---------------------------------------------------------------------------------------------
                                              0.411493   data required time
                                             -2.026127   data arrival time
---------------------------------------------------------------------------------------------
                                              1.614634   slack (MET)


Startpoint: _33_ (rising edge-triggered flip-flop clocked by in_clk)
Endpoint: _33_ (rising edge-triggered flip-flop clocked by in_clk)
Path Group: in_clk
Path Type: min

Fanout         Cap        Slew       Delay        Time   Description
---------------------------------------------------------------------------------------------
                      0.150000    0.000000    0.000000   clock in_clk (rise edge)
                                  0.000000    0.000000   clock network delay (ideal)
                      0.150000    0.000000    0.000000 ^ _33_/CLK (gf180mcu_fd_sc_mcu7t5v0__dffrnq_1)
     2    0.039310    0.719226    1.654123    1.654123 v _33_/Q (gf180mcu_fd_sc_mcu7t5v0__dffrnq_1)
                                                         out_clk_cic (net)
                      0.719226    0.000000    1.654123 v _17_/I (gf180mcu_fd_sc_mcu7t5v0__clkinv_1)
     1    0.004977    0.333599    0.309077    1.963201 ^ _17_/ZN (gf180mcu_fd_sc_mcu7t5v0__clkinv_1)
                                                         _07_ (net)
                      0.333599    0.000000    1.963201 ^ _30_/A1 (gf180mcu_fd_sc_mcu7t5v0__aoi21_1)
     1    0.003014    0.223011    0.193805    2.157006 v _30_/ZN (gf180mcu_fd_sc_mcu7t5v0__aoi21_1)
                                                         _05_ (net)
                      0.223011    0.000000    2.157006 v _33_/D (gf180mcu_fd_sc_mcu7t5v0__dffrnq_1)
                                              2.157006   data arrival time

                      0.150000    0.000000    0.000000   clock in_clk (rise edge)
                                  0.000000    0.000000   clock network delay (ideal)
                                  0.200000    0.200000   clock uncertainty
                                  0.000000    0.200000   clock reconvergence pessimism
                                              0.200000 ^ _33_/CLK (gf180mcu_fd_sc_mcu7t5v0__dffrnq_1)
                                  0.208251    0.408251   library hold time
                                              0.408251   data required time
---------------------------------------------------------------------------------------------
                                              0.408251   data required time
                                             -2.157006   data arrival time
---------------------------------------------------------------------------------------------
                                              1.748755   slack (MET)


Startpoint: _35_ (rising edge-triggered flip-flop clocked by in_clk)
Endpoint: _31_ (rising edge-triggered flip-flop clocked by in_clk)
Path Group: in_clk
Path Type: min

Fanout         Cap        Slew       Delay        Time   Description
---------------------------------------------------------------------------------------------
                      0.150000    0.000000    0.000000   clock in_clk (rise edge)
                                  0.000000    0.000000   clock network delay (ideal)
                      0.150000    0.000000    0.000000 ^ _35_/CLK (gf180mcu_fd_sc_mcu7t5v0__dffrnq_1)
     8    0.033485    0.630100    1.595628    1.595628 v _35_/Q (gf180mcu_fd_sc_mcu7t5v0__dffrnq_1)
                                                         counter[1] (net)
                      0.630100    0.000000    1.595628 v _27_/A2 (gf180mcu_fd_sc_mcu7t5v0__oai21_1)
     1    0.002637    0.375488    0.405756    2.001384 ^ _27_/ZN (gf180mcu_fd_sc_mcu7t5v0__oai21_1)
                                                         _03_ (net)
                      0.375488    0.000000    2.001384 ^ _31_/D (gf180mcu_fd_sc_mcu7t5v0__dffsnq_1)
                                              2.001384   data arrival time

                      0.150000    0.000000    0.000000   clock in_clk (rise edge)
                                  0.000000    0.000000   clock network delay (ideal)
                                  0.200000    0.200000   clock uncertainty
                                  0.000000    0.200000   clock reconvergence pessimism
                                              0.200000 ^ _31_/CLK (gf180mcu_fd_sc_mcu7t5v0__dffsnq_1)
                                 -0.103327    0.096673   library hold time
                                              0.096673   data required time
---------------------------------------------------------------------------------------------
                                              0.096673   data required time
                                             -2.001384   data arrival time
---------------------------------------------------------------------------------------------
                                              1.904711   slack (MET)


Startpoint: _34_ (rising edge-triggered flip-flop clocked by in_clk)
Endpoint: _34_ (rising edge-triggered flip-flop clocked by in_clk)
Path Group: in_clk
Path Type: min

Fanout         Cap        Slew       Delay        Time   Description
---------------------------------------------------------------------------------------------
                      0.150000    0.000000    0.000000   clock in_clk (rise edge)
                                  0.000000    0.000000   clock network delay (ideal)
                      0.150000    0.000000    0.000000 ^ _34_/CLK (gf180mcu_fd_sc_mcu7t5v0__dffrnq_1)
     6    0.025673    0.512679    1.516312    1.516312 v _34_/Q (gf180mcu_fd_sc_mcu7t5v0__dffrnq_1)
                                                         counter[0] (net)
                      0.512679    0.000000    1.516312 v _19_/B (gf180mcu_fd_sc_mcu7t5v0__aoi21_1)
     1    0.003014    0.406657    0.371585    1.887897 ^ _19_/ZN (gf180mcu_fd_sc_mcu7t5v0__aoi21_1)
                                                         _00_ (net)
                      0.406657    0.000000    1.887897 ^ _34_/D (gf180mcu_fd_sc_mcu7t5v0__dffrnq_1)
                                              1.887897   data arrival time

                      0.150000    0.000000    0.000000   clock in_clk (rise edge)
                                  0.000000    0.000000   clock network delay (ideal)
                                  0.200000    0.200000   clock uncertainty
                                  0.000000    0.200000   clock reconvergence pessimism
                                              0.200000 ^ _34_/CLK (gf180mcu_fd_sc_mcu7t5v0__dffrnq_1)
                                 -0.230009   -0.030009   library hold time
                                             -0.030009   data required time
---------------------------------------------------------------------------------------------
                                             -0.030009   data required time
                                             -1.887897   data arrival time
---------------------------------------------------------------------------------------------
                                              1.917906   slack (MET)


Startpoint: _36_ (rising edge-triggered flip-flop clocked by in_clk)
Endpoint: _36_ (rising edge-triggered flip-flop clocked by in_clk)
Path Group: in_clk
Path Type: min

Fanout         Cap        Slew       Delay        Time   Description
---------------------------------------------------------------------------------------------
                      0.150000    0.000000    0.000000   clock in_clk (rise edge)
                                  0.000000    0.000000   clock network delay (ideal)
                      0.150000    0.000000    0.000000 ^ _36_/CLK (gf180mcu_fd_sc_mcu7t5v0__dffrnq_1)
     8    0.040751    0.742173    1.668225    1.668225 v _36_/Q (gf180mcu_fd_sc_mcu7t5v0__dffrnq_1)
                                                         counter[2] (net)
                      0.742173    0.000000    1.668225 v _25_/S (gf180mcu_fd_sc_mcu7t5v0__mux2_2)
     1    0.003014    0.192641    0.692827    2.361052 v _25_/Z (gf180mcu_fd_sc_mcu7t5v0__mux2_2)
                                                         _02_ (net)
                      0.192641    0.000000    2.361052 v _36_/D (gf180mcu_fd_sc_mcu7t5v0__dffrnq_1)
                                              2.361052   data arrival time

                      0.150000    0.000000    0.000000   clock in_clk (rise edge)
                                  0.000000    0.000000   clock network delay (ideal)
                                  0.200000    0.200000   clock uncertainty
                                  0.000000    0.200000   clock reconvergence pessimism
                                              0.200000 ^ _36_/CLK (gf180mcu_fd_sc_mcu7t5v0__dffrnq_1)
                                  0.216332    0.416332   library hold time
                                              0.416332   data required time
---------------------------------------------------------------------------------------------
                                              0.416332   data required time
                                             -2.361052   data arrival time
---------------------------------------------------------------------------------------------
                                              1.944720   slack (MET)


Startpoint: _32_ (rising edge-triggered flip-flop clocked by in_clk)
Endpoint: out_clk2 (output port clocked by in_clk)
Path Group: in_clk
Path Type: min

Fanout         Cap        Slew       Delay        Time   Description
---------------------------------------------------------------------------------------------
                      0.150000    0.000000    0.000000   clock in_clk (rise edge)
                                  0.000000    0.000000   clock network delay (ideal)
                      0.150000    0.000000    0.000000 ^ _32_/CLK (gf180mcu_fd_sc_mcu7t5v0__dffrnq_1)
     2    0.039310    0.719226    1.654123    1.654123 v _32_/Q (gf180mcu_fd_sc_mcu7t5v0__dffrnq_1)
                                                         out_clk2 (net)
                      0.719226    0.000000    1.654123 v out_clk2 (out)
                                              1.654123   data arrival time

                      0.150000    0.000000    0.000000   clock in_clk (rise edge)
                                  0.000000    0.000000   clock network delay (ideal)
                                  0.200000    0.200000   clock uncertainty
                                  0.000000    0.200000   clock reconvergence pessimism
                                 -0.500000   -0.300000   output external delay
                                             -0.300000   data required time
---------------------------------------------------------------------------------------------
                                             -0.300000   data required time
                                             -1.654123   data arrival time
---------------------------------------------------------------------------------------------
                                              1.954123   slack (MET)


Startpoint: _33_ (rising edge-triggered flip-flop clocked by in_clk)
Endpoint: out_clk_cic (output port clocked by in_clk)
Path Group: in_clk
Path Type: min

Fanout         Cap        Slew       Delay        Time   Description
---------------------------------------------------------------------------------------------
                      0.150000    0.000000    0.000000   clock in_clk (rise edge)
                                  0.000000    0.000000   clock network delay (ideal)
                      0.150000    0.000000    0.000000 ^ _33_/CLK (gf180mcu_fd_sc_mcu7t5v0__dffrnq_1)
     2    0.039310    0.719226    1.654123    1.654123 v _33_/Q (gf180mcu_fd_sc_mcu7t5v0__dffrnq_1)
                                                         out_clk_cic (net)
                      0.719226    0.000000    1.654123 v out_clk_cic (out)
                                              1.654123   data arrival time

                      0.150000    0.000000    0.000000   clock in_clk (rise edge)
                                  0.000000    0.000000   clock network delay (ideal)
                                  0.200000    0.200000   clock uncertainty
                                  0.000000    0.200000   clock reconvergence pessimism
                                 -0.500000   -0.300000   output external delay
                                             -0.300000   data required time
---------------------------------------------------------------------------------------------
                                             -0.300000   data required time
                                             -1.654123   data arrival time
---------------------------------------------------------------------------------------------
                                              1.954123   slack (MET)


Startpoint: _34_ (rising edge-triggered flip-flop clocked by in_clk)
Endpoint: _35_ (rising edge-triggered flip-flop clocked by in_clk)
Path Group: in_clk
Path Type: min

Fanout         Cap        Slew       Delay        Time   Description
---------------------------------------------------------------------------------------------
                      0.150000    0.000000    0.000000   clock in_clk (rise edge)
                                  0.000000    0.000000   clock network delay (ideal)
                      0.150000    0.000000    0.000000 ^ _34_/CLK (gf180mcu_fd_sc_mcu7t5v0__dffrnq_1)
     6    0.025673    0.512679    1.516312    1.516312 v _34_/Q (gf180mcu_fd_sc_mcu7t5v0__dffrnq_1)
                                                         counter[0] (net)
                      0.512679    0.000000    1.516312 v _23_/A1 (gf180mcu_fd_sc_mcu7t5v0__nor2_1)
     2    0.009039    0.712280    0.538892    2.055203 ^ _23_/ZN (gf180mcu_fd_sc_mcu7t5v0__nor2_1)
                                                         _12_ (net)
                      0.712280    0.000000    2.055203 ^ _24_/A3 (gf180mcu_fd_sc_mcu7t5v0__nor3_1)
     1    0.003014    0.293662    0.347646    2.402849 v _24_/ZN (gf180mcu_fd_sc_mcu7t5v0__nor3_1)
                                                         _01_ (net)
                      0.293662    0.000000    2.402849 v _35_/D (gf180mcu_fd_sc_mcu7t5v0__dffrnq_1)
                                              2.402849   data arrival time

                      0.150000    0.000000    0.000000   clock in_clk (rise edge)
                                  0.000000    0.000000   clock network delay (ideal)
                                  0.200000    0.200000   clock uncertainty
                                  0.000000    0.200000   clock reconvergence pessimism
                                              0.200000 ^ _35_/CLK (gf180mcu_fd_sc_mcu7t5v0__dffrnq_1)
                                  0.191780    0.391780   library hold time
                                              0.391780   data required time
---------------------------------------------------------------------------------------------
                                              0.391780   data required time
                                             -2.402849   data arrival time
---------------------------------------------------------------------------------------------
                                              2.011069   slack (MET)


Startpoint: _31_ (rising edge-triggered flip-flop clocked by in_clk)
Endpoint: out_clk1 (output port clocked by in_clk)
Path Group: in_clk
Path Type: min

Fanout         Cap        Slew       Delay        Time   Description
---------------------------------------------------------------------------------------------
                      0.150000    0.000000    0.000000   clock in_clk (rise edge)
                                  0.000000    0.000000   clock network delay (ideal)
                      0.150000    0.000000    0.000000 ^ _31_/CLK (gf180mcu_fd_sc_mcu7t5v0__dffsnq_1)
     2    0.039359    0.742139    1.817756    1.817756 v _31_/Q (gf180mcu_fd_sc_mcu7t5v0__dffsnq_1)
                                                         out_clk1 (net)
                      0.742139    0.000000    1.817756 v out_clk1 (out)
                                              1.817756   data arrival time

                      0.150000    0.000000    0.000000   clock in_clk (rise edge)
                                  0.000000    0.000000   clock network delay (ideal)
                                  0.200000    0.200000   clock uncertainty
                                  0.000000    0.200000   clock reconvergence pessimism
                                 -0.500000   -0.300000   output external delay
                                             -0.300000   data required time
---------------------------------------------------------------------------------------------
                                             -0.300000   data required time
                                             -1.817756   data arrival time
---------------------------------------------------------------------------------------------
                                              2.117756   slack (MET)


Startpoint: _32_ (rising edge-triggered flip-flop clocked by in_clk)
Endpoint: out_clk2B (output port clocked by in_clk)
Path Group: in_clk
Path Type: min

Fanout         Cap        Slew       Delay        Time   Description
---------------------------------------------------------------------------------------------
                      0.150000    0.000000    0.000000   clock in_clk (rise edge)
                                  0.000000    0.000000   clock network delay (ideal)
                      0.150000    0.000000    0.000000 ^ _32_/CLK (gf180mcu_fd_sc_mcu7t5v0__dffrnq_1)
     2    0.039310    0.719226    1.654123    1.654123 v _32_/Q (gf180mcu_fd_sc_mcu7t5v0__dffrnq_1)
                                                         out_clk2 (net)
                      0.719226    0.000000    1.654123 v _16_/I (gf180mcu_fd_sc_mcu7t5v0__clkinv_1)
     2    0.039825    1.205274    0.891810    2.545933 ^ _16_/ZN (gf180mcu_fd_sc_mcu7t5v0__clkinv_1)
                                                         out_clk2B (net)
                      1.205274    0.000000    2.545933 ^ out_clk2B (out)
                                              2.545933   data arrival time

                      0.150000    0.000000    0.000000   clock in_clk (rise edge)
                                  0.000000    0.000000   clock network delay (ideal)
                                  0.200000    0.200000   clock uncertainty
                                  0.000000    0.200000   clock reconvergence pessimism
                                 -0.500000   -0.300000   output external delay
                                             -0.300000   data required time
---------------------------------------------------------------------------------------------
                                             -0.300000   data required time
                                             -2.545933   data arrival time
---------------------------------------------------------------------------------------------
                                              2.845933   slack (MET)



%OL_END_REPORT
%OL_CREATE_REPORT max.rpt

===========================================================================
report_checks -path_delay max (Setup)
============================================================================
======================= nom_ss_125C_4v50 Corner ===================================

Startpoint: _32_ (rising edge-triggered flip-flop clocked by in_clk)
Endpoint: out_clk2B (output port clocked by in_clk)
Path Group: in_clk
Path Type: max

Fanout         Cap        Slew       Delay        Time   Description
---------------------------------------------------------------------------------------------
                      0.150000    0.000000    0.000000   clock in_clk (rise edge)
                                  0.000000    0.000000   clock network delay (ideal)
                      0.150000    0.000000    0.000000 ^ _32_/CLK (gf180mcu_fd_sc_mcu7t5v0__dffrnq_1)
     2    0.039310    1.227252    2.250888    2.250888 ^ _32_/Q (gf180mcu_fd_sc_mcu7t5v0__dffrnq_1)
                                                         out_clk2 (net)
                      1.227252    0.000000    2.250888 ^ _16_/I (gf180mcu_fd_sc_mcu7t5v0__clkinv_1)
     2    0.039825    1.235737    0.998269    3.249156 v _16_/ZN (gf180mcu_fd_sc_mcu7t5v0__clkinv_1)
                                                         out_clk2B (net)
                      1.235737    0.000000    3.249156 v out_clk2B (out)
                                              3.249156   data arrival time

                      0.150000   13.563000   13.563000   clock in_clk (rise edge)
                                  0.000000   13.563000   clock network delay (ideal)
                                 -0.200000   13.363000   clock uncertainty
                                  0.000000   13.363000   clock reconvergence pessimism
                                 -2.500000   10.863000   output external delay
                                             10.863000   data required time
---------------------------------------------------------------------------------------------
                                             10.863000   data required time
                                             -3.249156   data arrival time
---------------------------------------------------------------------------------------------
                                              7.613843   slack (MET)


Startpoint: _32_ (rising edge-triggered flip-flop clocked by in_clk)
Endpoint: out_clk2 (output port clocked by in_clk)
Path Group: in_clk
Path Type: max

Fanout         Cap        Slew       Delay        Time   Description
---------------------------------------------------------------------------------------------
                      0.150000    0.000000    0.000000   clock in_clk (rise edge)
                                  0.000000    0.000000   clock network delay (ideal)
                      0.150000    0.000000    0.000000 ^ _32_/CLK (gf180mcu_fd_sc_mcu7t5v0__dffrnq_1)
     2    0.039310    1.227252    2.250888    2.250888 ^ _32_/Q (gf180mcu_fd_sc_mcu7t5v0__dffrnq_1)
                                                         out_clk2 (net)
                      1.227252    0.000000    2.250888 ^ out_clk2 (out)
                                              2.250888   data arrival time

                      0.150000   13.563000   13.563000   clock in_clk (rise edge)
                                  0.000000   13.563000   clock network delay (ideal)
                                 -0.200000   13.363000   clock uncertainty
                                  0.000000   13.363000   clock reconvergence pessimism
                                 -2.500000   10.863000   output external delay
                                             10.863000   data required time
---------------------------------------------------------------------------------------------
                                             10.863000   data required time
                                             -2.250888   data arrival time
---------------------------------------------------------------------------------------------
                                              8.612112   slack (MET)


Startpoint: _33_ (rising edge-triggered flip-flop clocked by in_clk)
Endpoint: out_clk_cic (output port clocked by in_clk)
Path Group: in_clk
Path Type: max

Fanout         Cap        Slew       Delay        Time   Description
---------------------------------------------------------------------------------------------
                      0.150000    0.000000    0.000000   clock in_clk (rise edge)
                                  0.000000    0.000000   clock network delay (ideal)
                      0.150000    0.000000    0.000000 ^ _33_/CLK (gf180mcu_fd_sc_mcu7t5v0__dffrnq_1)
     2    0.039310    1.227252    2.250888    2.250888 ^ _33_/Q (gf180mcu_fd_sc_mcu7t5v0__dffrnq_1)
                                                         out_clk_cic (net)
                      1.227252    0.000000    2.250888 ^ out_clk_cic (out)
                                              2.250888   data arrival time

                      0.150000   13.563000   13.563000   clock in_clk (rise edge)
                                  0.000000   13.563000   clock network delay (ideal)
                                 -0.200000   13.363000   clock uncertainty
                                  0.000000   13.363000   clock reconvergence pessimism
                                 -2.500000   10.863000   output external delay
                                             10.863000   data required time
---------------------------------------------------------------------------------------------
                                             10.863000   data required time
                                             -2.250888   data arrival time
---------------------------------------------------------------------------------------------
                                              8.612112   slack (MET)


Startpoint: _32_ (rising edge-triggered flip-flop clocked by in_clk)
Endpoint: _32_ (rising edge-triggered flip-flop clocked by in_clk)
Path Group: in_clk
Path Type: max

Fanout         Cap        Slew       Delay        Time   Description
---------------------------------------------------------------------------------------------
                      0.150000    0.000000    0.000000   clock in_clk (rise edge)
                                  0.000000    0.000000   clock network delay (ideal)
                      0.150000    0.000000    0.000000 ^ _32_/CLK (gf180mcu_fd_sc_mcu7t5v0__dffrnq_1)
     2    0.039310    1.227252    2.250888    2.250888 ^ _32_/Q (gf180mcu_fd_sc_mcu7t5v0__dffrnq_1)
                                                         out_clk2 (net)
                      1.227252    0.000000    2.250888 ^ _16_/I (gf180mcu_fd_sc_mcu7t5v0__clkinv_1)
     2    0.039825    1.235737    0.998269    3.249156 v _16_/ZN (gf180mcu_fd_sc_mcu7t5v0__clkinv_1)
                                                         out_clk2B (net)
                      1.235737    0.000000    3.249156 v _29_/B1 (gf180mcu_fd_sc_mcu7t5v0__aoi22_1)
     1    0.003014    0.634972    0.650935    3.900091 ^ _29_/ZN (gf180mcu_fd_sc_mcu7t5v0__aoi22_1)
                                                         _04_ (net)
                      0.634972    0.000000    3.900091 ^ _32_/D (gf180mcu_fd_sc_mcu7t5v0__dffrnq_1)
                                              3.900091   data arrival time

                      0.150000   13.563000   13.563000   clock in_clk (rise edge)
                                  0.000000   13.563000   clock network delay (ideal)
                                 -0.200000   13.363000   clock uncertainty
                                  0.000000   13.363000   clock reconvergence pessimism
                                             13.363000 ^ _32_/CLK (gf180mcu_fd_sc_mcu7t5v0__dffrnq_1)
                                 -0.688688   12.674312   library setup time
                                             12.674312   data required time
---------------------------------------------------------------------------------------------
                                             12.674312   data required time
                                             -3.900091   data arrival time
---------------------------------------------------------------------------------------------
                                              8.774220   slack (MET)


Startpoint: _31_ (rising edge-triggered flip-flop clocked by in_clk)
Endpoint: out_clk1 (output port clocked by in_clk)
Path Group: in_clk
Path Type: max

Fanout         Cap        Slew       Delay        Time   Description
---------------------------------------------------------------------------------------------
                      0.150000    0.000000    0.000000   clock in_clk (rise edge)
                                  0.000000    0.000000   clock network delay (ideal)
                      0.150000    0.000000    0.000000 ^ _31_/CLK (gf180mcu_fd_sc_mcu7t5v0__dffsnq_1)
     2    0.039359    1.208676    1.955591    1.955591 ^ _31_/Q (gf180mcu_fd_sc_mcu7t5v0__dffsnq_1)
                                                         out_clk1 (net)
                      1.208676    0.000000    1.955591 ^ out_clk1 (out)
                                              1.955591   data arrival time

                      0.150000   13.563000   13.563000   clock in_clk (rise edge)
                                  0.000000   13.563000   clock network delay (ideal)
                                 -0.200000   13.363000   clock uncertainty
                                  0.000000   13.363000   clock reconvergence pessimism
                                 -2.500000   10.863000   output external delay
                                             10.863000   data required time
---------------------------------------------------------------------------------------------
                                             10.863000   data required time
                                             -1.955591   data arrival time
---------------------------------------------------------------------------------------------
                                              8.907409   slack (MET)


Startpoint: _35_ (rising edge-triggered flip-flop clocked by in_clk)
Endpoint: _36_ (rising edge-triggered flip-flop clocked by in_clk)
Path Group: in_clk
Path Type: max

Fanout         Cap        Slew       Delay        Time   Description
---------------------------------------------------------------------------------------------
                      0.150000    0.000000    0.000000   clock in_clk (rise edge)
                                  0.000000    0.000000   clock network delay (ideal)
                      0.150000    0.000000    0.000000 ^ _35_/CLK (gf180mcu_fd_sc_mcu7t5v0__dffrnq_1)
     8    0.033485    1.071922    2.158507    2.158507 ^ _35_/Q (gf180mcu_fd_sc_mcu7t5v0__dffrnq_1)
                                                         counter[1] (net)
                      1.071922    0.000000    2.158507 ^ _20_/A2 (gf180mcu_fd_sc_mcu7t5v0__and2_1)
     2    0.008885    0.398133    0.674622    2.833129 ^ _20_/Z (gf180mcu_fd_sc_mcu7t5v0__and2_1)
                                                         _09_ (net)
                      0.398133    0.000000    2.833129 ^ _25_/I0 (gf180mcu_fd_sc_mcu7t5v0__mux2_2)
     1    0.003014    0.177809    0.486135    3.319264 ^ _25_/Z (gf180mcu_fd_sc_mcu7t5v0__mux2_2)
                                                         _02_ (net)
                      0.177809    0.000000    3.319264 ^ _36_/D (gf180mcu_fd_sc_mcu7t5v0__dffrnq_1)
                                              3.319264   data arrival time

                      0.150000   13.563000   13.563000   clock in_clk (rise edge)
                                  0.000000   13.563000   clock network delay (ideal)
                                 -0.200000   13.363000   clock uncertainty
                                  0.000000   13.363000   clock reconvergence pessimism
                                             13.363000 ^ _36_/CLK (gf180mcu_fd_sc_mcu7t5v0__dffrnq_1)
                                 -0.598160   12.764840   library setup time
                                             12.764840   data required time
---------------------------------------------------------------------------------------------
                                             12.764840   data required time
                                             -3.319264   data arrival time
---------------------------------------------------------------------------------------------
                                              9.445576   slack (MET)


Startpoint: _36_ (rising edge-triggered flip-flop clocked by in_clk)
Endpoint: _33_ (rising edge-triggered flip-flop clocked by in_clk)
Path Group: in_clk
Path Type: max

Fanout         Cap        Slew       Delay        Time   Description
---------------------------------------------------------------------------------------------
                      0.150000    0.000000    0.000000   clock in_clk (rise edge)
                                  0.000000    0.000000   clock network delay (ideal)
                      0.150000    0.000000    0.000000 ^ _36_/CLK (gf180mcu_fd_sc_mcu7t5v0__dffrnq_1)
     8    0.040751    1.266759    2.273380    2.273380 ^ _36_/Q (gf180mcu_fd_sc_mcu7t5v0__dffrnq_1)
                                                         counter[2] (net)
                      1.266759    0.000000    2.273380 ^ _22_/B (gf180mcu_fd_sc_mcu7t5v0__aoi21_1)
     1    0.004067    0.616326    0.457878    2.731258 v _22_/ZN (gf180mcu_fd_sc_mcu7t5v0__aoi21_1)
                                                         _11_ (net)
                      0.616326    0.000000    2.731258 v _30_/B (gf180mcu_fd_sc_mcu7t5v0__aoi21_1)
     1    0.003014    0.544553    0.506131    3.237389 ^ _30_/ZN (gf180mcu_fd_sc_mcu7t5v0__aoi21_1)
                                                         _05_ (net)
                      0.544553    0.000000    3.237389 ^ _33_/D (gf180mcu_fd_sc_mcu7t5v0__dffrnq_1)
                                              3.237389   data arrival time

                      0.150000   13.563000   13.563000   clock in_clk (rise edge)
                                  0.000000   13.563000   clock network delay (ideal)
                                 -0.200000   13.363000   clock uncertainty
                                  0.000000   13.363000   clock reconvergence pessimism
                                             13.363000 ^ _33_/CLK (gf180mcu_fd_sc_mcu7t5v0__dffrnq_1)
                                 -0.674948   12.688052   library setup time
                                             12.688052   data required time
---------------------------------------------------------------------------------------------
                                             12.688052   data required time
                                             -3.237389   data arrival time
---------------------------------------------------------------------------------------------
                                              9.450663   slack (MET)


Startpoint: _35_ (rising edge-triggered flip-flop clocked by in_clk)
Endpoint: _35_ (rising edge-triggered flip-flop clocked by in_clk)
Path Group: in_clk
Path Type: max

Fanout         Cap        Slew       Delay        Time   Description
---------------------------------------------------------------------------------------------
                      0.150000    0.000000    0.000000   clock in_clk (rise edge)
                                  0.000000    0.000000   clock network delay (ideal)
                      0.150000    0.000000    0.000000 ^ _35_/CLK (gf180mcu_fd_sc_mcu7t5v0__dffrnq_1)
     8    0.033485    1.071922    2.158507    2.158507 ^ _35_/Q (gf180mcu_fd_sc_mcu7t5v0__dffrnq_1)
                                                         counter[1] (net)
                      1.071922    0.000000    2.158507 ^ _23_/A2 (gf180mcu_fd_sc_mcu7t5v0__nor2_1)
     2    0.009039    0.536820    0.422161    2.580668 v _23_/ZN (gf180mcu_fd_sc_mcu7t5v0__nor2_1)
                                                         _12_ (net)
                      0.536820    0.000000    2.580668 v _24_/A3 (gf180mcu_fd_sc_mcu7t5v0__nor3_1)
     1    0.003014    0.665573    0.551950    3.132618 ^ _24_/ZN (gf180mcu_fd_sc_mcu7t5v0__nor3_1)
                                                         _01_ (net)
                      0.665573    0.000000    3.132618 ^ _35_/D (gf180mcu_fd_sc_mcu7t5v0__dffrnq_1)
                                              3.132618   data arrival time

                      0.150000   13.563000   13.563000   clock in_clk (rise edge)
                                  0.000000   13.563000   clock network delay (ideal)
                                 -0.200000   13.363000   clock uncertainty
                                  0.000000   13.363000   clock reconvergence pessimism
                                             13.363000 ^ _35_/CLK (gf180mcu_fd_sc_mcu7t5v0__dffrnq_1)
                                 -0.692982   12.670018   library setup time
                                             12.670018   data required time
---------------------------------------------------------------------------------------------
                                             12.670018   data required time
                                             -3.132618   data arrival time
---------------------------------------------------------------------------------------------
                                              9.537399   slack (MET)


Startpoint: _36_ (rising edge-triggered flip-flop clocked by in_clk)
Endpoint: _31_ (rising edge-triggered flip-flop clocked by in_clk)
Path Group: in_clk
Path Type: max

Fanout         Cap        Slew       Delay        Time   Description
---------------------------------------------------------------------------------------------
                      0.150000    0.000000    0.000000   clock in_clk (rise edge)
                                  0.000000    0.000000   clock network delay (ideal)
                      0.150000    0.000000    0.000000 ^ _36_/CLK (gf180mcu_fd_sc_mcu7t5v0__dffrnq_1)
     8    0.040751    1.266759    2.273380    2.273380 ^ _36_/Q (gf180mcu_fd_sc_mcu7t5v0__dffrnq_1)
                                                         counter[2] (net)
                      1.266759    0.000000    2.273380 ^ _26_/A1 (gf180mcu_fd_sc_mcu7t5v0__nand3_1)
     1    0.004900    0.552810    0.381723    2.655103 v _26_/ZN (gf180mcu_fd_sc_mcu7t5v0__nand3_1)
                                                         _13_ (net)
                      0.552810    0.000000    2.655103 v _27_/B (gf180mcu_fd_sc_mcu7t5v0__oai21_1)
     1    0.002637    0.466244    0.419809    3.074912 ^ _27_/ZN (gf180mcu_fd_sc_mcu7t5v0__oai21_1)
                                                         _03_ (net)
                      0.466244    0.000000    3.074912 ^ _31_/D (gf180mcu_fd_sc_mcu7t5v0__dffsnq_1)
                                              3.074912   data arrival time

                      0.150000   13.563000   13.563000   clock in_clk (rise edge)
                                  0.000000   13.563000   clock network delay (ideal)
                                 -0.200000   13.363000   clock uncertainty
                                  0.000000   13.363000   clock reconvergence pessimism
                                             13.363000 ^ _31_/CLK (gf180mcu_fd_sc_mcu7t5v0__dffsnq_1)
                                 -0.513629   12.849371   library setup time
                                             12.849371   data required time
---------------------------------------------------------------------------------------------
                                             12.849371   data required time
                                             -3.074912   data arrival time
---------------------------------------------------------------------------------------------
                                              9.774459   slack (MET)


Startpoint: _36_ (rising edge-triggered flip-flop clocked by in_clk)
Endpoint: _34_ (rising edge-triggered flip-flop clocked by in_clk)
Path Group: in_clk
Path Type: max

Fanout         Cap        Slew       Delay        Time   Description
---------------------------------------------------------------------------------------------
                      0.150000    0.000000    0.000000   clock in_clk (rise edge)
                                  0.000000    0.000000   clock network delay (ideal)
                      0.150000    0.000000    0.000000 ^ _36_/CLK (gf180mcu_fd_sc_mcu7t5v0__dffrnq_1)
     8    0.040751    1.266759    2.273380    2.273380 ^ _36_/Q (gf180mcu_fd_sc_mcu7t5v0__dffrnq_1)
                                                         counter[2] (net)
                      1.266759    0.000000    2.273380 ^ _19_/A1 (gf180mcu_fd_sc_mcu7t5v0__aoi21_1)
     1    0.003014    0.490064    0.223449    2.496830 v _19_/ZN (gf180mcu_fd_sc_mcu7t5v0__aoi21_1)
                                                         _00_ (net)
                      0.490064    0.000000    2.496830 v _34_/D (gf180mcu_fd_sc_mcu7t5v0__dffrnq_1)
                                              2.496830   data arrival time

                      0.150000   13.563000   13.563000   clock in_clk (rise edge)
                                  0.000000   13.563000   clock network delay (ideal)
                                 -0.200000   13.363000   clock uncertainty
                                  0.000000   13.363000   clock reconvergence pessimism
                                             13.363000 ^ _34_/CLK (gf180mcu_fd_sc_mcu7t5v0__dffrnq_1)
                                 -0.356731   13.006269   library setup time
                                             13.006269   data required time
---------------------------------------------------------------------------------------------
                                             13.006269   data required time
                                             -2.496830   data arrival time
---------------------------------------------------------------------------------------------
                                             10.509439   slack (MET)


Startpoint: rst (input port clocked by in_clk)
Endpoint: _31_ (recovery check against rising-edge clock in_clk)
Path Group: asynchronous
Path Type: max

Fanout         Cap        Slew       Delay        Time   Description
---------------------------------------------------------------------------------------------
                      0.150000    0.000000    0.000000   clock in_clk (rise edge)
                                  0.000000    0.000000   clock network delay (ideal)
                                  2.000000    2.000000 ^ input external delay
     6    0.043602    0.000022    0.000022    2.000022 ^ rst (in)
                                                         rst (net)
                      0.000022    0.000000    2.000022 ^ _31_/SETN (gf180mcu_fd_sc_mcu7t5v0__dffsnq_1)
                                              2.000022   data arrival time

                      0.150000   13.563000   13.563000   clock in_clk (rise edge)
                                  0.000000   13.563000   clock network delay (ideal)
                                 -0.200000   13.363000   clock uncertainty
                                  0.000000   13.363000   clock reconvergence pessimism
                                             13.363000 ^ _31_/CLK (gf180mcu_fd_sc_mcu7t5v0__dffsnq_1)
                                  0.074368   13.437368   library recovery time
                                             13.437368   data required time
---------------------------------------------------------------------------------------------
                                             13.437368   data required time
                                             -2.000022   data arrival time
---------------------------------------------------------------------------------------------
                                             11.437346   slack (MET)


Startpoint: rst (input port clocked by in_clk)
Endpoint: _32_ (recovery check against rising-edge clock in_clk)
Path Group: asynchronous
Path Type: max

Fanout         Cap        Slew       Delay        Time   Description
---------------------------------------------------------------------------------------------
                      0.150000    0.000000    0.000000   clock in_clk (rise edge)
                                  0.000000    0.000000   clock network delay (ideal)
                                  2.000000    2.000000 ^ input external delay
     6    0.043602    0.000022    0.000022    2.000022 ^ rst (in)
                                                         rst (net)
                      0.000022    0.000000    2.000022 ^ _32_/RN (gf180mcu_fd_sc_mcu7t5v0__dffrnq_1)
                                              2.000022   data arrival time

                      0.150000   13.563000   13.563000   clock in_clk (rise edge)
                                  0.000000   13.563000   clock network delay (ideal)
                                 -0.200000   13.363000   clock uncertainty
                                  0.000000   13.363000   clock reconvergence pessimism
                                             13.363000 ^ _32_/CLK (gf180mcu_fd_sc_mcu7t5v0__dffrnq_1)
                                  0.394308   13.757308   library recovery time
                                             13.757308   data required time
---------------------------------------------------------------------------------------------
                                             13.757308   data required time
                                             -2.000022   data arrival time
---------------------------------------------------------------------------------------------
                                             11.757286   slack (MET)


Startpoint: rst (input port clocked by in_clk)
Endpoint: _33_ (recovery check against rising-edge clock in_clk)
Path Group: asynchronous
Path Type: max

Fanout         Cap        Slew       Delay        Time   Description
---------------------------------------------------------------------------------------------
                      0.150000    0.000000    0.000000   clock in_clk (rise edge)
                                  0.000000    0.000000   clock network delay (ideal)
                                  2.000000    2.000000 ^ input external delay
     6    0.043602    0.000022    0.000022    2.000022 ^ rst (in)
                                                         rst (net)
                      0.000022    0.000000    2.000022 ^ _33_/RN (gf180mcu_fd_sc_mcu7t5v0__dffrnq_1)
                                              2.000022   data arrival time

                      0.150000   13.563000   13.563000   clock in_clk (rise edge)
                                  0.000000   13.563000   clock network delay (ideal)
                                 -0.200000   13.363000   clock uncertainty
                                  0.000000   13.363000   clock reconvergence pessimism
                                             13.363000 ^ _33_/CLK (gf180mcu_fd_sc_mcu7t5v0__dffrnq_1)
                                  0.394308   13.757308   library recovery time
                                             13.757308   data required time
---------------------------------------------------------------------------------------------
                                             13.757308   data required time
                                             -2.000022   data arrival time
---------------------------------------------------------------------------------------------
                                             11.757286   slack (MET)


Startpoint: rst (input port clocked by in_clk)
Endpoint: _34_ (recovery check against rising-edge clock in_clk)
Path Group: asynchronous
Path Type: max

Fanout         Cap        Slew       Delay        Time   Description
---------------------------------------------------------------------------------------------
                      0.150000    0.000000    0.000000   clock in_clk (rise edge)
                                  0.000000    0.000000   clock network delay (ideal)
                                  2.000000    2.000000 ^ input external delay
     6    0.043602    0.000022    0.000022    2.000022 ^ rst (in)
                                                         rst (net)
                      0.000022    0.000000    2.000022 ^ _34_/RN (gf180mcu_fd_sc_mcu7t5v0__dffrnq_1)
                                              2.000022   data arrival time

                      0.150000   13.563000   13.563000   clock in_clk (rise edge)
                                  0.000000   13.563000   clock network delay (ideal)
                                 -0.200000   13.363000   clock uncertainty
                                  0.000000   13.363000   clock reconvergence pessimism
                                             13.363000 ^ _34_/CLK (gf180mcu_fd_sc_mcu7t5v0__dffrnq_1)
                                  0.394308   13.757308   library recovery time
                                             13.757308   data required time
---------------------------------------------------------------------------------------------
                                             13.757308   data required time
                                             -2.000022   data arrival time
---------------------------------------------------------------------------------------------
                                             11.757286   slack (MET)


Startpoint: rst (input port clocked by in_clk)
Endpoint: _35_ (recovery check against rising-edge clock in_clk)
Path Group: asynchronous
Path Type: max

Fanout         Cap        Slew       Delay        Time   Description
---------------------------------------------------------------------------------------------
                      0.150000    0.000000    0.000000   clock in_clk (rise edge)
                                  0.000000    0.000000   clock network delay (ideal)
                                  2.000000    2.000000 ^ input external delay
     6    0.043602    0.000022    0.000022    2.000022 ^ rst (in)
                                                         rst (net)
                      0.000022    0.000000    2.000022 ^ _35_/RN (gf180mcu_fd_sc_mcu7t5v0__dffrnq_1)
                                              2.000022   data arrival time

                      0.150000   13.563000   13.563000   clock in_clk (rise edge)
                                  0.000000   13.563000   clock network delay (ideal)
                                 -0.200000   13.363000   clock uncertainty
                                  0.000000   13.363000   clock reconvergence pessimism
                                             13.363000 ^ _35_/CLK (gf180mcu_fd_sc_mcu7t5v0__dffrnq_1)
                                  0.394308   13.757308   library recovery time
                                             13.757308   data required time
---------------------------------------------------------------------------------------------
                                             13.757308   data required time
                                             -2.000022   data arrival time
---------------------------------------------------------------------------------------------
                                             11.757286   slack (MET)


Startpoint: rst (input port clocked by in_clk)
Endpoint: _36_ (recovery check against rising-edge clock in_clk)
Path Group: asynchronous
Path Type: max

Fanout         Cap        Slew       Delay        Time   Description
---------------------------------------------------------------------------------------------
                      0.150000    0.000000    0.000000   clock in_clk (rise edge)
                                  0.000000    0.000000   clock network delay (ideal)
                                  2.000000    2.000000 ^ input external delay
     6    0.043602    0.000022    0.000022    2.000022 ^ rst (in)
                                                         rst (net)
                      0.000022    0.000000    2.000022 ^ _36_/RN (gf180mcu_fd_sc_mcu7t5v0__dffrnq_1)
                                              2.000022   data arrival time

                      0.150000   13.563000   13.563000   clock in_clk (rise edge)
                                  0.000000   13.563000   clock network delay (ideal)
                                 -0.200000   13.363000   clock uncertainty
                                  0.000000   13.363000   clock reconvergence pessimism
                                             13.363000 ^ _36_/CLK (gf180mcu_fd_sc_mcu7t5v0__dffrnq_1)
                                  0.394308   13.757308   library recovery time
                                             13.757308   data required time
---------------------------------------------------------------------------------------------
                                             13.757308   data required time
                                             -2.000022   data arrival time
---------------------------------------------------------------------------------------------
                                             11.757286   slack (MET)



%OL_END_REPORT
%OL_CREATE_REPORT checks.rpt

===========================================================================
report_checks -unconstrained
===========================================================================
======================= nom_ss_125C_4v50 Corner ===================================

Startpoint: rst (input port clocked by in_clk)
Endpoint: _31_ (recovery check against rising-edge clock in_clk)
Path Group: asynchronous
Path Type: max

Fanout         Cap        Slew       Delay        Time   Description
---------------------------------------------------------------------------------------------
                      0.150000    0.000000    0.000000   clock in_clk (rise edge)
                                  0.000000    0.000000   clock network delay (ideal)
                                  2.000000    2.000000 ^ input external delay
     6    0.043602    0.000022    0.000022    2.000022 ^ rst (in)
                                                         rst (net)
                      0.000022    0.000000    2.000022 ^ _31_/SETN (gf180mcu_fd_sc_mcu7t5v0__dffsnq_1)
                                              2.000022   data arrival time

                      0.150000   13.563000   13.563000   clock in_clk (rise edge)
                                  0.000000   13.563000   clock network delay (ideal)
                                 -0.200000   13.363000   clock uncertainty
                                  0.000000   13.363000   clock reconvergence pessimism
                                             13.363000 ^ _31_/CLK (gf180mcu_fd_sc_mcu7t5v0__dffsnq_1)
                                  0.074368   13.437368   library recovery time
                                             13.437368   data required time
---------------------------------------------------------------------------------------------
                                             13.437368   data required time
                                             -2.000022   data arrival time
---------------------------------------------------------------------------------------------
                                             11.437346   slack (MET)


Startpoint: _32_ (rising edge-triggered flip-flop clocked by in_clk)
Endpoint: out_clk2B (output port clocked by in_clk)
Path Group: in_clk
Path Type: max

Fanout         Cap        Slew       Delay        Time   Description
---------------------------------------------------------------------------------------------
                      0.150000    0.000000    0.000000   clock in_clk (rise edge)
                                  0.000000    0.000000   clock network delay (ideal)
                      0.150000    0.000000    0.000000 ^ _32_/CLK (gf180mcu_fd_sc_mcu7t5v0__dffrnq_1)
     2    0.039310    1.227252    2.250888    2.250888 ^ _32_/Q (gf180mcu_fd_sc_mcu7t5v0__dffrnq_1)
                                                         out_clk2 (net)
                      1.227252    0.000000    2.250888 ^ _16_/I (gf180mcu_fd_sc_mcu7t5v0__clkinv_1)
     2    0.039825    1.235737    0.998269    3.249156 v _16_/ZN (gf180mcu_fd_sc_mcu7t5v0__clkinv_1)
                                                         out_clk2B (net)
                      1.235737    0.000000    3.249156 v out_clk2B (out)
                                              3.249156   data arrival time

                      0.150000   13.563000   13.563000   clock in_clk (rise edge)
                                  0.000000   13.563000   clock network delay (ideal)
                                 -0.200000   13.363000   clock uncertainty
                                  0.000000   13.363000   clock reconvergence pessimism
                                 -2.500000   10.863000   output external delay
                                             10.863000   data required time
---------------------------------------------------------------------------------------------
                                             10.863000   data required time
                                             -3.249156   data arrival time
---------------------------------------------------------------------------------------------
                                              7.613843   slack (MET)




===========================================================================
report_checks --slack_max -0.01
============================================================================
======================= nom_ss_125C_4v50 Corner ===================================

No paths found.


===========================================================================
 report_check_types -max_slew -max_cap -max_fanout -violators
============================================================================
======================= nom_ss_125C_4v50 Corner ===================================



===========================================================================
report_parasitic_annotation -report_unannotated
============================================================================
Found 24 unannotated drivers.
 in_clk
 rst
 _15_/ZN
 _16_/ZN
 _17_/ZN
 _18_/Z
 _19_/ZN
 _20_/Z
 _21_/ZN
 _22_/ZN
 _23_/ZN
 _24_/ZN
 _25_/Z
 _26_/ZN
 _27_/ZN
 _28_/ZN
 _29_/ZN
 _30_/ZN
 _31_/Q
 _32_/Q
 _33_/Q
 _34_/Q
 _35_/Q
 _36_/Q
Found 0 partially unannotated drivers.

===========================================================================
max slew violation count 0
%OL_METRIC_I design__max_slew_violation__count__corner:nom_ss_125C_4v50 0
max fanout violation count 0
%OL_METRIC_I design__max_fanout_violation__count__corner:nom_ss_125C_4v50 0
max cap violation count 0
%OL_METRIC_I design__max_cap_violation__count__corner:nom_ss_125C_4v50 0
============================================================================

===========================================================================
check_setup -verbose -unconstrained_endpoints -multiple_clock -no_clock -no_input_delay -loops -generated_clocks
===========================================================================
%OL_END_REPORT
%OL_CREATE_REPORT power.rpt

===========================================================================
 report_power
============================================================================
======================= nom_ss_125C_4v50 Corner ===================================

Group                    Internal    Switching      Leakage        Total
                            Power        Power        Power        Power (Watts)
------------------------------------------------------------------------
Sequential           2.265485e-04 0.000000e+00 7.591208e-09 2.265561e-04 100.0%
Combinational        0.000000e+00 0.000000e+00 9.647101e-09 9.647101e-09   0.0%
Clock                0.000000e+00 0.000000e+00 0.000000e+00 0.000000e+00   0.0%
Macro                0.000000e+00 0.000000e+00 0.000000e+00 0.000000e+00   0.0%
Pad                  0.000000e+00 0.000000e+00 0.000000e+00 0.000000e+00   0.0%
------------------------------------------------------------------------
Total                2.265485e-04 0.000000e+00 1.723831e-08 2.265657e-04 100.0%
                           100.0%         0.0%         0.0%
%OL_METRIC_F power__internal__total 0.00022654847998637706
%OL_METRIC_F power__switching__total 0.0
%OL_METRIC_F power__leakage__total 1.7238308558376048e-8
%OL_METRIC_F power__total 0.00022656572400592268

%OL_END_REPORT
%OL_CREATE_REPORT skew.min.rpt

===========================================================================
Clock Skew (Hold)
============================================================================
%OL_METRIC_F clock__skew__worst_hold__corner:nom_ss_125C_4v50 -0.19999999444888472
======================= nom_ss_125C_4v50 Corner ===================================

Clock in_clk
0.000010 source latency _31_/CLK ^
-0.000010 target latency _31_/CLK ^
-0.200000 clock uncertainty
0.000000 CRPR
--------------
-0.200000 hold skew

%OL_END_REPORT
%OL_CREATE_REPORT skew.max.rpt

===========================================================================
Clock Skew (Setup)
============================================================================
%OL_METRIC_F clock__skew__worst_setup__corner:nom_ss_125C_4v50 0.19999999444888472
======================= nom_ss_125C_4v50 Corner ===================================

Clock in_clk
0.000010 source latency _31_/CLK ^
-0.000010 target latency _31_/CLK ^
0.200000 clock uncertainty
0.000000 CRPR
--------------
0.200000 setup skew

%OL_END_REPORT
%OL_CREATE_REPORT ws.min.rpt

===========================================================================
Worst Slack (Hold)
============================================================================
%OL_METRIC_F timing__hold__ws__corner:nom_ss_125C_4v50 -0.31345316118806743
nom_ss_125C_4v50: -0.31345316118806743
%OL_END_REPORT
%OL_CREATE_REPORT ws.max.rpt

===========================================================================
Worst Slack (Setup)
============================================================================
%OL_METRIC_F timing__setup__ws__corner:nom_ss_125C_4v50 7.613843104832035
nom_ss_125C_4v50: 7.613843104832035
%OL_END_REPORT
%OL_CREATE_REPORT tns.min.rpt

===========================================================================
Total Negative Slack (Hold)
============================================================================
%OL_METRIC_F timing__hold__tns__corner:nom_ss_125C_4v50 -1.7469186591747334
nom_ss_125C_4v50: -1.7469186591747334
%OL_END_REPORT
%OL_CREATE_REPORT tns.max.rpt

===========================================================================
Total Negative Slack (Setup)
============================================================================
%OL_METRIC_F timing__setup__tns__corner:nom_ss_125C_4v50 0.0
nom_ss_125C_4v50: 0.0
%OL_END_REPORT
%OL_CREATE_REPORT wns.min.rpt

===========================================================================
Worst Negative Slack (Hold)
============================================================================
%OL_METRIC_F timing__hold__wns__corner:nom_ss_125C_4v50 -0.31345316118806743
nom_ss_125C_4v50: -0.31345316118806743
%OL_END_REPORT
%OL_CREATE_REPORT wns.max.rpt

===========================================================================
Worst Negative Slack (Setup)
============================================================================
%OL_METRIC_F timing__setup__wns__corner:nom_ss_125C_4v50 0.0
nom_ss_125C_4v50: 0.0
%OL_END_REPORT
%OL_CREATE_REPORT violator_list.rpt

===========================================================================
Violator List
============================================================================
[hold in-reg] rst -> _32_/RN : -0.313453
[hold in-reg] rst -> _33_/RN : -0.313453
[hold in-reg] rst -> _34_/RN : -0.313453
[hold in-reg] rst -> _35_/RN : -0.313453
[hold in-reg] rst -> _36_/RN : -0.313453
[hold in-reg] rst -> _31_/SETN : -0.179653
%OL_METRIC_I timing__hold_vio__count__corner:nom_ss_125C_4v50 6
%OL_METRIC_F timing__hold_r2r__ws__corner:nom_ss_125C_4v50 1.614634
%OL_METRIC_I timing__hold_r2r_vio__count__corner:nom_ss_125C_4v50 0
%OL_METRIC_I timing__setup_vio__count__corner:nom_ss_125C_4v50 0
%OL_METRIC_F timing__setup_r2r__ws__corner:nom_ss_125C_4v50 8.774220
%OL_METRIC_I timing__setup_r2r_vio__count__corner:nom_ss_125C_4v50 0
%OL_END_REPORT
%OL_CREATE_REPORT unpropagated.rpt
in_clk
%OL_END_REPORT
%OL_CREATE_REPORT clock.rpt
Clock: in_clk
Sources: in_clk 
Generated: no
Virtual: no
Propagated: no
Period: 13.563000

===========================================================================
report_clock_properties
============================================================================
Clock                   Period          Waveform
----------------------------------------------------
in_clk               13.563000    0.000000  6.781500

===========================================================================
report_clock_latency
============================================================================
Clock in_clk
rise -> rise
    min     max
0.000000 0.000000 source latency
0.000010         network latency _31_/CLK
        0.000010 network latency _31_/CLK
---------------
0.000010 0.000010 latency
        0.000000 skew

fall -> fall
    min     max
0.000000 0.000000 source latency
0.000010         network latency _31_/CLK
        0.000010 network latency _31_/CLK
---------------
0.000010 0.000010 latency
        0.000000 skew



===========================================================================
report_clock_min_period
============================================================================
in_clk period_min = 4.79 fmax = 208.82
%OL_END_REPORT
Writing SDF files for all corners…
