Clock: clk
Sources: clk 
Generated: no
Virtual: yes
Propagated: no
Period: 81.379997

===========================================================================
report_clock_properties
============================================================================
Clock                   Period          Waveform
----------------------------------------------------
clk                  81.379997    0.000000 40.689999

===========================================================================
report_clock_latency
============================================================================
Clock clk
rise -> rise
    min     max
0.000000 0.000000 source latency
0.457760         network latency _71_/CLK
        0.458570 network latency _72_/CLK
---------------
0.457760 0.458570 latency
        0.000809 skew

fall -> fall
    min     max
0.000000 0.000000 source latency
0.445606         network latency _71_/CLK
        0.446491 network latency _72_/CLK
---------------
0.445606 0.446491 latency
        0.000885 skew



===========================================================================
report_clock_min_period
============================================================================
clk period_min = 1.91 fmax = 522.60
