
===========================================================================
report_checks -unconstrained
===========================================================================
======================= max_ff_n40C_5v50 Corner ===================================

Startpoint: rst_n (input port clocked by clk)
Endpoint: _79_ (recovery check against rising-edge clock clk)
Path Group: asynchronous
Path Type: max

Fanout         Cap        Slew       Delay        Time   Description
---------------------------------------------------------------------------------------------
                                  0.000000    0.000000   clock clk (rise edge)
                                  0.000000    0.000000   clock network delay (propagated)
                                 16.000000   16.000000 ^ input external delay
     1    0.006653    0.000003    0.000085   16.000086 ^ rst_n (in)
                                                         rst_n (net)
                      0.000206    0.000000   16.000086 ^ input14/I (gf180mcu_fd_sc_mcu7t5v0__dlyb_1)
    12    0.112187    1.225530    1.182951   17.183037 ^ input14/Z (gf180mcu_fd_sc_mcu7t5v0__dlyb_1)
                                                         net14 (net)
                      1.225542    0.002187   17.185223 ^ _79_/RN (gf180mcu_fd_sc_mcu7t5v0__dffrnq_1)
                                             17.185223   data arrival time

                                 81.379997   81.379997   clock clk (rise edge)
                                  0.000000   81.379997   clock source latency
     1    0.028578    0.000014    0.000490   81.380486 ^ clk (in)
                                                         clk (net)
                      0.001185    0.000000   81.380486 ^ clkbuf_0_clk/I (gf180mcu_fd_sc_mcu7t5v0__clkbuf_16)
     2    0.047083    0.072535    0.145178   81.525665 ^ clkbuf_0_clk/Z (gf180mcu_fd_sc_mcu7t5v0__clkbuf_16)
                                                         clknet_0_clk (net)
                      0.072539    0.000952   81.526619 ^ clkbuf_1_1__f_clk/I (gf180mcu_fd_sc_mcu7t5v0__clkbuf_16)
     7    0.039470    0.067810    0.154067   81.680687 ^ clkbuf_1_1__f_clk/Z (gf180mcu_fd_sc_mcu7t5v0__clkbuf_16)
                                                         clknet_1_1__leaf_clk (net)
                      0.067811    0.000298   81.680984 ^ _79_/CLK (gf180mcu_fd_sc_mcu7t5v0__dffrnq_1)
                                 -0.250000   81.430984   clock uncertainty
                                  0.000000   81.430984   clock reconvergence pessimism
                                 -0.223371   81.207611   library recovery time
                                             81.207611   data required time
---------------------------------------------------------------------------------------------
                                             81.207611   data required time
                                            -17.185223   data arrival time
---------------------------------------------------------------------------------------------
                                             64.022392   slack (MET)


Startpoint: load_en (input port clocked by clk)
Endpoint: _72_ (rising edge-triggered flip-flop clocked by clk)
Path Group: clk
Path Type: max

Fanout         Cap        Slew       Delay        Time   Description
---------------------------------------------------------------------------------------------
                                  0.000000    0.000000   clock clk (rise edge)
                                  0.000000    0.000000   clock network delay (propagated)
                                 16.000000   16.000000 ^ input external delay
     1    0.004264    0.000002    0.000039   16.000038 ^ load_en (in)
                                                         load_en (net)
                      0.000093    0.000000   16.000038 ^ input13/I (gf180mcu_fd_sc_mcu7t5v0__dlyb_1)
    23    0.139200    1.513464    1.351321   17.351360 ^ input13/Z (gf180mcu_fd_sc_mcu7t5v0__dlyb_1)
                                                         net13 (net)
                      1.513494    0.003860   17.355221 ^ _55_/A1 (gf180mcu_fd_sc_mcu7t5v0__nand2_1)
     1    0.009358    0.388890    0.142339   17.497559 v _55_/ZN (gf180mcu_fd_sc_mcu7t5v0__nand2_1)
                                                         _28_ (net)
                      0.388890    0.000220   17.497780 v _56_/B (gf180mcu_fd_sc_mcu7t5v0__oai21_1)
     1    0.011995    0.415030    0.271328   17.769108 ^ _56_/ZN (gf180mcu_fd_sc_mcu7t5v0__oai21_1)
                                                         _08_ (net)
                      0.415030    0.000361   17.769468 ^ _72_/D (gf180mcu_fd_sc_mcu7t5v0__dffrnq_1)
                                             17.769468   data arrival time

                                 81.379997   81.379997   clock clk (rise edge)
                                  0.000000   81.379997   clock source latency
     1    0.028578    0.000014    0.000490   81.380486 ^ clk (in)
                                                         clk (net)
                      0.001185    0.000000   81.380486 ^ clkbuf_0_clk/I (gf180mcu_fd_sc_mcu7t5v0__clkbuf_16)
     2    0.047083    0.072535    0.145178   81.525665 ^ clkbuf_0_clk/Z (gf180mcu_fd_sc_mcu7t5v0__clkbuf_16)
                                                         clknet_0_clk (net)
                      0.072539    0.000917   81.526581 ^ clkbuf_1_0__f_clk/I (gf180mcu_fd_sc_mcu7t5v0__clkbuf_16)
     6    0.042124    0.069295    0.155197   81.681778 ^ clkbuf_1_0__f_clk/Z (gf180mcu_fd_sc_mcu7t5v0__clkbuf_16)
                                                         clknet_1_0__leaf_clk (net)
                      0.069295    0.000220   81.681999 ^ _72_/CLK (gf180mcu_fd_sc_mcu7t5v0__dffrnq_1)
                                 -0.250000   81.431999   clock uncertainty
                                  0.000000   81.431999   clock reconvergence pessimism
                                 -0.241037   81.190964   library setup time
                                             81.190964   data required time
---------------------------------------------------------------------------------------------
                                             81.190964   data required time
                                            -17.769468   data arrival time
---------------------------------------------------------------------------------------------
                                             63.421497   slack (MET)




===========================================================================
report_checks --slack_max -0.01
============================================================================
======================= max_ff_n40C_5v50 Corner ===================================

No paths found.


===========================================================================
 report_check_types -max_slew -max_cap -max_fanout -violators
============================================================================
======================= max_ff_n40C_5v50 Corner ===================================



===========================================================================
report_parasitic_annotation -report_unannotated
============================================================================
Found 1 unannotated drivers.
 clkload0/ZN
Found 0 partially unannotated drivers.

===========================================================================
max slew violation count 0
max fanout violation count 0
max cap violation count 0
============================================================================

===========================================================================
check_setup -verbose -unconstrained_endpoints -multiple_clock -no_clock -no_input_delay -loops -generated_clocks
===========================================================================
