
===========================================================================
report_checks -path_delay min (Hold)
============================================================================
======================= max_ff_n40C_5v50 Corner ===================================

Startpoint: _74_ (rising edge-triggered flip-flop clocked by clk)
Endpoint: _75_ (rising edge-triggered flip-flop clocked by clk)
Path Group: clk
Path Type: min

Fanout         Cap        Slew       Delay        Time   Description
---------------------------------------------------------------------------------------------
                                  0.000000    0.000000   clock clk (rise edge)
                                  0.000000    0.000000   clock source latency
     1    0.028578    0.000014    0.000493    0.000493 ^ clk (in)
                                                         clk (net)
                      0.001185    0.000000    0.000493 ^ clkbuf_0_clk/I (gf180mcu_fd_sc_mcu7t5v0__clkbuf_16)
     2    0.047083    0.072535    0.145177    0.145671 ^ clkbuf_0_clk/Z (gf180mcu_fd_sc_mcu7t5v0__clkbuf_16)
                                                         clknet_0_clk (net)
                      0.072539    0.000915    0.146586 ^ clkbuf_1_0__f_clk/I (gf180mcu_fd_sc_mcu7t5v0__clkbuf_16)
     6    0.042124    0.069295    0.155194    0.301780 ^ clkbuf_1_0__f_clk/Z (gf180mcu_fd_sc_mcu7t5v0__clkbuf_16)
                                                         clknet_1_0__leaf_clk (net)
                      0.069295    0.000198    0.301978 ^ _74_/CLK (gf180mcu_fd_sc_mcu7t5v0__dffrnq_1)
     1    0.005346    0.076306    0.431410    0.733388 v _74_/Q (gf180mcu_fd_sc_mcu7t5v0__dffrnq_1)
                                                         shift_reg[8] (net)
                      0.076306    0.000060    0.733447 v _42_/I (gf180mcu_fd_sc_mcu7t5v0__clkinv_1)
     1    0.005897    0.094495    0.076086    0.809534 ^ _42_/ZN (gf180mcu_fd_sc_mcu7t5v0__clkinv_1)
                                                         _20_ (net)
                      0.094495    0.000064    0.809597 ^ _62_/A2 (gf180mcu_fd_sc_mcu7t5v0__oai21_1)
     1    0.003921    0.088670    0.082295    0.891893 v _62_/ZN (gf180mcu_fd_sc_mcu7t5v0__oai21_1)
                                                         _11_ (net)
                      0.088670    0.000040    0.891933 v _75_/D (gf180mcu_fd_sc_mcu7t5v0__dffrnq_1)
                                              0.891933   data arrival time

                                  0.000000    0.000000   clock clk (rise edge)
                                  0.000000    0.000000   clock source latency
     1    0.028578    0.000014    0.000493    0.000493 ^ clk (in)
                                                         clk (net)
                      0.001185    0.000000    0.000493 ^ clkbuf_0_clk/I (gf180mcu_fd_sc_mcu7t5v0__clkbuf_16)
     2    0.047083    0.072535    0.145177    0.145671 ^ clkbuf_0_clk/Z (gf180mcu_fd_sc_mcu7t5v0__clkbuf_16)
                                                         clknet_0_clk (net)
                      0.072539    0.000953    0.146624 ^ clkbuf_1_1__f_clk/I (gf180mcu_fd_sc_mcu7t5v0__clkbuf_16)
     7    0.039470    0.067810    0.154061    0.300685 ^ clkbuf_1_1__f_clk/Z (gf180mcu_fd_sc_mcu7t5v0__clkbuf_16)
                                                         clknet_1_1__leaf_clk (net)
                      0.067811    0.000293    0.300978 ^ _75_/CLK (gf180mcu_fd_sc_mcu7t5v0__dffrnq_1)
                                  0.250000    0.550978   clock uncertainty
                                  0.000000    0.550978   clock reconvergence pessimism
                                  0.091006    0.641984   library hold time
                                              0.641984   data required time
---------------------------------------------------------------------------------------------
                                              0.641984   data required time
                                             -0.891933   data arrival time
---------------------------------------------------------------------------------------------
                                              0.249948   slack (MET)


Startpoint: _73_ (rising edge-triggered flip-flop clocked by clk)
Endpoint: _74_ (rising edge-triggered flip-flop clocked by clk)
Path Group: clk
Path Type: min

Fanout         Cap        Slew       Delay        Time   Description
---------------------------------------------------------------------------------------------
                                  0.000000    0.000000   clock clk (rise edge)
                                  0.000000    0.000000   clock source latency
     1    0.028578    0.000014    0.000493    0.000493 ^ clk (in)
                                                         clk (net)
                      0.001185    0.000000    0.000493 ^ clkbuf_0_clk/I (gf180mcu_fd_sc_mcu7t5v0__clkbuf_16)
     2    0.047083    0.072535    0.145177    0.145671 ^ clkbuf_0_clk/Z (gf180mcu_fd_sc_mcu7t5v0__clkbuf_16)
                                                         clknet_0_clk (net)
                      0.072539    0.000915    0.146586 ^ clkbuf_1_0__f_clk/I (gf180mcu_fd_sc_mcu7t5v0__clkbuf_16)
     6    0.042124    0.069295    0.155194    0.301780 ^ clkbuf_1_0__f_clk/Z (gf180mcu_fd_sc_mcu7t5v0__clkbuf_16)
                                                         clknet_1_0__leaf_clk (net)
                      0.069296    0.000361    0.302141 ^ _73_/CLK (gf180mcu_fd_sc_mcu7t5v0__dffrnq_1)
     1    0.009572    0.100693    0.452483    0.754624 v _73_/Q (gf180mcu_fd_sc_mcu7t5v0__dffrnq_1)
                                                         shift_reg[7] (net)
                      0.100693    0.000242    0.754866 v _41_/I (gf180mcu_fd_sc_mcu7t5v0__clkinv_1)
     1    0.006181    0.099156    0.084299    0.839165 ^ _41_/ZN (gf180mcu_fd_sc_mcu7t5v0__clkinv_1)
                                                         _19_ (net)
                      0.099156    0.000073    0.839238 ^ _60_/A2 (gf180mcu_fd_sc_mcu7t5v0__oai21_1)
     1    0.004065    0.088558    0.083883    0.923121 v _60_/ZN (gf180mcu_fd_sc_mcu7t5v0__oai21_1)
                                                         _10_ (net)
                      0.088558    0.000044    0.923165 v _74_/D (gf180mcu_fd_sc_mcu7t5v0__dffrnq_1)
                                              0.923165   data arrival time

                                  0.000000    0.000000   clock clk (rise edge)
                                  0.000000    0.000000   clock source latency
     1    0.028578    0.000014    0.000493    0.000493 ^ clk (in)
                                                         clk (net)
                      0.001185    0.000000    0.000493 ^ clkbuf_0_clk/I (gf180mcu_fd_sc_mcu7t5v0__clkbuf_16)
     2    0.047083    0.072535    0.145177    0.145671 ^ clkbuf_0_clk/Z (gf180mcu_fd_sc_mcu7t5v0__clkbuf_16)
                                                         clknet_0_clk (net)
                      0.072539    0.000915    0.146586 ^ clkbuf_1_0__f_clk/I (gf180mcu_fd_sc_mcu7t5v0__clkbuf_16)
     6    0.042124    0.069295    0.155194    0.301780 ^ clkbuf_1_0__f_clk/Z (gf180mcu_fd_sc_mcu7t5v0__clkbuf_16)
                                                         clknet_1_0__leaf_clk (net)
                      0.069295    0.000198    0.301978 ^ _74_/CLK (gf180mcu_fd_sc_mcu7t5v0__dffrnq_1)
                                  0.250000    0.551978   clock uncertainty
                                  0.000000    0.551978   clock reconvergence pessimism
                                  0.091359    0.643336   library hold time
                                              0.643336   data required time
---------------------------------------------------------------------------------------------
                                              0.643336   data required time
                                             -0.923165   data arrival time
---------------------------------------------------------------------------------------------
                                              0.279829   slack (MET)


Startpoint: _75_ (rising edge-triggered flip-flop clocked by clk)
Endpoint: _76_ (rising edge-triggered flip-flop clocked by clk)
Path Group: clk
Path Type: min

Fanout         Cap        Slew       Delay        Time   Description
---------------------------------------------------------------------------------------------
                                  0.000000    0.000000   clock clk (rise edge)
                                  0.000000    0.000000   clock source latency
     1    0.028578    0.000014    0.000493    0.000493 ^ clk (in)
                                                         clk (net)
                      0.001185    0.000000    0.000493 ^ clkbuf_0_clk/I (gf180mcu_fd_sc_mcu7t5v0__clkbuf_16)
     2    0.047083    0.072535    0.145177    0.145671 ^ clkbuf_0_clk/Z (gf180mcu_fd_sc_mcu7t5v0__clkbuf_16)
                                                         clknet_0_clk (net)
                      0.072539    0.000953    0.146624 ^ clkbuf_1_1__f_clk/I (gf180mcu_fd_sc_mcu7t5v0__clkbuf_16)
     7    0.039470    0.067810    0.154061    0.300685 ^ clkbuf_1_1__f_clk/Z (gf180mcu_fd_sc_mcu7t5v0__clkbuf_16)
                                                         clknet_1_1__leaf_clk (net)
                      0.067811    0.000293    0.300978 ^ _75_/CLK (gf180mcu_fd_sc_mcu7t5v0__dffrnq_1)
     1    0.007581    0.089166    0.442840    0.743818 v _75_/Q (gf180mcu_fd_sc_mcu7t5v0__dffrnq_1)
                                                         shift_reg[9] (net)
                      0.089166    0.000169    0.743987 v _43_/I (gf180mcu_fd_sc_mcu7t5v0__clkinv_1)
     1    0.008093    0.115640    0.093392    0.837380 ^ _43_/ZN (gf180mcu_fd_sc_mcu7t5v0__clkinv_1)
                                                         _21_ (net)
                      0.115640    0.000184    0.837564 ^ _64_/A2 (gf180mcu_fd_sc_mcu7t5v0__oai21_1)
     1    0.003975    0.085726    0.085420    0.922984 v _64_/ZN (gf180mcu_fd_sc_mcu7t5v0__oai21_1)
                                                         _01_ (net)
                      0.085726    0.000043    0.923027 v _76_/D (gf180mcu_fd_sc_mcu7t5v0__dffrnq_1)
                                              0.923027   data arrival time

                                  0.000000    0.000000   clock clk (rise edge)
                                  0.000000    0.000000   clock source latency
     1    0.028578    0.000014    0.000493    0.000493 ^ clk (in)
                                                         clk (net)
                      0.001185    0.000000    0.000493 ^ clkbuf_0_clk/I (gf180mcu_fd_sc_mcu7t5v0__clkbuf_16)
     2    0.047083    0.072535    0.145177    0.145671 ^ clkbuf_0_clk/Z (gf180mcu_fd_sc_mcu7t5v0__clkbuf_16)
                                                         clknet_0_clk (net)
                      0.072539    0.000953    0.146624 ^ clkbuf_1_1__f_clk/I (gf180mcu_fd_sc_mcu7t5v0__clkbuf_16)
     7    0.039470    0.067810    0.154061    0.300685 ^ clkbuf_1_1__f_clk/Z (gf180mcu_fd_sc_mcu7t5v0__clkbuf_16)
                                                         clknet_1_1__leaf_clk (net)
                      0.067811    0.000115    0.300800 ^ _76_/CLK (gf180mcu_fd_sc_mcu7t5v0__dffrnq_1)
                                  0.250000    0.550800   clock uncertainty
                                  0.000000    0.550800   clock reconvergence pessimism
                                  0.091611    0.642411   library hold time
                                              0.642411   data required time
---------------------------------------------------------------------------------------------
                                              0.642411   data required time
                                             -0.923027   data arrival time
---------------------------------------------------------------------------------------------
                                              0.280616   slack (MET)


Startpoint: _78_ (rising edge-triggered flip-flop clocked by clk)
Endpoint: _79_ (rising edge-triggered flip-flop clocked by clk)
Path Group: clk
Path Type: min

Fanout         Cap        Slew       Delay        Time   Description
---------------------------------------------------------------------------------------------
                                  0.000000    0.000000   clock clk (rise edge)
                                  0.000000    0.000000   clock source latency
     1    0.028578    0.000014    0.000493    0.000493 ^ clk (in)
                                                         clk (net)
                      0.001185    0.000000    0.000493 ^ clkbuf_0_clk/I (gf180mcu_fd_sc_mcu7t5v0__clkbuf_16)
     2    0.047083    0.072535    0.145177    0.145671 ^ clkbuf_0_clk/Z (gf180mcu_fd_sc_mcu7t5v0__clkbuf_16)
                                                         clknet_0_clk (net)
                      0.072539    0.000915    0.146586 ^ clkbuf_1_0__f_clk/I (gf180mcu_fd_sc_mcu7t5v0__clkbuf_16)
     6    0.042124    0.069295    0.155194    0.301780 ^ clkbuf_1_0__f_clk/Z (gf180mcu_fd_sc_mcu7t5v0__clkbuf_16)
                                                         clknet_1_0__leaf_clk (net)
                      0.069296    0.000292    0.302072 ^ _78_/CLK (gf180mcu_fd_sc_mcu7t5v0__dffrnq_1)
     1    0.006386    0.082191    0.436871    0.738943 v _78_/Q (gf180mcu_fd_sc_mcu7t5v0__dffrnq_1)
                                                         shift_reg[0] (net)
                      0.082191    0.000087    0.739031 v _34_/I (gf180mcu_fd_sc_mcu7t5v0__clkinv_1)
     1    0.008416    0.118824    0.093561    0.832592 ^ _34_/ZN (gf180mcu_fd_sc_mcu7t5v0__clkinv_1)
                                                         _12_ (net)
                      0.118824    0.000200    0.832792 ^ _46_/A1 (gf180mcu_fd_sc_mcu7t5v0__oai21_1)
     1    0.007770    0.115520    0.095115    0.927907 v _46_/ZN (gf180mcu_fd_sc_mcu7t5v0__oai21_1)
                                                         _03_ (net)
                      0.115520    0.000189    0.928095 v _79_/D (gf180mcu_fd_sc_mcu7t5v0__dffrnq_1)
                                              0.928095   data arrival time

                                  0.000000    0.000000   clock clk (rise edge)
                                  0.000000    0.000000   clock source latency
     1    0.028578    0.000014    0.000493    0.000493 ^ clk (in)
                                                         clk (net)
                      0.001185    0.000000    0.000493 ^ clkbuf_0_clk/I (gf180mcu_fd_sc_mcu7t5v0__clkbuf_16)
     2    0.047083    0.072535    0.145177    0.145671 ^ clkbuf_0_clk/Z (gf180mcu_fd_sc_mcu7t5v0__clkbuf_16)
                                                         clknet_0_clk (net)
                      0.072539    0.000953    0.146624 ^ clkbuf_1_1__f_clk/I (gf180mcu_fd_sc_mcu7t5v0__clkbuf_16)
     7    0.039470    0.067810    0.154061    0.300685 ^ clkbuf_1_1__f_clk/Z (gf180mcu_fd_sc_mcu7t5v0__clkbuf_16)
                                                         clknet_1_1__leaf_clk (net)
                      0.067811    0.000301    0.300987 ^ _79_/CLK (gf180mcu_fd_sc_mcu7t5v0__dffrnq_1)
                                  0.250000    0.550986   clock uncertainty
                                  0.000000    0.550986   clock reconvergence pessimism
                                  0.085739    0.636725   library hold time
                                              0.636725   data required time
---------------------------------------------------------------------------------------------
                                              0.636725   data required time
                                             -0.928095   data arrival time
---------------------------------------------------------------------------------------------
                                              0.291370   slack (MET)


Startpoint: _68_ (rising edge-triggered flip-flop clocked by clk)
Endpoint: _69_ (rising edge-triggered flip-flop clocked by clk)
Path Group: clk
Path Type: min

Fanout         Cap        Slew       Delay        Time   Description
---------------------------------------------------------------------------------------------
                                  0.000000    0.000000   clock clk (rise edge)
                                  0.000000    0.000000   clock source latency
     1    0.028578    0.000014    0.000493    0.000493 ^ clk (in)
                                                         clk (net)
                      0.001185    0.000000    0.000493 ^ clkbuf_0_clk/I (gf180mcu_fd_sc_mcu7t5v0__clkbuf_16)
     2    0.047083    0.072535    0.145177    0.145671 ^ clkbuf_0_clk/Z (gf180mcu_fd_sc_mcu7t5v0__clkbuf_16)
                                                         clknet_0_clk (net)
                      0.072539    0.000915    0.146586 ^ clkbuf_1_0__f_clk/I (gf180mcu_fd_sc_mcu7t5v0__clkbuf_16)
     6    0.042124    0.069295    0.155194    0.301780 ^ clkbuf_1_0__f_clk/Z (gf180mcu_fd_sc_mcu7t5v0__clkbuf_16)
                                                         clknet_1_0__leaf_clk (net)
                      0.069296    0.000372    0.302151 ^ _68_/CLK (gf180mcu_fd_sc_mcu7t5v0__dffrnq_1)
     1    0.010763    0.107296    0.457781    0.759933 v _68_/Q (gf180mcu_fd_sc_mcu7t5v0__dffrnq_1)
                                                         shift_reg[2] (net)
                      0.107296    0.000210    0.760143 v _36_/I (gf180mcu_fd_sc_mcu7t5v0__clkinv_1)
     1    0.007726    0.114026    0.095861    0.856004 ^ _36_/ZN (gf180mcu_fd_sc_mcu7t5v0__clkinv_1)
                                                         _14_ (net)
                      0.114026    0.000112    0.856116 ^ _50_/A2 (gf180mcu_fd_sc_mcu7t5v0__oai21_1)
     1    0.004157    0.093512    0.086313    0.942428 v _50_/ZN (gf180mcu_fd_sc_mcu7t5v0__oai21_1)
                                                         _05_ (net)
                      0.093512    0.000044    0.942473 v _69_/D (gf180mcu_fd_sc_mcu7t5v0__dffrnq_1)
                                              0.942473   data arrival time

                                  0.000000    0.000000   clock clk (rise edge)
                                  0.000000    0.000000   clock source latency
     1    0.028578    0.000014    0.000493    0.000493 ^ clk (in)
                                                         clk (net)
                      0.001185    0.000000    0.000493 ^ clkbuf_0_clk/I (gf180mcu_fd_sc_mcu7t5v0__clkbuf_16)
     2    0.047083    0.072535    0.145177    0.145671 ^ clkbuf_0_clk/Z (gf180mcu_fd_sc_mcu7t5v0__clkbuf_16)
                                                         clknet_0_clk (net)
                      0.072539    0.000953    0.146624 ^ clkbuf_1_1__f_clk/I (gf180mcu_fd_sc_mcu7t5v0__clkbuf_16)
     7    0.039470    0.067810    0.154061    0.300685 ^ clkbuf_1_1__f_clk/Z (gf180mcu_fd_sc_mcu7t5v0__clkbuf_16)
                                                         clknet_1_1__leaf_clk (net)
                      0.067811    0.000474    0.301159 ^ _69_/CLK (gf180mcu_fd_sc_mcu7t5v0__dffrnq_1)
                                  0.250000    0.551159   clock uncertainty
                                  0.000000    0.551159   clock reconvergence pessimism
                                  0.090010    0.641169   library hold time
                                              0.641169   data required time
---------------------------------------------------------------------------------------------
                                              0.641169   data required time
                                             -0.942473   data arrival time
---------------------------------------------------------------------------------------------
                                              0.301304   slack (MET)


Startpoint: _79_ (rising edge-triggered flip-flop clocked by clk)
Endpoint: _68_ (rising edge-triggered flip-flop clocked by clk)
Path Group: clk
Path Type: min

Fanout         Cap        Slew       Delay        Time   Description
---------------------------------------------------------------------------------------------
                                  0.000000    0.000000   clock clk (rise edge)
                                  0.000000    0.000000   clock source latency
     1    0.028578    0.000014    0.000493    0.000493 ^ clk (in)
                                                         clk (net)
                      0.001185    0.000000    0.000493 ^ clkbuf_0_clk/I (gf180mcu_fd_sc_mcu7t5v0__clkbuf_16)
     2    0.047083    0.072535    0.145177    0.145671 ^ clkbuf_0_clk/Z (gf180mcu_fd_sc_mcu7t5v0__clkbuf_16)
                                                         clknet_0_clk (net)
                      0.072539    0.000953    0.146624 ^ clkbuf_1_1__f_clk/I (gf180mcu_fd_sc_mcu7t5v0__clkbuf_16)
     7    0.039470    0.067810    0.154061    0.300685 ^ clkbuf_1_1__f_clk/Z (gf180mcu_fd_sc_mcu7t5v0__clkbuf_16)
                                                         clknet_1_1__leaf_clk (net)
                      0.067811    0.000301    0.300987 ^ _79_/CLK (gf180mcu_fd_sc_mcu7t5v0__dffrnq_1)
     1    0.008383    0.094128    0.446974    0.747960 v _79_/Q (gf180mcu_fd_sc_mcu7t5v0__dffrnq_1)
                                                         shift_reg[1] (net)
                      0.094128    0.000132    0.748092 v _35_/I (gf180mcu_fd_sc_mcu7t5v0__clkinv_1)
     1    0.010945    0.145514    0.112382    0.860475 ^ _35_/ZN (gf180mcu_fd_sc_mcu7t5v0__clkinv_1)
                                                         _13_ (net)
                      0.145514    0.000295    0.860769 ^ _48_/A2 (gf180mcu_fd_sc_mcu7t5v0__oai21_1)
     1    0.003837    0.096114    0.088196    0.948965 v _48_/ZN (gf180mcu_fd_sc_mcu7t5v0__oai21_1)
                                                         _04_ (net)
                      0.096114    0.000039    0.949004 v _68_/D (gf180mcu_fd_sc_mcu7t5v0__dffrnq_1)
                                              0.949004   data arrival time

                                  0.000000    0.000000   clock clk (rise edge)
                                  0.000000    0.000000   clock source latency
     1    0.028578    0.000014    0.000493    0.000493 ^ clk (in)
                                                         clk (net)
                      0.001185    0.000000    0.000493 ^ clkbuf_0_clk/I (gf180mcu_fd_sc_mcu7t5v0__clkbuf_16)
     2    0.047083    0.072535    0.145177    0.145671 ^ clkbuf_0_clk/Z (gf180mcu_fd_sc_mcu7t5v0__clkbuf_16)
                                                         clknet_0_clk (net)
                      0.072539    0.000915    0.146586 ^ clkbuf_1_0__f_clk/I (gf180mcu_fd_sc_mcu7t5v0__clkbuf_16)
     6    0.042124    0.069295    0.155194    0.301780 ^ clkbuf_1_0__f_clk/Z (gf180mcu_fd_sc_mcu7t5v0__clkbuf_16)
                                                         clknet_1_0__leaf_clk (net)
                      0.069296    0.000372    0.302151 ^ _68_/CLK (gf180mcu_fd_sc_mcu7t5v0__dffrnq_1)
                                  0.250000    0.552151   clock uncertainty
                                  0.000000    0.552151   clock reconvergence pessimism
                                  0.089812    0.641964   library hold time
                                              0.641964   data required time
---------------------------------------------------------------------------------------------
                                              0.641964   data required time
                                             -0.949004   data arrival time
---------------------------------------------------------------------------------------------
                                              0.307041   slack (MET)


Startpoint: _70_ (rising edge-triggered flip-flop clocked by clk)
Endpoint: _71_ (rising edge-triggered flip-flop clocked by clk)
Path Group: clk
Path Type: min

Fanout         Cap        Slew       Delay        Time   Description
---------------------------------------------------------------------------------------------
                                  0.000000    0.000000   clock clk (rise edge)
                                  0.000000    0.000000   clock source latency
     1    0.028578    0.000014    0.000493    0.000493 ^ clk (in)
                                                         clk (net)
                      0.001185    0.000000    0.000493 ^ clkbuf_0_clk/I (gf180mcu_fd_sc_mcu7t5v0__clkbuf_16)
     2    0.047083    0.072535    0.145177    0.145671 ^ clkbuf_0_clk/Z (gf180mcu_fd_sc_mcu7t5v0__clkbuf_16)
                                                         clknet_0_clk (net)
                      0.072539    0.000953    0.146624 ^ clkbuf_1_1__f_clk/I (gf180mcu_fd_sc_mcu7t5v0__clkbuf_16)
     7    0.039470    0.067810    0.154061    0.300685 ^ clkbuf_1_1__f_clk/Z (gf180mcu_fd_sc_mcu7t5v0__clkbuf_16)
                                                         clknet_1_1__leaf_clk (net)
                      0.067810    0.000102    0.300787 ^ _70_/CLK (gf180mcu_fd_sc_mcu7t5v0__dffrnq_1)
     1    0.011770    0.112855    0.461920    0.762707 v _70_/Q (gf180mcu_fd_sc_mcu7t5v0__dffrnq_1)
                                                         shift_reg[4] (net)
                      0.112855    0.000332    0.763039 v _38_/I (gf180mcu_fd_sc_mcu7t5v0__clkinv_1)
     1    0.008790    0.125780    0.103986    0.867025 ^ _38_/ZN (gf180mcu_fd_sc_mcu7t5v0__clkinv_1)
                                                         _16_ (net)
                      0.125780    0.000139    0.867164 ^ _54_/A2 (gf180mcu_fd_sc_mcu7t5v0__oai21_1)
     1    0.007061    0.120432    0.104900    0.972064 v _54_/ZN (gf180mcu_fd_sc_mcu7t5v0__oai21_1)
                                                         _07_ (net)
                      0.120432    0.000175    0.972238 v _71_/D (gf180mcu_fd_sc_mcu7t5v0__dffrnq_1)
                                              0.972238   data arrival time

                                  0.000000    0.000000   clock clk (rise edge)
                                  0.000000    0.000000   clock source latency
     1    0.028578    0.000014    0.000493    0.000493 ^ clk (in)
                                                         clk (net)
                      0.001185    0.000000    0.000493 ^ clkbuf_0_clk/I (gf180mcu_fd_sc_mcu7t5v0__clkbuf_16)
     2    0.047083    0.072535    0.145177    0.145671 ^ clkbuf_0_clk/Z (gf180mcu_fd_sc_mcu7t5v0__clkbuf_16)
                                                         clknet_0_clk (net)
                      0.072539    0.000953    0.146624 ^ clkbuf_1_1__f_clk/I (gf180mcu_fd_sc_mcu7t5v0__clkbuf_16)
     7    0.039470    0.067810    0.154061    0.300685 ^ clkbuf_1_1__f_clk/Z (gf180mcu_fd_sc_mcu7t5v0__clkbuf_16)
                                                         clknet_1_1__leaf_clk (net)
                      0.067810    0.000093    0.300779 ^ _71_/CLK (gf180mcu_fd_sc_mcu7t5v0__dffrnq_1)
                                  0.250000    0.550779   clock uncertainty
                                  0.000000    0.550779   clock reconvergence pessimism
                                  0.084811    0.635590   library hold time
                                              0.635590   data required time
---------------------------------------------------------------------------------------------
                                              0.635590   data required time
                                             -0.972238   data arrival time
---------------------------------------------------------------------------------------------
                                              0.336648   slack (MET)


Startpoint: _72_ (rising edge-triggered flip-flop clocked by clk)
Endpoint: _73_ (rising edge-triggered flip-flop clocked by clk)
Path Group: clk
Path Type: min

Fanout         Cap        Slew       Delay        Time   Description
---------------------------------------------------------------------------------------------
                                  0.000000    0.000000   clock clk (rise edge)
                                  0.000000    0.000000   clock source latency
     1    0.028578    0.000014    0.000493    0.000493 ^ clk (in)
                                                         clk (net)
                      0.001185    0.000000    0.000493 ^ clkbuf_0_clk/I (gf180mcu_fd_sc_mcu7t5v0__clkbuf_16)
     2    0.047083    0.072535    0.145177    0.145671 ^ clkbuf_0_clk/Z (gf180mcu_fd_sc_mcu7t5v0__clkbuf_16)
                                                         clknet_0_clk (net)
                      0.072539    0.000915    0.146586 ^ clkbuf_1_0__f_clk/I (gf180mcu_fd_sc_mcu7t5v0__clkbuf_16)
     6    0.042124    0.069295    0.155194    0.301780 ^ clkbuf_1_0__f_clk/Z (gf180mcu_fd_sc_mcu7t5v0__clkbuf_16)
                                                         clknet_1_0__leaf_clk (net)
                      0.069295    0.000220    0.302000 ^ _72_/CLK (gf180mcu_fd_sc_mcu7t5v0__dffrnq_1)
     1    0.012812    0.118706    0.466807    0.768807 v _72_/Q (gf180mcu_fd_sc_mcu7t5v0__dffrnq_1)
                                                         shift_reg[6] (net)
                      0.118706    0.000403    0.769210 v _40_/I (gf180mcu_fd_sc_mcu7t5v0__clkinv_1)
     1    0.007713    0.116363    0.098688    0.867899 ^ _40_/ZN (gf180mcu_fd_sc_mcu7t5v0__clkinv_1)
                                                         _18_ (net)
                      0.116363    0.000168    0.868066 ^ _58_/A2 (gf180mcu_fd_sc_mcu7t5v0__oai21_1)
     1    0.008271    0.116440    0.110453    0.978519 v _58_/ZN (gf180mcu_fd_sc_mcu7t5v0__oai21_1)
                                                         _09_ (net)
                      0.116440    0.000210    0.978729 v _73_/D (gf180mcu_fd_sc_mcu7t5v0__dffrnq_1)
                                              0.978729   data arrival time

                                  0.000000    0.000000   clock clk (rise edge)
                                  0.000000    0.000000   clock source latency
     1    0.028578    0.000014    0.000493    0.000493 ^ clk (in)
                                                         clk (net)
                      0.001185    0.000000    0.000493 ^ clkbuf_0_clk/I (gf180mcu_fd_sc_mcu7t5v0__clkbuf_16)
     2    0.047083    0.072535    0.145177    0.145671 ^ clkbuf_0_clk/Z (gf180mcu_fd_sc_mcu7t5v0__clkbuf_16)
                                                         clknet_0_clk (net)
                      0.072539    0.000915    0.146586 ^ clkbuf_1_0__f_clk/I (gf180mcu_fd_sc_mcu7t5v0__clkbuf_16)
     6    0.042124    0.069295    0.155194    0.301780 ^ clkbuf_1_0__f_clk/Z (gf180mcu_fd_sc_mcu7t5v0__clkbuf_16)
                                                         clknet_1_0__leaf_clk (net)
                      0.069296    0.000361    0.302141 ^ _73_/CLK (gf180mcu_fd_sc_mcu7t5v0__dffrnq_1)
                                  0.250000    0.552141   clock uncertainty
                                  0.000000    0.552141   clock reconvergence pessimism
                                  0.085875    0.638016   library hold time
                                              0.638016   data required time
---------------------------------------------------------------------------------------------
                                              0.638016   data required time
                                             -0.978729   data arrival time
---------------------------------------------------------------------------------------------
                                              0.340714   slack (MET)


Startpoint: _76_ (rising edge-triggered flip-flop clocked by clk)
Endpoint: _77_ (rising edge-triggered flip-flop clocked by clk)
Path Group: clk
Path Type: min

Fanout         Cap        Slew       Delay        Time   Description
---------------------------------------------------------------------------------------------
                                  0.000000    0.000000   clock clk (rise edge)
                                  0.000000    0.000000   clock source latency
     1    0.028578    0.000014    0.000493    0.000493 ^ clk (in)
                                                         clk (net)
                      0.001185    0.000000    0.000493 ^ clkbuf_0_clk/I (gf180mcu_fd_sc_mcu7t5v0__clkbuf_16)
     2    0.047083    0.072535    0.145177    0.145671 ^ clkbuf_0_clk/Z (gf180mcu_fd_sc_mcu7t5v0__clkbuf_16)
                                                         clknet_0_clk (net)
                      0.072539    0.000953    0.146624 ^ clkbuf_1_1__f_clk/I (gf180mcu_fd_sc_mcu7t5v0__clkbuf_16)
     7    0.039470    0.067810    0.154061    0.300685 ^ clkbuf_1_1__f_clk/Z (gf180mcu_fd_sc_mcu7t5v0__clkbuf_16)
                                                         clknet_1_1__leaf_clk (net)
                      0.067811    0.000115    0.300800 ^ _76_/CLK (gf180mcu_fd_sc_mcu7t5v0__dffrnq_1)
     1    0.006994    0.085641    0.439763    0.740563 v _76_/Q (gf180mcu_fd_sc_mcu7t5v0__dffrnq_1)
                                                         shift_reg[10] (net)
                      0.085641    0.000150    0.740713 v _44_/I (gf180mcu_fd_sc_mcu7t5v0__clkinv_1)
     1    0.012924    0.165987    0.122467    0.863179 ^ _44_/ZN (gf180mcu_fd_sc_mcu7t5v0__clkinv_1)
                                                         _22_ (net)
                      0.165987    0.000372    0.863551 ^ _66_/A2 (gf180mcu_fd_sc_mcu7t5v0__oai21_1)
     1    0.007688    0.121105    0.114623    0.978174 v _66_/ZN (gf180mcu_fd_sc_mcu7t5v0__oai21_1)
                                                         _02_ (net)
                      0.121105    0.000189    0.978363 v _77_/D (gf180mcu_fd_sc_mcu7t5v0__dffrnq_1)
                                              0.978363   data arrival time

                                  0.000000    0.000000   clock clk (rise edge)
                                  0.000000    0.000000   clock source latency
     1    0.028578    0.000014    0.000493    0.000493 ^ clk (in)
                                                         clk (net)
                      0.001185    0.000000    0.000493 ^ clkbuf_0_clk/I (gf180mcu_fd_sc_mcu7t5v0__clkbuf_16)
     2    0.047083    0.072535    0.145177    0.145671 ^ clkbuf_0_clk/Z (gf180mcu_fd_sc_mcu7t5v0__clkbuf_16)
                                                         clknet_0_clk (net)
                      0.072539    0.000953    0.146624 ^ clkbuf_1_1__f_clk/I (gf180mcu_fd_sc_mcu7t5v0__clkbuf_16)
     7    0.039470    0.067810    0.154061    0.300685 ^ clkbuf_1_1__f_clk/Z (gf180mcu_fd_sc_mcu7t5v0__clkbuf_16)
                                                         clknet_1_1__leaf_clk (net)
                      0.067811    0.000138    0.300824 ^ _77_/CLK (gf180mcu_fd_sc_mcu7t5v0__dffrnq_1)
                                  0.250000    0.550824   clock uncertainty
                                  0.000000    0.550824   clock reconvergence pessimism
                                  0.084684    0.635508   library hold time
                                              0.635508   data required time
---------------------------------------------------------------------------------------------
                                              0.635508   data required time
                                             -0.978363   data arrival time
---------------------------------------------------------------------------------------------
                                              0.342855   slack (MET)


Startpoint: _71_ (rising edge-triggered flip-flop clocked by clk)
Endpoint: _72_ (rising edge-triggered flip-flop clocked by clk)
Path Group: clk
Path Type: min

Fanout         Cap        Slew       Delay        Time   Description
---------------------------------------------------------------------------------------------
                                  0.000000    0.000000   clock clk (rise edge)
                                  0.000000    0.000000   clock source latency
     1    0.028578    0.000014    0.000493    0.000493 ^ clk (in)
                                                         clk (net)
                      0.001185    0.000000    0.000493 ^ clkbuf_0_clk/I (gf180mcu_fd_sc_mcu7t5v0__clkbuf_16)
     2    0.047083    0.072535    0.145177    0.145671 ^ clkbuf_0_clk/Z (gf180mcu_fd_sc_mcu7t5v0__clkbuf_16)
                                                         clknet_0_clk (net)
                      0.072539    0.000953    0.146624 ^ clkbuf_1_1__f_clk/I (gf180mcu_fd_sc_mcu7t5v0__clkbuf_16)
     7    0.039470    0.067810    0.154061    0.300685 ^ clkbuf_1_1__f_clk/Z (gf180mcu_fd_sc_mcu7t5v0__clkbuf_16)
                                                         clknet_1_1__leaf_clk (net)
                      0.067810    0.000093    0.300779 ^ _71_/CLK (gf180mcu_fd_sc_mcu7t5v0__dffrnq_1)
     1    0.011104    0.109163    0.458967    0.759746 v _71_/Q (gf180mcu_fd_sc_mcu7t5v0__dffrnq_1)
                                                         shift_reg[5] (net)
                      0.109163    0.000304    0.760050 v _39_/I (gf180mcu_fd_sc_mcu7t5v0__clkinv_1)
     1    0.015105    0.189864    0.142095    0.902145 ^ _39_/ZN (gf180mcu_fd_sc_mcu7t5v0__clkinv_1)
                                                         _17_ (net)
                      0.189865    0.000497    0.902642 ^ _56_/A2 (gf180mcu_fd_sc_mcu7t5v0__oai21_1)
     1    0.011995    0.147007    0.144386    1.047029 v _56_/ZN (gf180mcu_fd_sc_mcu7t5v0__oai21_1)
                                                         _08_ (net)
                      0.147008    0.000361    1.047389 v _72_/D (gf180mcu_fd_sc_mcu7t5v0__dffrnq_1)
                                              1.047389   data arrival time

                                  0.000000    0.000000   clock clk (rise edge)
                                  0.000000    0.000000   clock source latency
     1    0.028578    0.000014    0.000493    0.000493 ^ clk (in)
                                                         clk (net)
                      0.001185    0.000000    0.000493 ^ clkbuf_0_clk/I (gf180mcu_fd_sc_mcu7t5v0__clkbuf_16)
     2    0.047083    0.072535    0.145177    0.145671 ^ clkbuf_0_clk/Z (gf180mcu_fd_sc_mcu7t5v0__clkbuf_16)
                                                         clknet_0_clk (net)
                      0.072539    0.000915    0.146586 ^ clkbuf_1_0__f_clk/I (gf180mcu_fd_sc_mcu7t5v0__clkbuf_16)
     6    0.042124    0.069295    0.155194    0.301780 ^ clkbuf_1_0__f_clk/Z (gf180mcu_fd_sc_mcu7t5v0__clkbuf_16)
                                                         clknet_1_0__leaf_clk (net)
                      0.069295    0.000220    0.302000 ^ _72_/CLK (gf180mcu_fd_sc_mcu7t5v0__dffrnq_1)
                                  0.250000    0.552000   clock uncertainty
                                  0.000000    0.552000   clock reconvergence pessimism
                                  0.080041    0.632041   library hold time
                                              0.632041   data required time
---------------------------------------------------------------------------------------------
                                              0.632041   data required time
                                             -1.047389   data arrival time
---------------------------------------------------------------------------------------------
                                              0.415349   slack (MET)


Startpoint: _69_ (rising edge-triggered flip-flop clocked by clk)
Endpoint: _70_ (rising edge-triggered flip-flop clocked by clk)
Path Group: clk
Path Type: min

Fanout         Cap        Slew       Delay        Time   Description
---------------------------------------------------------------------------------------------
                                  0.000000    0.000000   clock clk (rise edge)
                                  0.000000    0.000000   clock source latency
     1    0.028578    0.000014    0.000493    0.000493 ^ clk (in)
                                                         clk (net)
                      0.001185    0.000000    0.000493 ^ clkbuf_0_clk/I (gf180mcu_fd_sc_mcu7t5v0__clkbuf_16)
     2    0.047083    0.072535    0.145177    0.145671 ^ clkbuf_0_clk/Z (gf180mcu_fd_sc_mcu7t5v0__clkbuf_16)
                                                         clknet_0_clk (net)
                      0.072539    0.000953    0.146624 ^ clkbuf_1_1__f_clk/I (gf180mcu_fd_sc_mcu7t5v0__clkbuf_16)
     7    0.039470    0.067810    0.154061    0.300685 ^ clkbuf_1_1__f_clk/Z (gf180mcu_fd_sc_mcu7t5v0__clkbuf_16)
                                                         clknet_1_1__leaf_clk (net)
                      0.067811    0.000474    0.301159 ^ _69_/CLK (gf180mcu_fd_sc_mcu7t5v0__dffrnq_1)
     1    0.012575    0.117300    0.465460    0.766619 v _69_/Q (gf180mcu_fd_sc_mcu7t5v0__dffrnq_1)
                                                         shift_reg[3] (net)
                      0.117300    0.000369    0.766988 v _37_/I (gf180mcu_fd_sc_mcu7t5v0__clkinv_1)
     1    0.014593    0.185481    0.141149    0.908137 ^ _37_/ZN (gf180mcu_fd_sc_mcu7t5v0__clkinv_1)
                                                         _15_ (net)
                      0.185481    0.000494    0.908631 ^ _52_/A2 (gf180mcu_fd_sc_mcu7t5v0__oai21_1)
     1    0.011703    0.144890    0.141941    1.050572 v _52_/ZN (gf180mcu_fd_sc_mcu7t5v0__oai21_1)
                                                         _06_ (net)
                      0.144890    0.000385    1.050957 v _70_/D (gf180mcu_fd_sc_mcu7t5v0__dffrnq_1)
                                              1.050957   data arrival time

                                  0.000000    0.000000   clock clk (rise edge)
                                  0.000000    0.000000   clock source latency
     1    0.028578    0.000014    0.000493    0.000493 ^ clk (in)
                                                         clk (net)
                      0.001185    0.000000    0.000493 ^ clkbuf_0_clk/I (gf180mcu_fd_sc_mcu7t5v0__clkbuf_16)
     2    0.047083    0.072535    0.145177    0.145671 ^ clkbuf_0_clk/Z (gf180mcu_fd_sc_mcu7t5v0__clkbuf_16)
                                                         clknet_0_clk (net)
                      0.072539    0.000953    0.146624 ^ clkbuf_1_1__f_clk/I (gf180mcu_fd_sc_mcu7t5v0__clkbuf_16)
     7    0.039470    0.067810    0.154061    0.300685 ^ clkbuf_1_1__f_clk/Z (gf180mcu_fd_sc_mcu7t5v0__clkbuf_16)
                                                         clknet_1_1__leaf_clk (net)
                      0.067810    0.000102    0.300787 ^ _70_/CLK (gf180mcu_fd_sc_mcu7t5v0__dffrnq_1)
                                  0.250000    0.550787   clock uncertainty
                                  0.000000    0.550787   clock reconvergence pessimism
                                  0.080192    0.630979   library hold time
                                              0.630979   data required time
---------------------------------------------------------------------------------------------
                                              0.630979   data required time
                                             -1.050957   data arrival time
---------------------------------------------------------------------------------------------
                                              0.419978   slack (MET)


Startpoint: data_in[0] (input port clocked by clk)
Endpoint: _78_ (rising edge-triggered flip-flop clocked by clk)
Path Group: clk
Path Type: min

Fanout         Cap        Slew       Delay        Time   Description
---------------------------------------------------------------------------------------------
                                  0.000000    0.000000   clock clk (rise edge)
                                  0.000000    0.000000   clock network delay (propagated)
                                  1.000000    1.000000 v input external delay
     1    0.004462    0.000002    0.000041    1.000041 v data_in[0] (in)
                                                         data_in[0] (net)
                      0.000097    0.000000    1.000041 v input1/I (gf180mcu_fd_sc_mcu7t5v0__dlyb_1)
     1    0.006026    0.134023    0.569704    1.569744 v input1/Z (gf180mcu_fd_sc_mcu7t5v0__dlyb_1)
                                                         net1 (net)
                      0.134023    0.000135    1.569879 v _67_/A2 (gf180mcu_fd_sc_mcu7t5v0__and2_1)
     1    0.006106    0.085247    0.192856    1.762735 v _67_/Z (gf180mcu_fd_sc_mcu7t5v0__and2_1)
                                                         _00_ (net)
                      0.085247    0.000085    1.762820 v _78_/D (gf180mcu_fd_sc_mcu7t5v0__dffrnq_1)
                                              1.762820   data arrival time

                                  0.000000    0.000000   clock clk (rise edge)
                                  0.000000    0.000000   clock source latency
     1    0.028578    0.000014    0.000493    0.000493 ^ clk (in)
                                                         clk (net)
                      0.001185    0.000000    0.000493 ^ clkbuf_0_clk/I (gf180mcu_fd_sc_mcu7t5v0__clkbuf_16)
     2    0.047083    0.072535    0.145177    0.145671 ^ clkbuf_0_clk/Z (gf180mcu_fd_sc_mcu7t5v0__clkbuf_16)
                                                         clknet_0_clk (net)
                      0.072539    0.000915    0.146586 ^ clkbuf_1_0__f_clk/I (gf180mcu_fd_sc_mcu7t5v0__clkbuf_16)
     6    0.042124    0.069295    0.155194    0.301780 ^ clkbuf_1_0__f_clk/Z (gf180mcu_fd_sc_mcu7t5v0__clkbuf_16)
                                                         clknet_1_0__leaf_clk (net)
                      0.069296    0.000292    0.302072 ^ _78_/CLK (gf180mcu_fd_sc_mcu7t5v0__dffrnq_1)
                                  0.250000    0.552072   clock uncertainty
                                  0.000000    0.552072   clock reconvergence pessimism
                                  0.092036    0.644109   library hold time
                                              0.644109   data required time
---------------------------------------------------------------------------------------------
                                              0.644109   data required time
                                             -1.762820   data arrival time
---------------------------------------------------------------------------------------------
                                              1.118712   slack (MET)


Startpoint: rst_n (input port clocked by clk)
Endpoint: _72_ (removal check against rising-edge clock clk)
Path Group: asynchronous
Path Type: min

Fanout         Cap        Slew       Delay        Time   Description
---------------------------------------------------------------------------------------------
                                  0.000000    0.000000   clock clk (rise edge)
                                  0.000000    0.000000   clock network delay (propagated)
                                  1.000000    1.000000 ^ input external delay
     1    0.006653    0.000003    0.000086    1.000086 ^ rst_n (in)
                                                         rst_n (net)
                      0.000206    0.000000    1.000086 ^ input14/I (gf180mcu_fd_sc_mcu7t5v0__dlyb_1)
    12    0.112187    1.225530    1.182950    2.183037 ^ input14/Z (gf180mcu_fd_sc_mcu7t5v0__dlyb_1)
                                                         net14 (net)
                      1.225536    0.001586    2.184623 ^ _72_/RN (gf180mcu_fd_sc_mcu7t5v0__dffrnq_1)
                                              2.184623   data arrival time

                                  0.000000    0.000000   clock clk (rise edge)
                                  0.000000    0.000000   clock source latency
     1    0.028578    0.000014    0.000493    0.000493 ^ clk (in)
                                                         clk (net)
                      0.001185    0.000000    0.000493 ^ clkbuf_0_clk/I (gf180mcu_fd_sc_mcu7t5v0__clkbuf_16)
     2    0.047083    0.072535    0.145177    0.145671 ^ clkbuf_0_clk/Z (gf180mcu_fd_sc_mcu7t5v0__clkbuf_16)
                                                         clknet_0_clk (net)
                      0.072539    0.000915    0.146586 ^ clkbuf_1_0__f_clk/I (gf180mcu_fd_sc_mcu7t5v0__clkbuf_16)
     6    0.042124    0.069295    0.155194    0.301780 ^ clkbuf_1_0__f_clk/Z (gf180mcu_fd_sc_mcu7t5v0__clkbuf_16)
                                                         clknet_1_0__leaf_clk (net)
                      0.069295    0.000220    0.302000 ^ _72_/CLK (gf180mcu_fd_sc_mcu7t5v0__dffrnq_1)
                                  0.250000    0.552000   clock uncertainty
                                  0.000000    0.552000   clock reconvergence pessimism
                                  0.248096    0.800096   library removal time
                                              0.800096   data required time
---------------------------------------------------------------------------------------------
                                              0.800096   data required time
                                             -2.184623   data arrival time
---------------------------------------------------------------------------------------------
                                              1.384526   slack (MET)


Startpoint: rst_n (input port clocked by clk)
Endpoint: _68_ (removal check against rising-edge clock clk)
Path Group: asynchronous
Path Type: min

Fanout         Cap        Slew       Delay        Time   Description
---------------------------------------------------------------------------------------------
                                  0.000000    0.000000   clock clk (rise edge)
                                  0.000000    0.000000   clock network delay (propagated)
                                  1.000000    1.000000 ^ input external delay
     1    0.006653    0.000003    0.000086    1.000086 ^ rst_n (in)
                                                         rst_n (net)
                      0.000206    0.000000    1.000086 ^ input14/I (gf180mcu_fd_sc_mcu7t5v0__dlyb_1)
    12    0.112187    1.225530    1.182950    2.183037 ^ input14/Z (gf180mcu_fd_sc_mcu7t5v0__dlyb_1)
                                                         net14 (net)
                      1.225538    0.001845    2.184881 ^ _68_/RN (gf180mcu_fd_sc_mcu7t5v0__dffrnq_1)
                                              2.184881   data arrival time

                                  0.000000    0.000000   clock clk (rise edge)
                                  0.000000    0.000000   clock source latency
     1    0.028578    0.000014    0.000493    0.000493 ^ clk (in)
                                                         clk (net)
                      0.001185    0.000000    0.000493 ^ clkbuf_0_clk/I (gf180mcu_fd_sc_mcu7t5v0__clkbuf_16)
     2    0.047083    0.072535    0.145177    0.145671 ^ clkbuf_0_clk/Z (gf180mcu_fd_sc_mcu7t5v0__clkbuf_16)
                                                         clknet_0_clk (net)
                      0.072539    0.000915    0.146586 ^ clkbuf_1_0__f_clk/I (gf180mcu_fd_sc_mcu7t5v0__clkbuf_16)
     6    0.042124    0.069295    0.155194    0.301780 ^ clkbuf_1_0__f_clk/Z (gf180mcu_fd_sc_mcu7t5v0__clkbuf_16)
                                                         clknet_1_0__leaf_clk (net)
                      0.069296    0.000372    0.302151 ^ _68_/CLK (gf180mcu_fd_sc_mcu7t5v0__dffrnq_1)
                                  0.250000    0.552151   clock uncertainty
                                  0.000000    0.552151   clock reconvergence pessimism
                                  0.248096    0.800248   library removal time
                                              0.800248   data required time
---------------------------------------------------------------------------------------------
                                              0.800248   data required time
                                             -2.184881   data arrival time
---------------------------------------------------------------------------------------------
                                              1.384633   slack (MET)


Startpoint: rst_n (input port clocked by clk)
Endpoint: _73_ (removal check against rising-edge clock clk)
Path Group: asynchronous
Path Type: min

Fanout         Cap        Slew       Delay        Time   Description
---------------------------------------------------------------------------------------------
                                  0.000000    0.000000   clock clk (rise edge)
                                  0.000000    0.000000   clock network delay (propagated)
                                  1.000000    1.000000 ^ input external delay
     1    0.006653    0.000003    0.000086    1.000086 ^ rst_n (in)
                                                         rst_n (net)
                      0.000206    0.000000    1.000086 ^ input14/I (gf180mcu_fd_sc_mcu7t5v0__dlyb_1)
    12    0.112187    1.225530    1.182950    2.183037 ^ input14/Z (gf180mcu_fd_sc_mcu7t5v0__dlyb_1)
                                                         net14 (net)
                      1.225544    0.002365    2.185401 ^ _73_/RN (gf180mcu_fd_sc_mcu7t5v0__dffrnq_1)
                                              2.185401   data arrival time

                                  0.000000    0.000000   clock clk (rise edge)
                                  0.000000    0.000000   clock source latency
     1    0.028578    0.000014    0.000493    0.000493 ^ clk (in)
                                                         clk (net)
                      0.001185    0.000000    0.000493 ^ clkbuf_0_clk/I (gf180mcu_fd_sc_mcu7t5v0__clkbuf_16)
     2    0.047083    0.072535    0.145177    0.145671 ^ clkbuf_0_clk/Z (gf180mcu_fd_sc_mcu7t5v0__clkbuf_16)
                                                         clknet_0_clk (net)
                      0.072539    0.000915    0.146586 ^ clkbuf_1_0__f_clk/I (gf180mcu_fd_sc_mcu7t5v0__clkbuf_16)
     6    0.042124    0.069295    0.155194    0.301780 ^ clkbuf_1_0__f_clk/Z (gf180mcu_fd_sc_mcu7t5v0__clkbuf_16)
                                                         clknet_1_0__leaf_clk (net)
                      0.069296    0.000361    0.302141 ^ _73_/CLK (gf180mcu_fd_sc_mcu7t5v0__dffrnq_1)
                                  0.250000    0.552141   clock uncertainty
                                  0.000000    0.552141   clock reconvergence pessimism
                                  0.248096    0.800237   library removal time
                                              0.800237   data required time
---------------------------------------------------------------------------------------------
                                              0.800237   data required time
                                             -2.185401   data arrival time
---------------------------------------------------------------------------------------------
                                              1.385164   slack (MET)


Startpoint: rst_n (input port clocked by clk)
Endpoint: _69_ (removal check against rising-edge clock clk)
Path Group: asynchronous
Path Type: min

Fanout         Cap        Slew       Delay        Time   Description
---------------------------------------------------------------------------------------------
                                  0.000000    0.000000   clock clk (rise edge)
                                  0.000000    0.000000   clock network delay (propagated)
                                  1.000000    1.000000 ^ input external delay
     1    0.006653    0.000003    0.000086    1.000086 ^ rst_n (in)
                                                         rst_n (net)
                      0.000206    0.000000    1.000086 ^ input14/I (gf180mcu_fd_sc_mcu7t5v0__dlyb_1)
    12    0.112187    1.225530    1.182950    2.183037 ^ input14/Z (gf180mcu_fd_sc_mcu7t5v0__dlyb_1)
                                                         net14 (net)
                      1.225535    0.001478    2.184514 ^ _69_/RN (gf180mcu_fd_sc_mcu7t5v0__dffrnq_1)
                                              2.184514   data arrival time

                                  0.000000    0.000000   clock clk (rise edge)
                                  0.000000    0.000000   clock source latency
     1    0.028578    0.000014    0.000493    0.000493 ^ clk (in)
                                                         clk (net)
                      0.001185    0.000000    0.000493 ^ clkbuf_0_clk/I (gf180mcu_fd_sc_mcu7t5v0__clkbuf_16)
     2    0.047083    0.072535    0.145177    0.145671 ^ clkbuf_0_clk/Z (gf180mcu_fd_sc_mcu7t5v0__clkbuf_16)
                                                         clknet_0_clk (net)
                      0.072539    0.000953    0.146624 ^ clkbuf_1_1__f_clk/I (gf180mcu_fd_sc_mcu7t5v0__clkbuf_16)
     7    0.039470    0.067810    0.154061    0.300685 ^ clkbuf_1_1__f_clk/Z (gf180mcu_fd_sc_mcu7t5v0__clkbuf_16)
                                                         clknet_1_1__leaf_clk (net)
                      0.067811    0.000474    0.301159 ^ _69_/CLK (gf180mcu_fd_sc_mcu7t5v0__dffrnq_1)
                                  0.250000    0.551159   clock uncertainty
                                  0.000000    0.551159   clock reconvergence pessimism
                                  0.247792    0.798951   library removal time
                                              0.798951   data required time
---------------------------------------------------------------------------------------------
                                              0.798951   data required time
                                             -2.184514   data arrival time
---------------------------------------------------------------------------------------------
                                              1.385563   slack (MET)


Startpoint: rst_n (input port clocked by clk)
Endpoint: _78_ (removal check against rising-edge clock clk)
Path Group: asynchronous
Path Type: min

Fanout         Cap        Slew       Delay        Time   Description
---------------------------------------------------------------------------------------------
                                  0.000000    0.000000   clock clk (rise edge)
                                  0.000000    0.000000   clock network delay (propagated)
                                  1.000000    1.000000 ^ input external delay
     1    0.006653    0.000003    0.000086    1.000086 ^ rst_n (in)
                                                         rst_n (net)
                      0.000206    0.000000    1.000086 ^ input14/I (gf180mcu_fd_sc_mcu7t5v0__dlyb_1)
    12    0.112187    1.225530    1.182950    2.183037 ^ input14/Z (gf180mcu_fd_sc_mcu7t5v0__dlyb_1)
                                                         net14 (net)
                      1.225551    0.002904    2.185941 ^ _78_/RN (gf180mcu_fd_sc_mcu7t5v0__dffrnq_1)
                                              2.185941   data arrival time

                                  0.000000    0.000000   clock clk (rise edge)
                                  0.000000    0.000000   clock source latency
     1    0.028578    0.000014    0.000493    0.000493 ^ clk (in)
                                                         clk (net)
                      0.001185    0.000000    0.000493 ^ clkbuf_0_clk/I (gf180mcu_fd_sc_mcu7t5v0__clkbuf_16)
     2    0.047083    0.072535    0.145177    0.145671 ^ clkbuf_0_clk/Z (gf180mcu_fd_sc_mcu7t5v0__clkbuf_16)
                                                         clknet_0_clk (net)
                      0.072539    0.000915    0.146586 ^ clkbuf_1_0__f_clk/I (gf180mcu_fd_sc_mcu7t5v0__clkbuf_16)
     6    0.042124    0.069295    0.155194    0.301780 ^ clkbuf_1_0__f_clk/Z (gf180mcu_fd_sc_mcu7t5v0__clkbuf_16)
                                                         clknet_1_0__leaf_clk (net)
                      0.069296    0.000292    0.302072 ^ _78_/CLK (gf180mcu_fd_sc_mcu7t5v0__dffrnq_1)
                                  0.250000    0.552072   clock uncertainty
                                  0.000000    0.552072   clock reconvergence pessimism
                                  0.248096    0.800169   library removal time
                                              0.800169   data required time
---------------------------------------------------------------------------------------------
                                              0.800169   data required time
                                             -2.185941   data arrival time
---------------------------------------------------------------------------------------------
                                              1.385772   slack (MET)


Startpoint: rst_n (input port clocked by clk)
Endpoint: _74_ (removal check against rising-edge clock clk)
Path Group: asynchronous
Path Type: min

Fanout         Cap        Slew       Delay        Time   Description
---------------------------------------------------------------------------------------------
                                  0.000000    0.000000   clock clk (rise edge)
                                  0.000000    0.000000   clock network delay (propagated)
                                  1.000000    1.000000 ^ input external delay
     1    0.006653    0.000003    0.000086    1.000086 ^ rst_n (in)
                                                         rst_n (net)
                      0.000206    0.000000    1.000086 ^ input14/I (gf180mcu_fd_sc_mcu7t5v0__dlyb_1)
    12    0.112187    1.225530    1.182950    2.183037 ^ input14/Z (gf180mcu_fd_sc_mcu7t5v0__dlyb_1)
                                                         net14 (net)
                      1.225550    0.002863    2.185899 ^ _74_/RN (gf180mcu_fd_sc_mcu7t5v0__dffrnq_1)
                                              2.185899   data arrival time

                                  0.000000    0.000000   clock clk (rise edge)
                                  0.000000    0.000000   clock source latency
     1    0.028578    0.000014    0.000493    0.000493 ^ clk (in)
                                                         clk (net)
                      0.001185    0.000000    0.000493 ^ clkbuf_0_clk/I (gf180mcu_fd_sc_mcu7t5v0__clkbuf_16)
     2    0.047083    0.072535    0.145177    0.145671 ^ clkbuf_0_clk/Z (gf180mcu_fd_sc_mcu7t5v0__clkbuf_16)
                                                         clknet_0_clk (net)
                      0.072539    0.000915    0.146586 ^ clkbuf_1_0__f_clk/I (gf180mcu_fd_sc_mcu7t5v0__clkbuf_16)
     6    0.042124    0.069295    0.155194    0.301780 ^ clkbuf_1_0__f_clk/Z (gf180mcu_fd_sc_mcu7t5v0__clkbuf_16)
                                                         clknet_1_0__leaf_clk (net)
                      0.069295    0.000198    0.301978 ^ _74_/CLK (gf180mcu_fd_sc_mcu7t5v0__dffrnq_1)
                                  0.250000    0.551978   clock uncertainty
                                  0.000000    0.551978   clock reconvergence pessimism
                                  0.248096    0.800074   library removal time
                                              0.800074   data required time
---------------------------------------------------------------------------------------------
                                              0.800074   data required time
                                             -2.185899   data arrival time
---------------------------------------------------------------------------------------------
                                              1.385826   slack (MET)


Startpoint: rst_n (input port clocked by clk)
Endpoint: _75_ (removal check against rising-edge clock clk)
Path Group: asynchronous
Path Type: min

Fanout         Cap        Slew       Delay        Time   Description
---------------------------------------------------------------------------------------------
                                  0.000000    0.000000   clock clk (rise edge)
                                  0.000000    0.000000   clock network delay (propagated)
                                  1.000000    1.000000 ^ input external delay
     1    0.006653    0.000003    0.000086    1.000086 ^ rst_n (in)
                                                         rst_n (net)
                      0.000206    0.000000    1.000086 ^ input14/I (gf180mcu_fd_sc_mcu7t5v0__dlyb_1)
    12    0.112187    1.225530    1.182950    2.183037 ^ input14/Z (gf180mcu_fd_sc_mcu7t5v0__dlyb_1)
                                                         net14 (net)
                      1.225537    0.001739    2.184775 ^ _75_/RN (gf180mcu_fd_sc_mcu7t5v0__dffrnq_1)
                                              2.184775   data arrival time

                                  0.000000    0.000000   clock clk (rise edge)
                                  0.000000    0.000000   clock source latency
     1    0.028578    0.000014    0.000493    0.000493 ^ clk (in)
                                                         clk (net)
                      0.001185    0.000000    0.000493 ^ clkbuf_0_clk/I (gf180mcu_fd_sc_mcu7t5v0__clkbuf_16)
     2    0.047083    0.072535    0.145177    0.145671 ^ clkbuf_0_clk/Z (gf180mcu_fd_sc_mcu7t5v0__clkbuf_16)
                                                         clknet_0_clk (net)
                      0.072539    0.000953    0.146624 ^ clkbuf_1_1__f_clk/I (gf180mcu_fd_sc_mcu7t5v0__clkbuf_16)
     7    0.039470    0.067810    0.154061    0.300685 ^ clkbuf_1_1__f_clk/Z (gf180mcu_fd_sc_mcu7t5v0__clkbuf_16)
                                                         clknet_1_1__leaf_clk (net)
                      0.067811    0.000293    0.300978 ^ _75_/CLK (gf180mcu_fd_sc_mcu7t5v0__dffrnq_1)
                                  0.250000    0.550978   clock uncertainty
                                  0.000000    0.550978   clock reconvergence pessimism
                                  0.247792    0.798770   library removal time
                                              0.798770   data required time
---------------------------------------------------------------------------------------------
                                              0.798770   data required time
                                             -2.184775   data arrival time
---------------------------------------------------------------------------------------------
                                              1.386005   slack (MET)


Startpoint: rst_n (input port clocked by clk)
Endpoint: _70_ (removal check against rising-edge clock clk)
Path Group: asynchronous
Path Type: min

Fanout         Cap        Slew       Delay        Time   Description
---------------------------------------------------------------------------------------------
                                  0.000000    0.000000   clock clk (rise edge)
                                  0.000000    0.000000   clock network delay (propagated)
                                  1.000000    1.000000 ^ input external delay
     1    0.006653    0.000003    0.000086    1.000086 ^ rst_n (in)
                                                         rst_n (net)
                      0.000206    0.000000    1.000086 ^ input14/I (gf180mcu_fd_sc_mcu7t5v0__dlyb_1)
    12    0.112187    1.225530    1.182950    2.183037 ^ input14/Z (gf180mcu_fd_sc_mcu7t5v0__dlyb_1)
                                                         net14 (net)
                      1.225536    0.001569    2.184606 ^ _70_/RN (gf180mcu_fd_sc_mcu7t5v0__dffrnq_1)
                                              2.184606   data arrival time

                                  0.000000    0.000000   clock clk (rise edge)
                                  0.000000    0.000000   clock source latency
     1    0.028578    0.000014    0.000493    0.000493 ^ clk (in)
                                                         clk (net)
                      0.001185    0.000000    0.000493 ^ clkbuf_0_clk/I (gf180mcu_fd_sc_mcu7t5v0__clkbuf_16)
     2    0.047083    0.072535    0.145177    0.145671 ^ clkbuf_0_clk/Z (gf180mcu_fd_sc_mcu7t5v0__clkbuf_16)
                                                         clknet_0_clk (net)
                      0.072539    0.000953    0.146624 ^ clkbuf_1_1__f_clk/I (gf180mcu_fd_sc_mcu7t5v0__clkbuf_16)
     7    0.039470    0.067810    0.154061    0.300685 ^ clkbuf_1_1__f_clk/Z (gf180mcu_fd_sc_mcu7t5v0__clkbuf_16)
                                                         clknet_1_1__leaf_clk (net)
                      0.067810    0.000102    0.300787 ^ _70_/CLK (gf180mcu_fd_sc_mcu7t5v0__dffrnq_1)
                                  0.250000    0.550787   clock uncertainty
                                  0.000000    0.550787   clock reconvergence pessimism
                                  0.247792    0.798579   library removal time
                                              0.798579   data required time
---------------------------------------------------------------------------------------------
                                              0.798579   data required time
                                             -2.184606   data arrival time
---------------------------------------------------------------------------------------------
                                              1.386027   slack (MET)


Startpoint: rst_n (input port clocked by clk)
Endpoint: _77_ (removal check against rising-edge clock clk)
Path Group: asynchronous
Path Type: min

Fanout         Cap        Slew       Delay        Time   Description
---------------------------------------------------------------------------------------------
                                  0.000000    0.000000   clock clk (rise edge)
                                  0.000000    0.000000   clock network delay (propagated)
                                  1.000000    1.000000 ^ input external delay
     1    0.006653    0.000003    0.000086    1.000086 ^ rst_n (in)
                                                         rst_n (net)
                      0.000206    0.000000    1.000086 ^ input14/I (gf180mcu_fd_sc_mcu7t5v0__dlyb_1)
    12    0.112187    1.225530    1.182950    2.183037 ^ input14/Z (gf180mcu_fd_sc_mcu7t5v0__dlyb_1)
                                                         net14 (net)
                      1.225536    0.001631    2.184667 ^ _77_/RN (gf180mcu_fd_sc_mcu7t5v0__dffrnq_1)
                                              2.184667   data arrival time

                                  0.000000    0.000000   clock clk (rise edge)
                                  0.000000    0.000000   clock source latency
     1    0.028578    0.000014    0.000493    0.000493 ^ clk (in)
                                                         clk (net)
                      0.001185    0.000000    0.000493 ^ clkbuf_0_clk/I (gf180mcu_fd_sc_mcu7t5v0__clkbuf_16)
     2    0.047083    0.072535    0.145177    0.145671 ^ clkbuf_0_clk/Z (gf180mcu_fd_sc_mcu7t5v0__clkbuf_16)
                                                         clknet_0_clk (net)
                      0.072539    0.000953    0.146624 ^ clkbuf_1_1__f_clk/I (gf180mcu_fd_sc_mcu7t5v0__clkbuf_16)
     7    0.039470    0.067810    0.154061    0.300685 ^ clkbuf_1_1__f_clk/Z (gf180mcu_fd_sc_mcu7t5v0__clkbuf_16)
                                                         clknet_1_1__leaf_clk (net)
                      0.067811    0.000138    0.300824 ^ _77_/CLK (gf180mcu_fd_sc_mcu7t5v0__dffrnq_1)
                                  0.250000    0.550824   clock uncertainty
                                  0.000000    0.550824   clock reconvergence pessimism
                                  0.247792    0.798616   library removal time
                                              0.798616   data required time
---------------------------------------------------------------------------------------------
                                              0.798616   data required time
                                             -2.184667   data arrival time
---------------------------------------------------------------------------------------------
                                              1.386052   slack (MET)


Startpoint: rst_n (input port clocked by clk)
Endpoint: _71_ (removal check against rising-edge clock clk)
Path Group: asynchronous
Path Type: min

Fanout         Cap        Slew       Delay        Time   Description
---------------------------------------------------------------------------------------------
                                  0.000000    0.000000   clock clk (rise edge)
                                  0.000000    0.000000   clock network delay (propagated)
                                  1.000000    1.000000 ^ input external delay
     1    0.006653    0.000003    0.000086    1.000086 ^ rst_n (in)
                                                         rst_n (net)
                      0.000206    0.000000    1.000086 ^ input14/I (gf180mcu_fd_sc_mcu7t5v0__dlyb_1)
    12    0.112187    1.225530    1.182950    2.183037 ^ input14/Z (gf180mcu_fd_sc_mcu7t5v0__dlyb_1)
                                                         net14 (net)
                      1.225536    0.001619    2.184656 ^ _71_/RN (gf180mcu_fd_sc_mcu7t5v0__dffrnq_1)
                                              2.184656   data arrival time

                                  0.000000    0.000000   clock clk (rise edge)
                                  0.000000    0.000000   clock source latency
     1    0.028578    0.000014    0.000493    0.000493 ^ clk (in)
                                                         clk (net)
                      0.001185    0.000000    0.000493 ^ clkbuf_0_clk/I (gf180mcu_fd_sc_mcu7t5v0__clkbuf_16)
     2    0.047083    0.072535    0.145177    0.145671 ^ clkbuf_0_clk/Z (gf180mcu_fd_sc_mcu7t5v0__clkbuf_16)
                                                         clknet_0_clk (net)
                      0.072539    0.000953    0.146624 ^ clkbuf_1_1__f_clk/I (gf180mcu_fd_sc_mcu7t5v0__clkbuf_16)
     7    0.039470    0.067810    0.154061    0.300685 ^ clkbuf_1_1__f_clk/Z (gf180mcu_fd_sc_mcu7t5v0__clkbuf_16)
                                                         clknet_1_1__leaf_clk (net)
                      0.067810    0.000093    0.300779 ^ _71_/CLK (gf180mcu_fd_sc_mcu7t5v0__dffrnq_1)
                                  0.250000    0.550779   clock uncertainty
                                  0.000000    0.550779   clock reconvergence pessimism
                                  0.247792    0.798571   library removal time
                                              0.798571   data required time
---------------------------------------------------------------------------------------------
                                              0.798571   data required time
                                             -2.184656   data arrival time
---------------------------------------------------------------------------------------------
                                              1.386085   slack (MET)


Startpoint: rst_n (input port clocked by clk)
Endpoint: _76_ (removal check against rising-edge clock clk)
Path Group: asynchronous
Path Type: min

Fanout         Cap        Slew       Delay        Time   Description
---------------------------------------------------------------------------------------------
                                  0.000000    0.000000   clock clk (rise edge)
                                  0.000000    0.000000   clock network delay (propagated)
                                  1.000000    1.000000 ^ input external delay
     1    0.006653    0.000003    0.000086    1.000086 ^ rst_n (in)
                                                         rst_n (net)
                      0.000206    0.000000    1.000086 ^ input14/I (gf180mcu_fd_sc_mcu7t5v0__dlyb_1)
    12    0.112187    1.225530    1.182950    2.183037 ^ input14/Z (gf180mcu_fd_sc_mcu7t5v0__dlyb_1)
                                                         net14 (net)
                      1.225537    0.001727    2.184763 ^ _76_/RN (gf180mcu_fd_sc_mcu7t5v0__dffrnq_1)
                                              2.184763   data arrival time

                                  0.000000    0.000000   clock clk (rise edge)
                                  0.000000    0.000000   clock source latency
     1    0.028578    0.000014    0.000493    0.000493 ^ clk (in)
                                                         clk (net)
                      0.001185    0.000000    0.000493 ^ clkbuf_0_clk/I (gf180mcu_fd_sc_mcu7t5v0__clkbuf_16)
     2    0.047083    0.072535    0.145177    0.145671 ^ clkbuf_0_clk/Z (gf180mcu_fd_sc_mcu7t5v0__clkbuf_16)
                                                         clknet_0_clk (net)
                      0.072539    0.000953    0.146624 ^ clkbuf_1_1__f_clk/I (gf180mcu_fd_sc_mcu7t5v0__clkbuf_16)
     7    0.039470    0.067810    0.154061    0.300685 ^ clkbuf_1_1__f_clk/Z (gf180mcu_fd_sc_mcu7t5v0__clkbuf_16)
                                                         clknet_1_1__leaf_clk (net)
                      0.067811    0.000115    0.300800 ^ _76_/CLK (gf180mcu_fd_sc_mcu7t5v0__dffrnq_1)
                                  0.250000    0.550800   clock uncertainty
                                  0.000000    0.550800   clock reconvergence pessimism
                                  0.247792    0.798592   library removal time
                                              0.798592   data required time
---------------------------------------------------------------------------------------------
                                              0.798592   data required time
                                             -2.184763   data arrival time
---------------------------------------------------------------------------------------------
                                              1.386171   slack (MET)


Startpoint: rst_n (input port clocked by clk)
Endpoint: _79_ (removal check against rising-edge clock clk)
Path Group: asynchronous
Path Type: min

Fanout         Cap        Slew       Delay        Time   Description
---------------------------------------------------------------------------------------------
                                  0.000000    0.000000   clock clk (rise edge)
                                  0.000000    0.000000   clock network delay (propagated)
                                  1.000000    1.000000 ^ input external delay
     1    0.006653    0.000003    0.000086    1.000086 ^ rst_n (in)
                                                         rst_n (net)
                      0.000206    0.000000    1.000086 ^ input14/I (gf180mcu_fd_sc_mcu7t5v0__dlyb_1)
    12    0.112187    1.225530    1.182950    2.183037 ^ input14/Z (gf180mcu_fd_sc_mcu7t5v0__dlyb_1)
                                                         net14 (net)
                      1.225542    0.002186    2.185223 ^ _79_/RN (gf180mcu_fd_sc_mcu7t5v0__dffrnq_1)
                                              2.185223   data arrival time

                                  0.000000    0.000000   clock clk (rise edge)
                                  0.000000    0.000000   clock source latency
     1    0.028578    0.000014    0.000493    0.000493 ^ clk (in)
                                                         clk (net)
                      0.001185    0.000000    0.000493 ^ clkbuf_0_clk/I (gf180mcu_fd_sc_mcu7t5v0__clkbuf_16)
     2    0.047083    0.072535    0.145177    0.145671 ^ clkbuf_0_clk/Z (gf180mcu_fd_sc_mcu7t5v0__clkbuf_16)
                                                         clknet_0_clk (net)
                      0.072539    0.000953    0.146624 ^ clkbuf_1_1__f_clk/I (gf180mcu_fd_sc_mcu7t5v0__clkbuf_16)
     7    0.039470    0.067810    0.154061    0.300685 ^ clkbuf_1_1__f_clk/Z (gf180mcu_fd_sc_mcu7t5v0__clkbuf_16)
                                                         clknet_1_1__leaf_clk (net)
                      0.067811    0.000301    0.300987 ^ _79_/CLK (gf180mcu_fd_sc_mcu7t5v0__dffrnq_1)
                                  0.250000    0.550986   clock uncertainty
                                  0.000000    0.550986   clock reconvergence pessimism
                                  0.247792    0.798778   library removal time
                                              0.798778   data required time
---------------------------------------------------------------------------------------------
                                              0.798778   data required time
                                             -2.185223   data arrival time
---------------------------------------------------------------------------------------------
                                              1.386444   slack (MET)


Startpoint: _77_ (rising edge-triggered flip-flop clocked by clk)
Endpoint: serial_out (output port clocked by clk)
Path Group: clk
Path Type: min

Fanout         Cap        Slew       Delay        Time   Description
---------------------------------------------------------------------------------------------
                                  0.000000    0.000000   clock clk (rise edge)
                                  0.000000    0.000000   clock source latency
     1    0.028578    0.000014    0.000493    0.000493 ^ clk (in)
                                                         clk (net)
                      0.001185    0.000000    0.000493 ^ clkbuf_0_clk/I (gf180mcu_fd_sc_mcu7t5v0__clkbuf_16)
     2    0.047083    0.072535    0.145177    0.145671 ^ clkbuf_0_clk/Z (gf180mcu_fd_sc_mcu7t5v0__clkbuf_16)
                                                         clknet_0_clk (net)
                      0.072539    0.000953    0.146624 ^ clkbuf_1_1__f_clk/I (gf180mcu_fd_sc_mcu7t5v0__clkbuf_16)
     7    0.039470    0.067810    0.154061    0.300685 ^ clkbuf_1_1__f_clk/Z (gf180mcu_fd_sc_mcu7t5v0__clkbuf_16)
                                                         clknet_1_1__leaf_clk (net)
                      0.067811    0.000138    0.300824 ^ _77_/CLK (gf180mcu_fd_sc_mcu7t5v0__dffrnq_1)
     1    0.006061    0.080345    0.434888    0.735712 v _77_/Q (gf180mcu_fd_sc_mcu7t5v0__dffrnq_1)
                                                         net15 (net)
                      0.080345    0.000088    0.735800 v output15/I (gf180mcu_fd_sc_mcu7t5v0__dlyb_1)
     1    0.036630    0.311533    0.751800    1.487600 v output15/Z (gf180mcu_fd_sc_mcu7t5v0__dlyb_1)
                                                         serial_out (net)
                      0.311533    0.000519    1.488119 v serial_out (out)
                                              1.488119   data arrival time

                                  0.000000    0.000000   clock clk (rise edge)
                                  0.000000    0.000000   clock network delay (propagated)
                                  0.250000    0.250000   clock uncertainty
                                  0.000000    0.250000   clock reconvergence pessimism
                                 -1.000000   -0.750000   output external delay
                                             -0.750000   data required time
---------------------------------------------------------------------------------------------
                                             -0.750000   data required time
                                             -1.488119   data arrival time
---------------------------------------------------------------------------------------------
                                              2.238119   slack (MET)



