Clock: in_clk
Sources: in_clk 
Generated: no
Virtual: yes
Propagated: no
Period: 13.563000

===========================================================================
report_clock_properties
============================================================================
Clock                   Period          Waveform
----------------------------------------------------
in_clk               13.563000    0.000000  6.781500

===========================================================================
report_clock_latency
============================================================================
Clock in_clk
rise -> rise
    min     max
0.000000 0.000000 source latency
0.000221         network latency _34_/CLK
        0.000314 network latency _31_/CLK
---------------
0.000221 0.000314 latency
        0.000094 skew

fall -> fall
    min     max
0.000000 0.000000 source latency
0.000221         network latency _34_/CLK
        0.000314 network latency _31_/CLK
---------------
0.000221 0.000314 latency
        0.000094 skew



===========================================================================
report_clock_min_period
============================================================================
in_clk period_min = 2.71 fmax = 368.51
