
===========================================================================
 report_power
============================================================================
======================= nom_tt_025C_5v00 Corner ===================================

Group                    Internal    Switching      Leakage        Total
                            Power        Power        Power        Power (Watts)
------------------------------------------------------------------------
Sequential           2.726211e-04 0.000000e+00 2.816607e-09 2.726239e-04 100.0%
Combinational        0.000000e+00 0.000000e+00 1.760520e-09 1.760520e-09   0.0%
Clock                0.000000e+00 0.000000e+00 3.600000e-09 3.600000e-09   0.0%
Macro                0.000000e+00 0.000000e+00 0.000000e+00 0.000000e+00   0.0%
Pad                  0.000000e+00 0.000000e+00 0.000000e+00 0.000000e+00   0.0%
------------------------------------------------------------------------
Total                2.726211e-04 0.000000e+00 8.177127e-09 2.726293e-04 100.0%
                           100.0%         0.0%         0.0%
Writing metric power__internal__total: 0.0002726210805121809
Writing metric power__switching__total: 0.0
Writing metric power__leakage__total: 8.177127419628505e-9
Writing metric power__total: 0.00027262925868853927

