Clock: in_clk
Sources: in_clk 
Generated: no
Virtual: yes
Propagated: no
Period: 13.563000

===========================================================================
report_clock_properties
============================================================================
Clock                   Period          Waveform
----------------------------------------------------
in_clk               13.563000    0.000000  6.781500

===========================================================================
report_clock_latency
============================================================================
Clock in_clk
rise -> rise
    min     max
0.000000 0.000000 source latency
0.800158         network latency _33_/CLK
        0.805387 network latency _36_/CLK
---------------
0.800158 0.805387 latency
        0.005229 skew

fall -> fall
    min     max
0.000000 0.000000 source latency
0.777175         network latency _33_/CLK
        0.782768 network latency _36_/CLK
---------------
0.777175 0.782768 latency
        0.005593 skew



===========================================================================
report_clock_min_period
============================================================================
in_clk period_min = 4.41 fmax = 226.52
