
===========================================================================
report_checks -path_delay min (Hold)
============================================================================
======================= max_ss_125C_4v50 Corner ===================================

Startpoint: rst (input port clocked by in_clk)
Endpoint: _35_ (removal check against rising-edge clock in_clk)
Path Group: asynchronous
Path Type: min

Fanout         Cap        Slew       Delay        Time   Description
---------------------------------------------------------------------------------------------
                                  0.000000    0.000000   clock in_clk (rise edge)
                                  0.000000    0.000000   clock network delay (propagated)
                                  0.500000    0.500000 ^ input external delay
     1    0.003986    0.000002    0.000035    0.500035 ^ rst (in)
                                                         rst (net)
                      0.000083    0.000000    0.500035 ^ input1/I (gf180mcu_fd_sc_mcu7t5v0__dlyb_1)
     6    0.055772    1.614075    2.459443    2.959478 ^ input1/Z (gf180mcu_fd_sc_mcu7t5v0__dlyb_1)
                                                         net1 (net)
                      1.614075    0.000683    2.960161 ^ _35_/RN (gf180mcu_fd_sc_mcu7t5v0__dffrnq_1)
                                              2.960161   data arrival time

                                  0.000000    0.000000   clock in_clk (rise edge)
                                  0.000000    0.000000   clock source latency
     1    0.029993    0.000015    0.000703    0.000703 ^ in_clk (in)
                                                         in_clk (net)
                      0.001696    0.000000    0.000703 ^ clkbuf_0_in_clk/I (gf180mcu_fd_sc_mcu7t5v0__clkbuf_16)
     2    0.047341    0.200920    0.399592    0.400294 ^ clkbuf_0_in_clk/Z (gf180mcu_fd_sc_mcu7t5v0__clkbuf_16)
                                                         clknet_0_in_clk (net)
                      0.200920    0.000726    0.401020 ^ clkbuf_1_0__f_in_clk/I (gf180mcu_fd_sc_mcu7t5v0__clkbuf_16)
     4    0.018550    0.155689    0.404209    0.805229 ^ clkbuf_1_0__f_in_clk/Z (gf180mcu_fd_sc_mcu7t5v0__clkbuf_16)
                                                         clknet_1_0__leaf_in_clk (net)
                      0.155689    0.000039    0.805268 ^ _35_/CLK (gf180mcu_fd_sc_mcu7t5v0__dffrnq_1)
                                  0.200000    1.005268   clock uncertainty
                                  0.000000    1.005268   clock reconvergence pessimism
                                  0.778004    1.783272   library removal time
                                              1.783272   data required time
---------------------------------------------------------------------------------------------
                                              1.783272   data required time
                                             -2.960161   data arrival time
---------------------------------------------------------------------------------------------
                                              1.176889   slack (MET)


Startpoint: rst (input port clocked by in_clk)
Endpoint: _34_ (removal check against rising-edge clock in_clk)
Path Group: asynchronous
Path Type: min

Fanout         Cap        Slew       Delay        Time   Description
---------------------------------------------------------------------------------------------
                                  0.000000    0.000000   clock in_clk (rise edge)
                                  0.000000    0.000000   clock network delay (propagated)
                                  0.500000    0.500000 ^ input external delay
     1    0.003986    0.000002    0.000035    0.500035 ^ rst (in)
                                                         rst (net)
                      0.000083    0.000000    0.500035 ^ input1/I (gf180mcu_fd_sc_mcu7t5v0__dlyb_1)
     6    0.055772    1.614075    2.459443    2.959478 ^ input1/Z (gf180mcu_fd_sc_mcu7t5v0__dlyb_1)
                                                         net1 (net)
                      1.614075    0.000864    2.960342 ^ _34_/RN (gf180mcu_fd_sc_mcu7t5v0__dffrnq_1)
                                              2.960342   data arrival time

                                  0.000000    0.000000   clock in_clk (rise edge)
                                  0.000000    0.000000   clock source latency
     1    0.029993    0.000015    0.000703    0.000703 ^ in_clk (in)
                                                         in_clk (net)
                      0.001696    0.000000    0.000703 ^ clkbuf_0_in_clk/I (gf180mcu_fd_sc_mcu7t5v0__clkbuf_16)
     2    0.047341    0.200920    0.399592    0.400294 ^ clkbuf_0_in_clk/Z (gf180mcu_fd_sc_mcu7t5v0__clkbuf_16)
                                                         clknet_0_in_clk (net)
                      0.200920    0.000726    0.401020 ^ clkbuf_1_0__f_in_clk/I (gf180mcu_fd_sc_mcu7t5v0__clkbuf_16)
     4    0.018550    0.155689    0.404209    0.805229 ^ clkbuf_1_0__f_in_clk/Z (gf180mcu_fd_sc_mcu7t5v0__clkbuf_16)
                                                         clknet_1_0__leaf_in_clk (net)
                      0.155689    0.000119    0.805349 ^ _34_/CLK (gf180mcu_fd_sc_mcu7t5v0__dffrnq_1)
                                  0.200000    1.005349   clock uncertainty
                                  0.000000    1.005349   clock reconvergence pessimism
                                  0.778004    1.783352   library removal time
                                              1.783352   data required time
---------------------------------------------------------------------------------------------
                                              1.783352   data required time
                                             -2.960342   data arrival time
---------------------------------------------------------------------------------------------
                                              1.176989   slack (MET)


Startpoint: rst (input port clocked by in_clk)
Endpoint: _36_ (removal check against rising-edge clock in_clk)
Path Group: asynchronous
Path Type: min

Fanout         Cap        Slew       Delay        Time   Description
---------------------------------------------------------------------------------------------
                                  0.000000    0.000000   clock in_clk (rise edge)
                                  0.000000    0.000000   clock network delay (propagated)
                                  0.500000    0.500000 ^ input external delay
     1    0.003986    0.000002    0.000035    0.500035 ^ rst (in)
                                                         rst (net)
                      0.000083    0.000000    0.500035 ^ input1/I (gf180mcu_fd_sc_mcu7t5v0__dlyb_1)
     6    0.055772    1.614075    2.459443    2.959478 ^ input1/Z (gf180mcu_fd_sc_mcu7t5v0__dlyb_1)
                                                         net1 (net)
                      1.614075    0.000906    2.960384 ^ _36_/RN (gf180mcu_fd_sc_mcu7t5v0__dffrnq_1)
                                              2.960384   data arrival time

                                  0.000000    0.000000   clock in_clk (rise edge)
                                  0.000000    0.000000   clock source latency
     1    0.029993    0.000015    0.000703    0.000703 ^ in_clk (in)
                                                         in_clk (net)
                      0.001696    0.000000    0.000703 ^ clkbuf_0_in_clk/I (gf180mcu_fd_sc_mcu7t5v0__clkbuf_16)
     2    0.047341    0.200920    0.399592    0.400294 ^ clkbuf_0_in_clk/Z (gf180mcu_fd_sc_mcu7t5v0__clkbuf_16)
                                                         clknet_0_in_clk (net)
                      0.200920    0.000726    0.401020 ^ clkbuf_1_0__f_in_clk/I (gf180mcu_fd_sc_mcu7t5v0__clkbuf_16)
     4    0.018550    0.155689    0.404209    0.805229 ^ clkbuf_1_0__f_in_clk/Z (gf180mcu_fd_sc_mcu7t5v0__clkbuf_16)
                                                         clknet_1_0__leaf_in_clk (net)
                      0.155689    0.000158    0.805387 ^ _36_/CLK (gf180mcu_fd_sc_mcu7t5v0__dffrnq_1)
                                  0.200000    1.005387   clock uncertainty
                                  0.000000    1.005387   clock reconvergence pessimism
                                  0.778004    1.783391   library removal time
                                              1.783391   data required time
---------------------------------------------------------------------------------------------
                                              1.783391   data required time
                                             -2.960384   data arrival time
---------------------------------------------------------------------------------------------
                                              1.176993   slack (MET)


Startpoint: rst (input port clocked by in_clk)
Endpoint: _33_ (removal check against rising-edge clock in_clk)
Path Group: asynchronous
Path Type: min

Fanout         Cap        Slew       Delay        Time   Description
---------------------------------------------------------------------------------------------
                                  0.000000    0.000000   clock in_clk (rise edge)
                                  0.000000    0.000000   clock network delay (propagated)
                                  0.500000    0.500000 ^ input external delay
     1    0.003986    0.000002    0.000035    0.500035 ^ rst (in)
                                                         rst (net)
                      0.000083    0.000000    0.500035 ^ input1/I (gf180mcu_fd_sc_mcu7t5v0__dlyb_1)
     6    0.055772    1.614075    2.459443    2.959478 ^ input1/Z (gf180mcu_fd_sc_mcu7t5v0__dlyb_1)
                                                         net1 (net)
                      1.614075    0.000516    2.959994 ^ _33_/RN (gf180mcu_fd_sc_mcu7t5v0__dffrnq_1)
                                              2.959994   data arrival time

                                  0.000000    0.000000   clock in_clk (rise edge)
                                  0.000000    0.000000   clock source latency
     1    0.029993    0.000015    0.000703    0.000703 ^ in_clk (in)
                                                         in_clk (net)
                      0.001696    0.000000    0.000703 ^ clkbuf_0_in_clk/I (gf180mcu_fd_sc_mcu7t5v0__clkbuf_16)
     2    0.047341    0.200920    0.399592    0.400294 ^ clkbuf_0_in_clk/Z (gf180mcu_fd_sc_mcu7t5v0__clkbuf_16)
                                                         clknet_0_in_clk (net)
                      0.200920    0.000772    0.401066 ^ clkbuf_1_1__f_in_clk/I (gf180mcu_fd_sc_mcu7t5v0__clkbuf_16)
     3    0.015057    0.150040    0.398992    0.800058 ^ clkbuf_1_1__f_in_clk/Z (gf180mcu_fd_sc_mcu7t5v0__clkbuf_16)
                                                         clknet_1_1__leaf_in_clk (net)
                      0.150040    0.000100    0.800158 ^ _33_/CLK (gf180mcu_fd_sc_mcu7t5v0__dffrnq_1)
                                  0.200000    1.000158   clock uncertainty
                                  0.000000    1.000158   clock reconvergence pessimism
                                  0.776861    1.777019   library removal time
                                              1.777019   data required time
---------------------------------------------------------------------------------------------
                                              1.777019   data required time
                                             -2.959994   data arrival time
---------------------------------------------------------------------------------------------
                                              1.182975   slack (MET)


Startpoint: rst (input port clocked by in_clk)
Endpoint: _32_ (removal check against rising-edge clock in_clk)
Path Group: asynchronous
Path Type: min

Fanout         Cap        Slew       Delay        Time   Description
---------------------------------------------------------------------------------------------
                                  0.000000    0.000000   clock in_clk (rise edge)
                                  0.000000    0.000000   clock network delay (propagated)
                                  0.500000    0.500000 ^ input external delay
     1    0.003986    0.000002    0.000035    0.500035 ^ rst (in)
                                                         rst (net)
                      0.000083    0.000000    0.500035 ^ input1/I (gf180mcu_fd_sc_mcu7t5v0__dlyb_1)
     6    0.055772    1.614075    2.459443    2.959478 ^ input1/Z (gf180mcu_fd_sc_mcu7t5v0__dlyb_1)
                                                         net1 (net)
                      1.614075    0.000572    2.960050 ^ _32_/RN (gf180mcu_fd_sc_mcu7t5v0__dffrnq_1)
                                              2.960050   data arrival time

                                  0.000000    0.000000   clock in_clk (rise edge)
                                  0.000000    0.000000   clock source latency
     1    0.029993    0.000015    0.000703    0.000703 ^ in_clk (in)
                                                         in_clk (net)
                      0.001696    0.000000    0.000703 ^ clkbuf_0_in_clk/I (gf180mcu_fd_sc_mcu7t5v0__clkbuf_16)
     2    0.047341    0.200920    0.399592    0.400294 ^ clkbuf_0_in_clk/Z (gf180mcu_fd_sc_mcu7t5v0__clkbuf_16)
                                                         clknet_0_in_clk (net)
                      0.200920    0.000772    0.401066 ^ clkbuf_1_1__f_in_clk/I (gf180mcu_fd_sc_mcu7t5v0__clkbuf_16)
     3    0.015057    0.150040    0.398992    0.800058 ^ clkbuf_1_1__f_in_clk/Z (gf180mcu_fd_sc_mcu7t5v0__clkbuf_16)
                                                         clknet_1_1__leaf_in_clk (net)
                      0.150040    0.000112    0.800170 ^ _32_/CLK (gf180mcu_fd_sc_mcu7t5v0__dffrnq_1)
                                  0.200000    1.000170   clock uncertainty
                                  0.000000    1.000170   clock reconvergence pessimism
                                  0.776861    1.777031   library removal time
                                              1.777031   data required time
---------------------------------------------------------------------------------------------
                                              1.777031   data required time
                                             -2.960050   data arrival time
---------------------------------------------------------------------------------------------
                                              1.183020   slack (MET)


Startpoint: _33_ (rising edge-triggered flip-flop clocked by in_clk)
Endpoint: _33_ (rising edge-triggered flip-flop clocked by in_clk)
Path Group: in_clk
Path Type: min

Fanout         Cap        Slew       Delay        Time   Description
---------------------------------------------------------------------------------------------
                                  0.000000    0.000000   clock in_clk (rise edge)
                                  0.000000    0.000000   clock source latency
     1    0.029993    0.000015    0.000703    0.000703 ^ in_clk (in)
                                                         in_clk (net)
                      0.001696    0.000000    0.000703 ^ clkbuf_0_in_clk/I (gf180mcu_fd_sc_mcu7t5v0__clkbuf_16)
     2    0.047341    0.200920    0.399592    0.400294 ^ clkbuf_0_in_clk/Z (gf180mcu_fd_sc_mcu7t5v0__clkbuf_16)
                                                         clknet_0_in_clk (net)
                      0.200920    0.000772    0.401066 ^ clkbuf_1_1__f_in_clk/I (gf180mcu_fd_sc_mcu7t5v0__clkbuf_16)
     3    0.015057    0.150040    0.398992    0.800058 ^ clkbuf_1_1__f_in_clk/Z (gf180mcu_fd_sc_mcu7t5v0__clkbuf_16)
                                                         clknet_1_1__leaf_in_clk (net)
                      0.150040    0.000100    0.800158 ^ _33_/CLK (gf180mcu_fd_sc_mcu7t5v0__dffrnq_1)
     2    0.010936    0.286955    1.355344    2.155502 v _33_/Q (gf180mcu_fd_sc_mcu7t5v0__dffrnq_1)
                                                         net5 (net)
                      0.286955    0.000175    2.155677 v _17_/I (gf180mcu_fd_sc_mcu7t5v0__clkinv_1)
     1    0.008384    0.318650    0.269193    2.424870 ^ _17_/ZN (gf180mcu_fd_sc_mcu7t5v0__clkinv_1)
                                                         _07_ (net)
                      0.318650    0.000203    2.425073 ^ _30_/A1 (gf180mcu_fd_sc_mcu7t5v0__aoi21_1)
     1    0.004303    0.246225    0.215007    2.640080 v _30_/ZN (gf180mcu_fd_sc_mcu7t5v0__aoi21_1)
                                                         _05_ (net)
                      0.246225    0.000049    2.640129 v _33_/D (gf180mcu_fd_sc_mcu7t5v0__dffrnq_1)
                                              2.640129   data arrival time

                                  0.000000    0.000000   clock in_clk (rise edge)
                                  0.000000    0.000000   clock source latency
     1    0.029993    0.000015    0.000703    0.000703 ^ in_clk (in)
                                                         in_clk (net)
                      0.001696    0.000000    0.000703 ^ clkbuf_0_in_clk/I (gf180mcu_fd_sc_mcu7t5v0__clkbuf_16)
     2    0.047341    0.200920    0.399592    0.400294 ^ clkbuf_0_in_clk/Z (gf180mcu_fd_sc_mcu7t5v0__clkbuf_16)
                                                         clknet_0_in_clk (net)
                      0.200920    0.000772    0.401066 ^ clkbuf_1_1__f_in_clk/I (gf180mcu_fd_sc_mcu7t5v0__clkbuf_16)
     3    0.015057    0.150040    0.398992    0.800058 ^ clkbuf_1_1__f_in_clk/Z (gf180mcu_fd_sc_mcu7t5v0__clkbuf_16)
                                                         clknet_1_1__leaf_in_clk (net)
                      0.150040    0.000100    0.800158 ^ _33_/CLK (gf180mcu_fd_sc_mcu7t5v0__dffrnq_1)
                                  0.200000    1.000158   clock uncertainty
                                  0.000000    1.000158   clock reconvergence pessimism
                                  0.202451    1.202609   library hold time
                                              1.202609   data required time
---------------------------------------------------------------------------------------------
                                              1.202609   data required time
                                             -2.640129   data arrival time
---------------------------------------------------------------------------------------------
                                              1.437519   slack (MET)


Startpoint: _32_ (rising edge-triggered flip-flop clocked by in_clk)
Endpoint: _32_ (rising edge-triggered flip-flop clocked by in_clk)
Path Group: in_clk
Path Type: min

Fanout         Cap        Slew       Delay        Time   Description
---------------------------------------------------------------------------------------------
                                  0.000000    0.000000   clock in_clk (rise edge)
                                  0.000000    0.000000   clock source latency
     1    0.029993    0.000015    0.000703    0.000703 ^ in_clk (in)
                                                         in_clk (net)
                      0.001696    0.000000    0.000703 ^ clkbuf_0_in_clk/I (gf180mcu_fd_sc_mcu7t5v0__clkbuf_16)
     2    0.047341    0.200920    0.399592    0.400294 ^ clkbuf_0_in_clk/Z (gf180mcu_fd_sc_mcu7t5v0__clkbuf_16)
                                                         clknet_0_in_clk (net)
                      0.200920    0.000772    0.401066 ^ clkbuf_1_1__f_in_clk/I (gf180mcu_fd_sc_mcu7t5v0__clkbuf_16)
     3    0.015057    0.150040    0.398992    0.800058 ^ clkbuf_1_1__f_in_clk/Z (gf180mcu_fd_sc_mcu7t5v0__clkbuf_16)
                                                         clknet_1_1__leaf_in_clk (net)
                      0.150040    0.000112    0.800170 ^ _32_/CLK (gf180mcu_fd_sc_mcu7t5v0__dffrnq_1)
     2    0.009802    0.271320    1.342424    2.142594 v _32_/Q (gf180mcu_fd_sc_mcu7t5v0__dffrnq_1)
                                                         net3 (net)
                      0.271320    0.000149    2.142742 v _16_/I (gf180mcu_fd_sc_mcu7t5v0__clkinv_1)
     2    0.011151    0.388535    0.307759    2.450501 ^ _16_/ZN (gf180mcu_fd_sc_mcu7t5v0__clkinv_1)
                                                         net4 (net)
                      0.388535    0.000176    2.450677 ^ _29_/B1 (gf180mcu_fd_sc_mcu7t5v0__aoi22_1)
     1    0.003817    0.233894    0.291537    2.742214 v _29_/ZN (gf180mcu_fd_sc_mcu7t5v0__aoi22_1)
                                                         _04_ (net)
                      0.233894    0.000072    2.742287 v _32_/D (gf180mcu_fd_sc_mcu7t5v0__dffrnq_1)
                                              2.742287   data arrival time

                                  0.000000    0.000000   clock in_clk (rise edge)
                                  0.000000    0.000000   clock source latency
     1    0.029993    0.000015    0.000703    0.000703 ^ in_clk (in)
                                                         in_clk (net)
                      0.001696    0.000000    0.000703 ^ clkbuf_0_in_clk/I (gf180mcu_fd_sc_mcu7t5v0__clkbuf_16)
     2    0.047341    0.200920    0.399592    0.400294 ^ clkbuf_0_in_clk/Z (gf180mcu_fd_sc_mcu7t5v0__clkbuf_16)
                                                         clknet_0_in_clk (net)
                      0.200920    0.000772    0.401066 ^ clkbuf_1_1__f_in_clk/I (gf180mcu_fd_sc_mcu7t5v0__clkbuf_16)
     3    0.015057    0.150040    0.398992    0.800058 ^ clkbuf_1_1__f_in_clk/Z (gf180mcu_fd_sc_mcu7t5v0__clkbuf_16)
                                                         clknet_1_1__leaf_in_clk (net)
                      0.150040    0.000112    0.800170 ^ _32_/CLK (gf180mcu_fd_sc_mcu7t5v0__dffrnq_1)
                                  0.200000    1.000170   clock uncertainty
                                  0.000000    1.000170   clock reconvergence pessimism
                                  0.205364    1.205533   library hold time
                                              1.205533   data required time
---------------------------------------------------------------------------------------------
                                              1.205533   data required time
                                             -2.742287   data arrival time
---------------------------------------------------------------------------------------------
                                              1.536753   slack (MET)


Startpoint: rst (input port clocked by in_clk)
Endpoint: _31_ (removal check against rising-edge clock in_clk)
Path Group: asynchronous
Path Type: min

Fanout         Cap        Slew       Delay        Time   Description
---------------------------------------------------------------------------------------------
                                  0.000000    0.000000   clock in_clk (rise edge)
                                  0.000000    0.000000   clock network delay (propagated)
                                  0.500000    0.500000 ^ input external delay
     1    0.003986    0.000002    0.000035    0.500035 ^ rst (in)
                                                         rst (net)
                      0.000083    0.000000    0.500035 ^ input1/I (gf180mcu_fd_sc_mcu7t5v0__dlyb_1)
     6    0.055772    1.614075    2.459443    2.959478 ^ input1/Z (gf180mcu_fd_sc_mcu7t5v0__dlyb_1)
                                                         net1 (net)
                      1.614075    0.000348    2.959826 ^ _31_/SETN (gf180mcu_fd_sc_mcu7t5v0__dffsnq_1)
                                              2.959826   data arrival time

                                  0.000000    0.000000   clock in_clk (rise edge)
                                  0.000000    0.000000   clock source latency
     1    0.029993    0.000015    0.000703    0.000703 ^ in_clk (in)
                                                         in_clk (net)
                      0.001696    0.000000    0.000703 ^ clkbuf_0_in_clk/I (gf180mcu_fd_sc_mcu7t5v0__clkbuf_16)
     2    0.047341    0.200920    0.399592    0.400294 ^ clkbuf_0_in_clk/Z (gf180mcu_fd_sc_mcu7t5v0__clkbuf_16)
                                                         clknet_0_in_clk (net)
                      0.200920    0.000772    0.401066 ^ clkbuf_1_1__f_in_clk/I (gf180mcu_fd_sc_mcu7t5v0__clkbuf_16)
     3    0.015057    0.150040    0.398992    0.800058 ^ clkbuf_1_1__f_in_clk/Z (gf180mcu_fd_sc_mcu7t5v0__clkbuf_16)
                                                         clknet_1_1__leaf_in_clk (net)
                      0.150040    0.000139    0.800197 ^ _31_/CLK (gf180mcu_fd_sc_mcu7t5v0__dffsnq_1)
                                  0.200000    1.000197   clock uncertainty
                                  0.000000    1.000197   clock reconvergence pessimism
                                  0.221855    1.222052   library removal time
                                              1.222052   data required time
---------------------------------------------------------------------------------------------
                                              1.222052   data required time
                                             -2.959826   data arrival time
---------------------------------------------------------------------------------------------
                                              1.737774   slack (MET)


Startpoint: _31_ (rising edge-triggered flip-flop clocked by in_clk)
Endpoint: _31_ (rising edge-triggered flip-flop clocked by in_clk)
Path Group: in_clk
Path Type: min

Fanout         Cap        Slew       Delay        Time   Description
---------------------------------------------------------------------------------------------
                                  0.000000    0.000000   clock in_clk (rise edge)
                                  0.000000    0.000000   clock source latency
     1    0.029993    0.000015    0.000703    0.000703 ^ in_clk (in)
                                                         in_clk (net)
                      0.001696    0.000000    0.000703 ^ clkbuf_0_in_clk/I (gf180mcu_fd_sc_mcu7t5v0__clkbuf_16)
     2    0.047341    0.200920    0.399592    0.400294 ^ clkbuf_0_in_clk/Z (gf180mcu_fd_sc_mcu7t5v0__clkbuf_16)
                                                         clknet_0_in_clk (net)
                      0.200920    0.000772    0.401066 ^ clkbuf_1_1__f_in_clk/I (gf180mcu_fd_sc_mcu7t5v0__clkbuf_16)
     3    0.015057    0.150040    0.398992    0.800058 ^ clkbuf_1_1__f_in_clk/Z (gf180mcu_fd_sc_mcu7t5v0__clkbuf_16)
                                                         clknet_1_1__leaf_in_clk (net)
                      0.150040    0.000139    0.800197 ^ _31_/CLK (gf180mcu_fd_sc_mcu7t5v0__dffsnq_1)
     2    0.009671    0.295041    1.493484    2.293681 v _31_/Q (gf180mcu_fd_sc_mcu7t5v0__dffsnq_1)
                                                         net2 (net)
                      0.295041    0.000194    2.293875 v _26_/A3 (gf180mcu_fd_sc_mcu7t5v0__nand3_1)
     1    0.005023    0.463419    0.373468    2.667342 ^ _26_/ZN (gf180mcu_fd_sc_mcu7t5v0__nand3_1)
                                                         _13_ (net)
                      0.463419    0.000047    2.667390 ^ _27_/B (gf180mcu_fd_sc_mcu7t5v0__oai21_1)
     1    0.003571    0.256644    0.235914    2.903304 v _27_/ZN (gf180mcu_fd_sc_mcu7t5v0__oai21_1)
                                                         _03_ (net)
                      0.256644    0.000040    2.903343 v _31_/D (gf180mcu_fd_sc_mcu7t5v0__dffsnq_1)
                                              2.903343   data arrival time

                                  0.000000    0.000000   clock in_clk (rise edge)
                                  0.000000    0.000000   clock source latency
     1    0.029993    0.000015    0.000703    0.000703 ^ in_clk (in)
                                                         in_clk (net)
                      0.001696    0.000000    0.000703 ^ clkbuf_0_in_clk/I (gf180mcu_fd_sc_mcu7t5v0__clkbuf_16)
     2    0.047341    0.200920    0.399592    0.400294 ^ clkbuf_0_in_clk/Z (gf180mcu_fd_sc_mcu7t5v0__clkbuf_16)
                                                         clknet_0_in_clk (net)
                      0.200920    0.000772    0.401066 ^ clkbuf_1_1__f_in_clk/I (gf180mcu_fd_sc_mcu7t5v0__clkbuf_16)
     3    0.015057    0.150040    0.398992    0.800058 ^ clkbuf_1_1__f_in_clk/Z (gf180mcu_fd_sc_mcu7t5v0__clkbuf_16)
                                                         clknet_1_1__leaf_in_clk (net)
                      0.150040    0.000139    0.800197 ^ _31_/CLK (gf180mcu_fd_sc_mcu7t5v0__dffsnq_1)
                                  0.200000    1.000197   clock uncertainty
                                  0.000000    1.000197   clock reconvergence pessimism
                                  0.024006    1.024202   library hold time
                                              1.024202   data required time
---------------------------------------------------------------------------------------------
                                              1.024202   data required time
                                             -2.903343   data arrival time
---------------------------------------------------------------------------------------------
                                              1.879141   slack (MET)


Startpoint: _34_ (rising edge-triggered flip-flop clocked by in_clk)
Endpoint: _34_ (rising edge-triggered flip-flop clocked by in_clk)
Path Group: in_clk
Path Type: min

Fanout         Cap        Slew       Delay        Time   Description
---------------------------------------------------------------------------------------------
                                  0.000000    0.000000   clock in_clk (rise edge)
                                  0.000000    0.000000   clock source latency
     1    0.029993    0.000015    0.000703    0.000703 ^ in_clk (in)
                                                         in_clk (net)
                      0.001696    0.000000    0.000703 ^ clkbuf_0_in_clk/I (gf180mcu_fd_sc_mcu7t5v0__clkbuf_16)
     2    0.047341    0.200920    0.399592    0.400294 ^ clkbuf_0_in_clk/Z (gf180mcu_fd_sc_mcu7t5v0__clkbuf_16)
                                                         clknet_0_in_clk (net)
                      0.200920    0.000726    0.401020 ^ clkbuf_1_0__f_in_clk/I (gf180mcu_fd_sc_mcu7t5v0__clkbuf_16)
     4    0.018550    0.155689    0.404209    0.805229 ^ clkbuf_1_0__f_in_clk/Z (gf180mcu_fd_sc_mcu7t5v0__clkbuf_16)
                                                         clknet_1_0__leaf_in_clk (net)
                      0.155689    0.000119    0.805349 ^ _34_/CLK (gf180mcu_fd_sc_mcu7t5v0__dffrnq_1)
     6    0.035690    0.642113    1.618695    2.424044 v _34_/Q (gf180mcu_fd_sc_mcu7t5v0__dffrnq_1)
                                                         counter[0] (net)
                      0.642114    0.000803    2.424847 v _19_/B (gf180mcu_fd_sc_mcu7t5v0__aoi21_1)
     1    0.003541    0.447050    0.408707    2.833554 ^ _19_/ZN (gf180mcu_fd_sc_mcu7t5v0__aoi21_1)
                                                         _00_ (net)
                      0.447050    0.000036    2.833590 ^ _34_/D (gf180mcu_fd_sc_mcu7t5v0__dffrnq_1)
                                              2.833590   data arrival time

                                  0.000000    0.000000   clock in_clk (rise edge)
                                  0.000000    0.000000   clock source latency
     1    0.029993    0.000015    0.000703    0.000703 ^ in_clk (in)
                                                         in_clk (net)
                      0.001696    0.000000    0.000703 ^ clkbuf_0_in_clk/I (gf180mcu_fd_sc_mcu7t5v0__clkbuf_16)
     2    0.047341    0.200920    0.399592    0.400294 ^ clkbuf_0_in_clk/Z (gf180mcu_fd_sc_mcu7t5v0__clkbuf_16)
                                                         clknet_0_in_clk (net)
                      0.200920    0.000726    0.401020 ^ clkbuf_1_0__f_in_clk/I (gf180mcu_fd_sc_mcu7t5v0__clkbuf_16)
     4    0.018550    0.155689    0.404209    0.805229 ^ clkbuf_1_0__f_in_clk/Z (gf180mcu_fd_sc_mcu7t5v0__clkbuf_16)
                                                         clknet_1_0__leaf_in_clk (net)
                      0.155689    0.000119    0.805349 ^ _34_/CLK (gf180mcu_fd_sc_mcu7t5v0__dffrnq_1)
                                  0.200000    1.005349   clock uncertainty
                                  0.000000    1.005349   clock reconvergence pessimism
                                 -0.236939    0.768410   library hold time
                                              0.768410   data required time
---------------------------------------------------------------------------------------------
                                              0.768410   data required time
                                             -2.833590   data arrival time
---------------------------------------------------------------------------------------------
                                              2.065180   slack (MET)


Startpoint: _36_ (rising edge-triggered flip-flop clocked by in_clk)
Endpoint: _36_ (rising edge-triggered flip-flop clocked by in_clk)
Path Group: in_clk
Path Type: min

Fanout         Cap        Slew       Delay        Time   Description
---------------------------------------------------------------------------------------------
                                  0.000000    0.000000   clock in_clk (rise edge)
                                  0.000000    0.000000   clock source latency
     1    0.029993    0.000015    0.000703    0.000703 ^ in_clk (in)
                                                         in_clk (net)
                      0.001696    0.000000    0.000703 ^ clkbuf_0_in_clk/I (gf180mcu_fd_sc_mcu7t5v0__clkbuf_16)
     2    0.047341    0.200920    0.399592    0.400294 ^ clkbuf_0_in_clk/Z (gf180mcu_fd_sc_mcu7t5v0__clkbuf_16)
                                                         clknet_0_in_clk (net)
                      0.200920    0.000726    0.401020 ^ clkbuf_1_0__f_in_clk/I (gf180mcu_fd_sc_mcu7t5v0__clkbuf_16)
     4    0.018550    0.155689    0.404209    0.805229 ^ clkbuf_1_0__f_in_clk/Z (gf180mcu_fd_sc_mcu7t5v0__clkbuf_16)
                                                         clknet_1_0__leaf_in_clk (net)
                      0.155689    0.000158    0.805387 ^ _36_/CLK (gf180mcu_fd_sc_mcu7t5v0__dffrnq_1)
     8    0.052301    0.897226    1.781655    2.587042 v _36_/Q (gf180mcu_fd_sc_mcu7t5v0__dffrnq_1)
                                                         counter[2] (net)
                      0.897229    0.000941    2.587983 v _25_/S (gf180mcu_fd_sc_mcu7t5v0__mux2_2)
     1    0.006163    0.222827    0.774240    3.362224 v _25_/Z (gf180mcu_fd_sc_mcu7t5v0__mux2_2)
                                                         _02_ (net)
                      0.222827    0.000092    3.362316 v _36_/D (gf180mcu_fd_sc_mcu7t5v0__dffrnq_1)
                                              3.362316   data arrival time

                                  0.000000    0.000000   clock in_clk (rise edge)
                                  0.000000    0.000000   clock source latency
     1    0.029993    0.000015    0.000703    0.000703 ^ in_clk (in)
                                                         in_clk (net)
                      0.001696    0.000000    0.000703 ^ clkbuf_0_in_clk/I (gf180mcu_fd_sc_mcu7t5v0__clkbuf_16)
     2    0.047341    0.200920    0.399592    0.400294 ^ clkbuf_0_in_clk/Z (gf180mcu_fd_sc_mcu7t5v0__clkbuf_16)
                                                         clknet_0_in_clk (net)
                      0.200920    0.000726    0.401020 ^ clkbuf_1_0__f_in_clk/I (gf180mcu_fd_sc_mcu7t5v0__clkbuf_16)
     4    0.018550    0.155689    0.404209    0.805229 ^ clkbuf_1_0__f_in_clk/Z (gf180mcu_fd_sc_mcu7t5v0__clkbuf_16)
                                                         clknet_1_0__leaf_in_clk (net)
                      0.155689    0.000158    0.805387 ^ _36_/CLK (gf180mcu_fd_sc_mcu7t5v0__dffrnq_1)
                                  0.200000    1.005387   clock uncertainty
                                  0.000000    1.005387   clock reconvergence pessimism
                                  0.209444    1.214831   library hold time
                                              1.214831   data required time
---------------------------------------------------------------------------------------------
                                              1.214831   data required time
                                             -3.362316   data arrival time
---------------------------------------------------------------------------------------------
                                              2.147485   slack (MET)


Startpoint: _34_ (rising edge-triggered flip-flop clocked by in_clk)
Endpoint: _35_ (rising edge-triggered flip-flop clocked by in_clk)
Path Group: in_clk
Path Type: min

Fanout         Cap        Slew       Delay        Time   Description
---------------------------------------------------------------------------------------------
                                  0.000000    0.000000   clock in_clk (rise edge)
                                  0.000000    0.000000   clock source latency
     1    0.029993    0.000015    0.000703    0.000703 ^ in_clk (in)
                                                         in_clk (net)
                      0.001696    0.000000    0.000703 ^ clkbuf_0_in_clk/I (gf180mcu_fd_sc_mcu7t5v0__clkbuf_16)
     2    0.047341    0.200920    0.399592    0.400294 ^ clkbuf_0_in_clk/Z (gf180mcu_fd_sc_mcu7t5v0__clkbuf_16)
                                                         clknet_0_in_clk (net)
                      0.200920    0.000726    0.401020 ^ clkbuf_1_0__f_in_clk/I (gf180mcu_fd_sc_mcu7t5v0__clkbuf_16)
     4    0.018550    0.155689    0.404209    0.805229 ^ clkbuf_1_0__f_in_clk/Z (gf180mcu_fd_sc_mcu7t5v0__clkbuf_16)
                                                         clknet_1_0__leaf_in_clk (net)
                      0.155689    0.000119    0.805349 ^ _34_/CLK (gf180mcu_fd_sc_mcu7t5v0__dffrnq_1)
     6    0.035690    0.642113    1.618695    2.424044 v _34_/Q (gf180mcu_fd_sc_mcu7t5v0__dffrnq_1)
                                                         counter[0] (net)
                      0.642114    0.000886    2.424929 v _23_/A1 (gf180mcu_fd_sc_mcu7t5v0__nor2_1)
     2    0.011111    0.829423    0.638942    3.063871 ^ _23_/ZN (gf180mcu_fd_sc_mcu7t5v0__nor2_1)
                                                         _12_ (net)
                      0.829423    0.000089    3.063960 ^ _24_/A3 (gf180mcu_fd_sc_mcu7t5v0__nor3_1)
     1    0.003614    0.322592    0.375868    3.439828 v _24_/ZN (gf180mcu_fd_sc_mcu7t5v0__nor3_1)
                                                         _01_ (net)
                      0.322592    0.000038    3.439866 v _35_/D (gf180mcu_fd_sc_mcu7t5v0__dffrnq_1)
                                              3.439866   data arrival time

                                  0.000000    0.000000   clock in_clk (rise edge)
                                  0.000000    0.000000   clock source latency
     1    0.029993    0.000015    0.000703    0.000703 ^ in_clk (in)
                                                         in_clk (net)
                      0.001696    0.000000    0.000703 ^ clkbuf_0_in_clk/I (gf180mcu_fd_sc_mcu7t5v0__clkbuf_16)
     2    0.047341    0.200920    0.399592    0.400294 ^ clkbuf_0_in_clk/Z (gf180mcu_fd_sc_mcu7t5v0__clkbuf_16)
                                                         clknet_0_in_clk (net)
                      0.200920    0.000726    0.401020 ^ clkbuf_1_0__f_in_clk/I (gf180mcu_fd_sc_mcu7t5v0__clkbuf_16)
     4    0.018550    0.155689    0.404209    0.805229 ^ clkbuf_1_0__f_in_clk/Z (gf180mcu_fd_sc_mcu7t5v0__clkbuf_16)
                                                         clknet_1_0__leaf_in_clk (net)
                      0.155689    0.000039    0.805268 ^ _35_/CLK (gf180mcu_fd_sc_mcu7t5v0__dffrnq_1)
                                  0.200000    1.005268   clock uncertainty
                                  0.000000    1.005268   clock reconvergence pessimism
                                  0.186466    1.191733   library hold time
                                              1.191733   data required time
---------------------------------------------------------------------------------------------
                                              1.191733   data required time
                                             -3.439866   data arrival time
---------------------------------------------------------------------------------------------
                                              2.248132   slack (MET)


Startpoint: _32_ (rising edge-triggered flip-flop clocked by in_clk)
Endpoint: out_clk2 (output port clocked by in_clk)
Path Group: in_clk
Path Type: min

Fanout         Cap        Slew       Delay        Time   Description
---------------------------------------------------------------------------------------------
                                  0.000000    0.000000   clock in_clk (rise edge)
                                  0.000000    0.000000   clock source latency
     1    0.029993    0.000015    0.000703    0.000703 ^ in_clk (in)
                                                         in_clk (net)
                      0.001696    0.000000    0.000703 ^ clkbuf_0_in_clk/I (gf180mcu_fd_sc_mcu7t5v0__clkbuf_16)
     2    0.047341    0.200920    0.399592    0.400294 ^ clkbuf_0_in_clk/Z (gf180mcu_fd_sc_mcu7t5v0__clkbuf_16)
                                                         clknet_0_in_clk (net)
                      0.200920    0.000772    0.401066 ^ clkbuf_1_1__f_in_clk/I (gf180mcu_fd_sc_mcu7t5v0__clkbuf_16)
     3    0.015057    0.150040    0.398992    0.800058 ^ clkbuf_1_1__f_in_clk/Z (gf180mcu_fd_sc_mcu7t5v0__clkbuf_16)
                                                         clknet_1_1__leaf_in_clk (net)
                      0.150040    0.000112    0.800170 ^ _32_/CLK (gf180mcu_fd_sc_mcu7t5v0__dffrnq_1)
     2    0.009802    0.271320    1.342424    2.142594 v _32_/Q (gf180mcu_fd_sc_mcu7t5v0__dffrnq_1)
                                                         net3 (net)
                      0.271320    0.000161    2.142755 v output3/I (gf180mcu_fd_sc_mcu7t5v0__dlyb_1)
     1    0.037144    0.875655    2.370296    4.513051 v output3/Z (gf180mcu_fd_sc_mcu7t5v0__dlyb_1)
                                                         out_clk2 (net)
                      0.875655    0.000580    4.513630 v out_clk2 (out)
                                              4.513630   data arrival time

                                  0.000000    0.000000   clock in_clk (rise edge)
                                  0.000000    0.000000   clock network delay (propagated)
                                  0.200000    0.200000   clock uncertainty
                                  0.000000    0.200000   clock reconvergence pessimism
                                 -0.500000   -0.300000   output external delay
                                             -0.300000   data required time
---------------------------------------------------------------------------------------------
                                             -0.300000   data required time
                                             -4.513630   data arrival time
---------------------------------------------------------------------------------------------
                                              4.813630   slack (MET)


Startpoint: _31_ (rising edge-triggered flip-flop clocked by in_clk)
Endpoint: out_clk1 (output port clocked by in_clk)
Path Group: in_clk
Path Type: min

Fanout         Cap        Slew       Delay        Time   Description
---------------------------------------------------------------------------------------------
                                  0.000000    0.000000   clock in_clk (rise edge)
                                  0.000000    0.000000   clock source latency
     1    0.029993    0.000015    0.000703    0.000703 ^ in_clk (in)
                                                         in_clk (net)
                      0.001696    0.000000    0.000703 ^ clkbuf_0_in_clk/I (gf180mcu_fd_sc_mcu7t5v0__clkbuf_16)
     2    0.047341    0.200920    0.399592    0.400294 ^ clkbuf_0_in_clk/Z (gf180mcu_fd_sc_mcu7t5v0__clkbuf_16)
                                                         clknet_0_in_clk (net)
                      0.200920    0.000772    0.401066 ^ clkbuf_1_1__f_in_clk/I (gf180mcu_fd_sc_mcu7t5v0__clkbuf_16)
     3    0.015057    0.150040    0.398992    0.800058 ^ clkbuf_1_1__f_in_clk/Z (gf180mcu_fd_sc_mcu7t5v0__clkbuf_16)
                                                         clknet_1_1__leaf_in_clk (net)
                      0.150040    0.000139    0.800197 ^ _31_/CLK (gf180mcu_fd_sc_mcu7t5v0__dffsnq_1)
     2    0.009671    0.391912    1.489220    2.289416 ^ _31_/Q (gf180mcu_fd_sc_mcu7t5v0__dffsnq_1)
                                                         net2 (net)
                      0.391912    0.000196    2.289612 ^ output2/I (gf180mcu_fd_sc_mcu7t5v0__dlyb_1)
     1    0.037532    1.126947    2.244836    4.534448 ^ output2/Z (gf180mcu_fd_sc_mcu7t5v0__dlyb_1)
                                                         out_clk1 (net)
                      1.126947    0.000624    4.535071 ^ out_clk1 (out)
                                              4.535071   data arrival time

                                  0.000000    0.000000   clock in_clk (rise edge)
                                  0.000000    0.000000   clock network delay (propagated)
                                  0.200000    0.200000   clock uncertainty
                                  0.000000    0.200000   clock reconvergence pessimism
                                 -0.500000   -0.300000   output external delay
                                             -0.300000   data required time
---------------------------------------------------------------------------------------------
                                             -0.300000   data required time
                                             -4.535071   data arrival time
---------------------------------------------------------------------------------------------
                                              4.835072   slack (MET)


Startpoint: _33_ (rising edge-triggered flip-flop clocked by in_clk)
Endpoint: out_clk_cic (output port clocked by in_clk)
Path Group: in_clk
Path Type: min

Fanout         Cap        Slew       Delay        Time   Description
---------------------------------------------------------------------------------------------
                                  0.000000    0.000000   clock in_clk (rise edge)
                                  0.000000    0.000000   clock source latency
     1    0.029993    0.000015    0.000703    0.000703 ^ in_clk (in)
                                                         in_clk (net)
                      0.001696    0.000000    0.000703 ^ clkbuf_0_in_clk/I (gf180mcu_fd_sc_mcu7t5v0__clkbuf_16)
     2    0.047341    0.200920    0.399592    0.400294 ^ clkbuf_0_in_clk/Z (gf180mcu_fd_sc_mcu7t5v0__clkbuf_16)
                                                         clknet_0_in_clk (net)
                      0.200920    0.000772    0.401066 ^ clkbuf_1_1__f_in_clk/I (gf180mcu_fd_sc_mcu7t5v0__clkbuf_16)
     3    0.015057    0.150040    0.398992    0.800058 ^ clkbuf_1_1__f_in_clk/Z (gf180mcu_fd_sc_mcu7t5v0__clkbuf_16)
                                                         clknet_1_1__leaf_in_clk (net)
                      0.150040    0.000100    0.800158 ^ _33_/CLK (gf180mcu_fd_sc_mcu7t5v0__dffrnq_1)
     2    0.010936    0.286955    1.355344    2.155502 v _33_/Q (gf180mcu_fd_sc_mcu7t5v0__dffrnq_1)
                                                         net5 (net)
                      0.286955    0.000174    2.155676 v output5/I (gf180mcu_fd_sc_mcu7t5v0__dlyb_1)
     1    0.038122    0.891940    2.388144    4.543820 v output5/Z (gf180mcu_fd_sc_mcu7t5v0__dlyb_1)
                                                         out_clk_cic (net)
                      0.891940    0.000647    4.544466 v out_clk_cic (out)
                                              4.544466   data arrival time

                                  0.000000    0.000000   clock in_clk (rise edge)
                                  0.000000    0.000000   clock network delay (propagated)
                                  0.200000    0.200000   clock uncertainty
                                  0.000000    0.200000   clock reconvergence pessimism
                                 -0.500000   -0.300000   output external delay
                                             -0.300000   data required time
---------------------------------------------------------------------------------------------
                                             -0.300000   data required time
                                             -4.544466   data arrival time
---------------------------------------------------------------------------------------------
                                              4.844466   slack (MET)


Startpoint: _32_ (rising edge-triggered flip-flop clocked by in_clk)
Endpoint: out_clk2B (output port clocked by in_clk)
Path Group: in_clk
Path Type: min

Fanout         Cap        Slew       Delay        Time   Description
---------------------------------------------------------------------------------------------
                                  0.000000    0.000000   clock in_clk (rise edge)
                                  0.000000    0.000000   clock source latency
     1    0.029993    0.000015    0.000703    0.000703 ^ in_clk (in)
                                                         in_clk (net)
                      0.001696    0.000000    0.000703 ^ clkbuf_0_in_clk/I (gf180mcu_fd_sc_mcu7t5v0__clkbuf_16)
     2    0.047341    0.200920    0.399592    0.400294 ^ clkbuf_0_in_clk/Z (gf180mcu_fd_sc_mcu7t5v0__clkbuf_16)
                                                         clknet_0_in_clk (net)
                      0.200920    0.000772    0.401066 ^ clkbuf_1_1__f_in_clk/I (gf180mcu_fd_sc_mcu7t5v0__clkbuf_16)
     3    0.015057    0.150040    0.398992    0.800058 ^ clkbuf_1_1__f_in_clk/Z (gf180mcu_fd_sc_mcu7t5v0__clkbuf_16)
                                                         clknet_1_1__leaf_in_clk (net)
                      0.150040    0.000112    0.800170 ^ _32_/CLK (gf180mcu_fd_sc_mcu7t5v0__dffrnq_1)
     2    0.009802    0.271320    1.342424    2.142594 v _32_/Q (gf180mcu_fd_sc_mcu7t5v0__dffrnq_1)
                                                         net3 (net)
                      0.271320    0.000149    2.142742 v _16_/I (gf180mcu_fd_sc_mcu7t5v0__clkinv_1)
     2    0.011151    0.388535    0.307759    2.450501 ^ _16_/ZN (gf180mcu_fd_sc_mcu7t5v0__clkinv_1)
                                                         net4 (net)
                      0.388535    0.000081    2.450582 ^ output4/I (gf180mcu_fd_sc_mcu7t5v0__dlyb_1)
     1    0.037480    1.125598    2.243561    4.694143 ^ output4/Z (gf180mcu_fd_sc_mcu7t5v0__dlyb_1)
                                                         out_clk2B (net)
                      1.125598    0.000621    4.694764 ^ out_clk2B (out)
                                              4.694764   data arrival time

                                  0.000000    0.000000   clock in_clk (rise edge)
                                  0.000000    0.000000   clock network delay (propagated)
                                  0.200000    0.200000   clock uncertainty
                                  0.000000    0.200000   clock reconvergence pessimism
                                 -0.500000   -0.300000   output external delay
                                             -0.300000   data required time
---------------------------------------------------------------------------------------------
                                             -0.300000   data required time
                                             -4.694764   data arrival time
---------------------------------------------------------------------------------------------
                                              4.994764   slack (MET)



