Clock: clk_div
Sources: clk 
Generated: yes
Virtual: yes
Propagated: no
Period: 0.000000

===========================================================================
report_clock_properties
============================================================================
Clock                   Period          Waveform
----------------------------------------------------

===========================================================================
report_clock_latency
============================================================================
Clock clk_div
rise -> rise
    min     max
0.000000 0.000000 source latency
1.132934         network latency _2078_/CLK
        1.149157 network latency _2124_/CLK
---------------
1.132934 1.149157 latency
        0.016222 skew

fall -> fall
    min     max
0.000000 0.000000 source latency
1.147596         network latency _2078_/CLK
        1.164950 network latency _2124_/CLK
---------------
1.147596 1.164950 latency
        0.017354 skew



===========================================================================
report_clock_min_period
============================================================================
clk_div period_min = 0.00 fmax = inf
