Reading timing models for corner nom_tt_025C_5v00…
Reading timing library for the 'nom_tt_025C_5v00' corner at '/foss/pdks/gf180mcuD/libs.ref/gf180mcu_fd_sc_mcu7t5v0/lib/gf180mcu_fd_sc_mcu7t5v0__tt_025C_5v00.lib'…
Reading technology LEF file at '/foss/pdks/gf180mcuD/libs.ref/gf180mcu_fd_sc_mcu7t5v0/techlef/gf180mcu_fd_sc_mcu7t5v0__nom.tlef'…
[INFO ODB-0388] unsupported LEF58_EOLENCLOSURE property for layer Via1 :"
  	EOLENCLOSURE 0.34 0.06 ;"
[INFO ODB-0388] unsupported LEF58_EOLENCLOSURE property for layer Via2 :" EOLENCLOSURE 0.34 0.06 ; "
[INFO ODB-0388] unsupported LEF58_EOLENCLOSURE property for layer Via3 :" EOLENCLOSURE 0.34 0.06 ; "
[INFO ODB-0388] unsupported LEF58_EOLENCLOSURE property for layer Via4 :" EOLENCLOSURE 0.34 0.06 ; "
[INFO ODB-0227] LEF file: /foss/pdks/gf180mcuD/libs.ref/gf180mcu_fd_sc_mcu7t5v0/techlef/gf180mcu_fd_sc_mcu7t5v0__nom.tlef, created 15 layers, 56 vias
Reading cell LEF file at '/foss/pdks/gf180mcuD/libs.ref/gf180mcu_fd_sc_mcu7t5v0/lef/gf180mcu_fd_sc_mcu7t5v0.lef'…
[WARNING ODB-0220] WARNING (LEFPARS-2008): NOWIREEXTENSIONATPIN statement is obsolete in version 5.6 or later.
The NOWIREEXTENSIONATPIN statement will be ignored. See file /foss/pdks/gf180mcuD/libs.ref/gf180mcu_fd_sc_mcu7t5v0/lef/gf180mcu_fd_sc_mcu7t5v0.lef at line 2.

[INFO ODB-0227] LEF file: /foss/pdks/gf180mcuD/libs.ref/gf180mcu_fd_sc_mcu7t5v0/lef/gf180mcu_fd_sc_mcu7t5v0.lef, created 229 library cells
Reading top-level netlist at '/foss/designs/low-power-12b-first-order-delta-sigma-adc/src/piso/runs/RUN_2026-08-25_09-54-23/06-yosys-synthesis/piso_12bit.nl.v'…
Linking design 'piso_12bit' from netlist…
Reading design constraints file at '/foss/designs/low-power-12b-first-order-delta-sigma-adc/src/piso/constraint.sdc'…
[WARNING STA-0345] resistance scale 1e+03 does not match library scale 1e+00.
[INFO] No information on clock propagation in input SDC file-- propagating all clocks.
Using site height: 3.92 and site width: 0.56…
[INFO] Using absolute sizing for the floorplan.
+ initialize_floorplan -site GF018hv5v_mcu_sc7 -die_area 0 0 75 75 -core_area 6.720000000000001 15.68 68.28 59.32
[INFO IFP-0001] Added 11 rows of 109 site GF018hv5v_mcu_sc7.
[INFO IFP-0100] Die BBox:  (  0.000  0.000 ) ( 75.000 75.000 ) um
[INFO IFP-0101] Core BBox: (  6.720 15.680 ) ( 67.760 58.800 ) um
[INFO IFP-0102] Core area:                         2632.045 um^2
[INFO IFP-0103] Total instances area:              1323.706 um^2
[INFO IFP-0104] Effective utilization:                0.503
[INFO IFP-0105] Number of instances:                     46
[INFO IFP-0030] Inserted 0 tiecells using gf180mcu_fd_sc_mcu7t5v0__tiel/ZN.
[INFO IFP-0030] Inserted 0 tiecells using gf180mcu_fd_sc_mcu7t5v0__tieh/Z.
[INFO] Extracting DIE_AREA and CORE_AREA from the floorplan
[INFO] Floorplanned on a die area of 0.0 0.0 75.0 75.0 (µm).
[INFO] Floorplanned on a core area of 6.72 15.68 67.76 58.8 (µm).
Writing metric design__die__bbox: 0.0 0.0 75.0 75.0
Writing metric design__core__bbox: 6.72 15.68 67.76 58.8
Setting global connections for newly added cells…
[INFO] Setting global connections...
[INFO ODB-0403] 0 connections made, 0 conflicts skipped.
Updating metrics…
Cell type report:                       Count       Area
  Inverter                                 11      96.59
  Sequential cell                          12     895.64
  Multi-Input combinational cell           23     331.48
  Total                                    46    1323.71
Writing OpenROAD database to '/foss/designs/low-power-12b-first-order-delta-sigma-adc/src/piso/runs/RUN_2026-08-25_09-54-23/13-openroad-floorplan/piso_12bit.odb'…
Writing netlist to '/foss/designs/low-power-12b-first-order-delta-sigma-adc/src/piso/runs/RUN_2026-08-25_09-54-23/13-openroad-floorplan/piso_12bit.nl.v'…
Writing powered netlist to '/foss/designs/low-power-12b-first-order-delta-sigma-adc/src/piso/runs/RUN_2026-08-25_09-54-23/13-openroad-floorplan/piso_12bit.pnl.v'…
Writing layout to '/foss/designs/low-power-12b-first-order-delta-sigma-adc/src/piso/runs/RUN_2026-08-25_09-54-23/13-openroad-floorplan/piso_12bit.def'…
Writing timing constraints to '/foss/designs/low-power-12b-first-order-delta-sigma-adc/src/piso/runs/RUN_2026-08-25_09-54-23/13-openroad-floorplan/piso_12bit.sdc'…
