Reading timing models for corner max_ff_n40C_5v50…
Reading timing library for the 'max_ff_n40C_5v50' corner at '/foss/pdks/gf180mcuD/libs.ref/gf180mcu_fd_sc_mcu7t5v0/lib/gf180mcu_fd_sc_mcu7t5v0__ff_n40C_5v50.lib'…
Reading timing models for corner max_tt_025C_5v00…
Reading timing library for the 'max_tt_025C_5v00' corner at '/foss/pdks/gf180mcuD/libs.ref/gf180mcu_fd_sc_mcu7t5v0/lib/gf180mcu_fd_sc_mcu7t5v0__tt_025C_5v00.lib'…
Reading timing models for corner nom_ff_n40C_5v50…
Reading timing library for the 'nom_ff_n40C_5v50' corner at '/foss/pdks/gf180mcuD/libs.ref/gf180mcu_fd_sc_mcu7t5v0/lib/gf180mcu_fd_sc_mcu7t5v0__ff_n40C_5v50.lib'…
[WARNING STA-1140] /foss/pdks/gf180mcuD/libs.ref/gf180mcu_fd_sc_mcu7t5v0/lib/gf180mcu_fd_sc_mcu7t5v0__ff_n40C_5v50.lib line 17, library gf180mcu_fd_sc_mcu7t5v0__ff_n40C_5v50 already exists.
Reading timing models for corner nom_tt_025C_5v00…
Reading timing library for the 'nom_tt_025C_5v00' corner at '/foss/pdks/gf180mcuD/libs.ref/gf180mcu_fd_sc_mcu7t5v0/lib/gf180mcu_fd_sc_mcu7t5v0__tt_025C_5v00.lib'…
[WARNING STA-1140] /foss/pdks/gf180mcuD/libs.ref/gf180mcu_fd_sc_mcu7t5v0/lib/gf180mcu_fd_sc_mcu7t5v0__tt_025C_5v00.lib line 17, library gf180mcu_fd_sc_mcu7t5v0__tt_025C_5v00 already exists.
Reading timing models for corner min_ss_125C_4v50…
Reading timing library for the 'min_ss_125C_4v50' corner at '/foss/pdks/gf180mcuD/libs.ref/gf180mcu_fd_sc_mcu7t5v0/lib/gf180mcu_fd_sc_mcu7t5v0__ss_125C_4v50.lib'…
Reading timing models for corner min_ff_n40C_5v50…
Reading timing library for the 'min_ff_n40C_5v50' corner at '/foss/pdks/gf180mcuD/libs.ref/gf180mcu_fd_sc_mcu7t5v0/lib/gf180mcu_fd_sc_mcu7t5v0__ff_n40C_5v50.lib'…
[WARNING STA-1140] /foss/pdks/gf180mcuD/libs.ref/gf180mcu_fd_sc_mcu7t5v0/lib/gf180mcu_fd_sc_mcu7t5v0__ff_n40C_5v50.lib line 17, library gf180mcu_fd_sc_mcu7t5v0__ff_n40C_5v50 already exists.
Reading timing models for corner min_tt_025C_5v00…
Reading timing library for the 'min_tt_025C_5v00' corner at '/foss/pdks/gf180mcuD/libs.ref/gf180mcu_fd_sc_mcu7t5v0/lib/gf180mcu_fd_sc_mcu7t5v0__tt_025C_5v00.lib'…
[WARNING STA-1140] /foss/pdks/gf180mcuD/libs.ref/gf180mcu_fd_sc_mcu7t5v0/lib/gf180mcu_fd_sc_mcu7t5v0__tt_025C_5v00.lib line 17, library gf180mcu_fd_sc_mcu7t5v0__tt_025C_5v00 already exists.
Reading timing models for corner max_ss_125C_4v50…
Reading timing library for the 'max_ss_125C_4v50' corner at '/foss/pdks/gf180mcuD/libs.ref/gf180mcu_fd_sc_mcu7t5v0/lib/gf180mcu_fd_sc_mcu7t5v0__ss_125C_4v50.lib'…
[WARNING STA-1140] /foss/pdks/gf180mcuD/libs.ref/gf180mcu_fd_sc_mcu7t5v0/lib/gf180mcu_fd_sc_mcu7t5v0__ss_125C_4v50.lib line 17, library gf180mcu_fd_sc_mcu7t5v0__ss_125C_4v50 already exists.
Reading timing models for corner nom_ss_125C_4v50…
Reading timing library for the 'nom_ss_125C_4v50' corner at '/foss/pdks/gf180mcuD/libs.ref/gf180mcu_fd_sc_mcu7t5v0/lib/gf180mcu_fd_sc_mcu7t5v0__ss_125C_4v50.lib'…
[WARNING STA-1140] /foss/pdks/gf180mcuD/libs.ref/gf180mcu_fd_sc_mcu7t5v0/lib/gf180mcu_fd_sc_mcu7t5v0__ss_125C_4v50.lib line 17, library gf180mcu_fd_sc_mcu7t5v0__ss_125C_4v50 already exists.
Reading OpenROAD database at '/foss/designs/low-power-12b-first-order-delta-sigma-adc/src/piso/runs/RUN_2026-08-25_09-54-23/28-openroad-globalplacement/piso_12bit.odb'…
Reading design constraints file at '/foss/designs/low-power-12b-first-order-delta-sigma-adc/src/piso/constraint.sdc'…
[WARNING STA-0345] resistance scale 1e+03 does not match library scale 1e+00.
[INFO] No information on clock propagation in input SDC file-- propagating all clocks.
[INFO RSZ-0027] Inserted 14 gf180mcu_fd_sc_mcu7t5v0__dlyb_1 input buffers.
[INFO RSZ-0028] Inserted 1 gf180mcu_fd_sc_mcu7t5v0__dlyb_1 output buffers.
+ repair_design -verbose -max_wire_length 0 -slew_margin 20 -cap_margin 20
Iteration |   Area    | Resized | Buffers | Nets repaired | Remaining
---------------------------------------------------------------------
        0 |     +0.0% |       0 |       0 |             0 |        76
       10 |     +0.0% |       0 |       0 |             0 |        66
       20 |     +0.0% |       0 |       0 |             0 |        56
       30 |     +0.0% |       0 |       0 |             0 |        46
       40 |     +0.0% |       0 |       0 |             0 |        36
       50 |     +0.0% |       0 |       0 |             0 |        26
       60 |     +0.0% |       0 |       0 |             0 |        16
       70 |     +0.0% |       0 |       0 |             0 |         6
    final |     +0.0% |       0 |       0 |             0 |         0
---------------------------------------------------------------------
[WARNING RSZ-0020] found 2 floating nets.
 VDD
 VSS
+ detailed_placement -max_displacement  500 100 
Placement Analysis
---------------------------------
total displacement        669.2 u
average displacement        6.6 u
max displacement           31.9 u
original HPWL             760.0 u
legalized HPWL           1340.1 u
delta HPWL                   76 %

[INFO DPL-0020] Mirrored 25 instances
[INFO DPL-0021] HPWL before            1340.1 u
[INFO DPL-0022] HPWL after             1248.1 u
[INFO DPL-0023] HPWL delta               -6.9 %
Setting global connections for newly added cells…
[INFO] Setting global connections...
[INFO ODB-0403] 60 connections made, 0 conflicts skipped.
Updating metrics…
Cell type report:                       Count       Area
  Endcap cell                              22      96.59
  Tap cell                                 19      83.42
  Timing Repair Buffer                     15     526.85
  Inverter                                 11      96.59
  Sequential cell                          12     895.64
  Multi-Input combinational cell           23     331.48
  Total                                   102    2030.56
Writing OpenROAD database to '/foss/designs/low-power-12b-first-order-delta-sigma-adc/src/piso/runs/RUN_2026-08-25_09-54-23/32-openroad-repairdesignpostgpl/piso_12bit.odb'…
Writing netlist to '/foss/designs/low-power-12b-first-order-delta-sigma-adc/src/piso/runs/RUN_2026-08-25_09-54-23/32-openroad-repairdesignpostgpl/piso_12bit.nl.v'…
Writing powered netlist to '/foss/designs/low-power-12b-first-order-delta-sigma-adc/src/piso/runs/RUN_2026-08-25_09-54-23/32-openroad-repairdesignpostgpl/piso_12bit.pnl.v'…
Writing layout to '/foss/designs/low-power-12b-first-order-delta-sigma-adc/src/piso/runs/RUN_2026-08-25_09-54-23/32-openroad-repairdesignpostgpl/piso_12bit.def'…
Writing timing constraints to '/foss/designs/low-power-12b-first-order-delta-sigma-adc/src/piso/runs/RUN_2026-08-25_09-54-23/32-openroad-repairdesignpostgpl/piso_12bit.sdc'…
