
===========================================================================
report_checks -unconstrained
===========================================================================
======================= nom_tt_025C_5v00 Corner ===================================

Startpoint: in_cic (input port)
Endpoint: _2144_ (rising edge-triggered flip-flop)
Path Group: unconstrained
Path Type: max

Fanout         Cap        Slew       Delay        Time   Description
---------------------------------------------------------------------------------------------
                                 10.000000   10.000000 ^ input external delay
     4    0.019118    0.000000    0.000000   10.000000 ^ in_cic (in)
                                                         in_cic (net)
                      0.000000    0.000000   10.000000 ^ _1519_/A4 (gf180mcu_fd_sc_mcu7t5v0__and4_1)
     5    0.023060    0.485075    0.685231   10.685231 ^ _1519_/Z (gf180mcu_fd_sc_mcu7t5v0__and4_1)
                                                         _0908_ (net)
                      0.485075    0.000000   10.685231 ^ _1526_/A4 (gf180mcu_fd_sc_mcu7t5v0__nand4_1)
     2    0.011541    0.521629    0.306470   10.991701 v _1526_/ZN (gf180mcu_fd_sc_mcu7t5v0__nand4_1)
                                                         _0912_ (net)
                      0.521629    0.000000   10.991701 v _1530_/A3 (gf180mcu_fd_sc_mcu7t5v0__nor3_1)
     8    0.035065    1.746321    1.084022   12.075723 ^ _1530_/ZN (gf180mcu_fd_sc_mcu7t5v0__nor3_1)
                                                         _0914_ (net)
                      1.746321    0.000000   12.075723 ^ _1551_/A2 (gf180mcu_fd_sc_mcu7t5v0__and4_1)
     6    0.027784    0.572506    0.874712   12.950435 ^ _1551_/Z (gf180mcu_fd_sc_mcu7t5v0__and4_1)
                                                         _0927_ (net)
                      0.572506    0.000000   12.950435 ^ _1561_/A3 (gf180mcu_fd_sc_mcu7t5v0__and4_1)
     5    0.023531    0.491644    0.703315   13.653749 ^ _1561_/Z (gf180mcu_fd_sc_mcu7t5v0__and4_1)
                                                         _0933_ (net)
                      0.491644    0.000000   13.653749 ^ _1566_/A3 (gf180mcu_fd_sc_mcu7t5v0__nand3_1)
     3    0.012324    0.409867    0.255322   13.909072 v _1566_/ZN (gf180mcu_fd_sc_mcu7t5v0__nand3_1)
                                                         _0936_ (net)
                      0.409867    0.000000   13.909072 v _1574_/A1 (gf180mcu_fd_sc_mcu7t5v0__or3_1)
     1    0.004526    0.224316    0.629226   14.538298 v _1574_/Z (gf180mcu_fd_sc_mcu7t5v0__or3_1)
                                                         _0941_ (net)
                      0.224316    0.000000   14.538298 v _1575_/A2 (gf180mcu_fd_sc_mcu7t5v0__nand2_1)
     1    0.003009    0.168142    0.158051   14.696349 ^ _1575_/ZN (gf180mcu_fd_sc_mcu7t5v0__nand2_1)
                                                         _0078_ (net)
                      0.168142    0.000000   14.696349 ^ _2144_/D (gf180mcu_fd_sc_mcu7t5v0__dffrnq_1)
                                             14.696349   data arrival time
---------------------------------------------------------------------------------------------
(Path is unconstrained)




===========================================================================
report_checks --slack_max -0.01
============================================================================
======================= nom_tt_025C_5v00 Corner ===================================

No paths found.


===========================================================================
 report_check_types -max_slew -max_cap -max_fanout -violators
============================================================================
======================= nom_tt_025C_5v00 Corner ===================================

max slew

Pin                                        Limit        Slew       Slack
------------------------------------------------------------------------
_1153_/A1                               4.000000    7.715248   -3.715248 (VIOLATED)
_2152_/Q                                4.000000    7.715248   -3.715248 (VIOLATED)
_2153_/CLKN                             4.000000    7.715248   -3.715248 (VIOLATED)
_2154_/CLKN                             4.000000    7.715248   -3.715248 (VIOLATED)
_2155_/CLKN                             4.000000    7.715248   -3.715248 (VIOLATED)
_2156_/CLKN                             4.000000    7.715248   -3.715248 (VIOLATED)
_2157_/CLKN                             4.000000    7.715248   -3.715248 (VIOLATED)
_2158_/CLKN                             4.000000    7.715248   -3.715248 (VIOLATED)
_2159_/CLKN                             4.000000    7.715248   -3.715248 (VIOLATED)
_2160_/CLKN                             4.000000    7.715248   -3.715248 (VIOLATED)
_2161_/CLKN                             4.000000    7.715248   -3.715248 (VIOLATED)
_2162_/CLKN                             4.000000    7.715248   -3.715248 (VIOLATED)
_2163_/CLKN                             4.000000    7.715248   -3.715248 (VIOLATED)
_2164_/CLKN                             4.000000    7.715248   -3.715248 (VIOLATED)
_2165_/CLKN                             4.000000    7.715248   -3.715248 (VIOLATED)
_2166_/CLKN                             4.000000    7.715248   -3.715248 (VIOLATED)
_2167_/CLKN                             4.000000    7.715248   -3.715248 (VIOLATED)
_2168_/CLKN                             4.000000    7.715248   -3.715248 (VIOLATED)
_2169_/CLKN                             4.000000    7.715248   -3.715248 (VIOLATED)
_2170_/CLKN                             4.000000    7.715248   -3.715248 (VIOLATED)
_2171_/CLKN                             4.000000    7.715248   -3.715248 (VIOLATED)
_2172_/CLKN                             4.000000    7.715248   -3.715248 (VIOLATED)
_2173_/CLKN                             4.000000    7.715248   -3.715248 (VIOLATED)
_2174_/CLKN                             4.000000    7.715248   -3.715248 (VIOLATED)
_2175_/CLKN                             4.000000    7.715248   -3.715248 (VIOLATED)
_2176_/CLKN                             4.000000    7.715248   -3.715248 (VIOLATED)
_2177_/CLKN                             4.000000    7.715248   -3.715248 (VIOLATED)
_2178_/CLKN                             4.000000    7.715248   -3.715248 (VIOLATED)
_2179_/CLKN                             4.000000    7.715248   -3.715248 (VIOLATED)
_2180_/CLKN                             4.000000    7.715248   -3.715248 (VIOLATED)
_2181_/CLKN                             4.000000    7.715248   -3.715248 (VIOLATED)
_2182_/CLKN                             4.000000    7.715248   -3.715248 (VIOLATED)
_2183_/CLKN                             4.000000    7.715248   -3.715248 (VIOLATED)
_2184_/CLKN                             4.000000    7.715248   -3.715248 (VIOLATED)
_2185_/CLKN                             4.000000    7.715248   -3.715248 (VIOLATED)
_2186_/CLKN                             4.000000    7.715248   -3.715248 (VIOLATED)
_2187_/CLKN                             4.000000    7.715248   -3.715248 (VIOLATED)
_2188_/CLKN                             4.000000    7.715248   -3.715248 (VIOLATED)
_2189_/CLKN                             4.000000    7.715248   -3.715248 (VIOLATED)
_2190_/CLKN                             4.000000    7.715248   -3.715248 (VIOLATED)
_2191_/CLKN                             4.000000    7.715248   -3.715248 (VIOLATED)
_2192_/CLKN                             4.000000    7.715248   -3.715248 (VIOLATED)
_2193_/CLKN                             4.000000    7.715248   -3.715248 (VIOLATED)
_2194_/CLKN                             4.000000    7.715248   -3.715248 (VIOLATED)
_2195_/CLKN                             4.000000    7.715248   -3.715248 (VIOLATED)
_2196_/CLKN                             4.000000    7.715248   -3.715248 (VIOLATED)
_2197_/CLKN                             4.000000    7.715248   -3.715248 (VIOLATED)
_2198_/CLKN                             4.000000    7.715248   -3.715248 (VIOLATED)
_2199_/CLKN                             4.000000    7.715248   -3.715248 (VIOLATED)
_2200_/CLKN                             4.000000    7.715248   -3.715248 (VIOLATED)
_2201_/CLKN                             4.000000    7.715248   -3.715248 (VIOLATED)
_2202_/CLKN                             4.000000    7.715248   -3.715248 (VIOLATED)
_2203_/CLKN                             4.000000    7.715248   -3.715248 (VIOLATED)
_2204_/CLKN                             4.000000    7.715248   -3.715248 (VIOLATED)
_2205_/CLKN                             4.000000    7.715248   -3.715248 (VIOLATED)
_2206_/CLKN                             4.000000    7.715248   -3.715248 (VIOLATED)
_2207_/CLKN                             4.000000    7.715248   -3.715248 (VIOLATED)
_2208_/CLKN                             4.000000    7.715248   -3.715248 (VIOLATED)
_2209_/CLKN                             4.000000    7.715248   -3.715248 (VIOLATED)
_2210_/CLKN                             4.000000    7.715248   -3.715248 (VIOLATED)
_2211_/CLKN                             4.000000    7.715248   -3.715248 (VIOLATED)
_2212_/CLKN                             4.000000    7.715248   -3.715248 (VIOLATED)
_2213_/CLKN                             4.000000    7.715248   -3.715248 (VIOLATED)
_2214_/CLKN                             4.000000    7.715248   -3.715248 (VIOLATED)
_2215_/CLKN                             4.000000    7.715248   -3.715248 (VIOLATED)
_2216_/CLKN                             4.000000    7.715248   -3.715248 (VIOLATED)
_2217_/CLKN                             4.000000    7.715248   -3.715248 (VIOLATED)
_2218_/CLKN                             4.000000    7.715248   -3.715248 (VIOLATED)
_2219_/CLKN                             4.000000    7.715248   -3.715248 (VIOLATED)
_2220_/CLKN                             4.000000    7.715248   -3.715248 (VIOLATED)
_2221_/CLKN                             4.000000    7.715248   -3.715248 (VIOLATED)
_2222_/CLKN                             4.000000    7.715248   -3.715248 (VIOLATED)
_2223_/CLKN                             4.000000    7.715248   -3.715248 (VIOLATED)
_2224_/CLKN                             4.000000    7.715248   -3.715248 (VIOLATED)
_2225_/CLKN                             4.000000    7.715248   -3.715248 (VIOLATED)
_2226_/CLKN                             4.000000    7.715248   -3.715248 (VIOLATED)
_2227_/CLKN                             4.000000    7.715248   -3.715248 (VIOLATED)
_2228_/CLKN                             4.000000    7.715248   -3.715248 (VIOLATED)
_2229_/CLKN                             4.000000    7.715248   -3.715248 (VIOLATED)
_2230_/CLKN                             4.000000    7.715248   -3.715248 (VIOLATED)
_2231_/CLKN                             4.000000    7.715248   -3.715248 (VIOLATED)
_2232_/CLKN                             4.000000    7.715248   -3.715248 (VIOLATED)
_2233_/CLKN                             4.000000    7.715248   -3.715248 (VIOLATED)
_2234_/CLKN                             4.000000    7.715248   -3.715248 (VIOLATED)
_2235_/CLKN                             4.000000    7.715248   -3.715248 (VIOLATED)
_2236_/CLKN                             4.000000    7.715248   -3.715248 (VIOLATED)
_2237_/CLKN                             4.000000    7.715248   -3.715248 (VIOLATED)
_2238_/CLKN                             4.000000    7.715248   -3.715248 (VIOLATED)
_2239_/CLKN                             4.000000    7.715248   -3.715248 (VIOLATED)
_2240_/CLKN                             4.000000    7.715248   -3.715248 (VIOLATED)
_2241_/CLKN                             4.000000    7.715248   -3.715248 (VIOLATED)
_2242_/CLKN                             4.000000    7.715248   -3.715248 (VIOLATED)
_2243_/CLKN                             4.000000    7.715248   -3.715248 (VIOLATED)
_2244_/CLKN                             4.000000    7.715248   -3.715248 (VIOLATED)
_2245_/CLKN                             4.000000    7.715248   -3.715248 (VIOLATED)
_2246_/CLKN                             4.000000    7.715248   -3.715248 (VIOLATED)
_2247_/CLKN                             4.000000    7.715248   -3.715248 (VIOLATED)
_2248_/CLKN                             4.000000    7.715248   -3.715248 (VIOLATED)
_2249_/CLKN                             4.000000    7.715248   -3.715248 (VIOLATED)
_2250_/CLKN                             4.000000    7.715248   -3.715248 (VIOLATED)
_2251_/CLKN                             4.000000    7.715248   -3.715248 (VIOLATED)
_2252_/CLKN                             4.000000    7.715248   -3.715248 (VIOLATED)
_2253_/CLKN                             4.000000    7.715248   -3.715248 (VIOLATED)
_2254_/CLKN                             4.000000    7.715248   -3.715248 (VIOLATED)
_2255_/CLKN                             4.000000    7.715248   -3.715248 (VIOLATED)
_2256_/CLKN                             4.000000    7.715248   -3.715248 (VIOLATED)
_2257_/CLKN                             4.000000    7.715248   -3.715248 (VIOLATED)
_2258_/CLKN                             4.000000    7.715248   -3.715248 (VIOLATED)
_2259_/CLKN                             4.000000    7.715248   -3.715248 (VIOLATED)
_2260_/CLKN                             4.000000    7.715248   -3.715248 (VIOLATED)
_2261_/CLKN                             4.000000    7.715248   -3.715248 (VIOLATED)
_2262_/CLKN                             4.000000    7.715248   -3.715248 (VIOLATED)
_2263_/CLKN                             4.000000    7.715248   -3.715248 (VIOLATED)
_2264_/CLKN                             4.000000    7.715248   -3.715248 (VIOLATED)
_2265_/CLKN                             4.000000    7.715248   -3.715248 (VIOLATED)
_2266_/CLKN                             4.000000    7.715248   -3.715248 (VIOLATED)
_2267_/CLKN                             4.000000    7.715248   -3.715248 (VIOLATED)
_2268_/CLKN                             4.000000    7.715248   -3.715248 (VIOLATED)
_2269_/CLKN                             4.000000    7.715248   -3.715248 (VIOLATED)
_2270_/CLKN                             4.000000    7.715248   -3.715248 (VIOLATED)
_2271_/CLKN                             4.000000    7.715248   -3.715248 (VIOLATED)
_2272_/CLKN                             4.000000    7.715248   -3.715248 (VIOLATED)
_2273_/CLKN                             4.000000    7.715248   -3.715248 (VIOLATED)
_2274_/CLKN                             4.000000    7.715248   -3.715248 (VIOLATED)
_2275_/CLKN                             4.000000    7.715248   -3.715248 (VIOLATED)
_2276_/CLKN                             4.000000    7.715248   -3.715248 (VIOLATED)
_2277_/CLKN                             4.000000    7.715248   -3.715248 (VIOLATED)
_2278_/CLKN                             4.000000    7.715248   -3.715248 (VIOLATED)
_2279_/CLKN                             4.000000    7.715248   -3.715248 (VIOLATED)
_2280_/CLKN                             4.000000    7.715248   -3.715248 (VIOLATED)
_2281_/CLKN                             4.000000    7.715248   -3.715248 (VIOLATED)
_2282_/CLKN                             4.000000    7.715248   -3.715248 (VIOLATED)
_2283_/CLKN                             4.000000    7.715248   -3.715248 (VIOLATED)
_2284_/CLKN                             4.000000    7.715248   -3.715248 (VIOLATED)
_2285_/CLKN                             4.000000    7.715248   -3.715248 (VIOLATED)
_2286_/CLKN                             4.000000    7.715248   -3.715248 (VIOLATED)
_2287_/CLKN                             4.000000    7.715248   -3.715248 (VIOLATED)
_2288_/CLKN                             4.000000    7.715248   -3.715248 (VIOLATED)
_2289_/CLKN                             4.000000    7.715248   -3.715248 (VIOLATED)

max capacitance

Pin                                        Limit         Cap       Slack
------------------------------------------------------------------------
_2152_/Q                                0.238200    0.464521   -0.226321 (VIOLATED)



===========================================================================
report_parasitic_annotation -report_unannotated
============================================================================
Found 1258 unannotated drivers.
 clk
 in_cic
 rst
 _1035_/ZN
 _1036_/ZN
 _1037_/ZN
 _1038_/ZN
 _1039_/ZN
 _1040_/ZN
 _1041_/ZN
 _1042_/ZN
 _1043_/ZN
 _1044_/ZN
 _1045_/ZN
 _1046_/ZN
 _1047_/ZN
 _1048_/ZN
 _1049_/ZN
 _1050_/ZN
 _1051_/ZN
 _1052_/ZN
 _1053_/ZN
 _1054_/ZN
 _1055_/ZN
 _1056_/ZN
 _1057_/ZN
 _1058_/ZN
 _1059_/ZN
 _1060_/ZN
 _1061_/ZN
 _1062_/ZN
 _1063_/ZN
 _1064_/ZN
 _1065_/ZN
 _1066_/ZN
 _1067_/ZN
 _1068_/ZN
 _1069_/ZN
 _1070_/ZN
 _1071_/ZN
 _1072_/ZN
 _1073_/ZN
 _1074_/ZN
 _1075_/ZN
 _1076_/ZN
 _1077_/ZN
 _1078_/ZN
 _1079_/ZN
 _1080_/ZN
 _1081_/ZN
 _1082_/ZN
 _1083_/ZN
 _1084_/ZN
 _1085_/ZN
 _1086_/ZN
 _1087_/ZN
 _1088_/ZN
 _1089_/ZN
 _1090_/ZN
 _1091_/ZN
 _1092_/ZN
 _1093_/ZN
 _1094_/ZN
 _1095_/ZN
 _1096_/ZN
 _1097_/ZN
 _1098_/ZN
 _1099_/ZN
 _1100_/ZN
 _1101_/ZN
 _1102_/ZN
 _1103_/ZN
 _1104_/ZN
 _1105_/ZN
 _1106_/ZN
 _1107_/ZN
 _1108_/ZN
 _1109_/ZN
 _1110_/ZN
 _1111_/ZN
 _1112_/ZN
 _1113_/ZN
 _1114_/ZN
 _1115_/ZN
 _1116_/ZN
 _1117_/ZN
 _1118_/ZN
 _1119_/ZN
 _1120_/ZN
 _1121_/ZN
 _1122_/ZN
 _1123_/ZN
 _1124_/ZN
 _1125_/ZN
 _1126_/ZN
 _1127_/ZN
 _1128_/ZN
 _1129_/ZN
 _1130_/ZN
 _1131_/ZN
 _1132_/ZN
 _1133_/ZN
 _1134_/ZN
 _1135_/ZN
 _1136_/ZN
 _1137_/ZN
 _1138_/ZN
 _1139_/ZN
 _1140_/ZN
 _1141_/ZN
 _1142_/ZN
 _1143_/ZN
 _1144_/ZN
 _1145_/ZN
 _1146_/Z
 _1147_/ZN
 _1148_/Z
 _1149_/ZN
 _1150_/ZN
 _1151_/ZN
 _1152_/ZN
 _1153_/ZN
 _1154_/ZN
 _1155_/ZN
 _1156_/ZN
 _1157_/Z
 _1158_/ZN
 _1159_/Z
 _1160_/ZN
 _1161_/ZN
 _1162_/ZN
 _1163_/ZN
 _1164_/ZN
 _1165_/ZN
 _1166_/ZN
 _1167_/ZN
 _1168_/ZN
 _1169_/Z
 _1170_/Z
 _1171_/ZN
 _1172_/ZN
 _1173_/ZN
 _1174_/ZN
 _1175_/ZN
 _1176_/Z
 _1177_/ZN
 _1178_/Z
 _1179_/ZN
 _1180_/ZN
 _1181_/Z
 _1182_/Z
 _1183_/ZN
 _1184_/ZN
 _1185_/Z
 _1186_/ZN
 _1187_/Z
 _1188_/ZN
 _1189_/Z
 _1190_/Z
 _1191_/ZN
 _1192_/Z
 _1193_/Z
 _1194_/ZN
 _1195_/Z
 _1196_/ZN
 _1197_/Z
 _1198_/ZN
 _1199_/Z
 _1200_/Z
 _1201_/ZN
 _1202_/ZN
 _1203_/ZN
 _1204_/ZN
 _1205_/ZN
 _1206_/Z
 _1207_/ZN
 _1208_/ZN
 _1209_/Z
 _1210_/ZN
 _1211_/Z
 _1212_/ZN
 _1213_/Z
 _1214_/Z
 _1215_/ZN
 _1216_/ZN
 _1217_/ZN
 _1218_/ZN
 _1219_/Z
 _1220_/Z
 _1221_/ZN
 _1222_/ZN
 _1223_/Z
 _1224_/Z
 _1225_/Z
 _1226_/ZN
 _1227_/ZN
 _1228_/Z
 _1229_/ZN
 _1230_/ZN
 _1231_/ZN
 _1232_/ZN
 _1233_/ZN
 _1234_/ZN
 _1235_/Z
 _1236_/ZN
 _1237_/Z
 _1238_/Z
 _1239_/ZN
 _1240_/ZN
 _1241_/ZN
 _1242_/Z
 _1243_/Z
 _1244_/ZN
 _1245_/Z
 _1246_/ZN
 _1247_/ZN
 _1248_/Z
 _1249_/ZN
 _1250_/ZN
 _1251_/Z
 _1252_/ZN
 _1253_/Z
 _1254_/ZN
 _1255_/ZN
 _1256_/ZN
 _1257_/ZN
 _1258_/ZN
 _1259_/ZN
 _1260_/ZN
 _1261_/ZN
 _1262_/Z
 _1263_/ZN
 _1264_/ZN
 _1265_/Z
 _1266_/ZN
 _1267_/ZN
 _1268_/ZN
 _1269_/Z
 _1270_/ZN
 _1271_/ZN
 _1272_/ZN
 _1273_/ZN
 _1274_/ZN
 _1275_/Z
 _1276_/ZN
 _1277_/ZN
 _1278_/ZN
 _1279_/ZN
 _1280_/Z
 _1281_/ZN
 _1282_/ZN
 _1283_/ZN
 _1284_/Z
 _1285_/Z
 _1286_/Z
 _1287_/ZN
 _1288_/ZN
 _1289_/ZN
 _1290_/Z
 _1291_/ZN
 _1292_/Z
 _1293_/Z
 _1294_/ZN
 _1295_/ZN
 _1296_/Z
 _1297_/Z
 _1298_/Z
 _1299_/ZN
 _1300_/ZN
 _1301_/ZN
 _1302_/Z
 _1303_/ZN
 _1304_/ZN
 _1305_/ZN
 _1306_/ZN
 _1307_/Z
 _1308_/ZN
 _1309_/Z
 _1310_/ZN
 _1311_/Z
 _1312_/ZN
 _1313_/ZN
 _1314_/ZN
 _1315_/ZN
 _1316_/ZN
 _1317_/Z
 _1318_/ZN
 _1319_/ZN
 _1320_/ZN
 _1321_/ZN
 _1322_/Z
 _1323_/ZN
 _1324_/Z
 _1325_/ZN
 _1326_/Z
 _1327_/ZN
 _1328_/ZN
 _1329_/ZN
 _1330_/ZN
 _1331_/ZN
 _1332_/ZN
 _1333_/ZN
 _1334_/ZN
 _1335_/ZN
 _1336_/Z
 _1337_/ZN
 _1338_/ZN
 _1339_/Z
 _1340_/ZN
 _1341_/ZN
 _1342_/ZN
 _1343_/ZN
 _1344_/ZN
 _1345_/ZN
 _1346_/Z
 _1347_/ZN
 _1348_/ZN
 _1349_/ZN
 _1350_/ZN
 _1351_/Z
 _1352_/ZN
 _1353_/ZN
 _1354_/ZN
 _1355_/Z
 _1356_/ZN
 _1357_/ZN
 _1358_/ZN
 _1359_/ZN
 _1360_/ZN
 _1361_/ZN
 _1362_/Z
 _1363_/ZN
 _1364_/Z
 _1365_/ZN
 _1366_/ZN
 _1367_/ZN
 _1368_/Z
 _1369_/Z
 _1370_/Z
 _1371_/ZN
 _1372_/ZN
 _1373_/ZN
 _1374_/Z
 _1375_/ZN
 _1376_/Z
 _1377_/ZN
 _1378_/Z
 _1379_/ZN
 _1380_/ZN
 _1381_/ZN
 _1382_/ZN
 _1383_/ZN
 _1384_/ZN
 _1385_/ZN
 _1386_/ZN
 _1387_/ZN
 _1388_/ZN
 _1389_/Z
 _1390_/ZN
 _1391_/Z
 _1392_/ZN
 _1393_/Z
 _1394_/ZN
 _1395_/Z
 _1396_/ZN
 _1397_/ZN
 _1398_/ZN
 _1399_/ZN
 _1400_/ZN
 _1401_/ZN
 _1402_/Z
 _1403_/ZN
 _1404_/ZN
 _1405_/ZN
 _1406_/ZN
 _1407_/Z
 _1408_/ZN
 _1409_/ZN
 _1410_/ZN
 _1411_/ZN
 _1412_/ZN
 _1413_/ZN
 _1414_/ZN
 _1415_/ZN
 _1416_/ZN
 _1417_/ZN
 _1418_/Z
 _1419_/ZN
 _1420_/ZN
 _1421_/ZN
 _1422_/Z
 _1423_/ZN
 _1424_/ZN
 _1425_/ZN
 _1426_/ZN
 _1427_/Z
 _1428_/ZN
 _1429_/ZN
 _1430_/ZN
 _1431_/ZN
 _1432_/ZN
 _1433_/ZN
 _1434_/ZN
 _1435_/Z
 _1436_/ZN
 _1437_/Z
 _1438_/ZN
 _1439_/ZN
 _1440_/ZN
 _1441_/ZN
 _1442_/ZN
 _1443_/ZN
 _1444_/ZN
 _1445_/ZN
 _1446_/Z
 _1447_/ZN
 _1448_/Z
 _1449_/ZN
 _1450_/ZN
 _1451_/ZN
 _1452_/Z
 _1453_/ZN
 _1454_/Z
 _1455_/ZN
 _1456_/ZN
 _1457_/Z
 _1458_/ZN
 _1459_/ZN
 _1460_/ZN
 _1461_/Z
 _1462_/ZN
 _1463_/ZN
 _1464_/ZN
 _1465_/Z
 _1466_/ZN
 _1467_/Z
 _1468_/ZN
 _1469_/ZN
 _1470_/ZN
 _1471_/ZN
 _1472_/ZN
 _1473_/ZN
 _1474_/Z
 _1475_/ZN
 _1476_/ZN
 _1477_/ZN
 _1478_/Z
 _1479_/ZN
 _1480_/ZN
 _1481_/Z
 _1482_/Z
 _1483_/ZN
 _1484_/ZN
 _1485_/Z
 _1486_/Z
 _1487_/ZN
 _1488_/ZN
 _1489_/Z
 _1490_/ZN
 _1491_/ZN
 _1492_/ZN
 _1493_/ZN
 _1494_/Z
 _1495_/ZN
 _1496_/Z
 _1497_/Z
 _1498_/ZN
 _1499_/Z
 _1500_/ZN
 _1501_/ZN
 _1502_/ZN
 _1503_/ZN
 _1504_/ZN
 _1505_/ZN
 _1506_/ZN
 _1507_/ZN
 _1508_/ZN
 _1509_/Z
 _1510_/ZN
 _1511_/ZN
 _1512_/Z
 _1513_/ZN
 _1514_/ZN
 _1515_/ZN
 _1516_/ZN
 _1517_/ZN
 _1518_/ZN
 _1519_/Z
 _1520_/ZN
 _1521_/ZN
 _1522_/Z
 _1523_/ZN
 _1524_/ZN
 _1525_/Z
 _1526_/ZN
 _1527_/ZN
 _1528_/Z
 _1529_/ZN
 _1530_/ZN
 _1531_/ZN
 _1532_/Z
 _1533_/ZN
 _1534_/Z
 _1535_/ZN
 _1536_/ZN
 _1537_/Z
 _1538_/ZN
 _1539_/ZN
 _1540_/Z
 _1541_/ZN
 _1542_/Z
 _1543_/ZN
 _1544_/Z
 _1545_/ZN
 _1546_/ZN
 _1547_/Z
 _1548_/ZN
 _1549_/ZN
 _1550_/Z
 _1551_/Z
 _1552_/ZN
 _1553_/Z
 _1554_/ZN
 _1555_/Z
 _1556_/ZN
 _1557_/ZN
 _1558_/Z
 _1559_/ZN
 _1560_/ZN
 _1561_/Z
 _1562_/ZN
 _1563_/Z
 _1564_/ZN
 _1565_/Z
 _1566_/ZN
 _1567_/ZN
 _1568_/Z
 _1569_/ZN
 _1570_/ZN
 _1571_/ZN
 _1572_/ZN
 _1573_/ZN
 _1574_/Z
 _1575_/ZN
 _1576_/ZN
 _1577_/Z
 _1578_/ZN
 _1579_/ZN
 _1580_/ZN
 _1581_/ZN
 _1582_/ZN
 _1583_/ZN
 _1584_/ZN
 _1585_/ZN
 _1586_/ZN
 _1587_/Z
 _1588_/ZN
 _1589_/Z
 _1590_/ZN
 _1591_/Z
 _1592_/ZN
 _1593_/ZN
 _1594_/ZN
 _1595_/ZN
 _1596_/ZN
 _1597_/ZN
 _1598_/ZN
 _1599_/ZN
 _1600_/Z
 _1601_/ZN
 _1602_/ZN
 _1603_/Z
 _1604_/ZN
 _1605_/ZN
 _1606_/ZN
 _1607_/ZN
 _1608_/ZN
 _1609_/Z
 _1610_/ZN
 _1611_/ZN
 _1612_/ZN
 _1613_/ZN
 _1614_/ZN
 _1615_/ZN
 _1616_/ZN
 _1617_/Z
 _1618_/ZN
 _1619_/ZN
 _1620_/ZN
 _1621_/ZN
 _1622_/ZN
 _1623_/ZN
 _1624_/ZN
 _1625_/ZN
 _1626_/ZN
 _1627_/ZN
 _1628_/ZN
 _1629_/ZN
 _1630_/ZN
 _1631_/Z
 _1632_/ZN
 _1633_/Z
 _1634_/ZN
 _1635_/ZN
 _1636_/Z
 _1637_/Z
 _1638_/ZN
 _1639_/ZN
 _1640_/ZN
 _1641_/ZN
 _1642_/ZN
 _1643_/Z
 _1644_/Z
 _1645_/Z
 _1646_/ZN
 _1647_/ZN
 _1648_/Z
 _1649_/ZN
 _1650_/Z
 _1651_/Z
 _1652_/Z
 _1653_/ZN
 _1654_/ZN
 _1655_/ZN
 _1656_/ZN
 _1657_/Z
 _1658_/Z
 _1659_/ZN
 _1660_/ZN
 _1661_/Z
 _1662_/Z
 _1663_/ZN
 _1664_/Z
 _1665_/Z
 _1666_/ZN
 _1667_/ZN
 _1668_/ZN
 _1669_/Z
 _1670_/ZN
 _1671_/Z
 _1672_/Z
 _1673_/ZN
 _1674_/ZN
 _1675_/ZN
 _1676_/ZN
 _1677_/Z
 _1678_/ZN
 _1679_/ZN
 _1680_/ZN
 _1681_/Z
 _1682_/ZN
 _1683_/ZN
 _1684_/ZN
 _1685_/ZN
 _1686_/ZN
 _1687_/ZN
 _1688_/Z
 _1689_/ZN
 _1690_/ZN
 _1691_/ZN
 _1692_/ZN
 _1693_/ZN
 _1694_/ZN
 _1695_/Z
 _1696_/ZN
 _1697_/ZN
 _1698_/ZN
 _1699_/ZN
 _1700_/Z
 _1701_/ZN
 _1702_/ZN
 _1703_/ZN
 _1704_/ZN
 _1705_/ZN
 _1706_/ZN
 _1707_/Z
 _1708_/ZN
 _1709_/ZN
 _1710_/ZN
 _1711_/Z
 _1712_/ZN
 _1713_/ZN
 _1714_/ZN
 _1715_/ZN
 _1716_/ZN
 _1717_/ZN
 _1718_/ZN
 _1719_/ZN
 _1720_/ZN
 _1721_/ZN
 _1722_/ZN
 _1723_/ZN
 _1724_/ZN
 _1725_/ZN
 _1726_/ZN
 _1727_/Z
 _1728_/Z
 _1729_/ZN
 _1730_/ZN
 _1731_/ZN
 _1732_/ZN
 _1733_/ZN
 _1734_/ZN
 _1735_/ZN
 _1736_/ZN
 _1737_/Z
 _1738_/ZN
 _1739_/ZN
 _1740_/Z
 _1741_/ZN
 _1742_/ZN
 _1743_/ZN
 _1744_/Z
 _1745_/Z
 _1746_/ZN
 _1747_/ZN
 _1748_/Z
 _1749_/ZN
 _1750_/ZN
 _1751_/ZN
 _1752_/ZN
 _1753_/Z
 _1754_/ZN
 _1755_/ZN
 _1756_/ZN
 _1757_/ZN
 _1758_/Z
 _1759_/ZN
 _1760_/ZN
 _1761_/Z
 _1762_/Z
 _1763_/ZN
 _1764_/ZN
 _1765_/ZN
 _1766_/ZN
 _1767_/ZN
 _1768_/ZN
 _1769_/ZN
 _1770_/ZN
 _1771_/Z
 _1772_/ZN
 _1773_/ZN
 _1774_/Z
 _1775_/ZN
 _1776_/Z
 _1777_/ZN
 _1778_/ZN
 _1779_/ZN
 _1780_/Z
 _1781_/ZN
 _1782_/ZN
 _1783_/ZN
 _1784_/ZN
 _1785_/ZN
 _1786_/Z
 _1787_/ZN
 _1788_/ZN
 _1789_/ZN
 _1790_/ZN
 _1791_/ZN
 _1792_/ZN
 _1793_/ZN
 _1794_/ZN
 _1795_/ZN
 _1796_/ZN
 _1797_/Z
 _1798_/Z
 _1799_/ZN
 _1800_/Z
 _1801_/Z
 _1802_/ZN
 _1803_/ZN
 _1804_/ZN
 _1805_/ZN
 _1806_/ZN
 _1807_/ZN
 _1808_/ZN
 _1809_/ZN
 _1810_/ZN
 _1811_/Z
 _1812_/ZN
 _1813_/ZN
 _1814_/ZN
 _1815_/ZN
 _1816_/ZN
 _1817_/Z
 _1818_/Z
 _1819_/ZN
 _1820_/ZN
 _1821_/ZN
 _1822_/ZN
 _1823_/ZN
 _1824_/Z
 _1825_/ZN
 _1826_/ZN
 _1827_/ZN
 _1828_/ZN
 _1829_/Z
 _1830_/Z
 _1831_/ZN
 _1832_/Z
 _1833_/ZN
 _1834_/ZN
 _1835_/ZN
 _1836_/ZN
 _1837_/ZN
 _1838_/ZN
 _1839_/ZN
 _1840_/Z
 _1841_/ZN
 _1842_/Z
 _1843_/ZN
 _1844_/Z
 _1845_/ZN
 _1846_/ZN
 _1847_/ZN
 _1848_/ZN
 _1849_/ZN
 _1850_/ZN
 _1851_/ZN
 _1852_/ZN
 _1853_/ZN
 _1854_/ZN
 _1855_/ZN
 _1856_/Z
 _1857_/Z
 _1858_/Z
 _1859_/ZN
 _1860_/ZN
 _1861_/ZN
 _1862_/ZN
 _1863_/ZN
 _1864_/ZN
 _1865_/ZN
 _1866_/ZN
 _1867_/ZN
 _1868_/Z
 _1869_/ZN
 _1870_/ZN
 _1871_/ZN
 _1872_/ZN
 _1873_/ZN
 _1874_/ZN
 _1875_/Z
 _1876_/ZN
 _1877_/ZN
 _1878_/ZN
 _1879_/ZN
 _1880_/ZN
 _1881_/ZN
 _1882_/Z
 _1883_/ZN
 _1884_/ZN
 _1885_/ZN
 _1886_/ZN
 _1887_/Z
 _1888_/ZN
 _1889_/ZN
 _1890_/ZN
 _1891_/ZN
 _1892_/ZN
 _1893_/ZN
 _1894_/ZN
 _1895_/Z
 _1896_/ZN
 _1897_/ZN
 _1898_/ZN
 _1899_/ZN
 _1900_/ZN
 _1901_/Z
 _1902_/ZN
 _1903_/ZN
 _1904_/ZN
 _1905_/ZN
 _1906_/ZN
 _1907_/ZN
 _1908_/ZN
 _1909_/ZN
 _1910_/ZN
 _1911_/ZN
 _1912_/ZN
 _1913_/ZN
 _1914_/Z
 _1915_/Z
 _1916_/ZN
 _1917_/ZN
 _1918_/ZN
 _1919_/ZN
 _1920_/ZN
 _1921_/ZN
 _1922_/ZN
 _1923_/ZN
 _1924_/ZN
 _1925_/ZN
 _1926_/ZN
 _1927_/Z
 _1928_/Z
 _1929_/ZN
 _1930_/Z
 _1931_/ZN
 _1932_/Z
 _1933_/ZN
 _1934_/Z
 _1935_/ZN
 _1936_/ZN
 _1937_/Z
 _1938_/ZN
 _1939_/ZN
 _1940_/ZN
 _1941_/ZN
 _1942_/ZN
 _1943_/ZN
 _1944_/Z
 _1945_/ZN
 _1946_/ZN
 _1947_/ZN
 _1948_/Z
 _1949_/ZN
 _1950_/ZN
 _1951_/Z
 _1952_/Z
 _1953_/ZN
 _1954_/ZN
 _1955_/ZN
 _1956_/ZN
 _1957_/ZN
 _1958_/Z
 _1959_/ZN
 _1960_/ZN
 _1961_/ZN
 _1962_/ZN
 _1963_/Z
 _1964_/Z
 _1965_/ZN
 _1966_/ZN
 _1967_/ZN
 _1968_/Z
 _1969_/ZN
 _1970_/ZN
 _1971_/ZN
 _1972_/ZN
 _1973_/ZN
 _1974_/Z
 _1975_/ZN
 _1976_/Z
 _1977_/ZN
 _1978_/ZN
 _1979_/Z
 _1980_/ZN
 _1981_/ZN
 _1982_/ZN
 _1983_/ZN
 _1984_/Z
 _1985_/Z
 _1986_/ZN
 _1987_/ZN
 _1988_/ZN
 _1989_/ZN
 _1990_/ZN
 _1991_/ZN
 _1992_/Z
 _1993_/ZN
 _1994_/ZN
 _1995_/ZN
 _1996_/ZN
 _1997_/ZN
 _1998_/ZN
 _1999_/ZN
 _2000_/ZN
 _2001_/ZN
 _2002_/Z
 _2003_/ZN
 _2004_/ZN
 _2005_/Z
 _2006_/ZN
 _2007_/Z
 _2008_/Z
 _2009_/ZN
 _2010_/ZN
 _2011_/ZN
 _2012_/Z
 _2013_/Z
 _2014_/ZN
 _2015_/Z
 _2016_/ZN
 _2017_/ZN
 _2018_/Z
 _2019_/ZN
 _2020_/ZN
 _2021_/ZN
 _2022_/ZN
 _2023_/ZN
 _2024_/ZN
 _2025_/ZN
 _2026_/Z
 _2027_/ZN
 _2028_/ZN
 _2029_/Z
 _2030_/ZN
 _2031_/ZN
 _2032_/Z
 _2033_/Z
 _2034_/ZN
 _2035_/ZN
 _2036_/ZN
 _2037_/ZN
 _2038_/ZN
 _2039_/ZN
 _2040_/ZN
 _2041_/ZN
 _2042_/ZN
 _2043_/ZN
 _2044_/ZN
 _2045_/Z
 _2046_/Z
 _2047_/Z
 _2048_/ZN
 _2049_/ZN
 _2050_/ZN
 _2051_/ZN
 _2052_/ZN
 _2053_/ZN
 _2054_/ZN
 _2055_/ZN
 _2056_/ZN
 _2057_/Z
 _2058_/ZN
 _2059_/ZN
 _2060_/ZN
 _2061_/ZN
 _2062_/ZN
 _2063_/Z
 _2064_/ZN
 _2065_/Z
 _2066_/Z
 _2067_/Z
 _2068_/Z
 _2069_/Z
 _2070_/Q
 _2071_/Q
 _2072_/Q
 _2073_/Q
 _2074_/Q
 _2075_/Q
 _2076_/Q
 _2077_/Q
 _2078_/Q
 _2079_/Q
 _2080_/Q
 _2081_/Q
 _2082_/Q
 _2083_/Q
 _2084_/Q
 _2085_/Q
 _2086_/Q
 _2087_/Q
 _2088_/Q
 _2089_/Q
 _2090_/Q
 _2091_/Q
 _2092_/Q
 _2093_/Q
 _2094_/Q
 _2095_/Q
 _2096_/Q
 _2097_/Q
 _2098_/Q
 _2099_/Q
 _2100_/Q
 _2101_/Q
 _2102_/Q
 _2103_/Q
 _2104_/Q
 _2105_/Q
 _2106_/Q
 _2107_/Q
 _2108_/Q
 _2109_/Q
 _2110_/Q
 _2111_/Q
 _2112_/Q
 _2113_/Q
 _2114_/Q
 _2115_/Q
 _2116_/Q
 _2117_/Q
 _2118_/Q
 _2119_/Q
 _2120_/Q
 _2121_/Q
 _2122_/Q
 _2123_/Q
 _2124_/Q
 _2125_/Q
 _2126_/Q
 _2127_/Q
 _2128_/Q
 _2129_/Q
 _2130_/Q
 _2131_/Q
 _2132_/Q
 _2133_/Q
 _2134_/Q
 _2135_/Q
 _2136_/Q
 _2137_/Q
 _2138_/Q
 _2139_/Q
 _2140_/Q
 _2141_/Q
 _2142_/Q
 _2143_/Q
 _2144_/Q
 _2145_/Q
 _2146_/Q
 _2147_/Q
 _2148_/Q
 _2149_/Q
 _2150_/Q
 _2151_/Q
 _2152_/Q
 _2153_/Q
 _2154_/Q
 _2155_/Q
 _2156_/Q
 _2157_/Q
 _2158_/Q
 _2159_/Q
 _2160_/Q
 _2161_/Q
 _2162_/Q
 _2163_/Q
 _2164_/Q
 _2165_/Q
 _2166_/Q
 _2167_/Q
 _2168_/Q
 _2169_/Q
 _2170_/Q
 _2171_/Q
 _2172_/Q
 _2173_/Q
 _2174_/Q
 _2175_/Q
 _2176_/Q
 _2177_/Q
 _2178_/Q
 _2179_/Q
 _2180_/Q
 _2181_/Q
 _2182_/Q
 _2183_/Q
 _2184_/Q
 _2185_/Q
 _2186_/Q
 _2187_/Q
 _2188_/Q
 _2189_/Q
 _2190_/Q
 _2191_/Q
 _2192_/Q
 _2193_/Q
 _2194_/Q
 _2195_/Q
 _2196_/Q
 _2197_/Q
 _2198_/Q
 _2199_/Q
 _2200_/Q
 _2201_/Q
 _2202_/Q
 _2203_/Q
 _2204_/Q
 _2205_/Q
 _2206_/Q
 _2207_/Q
 _2208_/Q
 _2209_/Q
 _2210_/Q
 _2211_/Q
 _2212_/Q
 _2213_/Q
 _2214_/Q
 _2215_/Q
 _2216_/Q
 _2217_/Q
 _2218_/Q
 _2219_/Q
 _2220_/Q
 _2221_/Q
 _2222_/Q
 _2223_/Q
 _2224_/Q
 _2225_/Q
 _2226_/Q
 _2227_/Q
 _2228_/Q
 _2229_/Q
 _2230_/Q
 _2231_/Q
 _2232_/Q
 _2233_/Q
 _2234_/Q
 _2235_/Q
 _2236_/Q
 _2237_/Q
 _2238_/Q
 _2239_/Q
 _2240_/Q
 _2241_/Q
 _2242_/Q
 _2243_/Q
 _2244_/Q
 _2245_/Q
 _2246_/Q
 _2247_/Q
 _2248_/Q
 _2249_/Q
 _2250_/Q
 _2251_/Q
 _2252_/Q
 _2253_/Q
 _2254_/Q
 _2255_/Q
 _2256_/Q
 _2257_/Q
 _2258_/Q
 _2259_/Q
 _2260_/Q
 _2261_/Q
 _2262_/Q
 _2263_/Q
 _2264_/Q
 _2265_/Q
 _2266_/Q
 _2267_/Q
 _2268_/Q
 _2269_/Q
 _2270_/Q
 _2271_/Q
 _2272_/Q
 _2273_/Q
 _2274_/Q
 _2275_/Q
 _2276_/Q
 _2277_/Q
 _2278_/Q
 _2279_/Q
 _2280_/Q
 _2281_/Q
 _2282_/Q
 _2283_/Q
 _2284_/Q
 _2285_/Q
 _2286_/Q
 _2287_/Q
 _2288_/Q
 _2289_/Q
Found 0 partially unannotated drivers.

===========================================================================
max slew violation count 139
max fanout violation count 0
max cap violation count 1
============================================================================

===========================================================================
check_setup -verbose -unconstrained_endpoints -multiple_clock -no_clock -no_input_delay -loops -generated_clocks
===========================================================================
Warning: no master clock found for generated clock clk_div.
Warning: There are 220 unclocked register/latch pins.
  _2070_/CLK
  _2071_/CLK
  _2072_/CLK
  _2073_/CLK
  _2074_/CLK
  _2075_/CLK
  _2076_/CLK
  _2077_/CLK
  _2078_/CLK
  _2079_/CLK
  _2080_/CLK
  _2081_/CLK
  _2082_/CLK
  _2083_/CLK
  _2084_/CLK
  _2085_/CLK
  _2086_/CLK
  _2087_/CLK
  _2088_/CLK
  _2089_/CLK
  _2090_/CLK
  _2091_/CLK
  _2092_/CLK
  _2093_/CLK
  _2094_/CLK
  _2095_/CLK
  _2096_/CLK
  _2097_/CLK
  _2098_/CLK
  _2099_/CLK
  _2100_/CLK
  _2101_/CLK
  _2102_/CLK
  _2103_/CLK
  _2104_/CLK
  _2105_/CLK
  _2106_/CLK
  _2107_/CLK
  _2108_/CLK
  _2109_/CLK
  _2110_/CLK
  _2111_/CLK
  _2112_/CLK
  _2113_/CLK
  _2114_/CLK
  _2115_/CLK
  _2116_/CLK
  _2117_/CLK
  _2118_/CLK
  _2119_/CLK
  _2120_/CLK
  _2121_/CLK
  _2122_/CLK
  _2123_/CLK
  _2124_/CLK
  _2125_/CLK
  _2126_/CLK
  _2127_/CLK
  _2128_/CLK
  _2129_/CLK
  _2130_/CLK
  _2131_/CLK
  _2132_/CLK
  _2133_/CLK
  _2134_/CLK
  _2135_/CLK
  _2136_/CLK
  _2137_/CLK
  _2138_/CLK
  _2139_/CLK
  _2140_/CLK
  _2141_/CLK
  _2142_/CLK
  _2143_/CLK
  _2144_/CLK
  _2145_/CLK
  _2146_/CLK
  _2147_/CLK
  _2148_/CLK
  _2149_/CLK
  _2150_/CLK
  _2151_/CLK
  _2152_/CLK
  _2153_/CLKN
  _2154_/CLKN
  _2155_/CLKN
  _2156_/CLKN
  _2157_/CLKN
  _2158_/CLKN
  _2159_/CLKN
  _2160_/CLKN
  _2161_/CLKN
  _2162_/CLKN
  _2163_/CLKN
  _2164_/CLKN
  _2165_/CLKN
  _2166_/CLKN
  _2167_/CLKN
  _2168_/CLKN
  _2169_/CLKN
  _2170_/CLKN
  _2171_/CLKN
  _2172_/CLKN
  _2173_/CLKN
  _2174_/CLKN
  _2175_/CLKN
  _2176_/CLKN
  _2177_/CLKN
  _2178_/CLKN
  _2179_/CLKN
  _2180_/CLKN
  _2181_/CLKN
  _2182_/CLKN
  _2183_/CLKN
  _2184_/CLKN
  _2185_/CLKN
  _2186_/CLKN
  _2187_/CLKN
  _2188_/CLKN
  _2189_/CLKN
  _2190_/CLKN
  _2191_/CLKN
  _2192_/CLKN
  _2193_/CLKN
  _2194_/CLKN
  _2195_/CLKN
  _2196_/CLKN
  _2197_/CLKN
  _2198_/CLKN
  _2199_/CLKN
  _2200_/CLKN
  _2201_/CLKN
  _2202_/CLKN
  _2203_/CLKN
  _2204_/CLKN
  _2205_/CLKN
  _2206_/CLKN
  _2207_/CLKN
  _2208_/CLKN
  _2209_/CLKN
  _2210_/CLKN
  _2211_/CLKN
  _2212_/CLKN
  _2213_/CLKN
  _2214_/CLKN
  _2215_/CLKN
  _2216_/CLKN
  _2217_/CLKN
  _2218_/CLKN
  _2219_/CLKN
  _2220_/CLKN
  _2221_/CLKN
  _2222_/CLKN
  _2223_/CLKN
  _2224_/CLKN
  _2225_/CLKN
  _2226_/CLKN
  _2227_/CLKN
  _2228_/CLKN
  _2229_/CLKN
  _2230_/CLKN
  _2231_/CLKN
  _2232_/CLKN
  _2233_/CLKN
  _2234_/CLKN
  _2235_/CLKN
  _2236_/CLKN
  _2237_/CLKN
  _2238_/CLKN
  _2239_/CLKN
  _2240_/CLKN
  _2241_/CLKN
  _2242_/CLKN
  _2243_/CLKN
  _2244_/CLKN
  _2245_/CLKN
  _2246_/CLKN
  _2247_/CLKN
  _2248_/CLKN
  _2249_/CLKN
  _2250_/CLKN
  _2251_/CLKN
  _2252_/CLKN
  _2253_/CLKN
  _2254_/CLKN
  _2255_/CLKN
  _2256_/CLKN
  _2257_/CLKN
  _2258_/CLKN
  _2259_/CLKN
  _2260_/CLKN
  _2261_/CLKN
  _2262_/CLKN
  _2263_/CLKN
  _2264_/CLKN
  _2265_/CLKN
  _2266_/CLKN
  _2267_/CLKN
  _2268_/CLKN
  _2269_/CLKN
  _2270_/CLKN
  _2271_/CLKN
  _2272_/CLKN
  _2273_/CLKN
  _2274_/CLKN
  _2275_/CLKN
  _2276_/CLKN
  _2277_/CLKN
  _2278_/CLKN
  _2279_/CLKN
  _2280_/CLKN
  _2281_/CLKN
  _2282_/CLKN
  _2283_/CLKN
  _2284_/CLKN
  _2285_/CLKN
  _2286_/CLKN
  _2287_/CLKN
  _2288_/CLKN
  _2289_/CLKN
Warning: There are 232 unconstrained endpoints.
  out_cic[0]
  out_cic[10]
  out_cic[11]
  out_cic[1]
  out_cic[2]
  out_cic[3]
  out_cic[4]
  out_cic[5]
  out_cic[6]
  out_cic[7]
  out_cic[8]
  out_cic[9]
  _2070_/D
  _2071_/D
  _2072_/D
  _2073_/D
  _2074_/D
  _2075_/D
  _2076_/D
  _2077_/D
  _2078_/D
  _2079_/D
  _2080_/D
  _2081_/D
  _2082_/D
  _2083_/D
  _2084_/D
  _2085_/D
  _2086_/D
  _2087_/D
  _2088_/D
  _2089_/D
  _2090_/D
  _2091_/D
  _2092_/D
  _2093_/D
  _2094_/D
  _2095_/D
  _2096_/D
  _2097_/D
  _2098_/D
  _2099_/D
  _2100_/D
  _2101_/D
  _2102_/D
  _2103_/D
  _2104_/D
  _2105_/D
  _2106_/D
  _2107_/D
  _2108_/D
  _2109_/D
  _2110_/D
  _2111_/D
  _2112_/D
  _2113_/D
  _2114_/D
  _2115_/D
  _2116_/D
  _2117_/D
  _2118_/D
  _2119_/D
  _2120_/D
  _2121_/D
  _2122_/D
  _2123_/D
  _2124_/D
  _2125_/D
  _2126_/D
  _2127_/D
  _2128_/D
  _2129_/D
  _2130_/D
  _2131_/D
  _2132_/D
  _2133_/D
  _2134_/D
  _2135_/D
  _2136_/D
  _2137_/D
  _2138_/D
  _2139_/D
  _2140_/D
  _2141_/D
  _2142_/D
  _2143_/D
  _2144_/D
  _2145_/D
  _2146_/D
  _2147_/D
  _2148_/D
  _2149_/D
  _2150_/D
  _2151_/D
  _2152_/D
  _2153_/D
  _2154_/D
  _2155_/D
  _2156_/D
  _2157_/D
  _2158_/D
  _2159_/D
  _2160_/D
  _2161_/D
  _2162_/D
  _2163_/D
  _2164_/D
  _2165_/D
  _2166_/D
  _2167_/D
  _2168_/D
  _2169_/D
  _2170_/D
  _2171_/D
  _2172_/D
  _2173_/D
  _2174_/D
  _2175_/D
  _2176_/D
  _2177_/D
  _2178_/D
  _2179_/D
  _2180_/D
  _2181_/D
  _2182_/D
  _2183_/D
  _2184_/D
  _2185_/D
  _2186_/D
  _2187_/D
  _2188_/D
  _2189_/D
  _2190_/D
  _2191_/D
  _2192_/D
  _2193_/D
  _2194_/D
  _2195_/D
  _2196_/D
  _2197_/D
  _2198_/D
  _2199_/D
  _2200_/D
  _2201_/D
  _2202_/D
  _2203_/D
  _2204_/D
  _2205_/D
  _2206_/D
  _2207_/D
  _2208_/D
  _2209_/D
  _2210_/D
  _2211_/D
  _2212_/D
  _2213_/D
  _2214_/D
  _2215_/D
  _2216_/D
  _2217_/D
  _2218_/D
  _2219_/D
  _2220_/D
  _2221_/D
  _2222_/D
  _2223_/D
  _2224_/D
  _2225_/D
  _2226_/D
  _2227_/D
  _2228_/D
  _2229_/D
  _2230_/D
  _2231_/D
  _2232_/D
  _2233_/D
  _2234_/D
  _2235_/D
  _2236_/D
  _2237_/D
  _2238_/D
  _2239_/D
  _2240_/D
  _2241_/D
  _2242_/D
  _2243_/D
  _2244_/D
  _2245_/D
  _2246_/D
  _2247_/D
  _2248_/D
  _2249_/D
  _2250_/D
  _2251_/D
  _2252_/D
  _2253_/D
  _2254_/D
  _2255_/D
  _2256_/D
  _2257_/D
  _2258_/D
  _2259_/D
  _2260_/D
  _2261_/D
  _2262_/D
  _2263_/D
  _2264_/D
  _2265_/D
  _2266_/D
  _2267_/D
  _2268_/D
  _2269_/D
  _2270_/D
  _2271_/D
  _2272_/D
  _2273_/D
  _2274_/D
  _2275_/D
  _2276_/D
  _2277_/D
  _2278_/D
  _2279_/D
  _2280_/D
  _2281_/D
  _2282_/D
  _2283_/D
  _2284_/D
  _2285_/D
  _2286_/D
  _2287_/D
  _2288_/D
  _2289_/D
Warning: There is 1 generated clock that is not connected to a clock source.
  clk_div
