Clock: clk_div
Sources: clk 
Generated: yes
Virtual: yes
Propagated: no
Period: 0.000000

===========================================================================
report_clock_properties
============================================================================
Clock                   Period          Waveform
----------------------------------------------------

===========================================================================
report_clock_latency
============================================================================
Clock clk_div
rise -> rise
    min     max
0.000000 0.000000 source latency
1.141694         network latency _2078_/CLK
        1.159740 network latency _2124_/CLK
---------------
1.141694 1.159740 latency
        0.018047 skew

fall -> fall
    min     max
0.000000 0.000000 source latency
1.157261         network latency _2078_/CLK
        1.176564 network latency _2124_/CLK
---------------
1.157261 1.176564 latency
        0.019303 skew



===========================================================================
report_clock_min_period
============================================================================
clk_div period_min = 0.00 fmax = inf
